<?xml version="1.0" encoding="ISO-8859-1" ?>
<link_info>
   <banner>TMS320C6x Linker PC v8.3.2</banner>
   <copyright>Copyright (c) 1996-2018 Texas Instruments Incorporated</copyright>
   <link_time>0x5d4d0d4f</link_time>
   <link_errors>0x0</link_errors>
   <output_file>5G_SBL.out</output_file>
   <entry_point>
      <name>_c_int00</name>
      <address>0x10865e80</address>
   </entry_point>
   <input_file_list>
      <input_file id="fl-2">
         <path>.\</path>
         <kind>object</kind>
         <file>main.obj</file>
         <name>main.obj</name>
      </input_file>
      <input_file id="fl-3">
         <path>.\</path>
         <kind>object</kind>
         <file>platform_osal_function.obj</file>
         <name>platform_osal_function.obj</name>
      </input_file>
      <input_file id="fl-a">
         <kind>object</kind>
         <file>&lt;internal&gt;</file>
         <name>&lt;internal&gt;</name>
      </input_file>
      <input_file id="fl-24">
         <path>C:\ti\ccs901\ccs\tools\compiler\ti-cgt-c6000_8.3.2\lib\</path>
         <kind>archive</kind>
         <file>rts6600_elf.lib</file>
         <name>memcpy64.asm.obj</name>
      </input_file>
      <input_file id="fl-25">
         <path>C:\ti\ccs901\ccs\tools\compiler\ti-cgt-c6000_8.3.2\lib\</path>
         <kind>archive</kind>
         <file>rts6600_elf.lib</file>
         <name>boot.c.obj</name>
      </input_file>
      <input_file id="fl-26">
         <path>C:\ti\ccs901\ccs\tools\compiler\ti-cgt-c6000_8.3.2\lib\</path>
         <kind>archive</kind>
         <file>rts6600_elf.lib</file>
         <name>memset.c.obj</name>
      </input_file>
      <input_file id="fl-27">
         <path>C:\ti\ccs901\ccs\tools\compiler\ti-cgt-c6000_8.3.2\lib\</path>
         <kind>archive</kind>
         <file>rts6600_elf.lib</file>
         <name>autoinit.c.obj</name>
      </input_file>
      <input_file id="fl-28">
         <path>C:\ti\ccs901\ccs\tools\compiler\ti-cgt-c6000_8.3.2\lib\</path>
         <kind>archive</kind>
         <file>rts6600_elf.lib</file>
         <name>pre_init.c.obj</name>
      </input_file>
      <input_file id="fl-29">
         <path>C:\ti\ccs901\ccs\tools\compiler\ti-cgt-c6000_8.3.2\lib\</path>
         <kind>archive</kind>
         <file>rts6600_elf.lib</file>
         <name>startup.c.obj</name>
      </input_file>
      <input_file id="fl-2a">
         <path>C:\ti\ccs901\ccs\tools\compiler\ti-cgt-c6000_8.3.2\lib\</path>
         <kind>archive</kind>
         <file>rts6600_elf.lib</file>
         <name>cpy_tbl.c.obj</name>
      </input_file>
      <input_file id="fl-2b">
         <path>C:\ti\ccs901\ccs\tools\compiler\ti-cgt-c6000_8.3.2\lib\</path>
         <kind>archive</kind>
         <file>rts6600_elf.lib</file>
         <name>copy_zero_init.c.obj</name>
      </input_file>
      <input_file id="fl-2c">
         <path>C:\ti\ccs901\ccs\tools\compiler\ti-cgt-c6000_8.3.2\lib\</path>
         <kind>archive</kind>
         <file>rts6600_elf.lib</file>
         <name>copy_decompress_none.c.obj</name>
      </input_file>
      <input_file id="fl-2d">
         <path>C:\ti\ccs901\ccs\tools\compiler\ti-cgt-c6000_8.3.2\lib\</path>
         <kind>archive</kind>
         <file>rts6600_elf.lib</file>
         <name>copy_decompress_rle.c.obj</name>
      </input_file>
      <input_file id="fl-2e">
         <path>C:\ti\ccs901\ccs\tools\compiler\ti-cgt-c6000_8.3.2\lib\</path>
         <kind>archive</kind>
         <file>rts6600_elf.lib</file>
         <name>tls.c.obj</name>
      </input_file>
      <input_file id="fl-2f">
         <path>C:\ti\ccs901\ccs\tools\compiler\ti-cgt-c6000_8.3.2\lib\</path>
         <kind>archive</kind>
         <file>rts6600_elf.lib</file>
         <name>exit.c.obj</name>
      </input_file>
      <input_file id="fl-30">
         <path>C:\ti\ccs901\ccs\tools\compiler\ti-cgt-c6000_8.3.2\lib\</path>
         <kind>archive</kind>
         <file>rts6600_elf.lib</file>
         <name>memory.c.obj</name>
      </input_file>
      <input_file id="fl-31">
         <path>C:\ti\ccs901\ccs\tools\compiler\ti-cgt-c6000_8.3.2\lib\</path>
         <kind>archive</kind>
         <file>rts6600_elf.lib</file>
         <name>_lock.c.obj</name>
      </input_file>
      <input_file id="fl-32">
         <path>C:\ti\ccs901\ccs\tools\compiler\ti-cgt-c6000_8.3.2\lib\</path>
         <kind>archive</kind>
         <file>rts6600_elf.lib</file>
         <name>args_main.c.obj</name>
      </input_file>
      <input_file id="fl-33">
         <path>C:\ti\ccs901\ccs\tools\compiler\ti-cgt-c6000_8.3.2\lib\</path>
         <kind>archive</kind>
         <file>rts6600_elf.lib</file>
         <name>tls_get_tp.asm.obj</name>
      </input_file>
      <input_file id="fl-34">
         <path>D:\pxqwork\project\5G-DSP\platform_lib_evmc6678l\lib\debug\</path>
         <kind>archive</kind>
         <file>ti.platform.evm6678l.ae66</file>
         <name>platform.obj</name>
      </input_file>
      <input_file id="fl-35">
         <path>D:\pxqwork\project\5G-DSP\platform_lib_evmc6678l\lib\debug\</path>
         <kind>archive</kind>
         <file>ti.platform.evm6678l.ae66</file>
         <name>cyhc5g.obj</name>
      </input_file>
      <input_file id="fl-36">
         <path>D:\pxqwork\project\5G-DSP\platform_lib_evmc6678l\lib\debug\</path>
         <kind>archive</kind>
         <file>ti.platform.evm6678l.ae66</file>
         <name>cyhc5g_gpio.obj</name>
      </input_file>
      <input_file id="fl-37">
         <path>D:\pxqwork\project\5G-DSP\platform_lib_evmc6678l\lib\debug\</path>
         <kind>archive</kind>
         <file>ti.platform.evm6678l.ae66</file>
         <name>cyhc5g_i2c.obj</name>
      </input_file>
      <input_file id="fl-38">
         <path>D:\pxqwork\project\5G-DSP\platform_lib_evmc6678l\lib\debug\</path>
         <kind>archive</kind>
         <file>ti.platform.evm6678l.ae66</file>
         <name>cyhc5g_i2c_eeprom.obj</name>
      </input_file>
      <input_file id="fl-39">
         <path>D:\pxqwork\project\5G-DSP\platform_lib_evmc6678l\lib\debug\</path>
         <kind>archive</kind>
         <file>ti.platform.evm6678l.ae66</file>
         <name>cyhc5g_led.obj</name>
      </input_file>
      <input_file id="fl-3a">
         <path>D:\pxqwork\project\5G-DSP\platform_lib_evmc6678l\lib\debug\</path>
         <kind>archive</kind>
         <file>ti.platform.evm6678l.ae66</file>
         <name>cyhc5g_nand.obj</name>
      </input_file>
      <input_file id="fl-3b">
         <path>D:\pxqwork\project\5G-DSP\platform_lib_evmc6678l\lib\debug\</path>
         <kind>archive</kind>
         <file>ti.platform.evm6678l.ae66</file>
         <name>cyhc5g_nor.obj</name>
      </input_file>
      <input_file id="fl-3c">
         <path>D:\pxqwork\project\5G-DSP\platform_lib_evmc6678l\lib\debug\</path>
         <kind>archive</kind>
         <file>ti.platform.evm6678l.ae66</file>
         <name>cyhc5g_phy.obj</name>
      </input_file>
      <input_file id="fl-3d">
         <path>D:\pxqwork\project\5G-DSP\platform_lib_evmc6678l\lib\debug\</path>
         <kind>archive</kind>
         <file>ti.platform.evm6678l.ae66</file>
         <name>cyhc5g_spi.obj</name>
      </input_file>
      <input_file id="fl-3e">
         <path>D:\pxqwork\project\5G-DSP\platform_lib_evmc6678l\lib\debug\</path>
         <kind>archive</kind>
         <file>ti.platform.evm6678l.ae66</file>
         <name>cyhc5g_uart.obj</name>
      </input_file>
      <input_file id="fl-3f">
         <path>C:\ti\pdk\6678\pdk_c667x_2_0_13\packages\ti\csl\lib\c6678\c66\release\</path>
         <kind>archive</kind>
         <file>ti.csl.ae66</file>
         <name>csl_gpioGetBaseAddress.oe66</name>
      </input_file>
      <input_file id="fl-40">
         <path>C:\ti\pdk\6678\pdk_c667x_2_0_13\packages\ti\csl\lib\c6678\c66\release\</path>
         <kind>archive</kind>
         <file>ti.csl.ae66</file>
         <name>csl_cpsgmii.oe66</name>
      </input_file>
      <input_file id="fl-41">
         <path>C:\ti\ccs901\ccs\tools\compiler\ti-cgt-c6000_8.3.2\lib\</path>
         <kind>archive</kind>
         <file>rts6600_elf.lib</file>
         <name>printf.c.obj</name>
      </input_file>
      <input_file id="fl-42">
         <path>C:\ti\ccs901\ccs\tools\compiler\ti-cgt-c6000_8.3.2\lib\</path>
         <kind>archive</kind>
         <file>rts6600_elf.lib</file>
         <name>_printfi.c.obj</name>
      </input_file>
      <input_file id="fl-43">
         <path>C:\ti\ccs901\ccs\tools\compiler\ti-cgt-c6000_8.3.2\lib\</path>
         <kind>archive</kind>
         <file>rts6600_elf.lib</file>
         <name>vsprintf.c.obj</name>
      </input_file>
      <input_file id="fl-44">
         <path>C:\ti\ccs901\ccs\tools\compiler\ti-cgt-c6000_8.3.2\lib\</path>
         <kind>archive</kind>
         <file>rts6600_elf.lib</file>
         <name>fputc.c.obj</name>
      </input_file>
      <input_file id="fl-45">
         <path>C:\ti\ccs901\ccs\tools\compiler\ti-cgt-c6000_8.3.2\lib\</path>
         <kind>archive</kind>
         <file>rts6600_elf.lib</file>
         <name>fputs.c.obj</name>
      </input_file>
      <input_file id="fl-46">
         <path>C:\ti\ccs901\ccs\tools\compiler\ti-cgt-c6000_8.3.2\lib\</path>
         <kind>archive</kind>
         <file>rts6600_elf.lib</file>
         <name>_io_perm.c.obj</name>
      </input_file>
      <input_file id="fl-47">
         <path>C:\ti\ccs901\ccs\tools\compiler\ti-cgt-c6000_8.3.2\lib\</path>
         <kind>archive</kind>
         <file>rts6600_elf.lib</file>
         <name>setvbuf.c.obj</name>
      </input_file>
      <input_file id="fl-48">
         <path>C:\ti\ccs901\ccs\tools\compiler\ti-cgt-c6000_8.3.2\lib\</path>
         <kind>archive</kind>
         <file>rts6600_elf.lib</file>
         <name>wcslen.c.obj</name>
      </input_file>
      <input_file id="fl-49">
         <path>C:\ti\ccs901\ccs\tools\compiler\ti-cgt-c6000_8.3.2\lib\</path>
         <kind>archive</kind>
         <file>rts6600_elf.lib</file>
         <name>s_scalbn.c.obj</name>
      </input_file>
      <input_file id="fl-4a">
         <path>C:\ti\ccs901\ccs\tools\compiler\ti-cgt-c6000_8.3.2\lib\</path>
         <kind>archive</kind>
         <file>rts6600_elf.lib</file>
         <name>push.asm.obj</name>
      </input_file>
      <input_file id="fl-4b">
         <path>C:\ti\ccs901\ccs\tools\compiler\ti-cgt-c6000_8.3.2\lib\</path>
         <kind>archive</kind>
         <file>rts6600_elf.lib</file>
         <name>call_stub.asm.obj</name>
      </input_file>
      <input_file id="fl-4c">
         <path>C:\ti\ccs901\ccs\tools\compiler\ti-cgt-c6000_8.3.2\lib\</path>
         <kind>archive</kind>
         <file>rts6600_elf.lib</file>
         <name>divu.asm.obj</name>
      </input_file>
      <input_file id="fl-4d">
         <path>C:\ti\ccs901\ccs\tools\compiler\ti-cgt-c6000_8.3.2\lib\</path>
         <kind>archive</kind>
         <file>rts6600_elf.lib</file>
         <name>remu.asm.obj</name>
      </input_file>
      <input_file id="fl-4e">
         <path>C:\ti\ccs901\ccs\tools\compiler\ti-cgt-c6000_8.3.2\lib\</path>
         <kind>archive</kind>
         <file>rts6600_elf.lib</file>
         <name>imath40.c.obj</name>
      </input_file>
      <input_file id="fl-4f">
         <path>C:\ti\ccs901\ccs\tools\compiler\ti-cgt-c6000_8.3.2\lib\</path>
         <kind>archive</kind>
         <file>rts6600_elf.lib</file>
         <name>imath64.c.obj</name>
      </input_file>
      <input_file id="fl-50">
         <path>C:\ti\ccs901\ccs\tools\compiler\ti-cgt-c6000_8.3.2\lib\</path>
         <kind>archive</kind>
         <file>rts6600_elf.lib</file>
         <name>llshift.c.obj</name>
      </input_file>
      <input_file id="fl-51">
         <path>C:\ti\ccs901\ccs\tools\compiler\ti-cgt-c6000_8.3.2\lib\</path>
         <kind>archive</kind>
         <file>rts6600_elf.lib</file>
         <name>frexp.c.obj</name>
      </input_file>
      <input_file id="fl-52">
         <path>C:\ti\ccs901\ccs\tools\compiler\ti-cgt-c6000_8.3.2\lib\</path>
         <kind>archive</kind>
         <file>rts6600_elf.lib</file>
         <name>isinf.c.obj</name>
      </input_file>
      <input_file id="fl-53">
         <path>C:\ti\ccs901\ccs\tools\compiler\ti-cgt-c6000_8.3.2\lib\</path>
         <kind>archive</kind>
         <file>rts6600_elf.lib</file>
         <name>signbit.c.obj</name>
      </input_file>
      <input_file id="fl-54">
         <path>C:\ti\ccs901\ccs\tools\compiler\ti-cgt-c6000_8.3.2\lib\</path>
         <kind>archive</kind>
         <file>rts6600_elf.lib</file>
         <name>divd.c.obj</name>
      </input_file>
      <input_file id="fl-55">
         <path>C:\ti\ccs901\ccs\tools\compiler\ti-cgt-c6000_8.3.2\lib\</path>
         <kind>archive</kind>
         <file>rts6600_elf.lib</file>
         <name>frcmpyd_div.c.obj</name>
      </input_file>
      <input_file id="fl-56">
         <path>C:\ti\ccs901\ccs\tools\compiler\ti-cgt-c6000_8.3.2\lib\</path>
         <kind>archive</kind>
         <file>rts6600_elf.lib</file>
         <name>atoi.c.obj</name>
      </input_file>
      <input_file id="fl-57">
         <path>C:\ti\ccs901\ccs\tools\compiler\ti-cgt-c6000_8.3.2\lib\</path>
         <kind>archive</kind>
         <file>rts6600_elf.lib</file>
         <name>ctype.c.obj</name>
      </input_file>
      <input_file id="fl-58">
         <path>C:\ti\ccs901\ccs\tools\compiler\ti-cgt-c6000_8.3.2\lib\</path>
         <kind>archive</kind>
         <file>rts6600_elf.lib</file>
         <name>defs.c.obj</name>
      </input_file>
      <input_file id="fl-59">
         <path>C:\ti\ccs901\ccs\tools\compiler\ti-cgt-c6000_8.3.2\lib\</path>
         <kind>archive</kind>
         <file>rts6600_elf.lib</file>
         <name>ltoa.c.obj</name>
      </input_file>
      <input_file id="fl-5a">
         <path>C:\ti\ccs901\ccs\tools\compiler\ti-cgt-c6000_8.3.2\lib\</path>
         <kind>archive</kind>
         <file>rts6600_elf.lib</file>
         <name>memccpy.c.obj</name>
      </input_file>
      <input_file id="fl-5b">
         <path>C:\ti\ccs901\ccs\tools\compiler\ti-cgt-c6000_8.3.2\lib\</path>
         <kind>archive</kind>
         <file>rts6600_elf.lib</file>
         <name>write.c.obj</name>
      </input_file>
      <input_file id="fl-5c">
         <path>C:\ti\ccs901\ccs\tools\compiler\ti-cgt-c6000_8.3.2\lib\</path>
         <kind>archive</kind>
         <file>rts6600_elf.lib</file>
         <name>llabs.c.obj</name>
      </input_file>
      <input_file id="fl-5d">
         <path>C:\ti\ccs901\ccs\tools\compiler\ti-cgt-c6000_8.3.2\lib\</path>
         <kind>archive</kind>
         <file>rts6600_elf.lib</file>
         <name>errno.c.obj</name>
      </input_file>
      <input_file id="fl-5e">
         <path>C:\ti\ccs901\ccs\tools\compiler\ti-cgt-c6000_8.3.2\lib\</path>
         <kind>archive</kind>
         <file>rts6600_elf.lib</file>
         <name>s_copysign.c.obj</name>
      </input_file>
      <input_file id="fl-5f">
         <path>C:\ti\ccs901\ccs\tools\compiler\ti-cgt-c6000_8.3.2\lib\</path>
         <kind>archive</kind>
         <file>rts6600_elf.lib</file>
         <name>fflush.c.obj</name>
      </input_file>
      <input_file id="fl-60">
         <path>C:\ti\ccs901\ccs\tools\compiler\ti-cgt-c6000_8.3.2\lib\</path>
         <kind>archive</kind>
         <file>rts6600_elf.lib</file>
         <name>fopen.c.obj</name>
      </input_file>
      <input_file id="fl-61">
         <path>C:\ti\ccs901\ccs\tools\compiler\ti-cgt-c6000_8.3.2\lib\</path>
         <kind>archive</kind>
         <file>rts6600_elf.lib</file>
         <name>fseek.c.obj</name>
      </input_file>
      <input_file id="fl-62">
         <path>C:\ti\ccs901\ccs\tools\compiler\ti-cgt-c6000_8.3.2\lib\</path>
         <kind>archive</kind>
         <file>rts6600_elf.lib</file>
         <name>lseek.c.obj</name>
      </input_file>
      <input_file id="fl-63">
         <path>C:\ti\ccs901\ccs\tools\compiler\ti-cgt-c6000_8.3.2\lib\</path>
         <kind>archive</kind>
         <file>rts6600_elf.lib</file>
         <name>open.c.obj</name>
      </input_file>
      <input_file id="fl-64">
         <path>C:\ti\ccs901\ccs\tools\compiler\ti-cgt-c6000_8.3.2\lib\</path>
         <kind>archive</kind>
         <file>rts6600_elf.lib</file>
         <name>hostclose.c.obj</name>
      </input_file>
      <input_file id="fl-65">
         <path>C:\ti\ccs901\ccs\tools\compiler\ti-cgt-c6000_8.3.2\lib\</path>
         <kind>archive</kind>
         <file>rts6600_elf.lib</file>
         <name>hostlseek.c.obj</name>
      </input_file>
      <input_file id="fl-66">
         <path>C:\ti\ccs901\ccs\tools\compiler\ti-cgt-c6000_8.3.2\lib\</path>
         <kind>archive</kind>
         <file>rts6600_elf.lib</file>
         <name>hostopen.c.obj</name>
      </input_file>
      <input_file id="fl-67">
         <path>C:\ti\ccs901\ccs\tools\compiler\ti-cgt-c6000_8.3.2\lib\</path>
         <kind>archive</kind>
         <file>rts6600_elf.lib</file>
         <name>hostread.c.obj</name>
      </input_file>
      <input_file id="fl-68">
         <path>C:\ti\ccs901\ccs\tools\compiler\ti-cgt-c6000_8.3.2\lib\</path>
         <kind>archive</kind>
         <file>rts6600_elf.lib</file>
         <name>hostrename.c.obj</name>
      </input_file>
      <input_file id="fl-69">
         <path>C:\ti\ccs901\ccs\tools\compiler\ti-cgt-c6000_8.3.2\lib\</path>
         <kind>archive</kind>
         <file>rts6600_elf.lib</file>
         <name>hostunlink.c.obj</name>
      </input_file>
      <input_file id="fl-6a">
         <path>C:\ti\ccs901\ccs\tools\compiler\ti-cgt-c6000_8.3.2\lib\</path>
         <kind>archive</kind>
         <file>rts6600_elf.lib</file>
         <name>hostwrite.c.obj</name>
      </input_file>
      <input_file id="fl-6b">
         <path>C:\ti\ccs901\ccs\tools\compiler\ti-cgt-c6000_8.3.2\lib\</path>
         <kind>archive</kind>
         <file>rts6600_elf.lib</file>
         <name>trgmsg.c.obj</name>
      </input_file>
      <input_file id="fl-6c">
         <path>C:\ti\ccs901\ccs\tools\compiler\ti-cgt-c6000_8.3.2\lib\</path>
         <kind>archive</kind>
         <file>rts6600_elf.lib</file>
         <name>fclose.c.obj</name>
      </input_file>
      <input_file id="fl-6d">
         <path>C:\ti\ccs901\ccs\tools\compiler\ti-cgt-c6000_8.3.2\lib\</path>
         <kind>archive</kind>
         <file>rts6600_elf.lib</file>
         <name>getdevice.c.obj</name>
      </input_file>
      <input_file id="fl-6e">
         <path>C:\ti\ccs901\ccs\tools\compiler\ti-cgt-c6000_8.3.2\lib\</path>
         <kind>archive</kind>
         <file>rts6600_elf.lib</file>
         <name>close.c.obj</name>
      </input_file>
      <input_file id="fl-6f">
         <path>C:\ti\ccs901\ccs\tools\compiler\ti-cgt-c6000_8.3.2\lib\</path>
         <kind>archive</kind>
         <file>rts6600_elf.lib</file>
         <name>remove.c.obj</name>
      </input_file>
      <input_file id="fl-70">
         <path>C:\ti\ccs901\ccs\tools\compiler\ti-cgt-c6000_8.3.2\lib\</path>
         <kind>archive</kind>
         <file>rts6600_elf.lib</file>
         <name>unlink.c.obj</name>
      </input_file>
   </input_file_list>
   <object_component_list>
      <object_component id="oc-250">
         <name>.text:__TI_printfi</name>
         <load_address>0x10859dc0</load_address>
         <run_address>0x10859dc0</run_address>
         <size>0x1fe0</size>
         <input_file_ref idref="fl-42"/>
      </object_component>
      <object_component id="oc-102">
         <name>.text</name>
         <load_address>0x1085bda0</load_address>
         <run_address>0x1085bda0</run_address>
         <size>0x1a60</size>
         <input_file_ref idref="fl-34"/>
      </object_component>
      <object_component id="oc-8d">
         <name>.text</name>
         <load_address>0x1085d800</load_address>
         <run_address>0x1085d800</run_address>
         <size>0xec0</size>
         <input_file_ref idref="fl-2"/>
      </object_component>
      <object_component id="oc-1b7">
         <name>.text</name>
         <load_address>0x1085e6c0</load_address>
         <run_address>0x1085e6c0</run_address>
         <size>0xb40</size>
         <input_file_ref idref="fl-3a"/>
      </object_component>
      <object_component id="oc-232">
         <name>.text</name>
         <load_address>0x1085f200</load_address>
         <run_address>0x1085f200</run_address>
         <size>0x9a0</size>
         <input_file_ref idref="fl-35"/>
      </object_component>
      <object_component id="oc-1bd">
         <name>.text</name>
         <load_address>0x1085fba0</load_address>
         <run_address>0x1085fba0</run_address>
         <size>0x7e0</size>
         <input_file_ref idref="fl-38"/>
      </object_component>
      <object_component id="oc-1a6">
         <name>.text</name>
         <load_address>0x10860380</load_address>
         <run_address>0x10860380</run_address>
         <size>0x660</size>
         <input_file_ref idref="fl-3c"/>
      </object_component>
      <object_component id="oc-344">
         <name>.text:_pconv_a</name>
         <load_address>0x108609e0</load_address>
         <run_address>0x108609e0</run_address>
         <size>0x640</size>
         <input_file_ref idref="fl-42"/>
      </object_component>
      <object_component id="oc-428">
         <name>.text:__c6xabi_divd</name>
         <load_address>0x10861020</load_address>
         <run_address>0x10861020</run_address>
         <size>0x600</size>
         <input_file_ref idref="fl-54"/>
      </object_component>
      <object_component id="oc-26b">
         <name>.text</name>
         <load_address>0x10861620</load_address>
         <run_address>0x10861620</run_address>
         <size>0x460</size>
         <input_file_ref idref="fl-3d"/>
      </object_component>
      <object_component id="oc-332">
         <name>.text:_pconv_g</name>
         <load_address>0x10861a80</load_address>
         <run_address>0x10861a80</run_address>
         <size>0x440</size>
         <input_file_ref idref="fl-42"/>
      </object_component>
      <object_component id="oc-1b1">
         <name>.text</name>
         <load_address>0x10861ec0</load_address>
         <run_address>0x10861ec0</run_address>
         <size>0x3e0</size>
         <input_file_ref idref="fl-3b"/>
      </object_component>
      <object_component id="oc-10e">
         <name>.text:free</name>
         <load_address>0x108622a0</load_address>
         <run_address>0x108622a0</run_address>
         <size>0x3c0</size>
         <input_file_ref idref="fl-30"/>
      </object_component>
      <object_component id="oc-22c">
         <name>.text</name>
         <load_address>0x10862660</load_address>
         <run_address>0x10862660</run_address>
         <size>0x340</size>
         <input_file_ref idref="fl-36"/>
      </object_component>
      <object_component id="oc-30d">
         <name>.text:fputs</name>
         <load_address>0x108629a0</load_address>
         <run_address>0x108629a0</run_address>
         <size>0x320</size>
         <input_file_ref idref="fl-45"/>
      </object_component>
      <object_component id="oc-441">
         <name>.text:fcvt</name>
         <load_address>0x10862cc0</load_address>
         <run_address>0x10862cc0</run_address>
         <size>0x2c0</size>
         <input_file_ref idref="fl-42"/>
      </object_component>
      <object_component id="oc-33e">
         <name>.text:_pconv_e</name>
         <load_address>0x10862f80</load_address>
         <run_address>0x10862f80</run_address>
         <size>0x2a0</size>
         <input_file_ref idref="fl-42"/>
      </object_component>
      <object_component id="oc-418">
         <name>.text:__c6xabi_divull</name>
         <load_address>0x10863220</load_address>
         <run_address>0x10863220</run_address>
         <size>0x240</size>
         <input_file_ref idref="fl-4f"/>
      </object_component>
      <object_component id="oc-18a">
         <name>.text</name>
         <load_address>0x10863460</load_address>
         <run_address>0x10863460</run_address>
         <size>0x1e0</size>
         <input_file_ref idref="fl-3e"/>
      </object_component>
      <object_component id="oc-41e">
         <name>.text:__c6xabi_divul</name>
         <load_address>0x10863640</load_address>
         <run_address>0x10863640</run_address>
         <size>0x1c0</size>
         <input_file_ref idref="fl-4e"/>
      </object_component>
      <object_component id="oc-31a">
         <name>.text:_ltostr</name>
         <load_address>0x10863800</load_address>
         <run_address>0x10863800</run_address>
         <size>0x1c0</size>
         <input_file_ref idref="fl-42"/>
      </object_component>
      <object_component id="oc-306">
         <name>.text:fputc</name>
         <load_address>0x108639c0</load_address>
         <run_address>0x108639c0</run_address>
         <size>0x1c0</size>
         <input_file_ref idref="fl-44"/>
      </object_component>
      <object_component id="oc-108">
         <name>.text:malloc</name>
         <load_address>0x10863b80</load_address>
         <run_address>0x10863b80</run_address>
         <size>0x1c0</size>
         <input_file_ref idref="fl-30"/>
      </object_component>
      <object_component id="oc-483">
         <name>.text:setvbuf</name>
         <load_address>0x10863d40</load_address>
         <run_address>0x10863d40</run_address>
         <size>0x1c0</size>
         <input_file_ref idref="fl-47"/>
      </object_component>
      <object_component id="oc-576">
         <name>.text:HOSTrename</name>
         <load_address>0x10863f00</load_address>
         <run_address>0x10863f00</run_address>
         <size>0x1a0</size>
         <input_file_ref idref="fl-68"/>
      </object_component>
      <object_component id="oc-449">
         <name>.text:frexp</name>
         <load_address>0x108640a0</load_address>
         <run_address>0x108640a0</run_address>
         <size>0x1a0</size>
         <input_file_ref idref="fl-51"/>
      </object_component>
      <object_component id="oc-44f">
         <name>.text:scalbn</name>
         <load_address>0x10864240</load_address>
         <run_address>0x10864240</run_address>
         <size>0x1a0</size>
         <input_file_ref idref="fl-49"/>
      </object_component>
      <object_component id="oc-338">
         <name>.text:_pconv_f</name>
         <load_address>0x108643e0</load_address>
         <run_address>0x108643e0</run_address>
         <size>0x120</size>
         <input_file_ref idref="fl-42"/>
      </object_component>
      <object_component id="oc-5c0">
         <name>.text:getdevice</name>
         <load_address>0x10864500</load_address>
         <run_address>0x10864500</run_address>
         <size>0x120</size>
         <input_file_ref idref="fl-6d"/>
      </object_component>
      <object_component id="oc-549">
         <name>.text:__TI_closefile</name>
         <load_address>0x10864620</load_address>
         <run_address>0x10864620</run_address>
         <size>0x100</size>
         <input_file_ref idref="fl-6c"/>
      </object_component>
      <object_component id="oc-3a">
         <name>.text:__TI_decompress_rle_core</name>
         <load_address>0x10864720</load_address>
         <run_address>0x10864720</run_address>
         <size>0x100</size>
         <input_file_ref idref="fl-2d"/>
      </object_component>
      <object_component id="oc-43a">
         <name>.text:_mcpy</name>
         <load_address>0x10864820</load_address>
         <run_address>0x10864820</run_address>
         <size>0x100</size>
         <input_file_ref idref="fl-42"/>
      </object_component>
      <object_component id="oc-314">
         <name>.text:atoi</name>
         <load_address>0x10864920</load_address>
         <run_address>0x10864920</run_address>
         <size>0x100</size>
         <input_file_ref idref="fl-56"/>
      </object_component>
      <object_component id="oc-47d">
         <name>.text:fseek</name>
         <load_address>0x10864a20</load_address>
         <run_address>0x10864a20</run_address>
         <size>0x100</size>
         <input_file_ref idref="fl-61"/>
      </object_component>
      <object_component id="oc-56a">
         <name>.text:HOSTlseek</name>
         <load_address>0x10864b20</load_address>
         <run_address>0x10864b20</run_address>
         <size>0xe0</size>
         <input_file_ref idref="fl-65"/>
      </object_component>
      <object_component id="oc-552">
         <name>.text:HOSTopen</name>
         <load_address>0x10864c00</load_address>
         <run_address>0x10864c00</run_address>
         <size>0xe0</size>
         <input_file_ref idref="fl-66"/>
      </object_component>
      <object_component id="oc-564">
         <name>.text:HOSTwrite</name>
         <load_address>0x10864ce0</load_address>
         <run_address>0x10864ce0</run_address>
         <size>0xe0</size>
         <input_file_ref idref="fl-6a"/>
      </object_component>
      <object_component id="oc-3fd">
         <name>.text:__TI_wrt_ok</name>
         <load_address>0x10864dc0</load_address>
         <run_address>0x10864dc0</run_address>
         <size>0xe0</size>
         <input_file_ref idref="fl-46"/>
      </object_component>
      <object_component id="oc-593">
         <name>.text:close</name>
         <load_address>0x10864ea0</load_address>
         <run_address>0x10864ea0</run_address>
         <size>0xe0</size>
         <input_file_ref idref="fl-6e"/>
      </object_component>
      <object_component id="oc-58">
         <name>.text:exit</name>
         <load_address>0x10864f80</load_address>
         <run_address>0x10864f80</run_address>
         <size>0xe0</size>
         <input_file_ref idref="fl-2f"/>
      </object_component>
      <object_component id="oc-42e">
         <name>.text:ltoa</name>
         <load_address>0x10865060</load_address>
         <run_address>0x10865060</run_address>
         <size>0xe0</size>
         <input_file_ref idref="fl-59"/>
      </object_component>
      <object_component id="oc-79">
         <name>.text:memset</name>
         <load_address>0x10865140</load_address>
         <run_address>0x10865140</run_address>
         <size>0xe0</size>
         <input_file_ref idref="fl-26"/>
      </object_component>
      <object_component id="oc-190">
         <name>.text:printf</name>
         <load_address>0x10865220</load_address>
         <run_address>0x10865220</run_address>
         <size>0xe0</size>
         <input_file_ref idref="fl-41"/>
      </object_component>
      <object_component id="oc-55e">
         <name>.text:HOSTread</name>
         <load_address>0x10865300</load_address>
         <run_address>0x10865300</run_address>
         <size>0xc0</size>
         <input_file_ref idref="fl-67"/>
      </object_component>
      <object_component id="oc-570">
         <name>.text:HOSTunlink</name>
         <load_address>0x108653c0</load_address>
         <run_address>0x108653c0</run_address>
         <size>0xc0</size>
         <input_file_ref idref="fl-69"/>
      </object_component>
      <object_component id="oc-a1">
         <name>.text:__TI_auto_init_nobinit_nopinit:__TI_auto_init_nobinit_nopinit</name>
         <load_address>0x10865480</load_address>
         <run_address>0x10865480</run_address>
         <size>0xc0</size>
         <input_file_ref idref="fl-27"/>
      </object_component>
      <object_component id="oc-403">
         <name>.text:__TI_doflush</name>
         <load_address>0x10865540</load_address>
         <run_address>0x10865540</run_address>
         <size>0xc0</size>
         <input_file_ref idref="fl-5f"/>
      </object_component>
      <object_component id="oc-196">
         <name>.text:__divu</name>
         <load_address>0x10865600</load_address>
         <run_address>0x10865600</run_address>
         <size>0xc0</size>
         <input_file_ref idref="fl-4c"/>
      </object_component>
      <object_component id="oc-1f3">
         <name>.text:minsert</name>
         <load_address>0x108656c0</load_address>
         <run_address>0x108656c0</run_address>
         <size>0xc0</size>
         <input_file_ref idref="fl-30"/>
      </object_component>
      <object_component id="oc-1ed">
         <name>.text:mremove</name>
         <load_address>0x10865780</load_address>
         <run_address>0x10865780</run_address>
         <size>0xc0</size>
         <input_file_ref idref="fl-30"/>
      </object_component>
      <object_component id="oc-1c3">
         <name>.text</name>
         <load_address>0x10865840</load_address>
         <run_address>0x10865840</run_address>
         <size>0xc0</size>
         <input_file_ref idref="fl-3"/>
      </object_component>
      <object_component id="oc-13b">
         <name>.text:tls:init:__TI_tls_init</name>
         <load_address>0x10865900</load_address>
         <run_address>0x10865900</run_address>
         <size>0xc0</size>
         <input_file_ref idref="fl-2e"/>
      </object_component>
      <object_component id="oc-558">
         <name>.text:HOSTclose</name>
         <load_address>0x108659c0</load_address>
         <run_address>0x108659c0</run_address>
         <size>0xa0</size>
         <input_file_ref idref="fl-64"/>
      </object_component>
      <object_component id="oc-4f0">
         <name>.text:__TI_cleanup</name>
         <load_address>0x10865a60</load_address>
         <run_address>0x10865a60</run_address>
         <size>0xa0</size>
         <input_file_ref idref="fl-60"/>
      </object_component>
      <object_component id="oc-227">
         <name>.text:__remu</name>
         <load_address>0x10865b00</load_address>
         <run_address>0x10865b00</run_address>
         <size>0xa0</size>
         <input_file_ref idref="fl-4d"/>
      </object_component>
      <object_component id="oc-434">
         <name>.text:_ecpy</name>
         <load_address>0x10865ba0</load_address>
         <run_address>0x10865ba0</run_address>
         <size>0xa0</size>
         <input_file_ref idref="fl-42"/>
      </object_component>
      <object_component id="oc-5e0">
         <name>.text:finddevice</name>
         <load_address>0x10865c40</load_address>
         <run_address>0x10865c40</run_address>
         <size>0xa0</size>
         <input_file_ref idref="fl-6d"/>
      </object_component>
      <object_component id="oc-2e">
         <name>.text:memcpy</name>
         <load_address>0x10865ce0</load_address>
         <run_address>0x10865ce0</run_address>
         <size>0xa0</size>
         <input_file_ref idref="fl-24"/>
      </object_component>
      <object_component id="oc-5ab">
         <name>.text:__TI_readmsg</name>
         <load_address>0x10865d80</load_address>
         <run_address>0x10865d80</run_address>
         <size>0x80</size>
         <input_file_ref idref="fl-6b"/>
      </object_component>
      <object_component id="oc-49b">
         <name>.text:__c6xabi_llshl</name>
         <load_address>0x10865e00</load_address>
         <run_address>0x10865e00</run_address>
         <size>0x80</size>
         <input_file_ref idref="fl-50"/>
      </object_component>
      <object_component id="oc-22">
         <name>.text:_c_int00</name>
         <load_address>0x10865e80</load_address>
         <run_address>0x10865e80</run_address>
         <size>0x80</size>
         <input_file_ref idref="fl-25"/>
      </object_component>
      <object_component id="oc-238">
         <name>.text</name>
         <load_address>0x10865f00</load_address>
         <run_address>0x10865f00</run_address>
         <size>0x80</size>
         <input_file_ref idref="fl-37"/>
      </object_component>
      <object_component id="oc-599">
         <name>.text:unlink</name>
         <load_address>0x10865f80</load_address>
         <run_address>0x10865f80</run_address>
         <size>0x80</size>
         <input_file_ref idref="fl-70"/>
      </object_component>
      <object_component id="oc-4b1">
         <name>.text:__TI_frcmpyd_div</name>
         <load_address>0x10866000</load_address>
         <run_address>0x10866000</run_address>
         <size>0x60</size>
         <input_file_ref idref="fl-55"/>
      </object_component>
      <object_component id="oc-5a5">
         <name>.text:__TI_writemsg</name>
         <load_address>0x10866060</load_address>
         <run_address>0x10866060</run_address>
         <size>0x60</size>
         <input_file_ref idref="fl-6b"/>
      </object_component>
      <object_component id="oc-4a7">
         <name>.text:__c6xabi_llshru</name>
         <load_address>0x108660c0</load_address>
         <run_address>0x108660c0</run_address>
         <size>0x60</size>
         <input_file_ref idref="fl-50"/>
      </object_component>
      <object_component id="oc-4a1">
         <name>.text:_subcull</name>
         <load_address>0x10866120</load_address>
         <run_address>0x10866120</run_address>
         <size>0x60</size>
         <input_file_ref idref="fl-4f"/>
      </object_component>
      <object_component id="oc-4e8">
         <name>.text:lseek</name>
         <load_address>0x10866180</load_address>
         <run_address>0x10866180</run_address>
         <size>0x60</size>
         <input_file_ref idref="fl-62"/>
      </object_component>
      <object_component id="oc-34a">
         <name>.text:memccpy</name>
         <load_address>0x108661e0</load_address>
         <run_address>0x108661e0</run_address>
         <size>0x60</size>
         <input_file_ref idref="fl-5a"/>
      </object_component>
      <object_component id="oc-409">
         <name>.text:write</name>
         <load_address>0x10866240</load_address>
         <run_address>0x10866240</run_address>
         <size>0x60</size>
         <input_file_ref idref="fl-5b"/>
      </object_component>
      <object_component id="oc-326">
         <name>.text:__c6xabi_isinf</name>
         <load_address>0x108662a0</load_address>
         <run_address>0x108662a0</run_address>
         <size>0x40</size>
         <input_file_ref idref="fl-52"/>
      </object_component>
      <object_component id="oc-320">
         <name>.text:__c6xabi_isnan</name>
         <load_address>0x108662e0</load_address>
         <run_address>0x108662e0</run_address>
         <size>0x40</size>
         <input_file_ref idref="fl-42"/>
      </object_component>
      <object_component id="oc-1c9">
         <name>.text:__call_stub</name>
         <load_address>0x10866320</load_address>
         <run_address>0x10866320</run_address>
         <size>0x40</size>
         <input_file_ref idref="fl-4b"/>
      </object_component>
      <object_component id="oc-52">
         <name>.text:_args_main</name>
         <load_address>0x10866360</load_address>
         <run_address>0x10866360</run_address>
         <size>0x40</size>
         <input_file_ref idref="fl-32"/>
      </object_component>
      <object_component id="oc-2e1">
         <name>.text:_outs</name>
         <load_address>0x108663a0</load_address>
         <run_address>0x108663a0</run_address>
         <size>0x40</size>
         <input_file_ref idref="fl-43"/>
      </object_component>
      <object_component id="oc-19b">
         <name>.text</name>
         <load_address>0x108663e0</load_address>
         <run_address>0x108663e0</run_address>
         <size>0x40</size>
         <input_file_ref idref="fl-39"/>
      </object_component>
      <object_component id="oc-221">
         <name>.text:vsprintf</name>
         <load_address>0x10866420</load_address>
         <run_address>0x10866420</run_address>
         <size>0x40</size>
         <input_file_ref idref="fl-43"/>
      </object_component>
      <object_component id="oc-350">
         <name>.text:wcslen</name>
         <load_address>0x10866460</load_address>
         <run_address>0x10866460</run_address>
         <size>0x40</size>
         <input_file_ref idref="fl-48"/>
      </object_component>
      <object_component id="oc-2ea">
         <name>.text:CSL_GPIO_open</name>
         <load_address>0x108664a0</load_address>
         <run_address>0x108664a0</run_address>
         <size>0x20</size>
         <input_file_ref idref="fl-3f"/>
      </object_component>
      <object_component id="oc-356">
         <name>.text:__c6xabi_errno_addr</name>
         <load_address>0x108664c0</load_address>
         <run_address>0x108664c0</run_address>
         <size>0x20</size>
         <input_file_ref idref="fl-5d"/>
      </object_component>
      <object_component id="oc-1ac">
         <name>.text:__pop_rts</name>
         <load_address>0x108664e0</load_address>
         <run_address>0x108664e0</run_address>
         <size>0x20</size>
         <input_file_ref idref="fl-4a"/>
      </object_component>
      <object_component id="oc-1a1">
         <name>.text:__push_rts</name>
         <load_address>0x10866500</load_address>
         <run_address>0x10866500</run_address>
         <size>0x20</size>
         <input_file_ref idref="fl-4a"/>
      </object_component>
      <object_component id="oc-2b9">
         <name>.text:_nop</name>
         <load_address>0x10866520</load_address>
         <run_address>0x10866520</run_address>
         <size>0x20</size>
         <input_file_ref idref="fl-31"/>
      </object_component>
      <object_component id="oc-244">
         <name>.text:_outc</name>
         <load_address>0x10866540</load_address>
         <run_address>0x10866540</run_address>
         <size>0x20</size>
         <input_file_ref idref="fl-41"/>
      </object_component>
      <object_component id="oc-2db">
         <name>.text:_outc</name>
         <load_address>0x10866560</load_address>
         <run_address>0x10866560</run_address>
         <size>0x20</size>
         <input_file_ref idref="fl-43"/>
      </object_component>
      <object_component id="oc-24a">
         <name>.text:_outs</name>
         <load_address>0x10866580</load_address>
         <run_address>0x10866580</run_address>
         <size>0x20</size>
         <input_file_ref idref="fl-41"/>
      </object_component>
      <object_component id="oc-32c">
         <name>.text:_signbit</name>
         <load_address>0x108665a0</load_address>
         <run_address>0x108665a0</run_address>
         <size>0x20</size>
         <input_file_ref idref="fl-53"/>
      </object_component>
      <object_component id="oc-135">
         <name>.text:_system_post_cinit</name>
         <load_address>0x108665c0</load_address>
         <run_address>0x108665c0</run_address>
         <size>0x20</size>
         <input_file_ref idref="fl-29"/>
      </object_component>
      <object_component id="oc-5e">
         <name>.text:_system_pre_init</name>
         <load_address>0x108665e0</load_address>
         <run_address>0x108665e0</run_address>
         <size>0x20</size>
         <input_file_ref idref="fl-28"/>
      </object_component>
      <object_component id="oc-98">
         <name>.text:abort</name>
         <load_address>0x10866600</load_address>
         <run_address>0x10866600</run_address>
         <size>0x20</size>
         <input_file_ref idref="fl-2f"/>
      </object_component>
      <object_component id="oc-4c9">
         <name>.text:copysign</name>
         <load_address>0x10866620</load_address>
         <run_address>0x10866620</run_address>
         <size>0x20</size>
         <input_file_ref idref="fl-5e"/>
      </object_component>
      <object_component id="oc-15">
         <name>.text:decompress:none:__TI_decompress_none</name>
         <load_address>0x10866640</load_address>
         <run_address>0x10866640</run_address>
         <size>0x20</size>
         <input_file_ref idref="fl-2c"/>
      </object_component>
      <object_component id="oc-1b">
         <name>.text:decompress:rle24:__TI_decompress_rle24</name>
         <load_address>0x10866660</load_address>
         <run_address>0x10866660</run_address>
         <size>0x20</size>
         <input_file_ref idref="fl-2d"/>
      </object_component>
      <object_component id="oc-182">
         <name>.neardata</name>
         <load_address>0x10872934</load_address>
         <run_address>0x10872934</run_address>
         <size>0x8</size>
         <input_file_ref idref="fl-34"/>
      </object_component>
      <object_component id="oc-f2">
         <name>.neardata</name>
         <load_address>0x1087293c</load_address>
         <run_address>0x1087293c</run_address>
         <size>0x4</size>
         <input_file_ref idref="fl-2"/>
      </object_component>
      <object_component id="oc-260">
         <name>.neardata</name>
         <load_address>0x10872940</load_address>
         <run_address>0x10872940</run_address>
         <size>0x4</size>
         <input_file_ref idref="fl-3c"/>
      </object_component>
      <object_component id="oc-37d">
         <name>.bss</name>
         <uninitialized>true</uninitialized>
         <run_address>0x10872944</run_address>
         <size>0x4</size>
         <input_file_ref idref="fl-3d"/>
      </object_component>
      <object_component id="oc-f8">
         <name>.common:my_boot_head</name>
         <uninitialized>true</uninitialized>
         <run_address>0x10872948</run_address>
         <size>0x4</size>
      </object_component>
      <object_component id="oc-28">
         <name>.stack</name>
         <uninitialized>true</uninitialized>
         <run_address>0x10866680</run_address>
         <size>0x8</size>
         <input_file_ref idref="fl-25"/>
      </object_component>
      <object_component id="oc-622">
         <name>.stack</name>
         <uninitialized>true</uninitialized>
         <run_address>0x10866680</run_address>
         <size>0x0</size>
      </object_component>
      <object_component id="oc-621">
         <name>.cinit.platform_lib.load</name>
         <load_address>0x10872950</load_address>
         <run_address>0x10872950</run_address>
         <size>0x9f</size>
      </object_component>
      <object_component id="oc-620">
         <name>.cinit..fardata.load</name>
         <load_address>0x108729ef</load_address>
         <run_address>0x108729ef</run_address>
         <size>0x84</size>
      </object_component>
      <object_component id="oc-61f">
         <name>.cinit..far.load</name>
         <load_address>0x10872a73</load_address>
         <run_address>0x10872a73</run_address>
         <size>0xb</size>
      </object_component>
      <object_component id="oc-61e">
         <name>.cinit..bss.load</name>
         <load_address>0x10872a7e</load_address>
         <run_address>0x10872a7e</run_address>
         <size>0x9</size>
      </object_component>
      <object_component id="oc-61d">
         <name>.cinit..neardata.load</name>
         <load_address>0x10872a87</load_address>
         <run_address>0x10872a87</run_address>
         <size>0x9</size>
      </object_component>
      <object_component id="oc-61b">
         <name>__TI_handler_table</name>
         <load_address>0x10872a90</load_address>
         <run_address>0x10872a90</run_address>
         <size>0x8</size>
      </object_component>
      <object_component id="oc-61c">
         <name>__TI_cinit_table</name>
         <load_address>0x10872a98</load_address>
         <run_address>0x10872a98</run_address>
         <size>0x28</size>
      </object_component>
      <object_component id="oc-5cc">
         <name>.cio</name>
         <uninitialized>true</uninitialized>
         <run_address>0x108727c0</run_address>
         <size>0x120</size>
         <input_file_ref idref="fl-6b"/>
      </object_component>
      <object_component id="oc-ee">
         <name>.const:.string</name>
         <load_address>0x10871820</load_address>
         <run_address>0x10871820</run_address>
         <size>0x838</size>
         <input_file_ref idref="fl-2"/>
      </object_component>
      <object_component id="oc-413">
         <name>.const:.string:_ctypes_</name>
         <load_address>0x10872058</load_address>
         <run_address>0x10872058</run_address>
         <size>0x101</size>
         <input_file_ref idref="fl-57"/>
      </object_component>
      <object_component id="oc-189">
         <name>.const</name>
         <load_address>0x1087215c</load_address>
         <run_address>0x1087215c</run_address>
         <size>0x70</size>
         <input_file_ref idref="fl-34"/>
      </object_component>
      <object_component id="oc-181">
         <name>.const:.string</name>
         <load_address>0x108721cc</load_address>
         <run_address>0x108721cc</run_address>
         <size>0x5c</size>
         <input_file_ref idref="fl-34"/>
      </object_component>
      <object_component id="oc-274">
         <name>.const:.string:rbl_eccLoc</name>
         <load_address>0x10872228</load_address>
         <run_address>0x10872228</run_address>
         <size>0x28</size>
         <input_file_ref idref="fl-3a"/>
      </object_component>
      <object_component id="oc-35c">
         <name>.const:.string</name>
         <load_address>0x10872250</load_address>
         <run_address>0x10872250</run_address>
         <size>0x24</size>
         <input_file_ref idref="fl-42"/>
      </object_component>
      <object_component id="oc-266">
         <name>.const:.string</name>
         <load_address>0x10872274</load_address>
         <run_address>0x10872274</run_address>
         <size>0x1c</size>
         <input_file_ref idref="fl-3c"/>
      </object_component>
      <object_component id="oc-271">
         <name>.const</name>
         <load_address>0x10872290</load_address>
         <run_address>0x10872290</run_address>
         <size>0x14</size>
         <input_file_ref idref="fl-3b"/>
      </object_component>
      <object_component id="oc-2f0">
         <name>.const</name>
         <load_address>0x108722a4</load_address>
         <run_address>0x108722a4</run_address>
         <size>0x4</size>
         <input_file_ref idref="fl-36"/>
      </object_component>
      <object_component id="oc-ff">
         <name>.const:.string:$P$T2$3</name>
         <load_address>0x108722a8</load_address>
         <run_address>0x108722a8</run_address>
         <size>0x10</size>
         <input_file_ref idref="fl-2"/>
      </object_component>
      <object_component id="oc-f9">
         <name>.const:.string:$P$T0$1</name>
         <load_address>0x108722b8</load_address>
         <run_address>0x108722b8</run_address>
         <size>0xa</size>
         <input_file_ref idref="fl-2"/>
      </object_component>
      <object_component id="oc-280">
         <name>.const</name>
         <load_address>0x108722c4</load_address>
         <run_address>0x108722c4</run_address>
         <size>0x4</size>
         <input_file_ref idref="fl-38"/>
      </object_component>
      <object_component id="oc-fc">
         <name>.const:.string:$P$T1$2</name>
         <load_address>0x108722c8</load_address>
         <run_address>0x108722c8</run_address>
         <size>0xa</size>
         <input_file_ref idref="fl-2"/>
      </object_component>
      <object_component id="oc-27a">
         <name>.const</name>
         <load_address>0x108722d4</load_address>
         <run_address>0x108722d4</run_address>
         <size>0x8</size>
         <input_file_ref idref="fl-3a"/>
      </object_component>
      <object_component id="oc-380">
         <name>.const</name>
         <load_address>0x108722dc</load_address>
         <run_address>0x108722dc</run_address>
         <size>0x8</size>
         <input_file_ref idref="fl-3d"/>
      </object_component>
      <object_component id="oc-267">
         <name>.const</name>
         <load_address>0x108722e4</load_address>
         <run_address>0x108722e4</run_address>
         <size>0x4</size>
         <input_file_ref idref="fl-3c"/>
      </object_component>
      <object_component id="oc-23e">
         <name>.const</name>
         <load_address>0x108722e8</load_address>
         <run_address>0x108722e8</run_address>
         <size>0x4</size>
         <input_file_ref idref="fl-3e"/>
      </object_component>
      <object_component id="oc-35d">
         <name>.switch:__TI_printfi</name>
         <load_address>0x108728e0</load_address>
         <run_address>0x108728e0</run_address>
         <size>0x38</size>
         <input_file_ref idref="fl-42"/>
      </object_component>
      <object_component id="oc-188">
         <name>.switch:platform_internal_memory_test</name>
         <load_address>0x10872918</load_address>
         <run_address>0x10872918</run_address>
         <size>0x1c</size>
         <input_file_ref idref="fl-34"/>
      </object_component>
      <object_component id="oc-2b">
         <name>.sysmem</name>
         <uninitialized>true</uninitialized>
         <run_address>0x10818dc0</run_address>
         <size>0x8</size>
         <input_file_ref idref="fl-30"/>
      </object_component>
      <object_component id="oc-623">
         <name>.sysmem</name>
         <uninitialized>true</uninitialized>
         <run_address>0x10818dc0</run_address>
         <size>0x0</size>
      </object_component>
      <object_component id="oc-f5">
         <name>.common:boot_table</name>
         <uninitialized>true</uninitialized>
         <run_address>0x108727ac</run_address>
         <size>0x8</size>
      </object_component>
      <object_component id="oc-27d">
         <name>.common:gI2cBlock</name>
         <uninitialized>true</uninitialized>
         <run_address>0x10872768</run_address>
         <size>0x44</size>
      </object_component>
      <object_component id="oc-59f">
         <name>.common:__TI_tmpnams</name>
         <uninitialized>true</uninitialized>
         <run_address>0x10872628</run_address>
         <size>0x140</size>
      </object_component>
      <object_component id="oc-5a2">
         <name>.common:parmbuf</name>
         <uninitialized>true</uninitialized>
         <run_address>0x108727b8</run_address>
         <size>0x8</size>
      </object_component>
      <object_component id="oc-ef">
         <name>.fardata:ext_buf</name>
         <load_address>0x10872608</load_address>
         <run_address>0x10872608</run_address>
         <size>0x8</size>
         <input_file_ref idref="fl-2"/>
      </object_component>
      <object_component id="oc-95">
         <name>.fardata</name>
         <load_address>0x108725f8</load_address>
         <run_address>0x108725f8</run_address>
         <size>0xc</size>
         <input_file_ref idref="fl-2f"/>
      </object_component>
      <object_component id="oc-1e7">
         <name>.fardata</name>
         <load_address>0x10872610</load_address>
         <run_address>0x10872610</run_address>
         <size>0x8</size>
         <input_file_ref idref="fl-30"/>
      </object_component>
      <object_component id="oc-1e4">
         <name>.fardata:_lock</name>
         <load_address>0x10872604</load_address>
         <run_address>0x10872604</run_address>
         <size>0x4</size>
         <input_file_ref idref="fl-31"/>
      </object_component>
      <object_component id="oc-1ea">
         <name>.fardata:_unlock</name>
         <load_address>0x10872618</load_address>
         <run_address>0x10872618</run_address>
         <size>0x4</size>
         <input_file_ref idref="fl-31"/>
      </object_component>
      <object_component id="oc-263">
         <name>.fardata:cpsgmiiPortBaseAddr</name>
         <load_address>0x108725e8</load_address>
         <run_address>0x108725e8</run_address>
         <size>0x10</size>
         <input_file_ref idref="fl-40"/>
      </object_component>
      <object_component id="oc-241">
         <name>.fardata:_ftable</name>
         <load_address>0x108722f0</load_address>
         <run_address>0x108722f0</run_address>
         <size>0x1e0</size>
         <input_file_ref idref="fl-58"/>
      </object_component>
      <object_component id="oc-546">
         <name>.fardata</name>
         <load_address>0x1087261c</load_address>
         <run_address>0x1087261c</run_address>
         <size>0x4</size>
         <input_file_ref idref="fl-58"/>
      </object_component>
      <object_component id="oc-501">
         <name>.fardata:_device</name>
         <load_address>0x10872570</load_address>
         <run_address>0x10872570</run_address>
         <size>0x78</size>
         <input_file_ref idref="fl-5b"/>
      </object_component>
      <object_component id="oc-48d">
         <name>.fardata:_stream</name>
         <load_address>0x108724d0</load_address>
         <run_address>0x108724d0</run_address>
         <size>0xa0</size>
         <input_file_ref idref="fl-5b"/>
      </object_component>
      <object_component id="oc-45f">
         <name>.fardata</name>
         <load_address>0x10872620</load_address>
         <run_address>0x10872620</run_address>
         <size>0x4</size>
         <input_file_ref idref="fl-5d"/>
      </object_component>
      <object_component id="oc-185">
         <name>platform_lib:init</name>
         <load_address>0x10871718</load_address>
         <run_address>0x10871718</run_address>
         <size>0x108</size>
         <input_file_ref idref="fl-34"/>
      </object_component>
      <object_component id="oc-17e">
         <name>platform_lib:uninit</name>
         <load_address>0x10870680</load_address>
         <run_address>0x10870680</run_address>
         <size>0x858</size>
         <input_file_ref idref="fl-34"/>
      </object_component>
      <object_component id="oc-277">
         <name>platform_lib</name>
         <load_address>0x10870ed8</load_address>
         <run_address>0x10870ed8</run_address>
         <size>0x840</size>
         <input_file_ref idref="fl-3a"/>
      </object_component>
      <object_component id="oc-f6">
         <name>.debug_info</name>
         <load_address>0x0</load_address>
         <run_address>0x0</run_address>
         <size>0xbd5</size>
         <input_file_ref idref="fl-2"/>
      </object_component>
      <object_component id="oc-f3">
         <name>.debug_info</name>
         <load_address>0xbd5</load_address>
         <run_address>0xbd5</run_address>
         <size>0xc3</size>
         <input_file_ref idref="fl-2"/>
      </object_component>
      <object_component id="oc-f0">
         <name>.debug_info</name>
         <load_address>0xc98</load_address>
         <run_address>0xc98</run_address>
         <size>0xb9</size>
         <input_file_ref idref="fl-2"/>
      </object_component>
      <object_component id="oc-fa">
         <name>.debug_info</name>
         <load_address>0xd51</load_address>
         <run_address>0xd51</run_address>
         <size>0xb9</size>
         <input_file_ref idref="fl-2"/>
      </object_component>
      <object_component id="oc-fd">
         <name>.debug_info</name>
         <load_address>0xe0a</load_address>
         <run_address>0xe0a</run_address>
         <size>0xb9</size>
         <input_file_ref idref="fl-2"/>
      </object_component>
      <object_component id="oc-100">
         <name>.debug_info</name>
         <load_address>0xec3</load_address>
         <run_address>0xec3</run_address>
         <size>0xb9</size>
         <input_file_ref idref="fl-2"/>
      </object_component>
      <object_component id="oc-8e">
         <name>.debug_info</name>
         <load_address>0xf7c</load_address>
         <run_address>0xf7c</run_address>
         <size>0x1633</size>
         <input_file_ref idref="fl-2"/>
      </object_component>
      <object_component id="oc-115">
         <name>.debug_info</name>
         <load_address>0x25af</load_address>
         <run_address>0x25af</run_address>
         <size>0x604</size>
         <input_file_ref idref="fl-2"/>
      </object_component>
      <object_component id="oc-124">
         <name>.debug_info</name>
         <load_address>0x2bb3</load_address>
         <run_address>0x2bb3</run_address>
         <size>0x118</size>
         <input_file_ref idref="fl-2"/>
      </object_component>
      <object_component id="oc-1df">
         <name>.debug_info</name>
         <load_address>0x2ccb</load_address>
         <run_address>0x2ccb</run_address>
         <size>0xfe</size>
         <input_file_ref idref="fl-2"/>
      </object_component>
      <object_component id="oc-169">
         <name>.debug_info</name>
         <load_address>0x2dc9</load_address>
         <run_address>0x2dc9</run_address>
         <size>0x26b</size>
         <input_file_ref idref="fl-2"/>
      </object_component>
      <object_component id="oc-15f">
         <name>.debug_info</name>
         <load_address>0x3034</load_address>
         <run_address>0x3034</run_address>
         <size>0x2a4</size>
         <input_file_ref idref="fl-2"/>
      </object_component>
      <object_component id="oc-164">
         <name>.debug_info</name>
         <load_address>0x32d8</load_address>
         <run_address>0x32d8</run_address>
         <size>0x206</size>
         <input_file_ref idref="fl-2"/>
      </object_component>
      <object_component id="oc-74">
         <name>.debug_info</name>
         <load_address>0x34de</load_address>
         <run_address>0x34de</run_address>
         <size>0xc0</size>
         <input_file_ref idref="fl-2"/>
      </object_component>
      <object_component id="oc-11f">
         <name>.debug_info</name>
         <load_address>0x359e</load_address>
         <run_address>0x359e</run_address>
         <size>0x109</size>
         <input_file_ref idref="fl-2"/>
      </object_component>
      <object_component id="oc-1fb">
         <name>.debug_info</name>
         <load_address>0x36a7</load_address>
         <run_address>0x36a7</run_address>
         <size>0x275</size>
         <input_file_ref idref="fl-2"/>
      </object_component>
      <object_component id="oc-11a">
         <name>.debug_info</name>
         <load_address>0x391c</load_address>
         <run_address>0x391c</run_address>
         <size>0xbb</size>
         <input_file_ref idref="fl-2"/>
      </object_component>
      <object_component id="oc-173">
         <name>.debug_info</name>
         <load_address>0x39d7</load_address>
         <run_address>0x39d7</run_address>
         <size>0xcc</size>
         <input_file_ref idref="fl-2"/>
      </object_component>
      <object_component id="oc-2b4">
         <name>.debug_info</name>
         <load_address>0x3aa3</load_address>
         <run_address>0x3aa3</run_address>
         <size>0x2c</size>
         <input_file_ref idref="fl-2"/>
      </object_component>
      <object_component id="oc-16e">
         <name>.debug_info</name>
         <load_address>0x3acf</load_address>
         <run_address>0x3acf</run_address>
         <size>0x110</size>
         <input_file_ref idref="fl-2"/>
      </object_component>
      <object_component id="oc-288">
         <name>.debug_info</name>
         <load_address>0x3bdf</load_address>
         <run_address>0x3bdf</run_address>
         <size>0xce5</size>
         <input_file_ref idref="fl-3"/>
      </object_component>
      <object_component id="oc-1c4">
         <name>.debug_info</name>
         <load_address>0x48c4</load_address>
         <run_address>0x48c4</run_address>
         <size>0x5d6</size>
         <input_file_ref idref="fl-3"/>
      </object_component>
      <object_component id="oc-3a8">
         <name>.debug_info</name>
         <load_address>0x4e9a</load_address>
         <run_address>0x4e9a</run_address>
         <size>0x94e</size>
         <input_file_ref idref="fl-3"/>
      </object_component>
      <object_component id="oc-3d0">
         <name>.debug_info</name>
         <load_address>0x57e8</load_address>
         <run_address>0x57e8</run_address>
         <size>0xdde</size>
         <input_file_ref idref="fl-3"/>
      </object_component>
      <object_component id="oc-3d5">
         <name>.debug_info</name>
         <load_address>0x65c6</load_address>
         <run_address>0x65c6</run_address>
         <size>0x3b3</size>
         <input_file_ref idref="fl-3"/>
      </object_component>
      <object_component id="oc-476">
         <name>.debug_info</name>
         <load_address>0x6979</load_address>
         <run_address>0x6979</run_address>
         <size>0x230</size>
         <input_file_ref idref="fl-3"/>
      </object_component>
      <object_component id="oc-3da">
         <name>.debug_info</name>
         <load_address>0x6ba9</load_address>
         <run_address>0x6ba9</run_address>
         <size>0x242</size>
         <input_file_ref idref="fl-3"/>
      </object_component>
      <object_component id="oc-3e4">
         <name>.debug_info</name>
         <load_address>0x6deb</load_address>
         <run_address>0x6deb</run_address>
         <size>0x522</size>
         <input_file_ref idref="fl-3"/>
      </object_component>
      <object_component id="oc-3e9">
         <name>.debug_info</name>
         <load_address>0x730d</load_address>
         <run_address>0x730d</run_address>
         <size>0x3034</size>
         <input_file_ref idref="fl-3"/>
      </object_component>
      <object_component id="oc-38f">
         <name>.debug_info</name>
         <load_address>0xa341</load_address>
         <run_address>0xa341</run_address>
         <size>0x9a</size>
         <input_file_ref idref="fl-3"/>
      </object_component>
      <object_component id="oc-394">
         <name>.debug_info</name>
         <load_address>0xa3db</load_address>
         <run_address>0xa3db</run_address>
         <size>0x8a</size>
         <input_file_ref idref="fl-3"/>
      </object_component>
      <object_component id="oc-399">
         <name>.debug_info</name>
         <load_address>0xa465</load_address>
         <run_address>0xa465</run_address>
         <size>0x102</size>
         <input_file_ref idref="fl-3"/>
      </object_component>
      <object_component id="oc-39e">
         <name>.debug_info</name>
         <load_address>0xa567</load_address>
         <run_address>0xa567</run_address>
         <size>0x9e</size>
         <input_file_ref idref="fl-3"/>
      </object_component>
      <object_component id="oc-3a3">
         <name>.debug_info</name>
         <load_address>0xa605</load_address>
         <run_address>0xa605</run_address>
         <size>0x4b</size>
         <input_file_ref idref="fl-3"/>
      </object_component>
      <object_component id="oc-3ad">
         <name>.debug_info</name>
         <load_address>0xa650</load_address>
         <run_address>0xa650</run_address>
         <size>0x107</size>
         <input_file_ref idref="fl-3"/>
      </object_component>
      <object_component id="oc-3b2">
         <name>.debug_info</name>
         <load_address>0xa757</load_address>
         <run_address>0xa757</run_address>
         <size>0xb2</size>
         <input_file_ref idref="fl-3"/>
      </object_component>
      <object_component id="oc-3b7">
         <name>.debug_info</name>
         <load_address>0xa809</load_address>
         <run_address>0xa809</run_address>
         <size>0xb3</size>
         <input_file_ref idref="fl-3"/>
      </object_component>
      <object_component id="oc-3bc">
         <name>.debug_info</name>
         <load_address>0xa8bc</load_address>
         <run_address>0xa8bc</run_address>
         <size>0xb3</size>
         <input_file_ref idref="fl-3"/>
      </object_component>
      <object_component id="oc-3c1">
         <name>.debug_info</name>
         <load_address>0xa96f</load_address>
         <run_address>0xa96f</run_address>
         <size>0x287</size>
         <input_file_ref idref="fl-3"/>
      </object_component>
      <object_component id="oc-3c6">
         <name>.debug_info</name>
         <load_address>0xabf6</load_address>
         <run_address>0xabf6</run_address>
         <size>0x1c1</size>
         <input_file_ref idref="fl-3"/>
      </object_component>
      <object_component id="oc-3cb">
         <name>.debug_info</name>
         <load_address>0xadb7</load_address>
         <run_address>0xadb7</run_address>
         <size>0xb2</size>
         <input_file_ref idref="fl-3"/>
      </object_component>
      <object_component id="oc-3df">
         <name>.debug_info</name>
         <load_address>0xae69</load_address>
         <run_address>0xae69</run_address>
         <size>0x143</size>
         <input_file_ref idref="fl-3"/>
      </object_component>
      <object_component id="oc-30">
         <name>.debug_info</name>
         <load_address>0xafac</load_address>
         <run_address>0xafac</run_address>
         <size>0x124</size>
         <input_file_ref idref="fl-24"/>
      </object_component>
      <object_component id="oc-68">
         <name>.debug_info</name>
         <load_address>0xb0d0</load_address>
         <run_address>0xb0d0</run_address>
         <size>0x5e1</size>
         <input_file_ref idref="fl-25"/>
      </object_component>
      <object_component id="oc-29">
         <name>.debug_info</name>
         <load_address>0xb6b1</load_address>
         <run_address>0xb6b1</run_address>
         <size>0xf8</size>
         <input_file_ref idref="fl-25"/>
      </object_component>
      <object_component id="oc-23">
         <name>.debug_info</name>
         <load_address>0xb7a9</load_address>
         <run_address>0xb7a9</run_address>
         <size>0x185</size>
         <input_file_ref idref="fl-25"/>
      </object_component>
      <object_component id="oc-e0">
         <name>.debug_info</name>
         <load_address>0xb92e</load_address>
         <run_address>0xb92e</run_address>
         <size>0x566</size>
         <input_file_ref idref="fl-26"/>
      </object_component>
      <object_component id="oc-7b">
         <name>.debug_info</name>
         <load_address>0xbe94</load_address>
         <run_address>0xbe94</run_address>
         <size>0x229</size>
         <input_file_ref idref="fl-26"/>
      </object_component>
      <object_component id="oc-e1">
         <name>.debug_info</name>
         <load_address>0xc0bd</load_address>
         <run_address>0xc0bd</run_address>
         <size>0x2c</size>
         <input_file_ref idref="fl-26"/>
      </object_component>
      <object_component id="oc-142">
         <name>.debug_info</name>
         <load_address>0xc0e9</load_address>
         <run_address>0xc0e9</run_address>
         <size>0x7c6</size>
         <input_file_ref idref="fl-27"/>
      </object_component>
      <object_component id="oc-a4">
         <name>.debug_info</name>
         <load_address>0xc8af</load_address>
         <run_address>0xc8af</run_address>
         <size>0x1b2</size>
         <input_file_ref idref="fl-27"/>
      </object_component>
      <object_component id="oc-205">
         <name>.debug_info</name>
         <load_address>0xca61</load_address>
         <run_address>0xca61</run_address>
         <size>0x39</size>
         <input_file_ref idref="fl-27"/>
      </object_component>
      <object_component id="oc-211">
         <name>.debug_info</name>
         <load_address>0xca9a</load_address>
         <run_address>0xca9a</run_address>
         <size>0x39</size>
         <input_file_ref idref="fl-27"/>
      </object_component>
      <object_component id="oc-14d">
         <name>.debug_info</name>
         <load_address>0xcad3</load_address>
         <run_address>0xcad3</run_address>
         <size>0x39</size>
         <input_file_ref idref="fl-27"/>
      </object_component>
      <object_component id="oc-20a">
         <name>.debug_info</name>
         <load_address>0xcb0c</load_address>
         <run_address>0xcb0c</run_address>
         <size>0xcd</size>
         <input_file_ref idref="fl-27"/>
      </object_component>
      <object_component id="oc-62">
         <name>.debug_info</name>
         <load_address>0xcbd9</load_address>
         <run_address>0xcbd9</run_address>
         <size>0x14b</size>
         <input_file_ref idref="fl-28"/>
      </object_component>
      <object_component id="oc-136">
         <name>.debug_info</name>
         <load_address>0xcd24</load_address>
         <run_address>0xcd24</run_address>
         <size>0x148</size>
         <input_file_ref idref="fl-29"/>
      </object_component>
      <object_component id="oc-39">
         <name>.debug_info</name>
         <load_address>0xce6c</load_address>
         <run_address>0xce6c</run_address>
         <size>0x56f</size>
         <input_file_ref idref="fl-2c"/>
      </object_component>
      <object_component id="oc-16">
         <name>.debug_info</name>
         <load_address>0xd3db</load_address>
         <run_address>0xd3db</run_address>
         <size>0x1cf</size>
         <input_file_ref idref="fl-2c"/>
      </object_component>
      <object_component id="oc-34">
         <name>.debug_info</name>
         <load_address>0xd5aa</load_address>
         <run_address>0xd5aa</run_address>
         <size>0x46</size>
         <input_file_ref idref="fl-2c"/>
      </object_component>
      <object_component id="oc-6d">
         <name>.debug_info</name>
         <load_address>0xd5f0</load_address>
         <run_address>0xd5f0</run_address>
         <size>0x2c</size>
         <input_file_ref idref="fl-2c"/>
      </object_component>
      <object_component id="oc-80">
         <name>.debug_info</name>
         <load_address>0xd61c</load_address>
         <run_address>0xd61c</run_address>
         <size>0x5a0</size>
         <input_file_ref idref="fl-2d"/>
      </object_component>
      <object_component id="oc-3e">
         <name>.debug_info</name>
         <load_address>0xdbbc</load_address>
         <run_address>0xdbbc</run_address>
         <size>0x257</size>
         <input_file_ref idref="fl-2d"/>
      </object_component>
      <object_component id="oc-1f">
         <name>.debug_info</name>
         <load_address>0xde13</load_address>
         <run_address>0xde13</run_address>
         <size>0x1b4</size>
         <input_file_ref idref="fl-2d"/>
      </object_component>
      <object_component id="oc-41">
         <name>.debug_info</name>
         <load_address>0xdfc7</load_address>
         <run_address>0xdfc7</run_address>
         <size>0x46</size>
         <input_file_ref idref="fl-2d"/>
      </object_component>
      <object_component id="oc-e8">
         <name>.debug_info</name>
         <load_address>0xe00d</load_address>
         <run_address>0xe00d</run_address>
         <size>0x39</size>
         <input_file_ref idref="fl-2d"/>
      </object_component>
      <object_component id="oc-81">
         <name>.debug_info</name>
         <load_address>0xe046</load_address>
         <run_address>0xe046</run_address>
         <size>0x2c</size>
         <input_file_ref idref="fl-2d"/>
      </object_component>
      <object_component id="oc-202">
         <name>.debug_info</name>
         <load_address>0xe072</load_address>
         <run_address>0xe072</run_address>
         <size>0x6fc</size>
         <input_file_ref idref="fl-2e"/>
      </object_component>
      <object_component id="oc-13e">
         <name>.debug_info</name>
         <load_address>0xe76e</load_address>
         <run_address>0xe76e</run_address>
         <size>0x212</size>
         <input_file_ref idref="fl-2e"/>
      </object_component>
      <object_component id="oc-2ca">
         <name>.debug_info</name>
         <load_address>0xe980</load_address>
         <run_address>0xe980</run_address>
         <size>0x2c</size>
         <input_file_ref idref="fl-2e"/>
      </object_component>
      <object_component id="oc-2cf">
         <name>.debug_info</name>
         <load_address>0xe9ac</load_address>
         <run_address>0xe9ac</run_address>
         <size>0x39</size>
         <input_file_ref idref="fl-2e"/>
      </object_component>
      <object_component id="oc-9f">
         <name>.debug_info</name>
         <load_address>0xe9e5</load_address>
         <run_address>0xe9e5</run_address>
         <size>0x59e</size>
         <input_file_ref idref="fl-2f"/>
      </object_component>
      <object_component id="oc-96">
         <name>.debug_info</name>
         <load_address>0xef83</load_address>
         <run_address>0xef83</run_address>
         <size>0x188</size>
         <input_file_ref idref="fl-2f"/>
      </object_component>
      <object_component id="oc-99">
         <name>.debug_info</name>
         <load_address>0xf10b</load_address>
         <run_address>0xf10b</run_address>
         <size>0x11a</size>
         <input_file_ref idref="fl-2f"/>
      </object_component>
      <object_component id="oc-59">
         <name>.debug_info</name>
         <load_address>0xf225</load_address>
         <run_address>0xf225</run_address>
         <size>0x17a</size>
         <input_file_ref idref="fl-2f"/>
      </object_component>
      <object_component id="oc-6b">
         <name>.debug_info</name>
         <load_address>0xf39f</load_address>
         <run_address>0xf39f</run_address>
         <size>0x610</size>
         <input_file_ref idref="fl-30"/>
      </object_component>
      <object_component id="oc-2c">
         <name>.debug_info</name>
         <load_address>0xf9af</load_address>
         <run_address>0xf9af</run_address>
         <size>0x104</size>
         <input_file_ref idref="fl-30"/>
      </object_component>
      <object_component id="oc-1e8">
         <name>.debug_info</name>
         <load_address>0xfab3</load_address>
         <run_address>0xfab3</run_address>
         <size>0x127</size>
         <input_file_ref idref="fl-30"/>
      </object_component>
      <object_component id="oc-1f0">
         <name>.debug_info</name>
         <load_address>0xfbda</load_address>
         <run_address>0xfbda</run_address>
         <size>0x175</size>
         <input_file_ref idref="fl-30"/>
      </object_component>
      <object_component id="oc-1f6">
         <name>.debug_info</name>
         <load_address>0xfd4f</load_address>
         <run_address>0xfd4f</run_address>
         <size>0x174</size>
         <input_file_ref idref="fl-30"/>
      </object_component>
      <object_component id="oc-10c">
         <name>.debug_info</name>
         <load_address>0xfec3</load_address>
         <run_address>0xfec3</run_address>
         <size>0x1df</size>
         <input_file_ref idref="fl-30"/>
      </object_component>
      <object_component id="oc-112">
         <name>.debug_info</name>
         <load_address>0x100a2</load_address>
         <run_address>0x100a2</run_address>
         <size>0x28d</size>
         <input_file_ref idref="fl-30"/>
      </object_component>
      <object_component id="oc-d5">
         <name>.debug_info</name>
         <load_address>0x1032f</load_address>
         <run_address>0x1032f</run_address>
         <size>0x2c</size>
         <input_file_ref idref="fl-30"/>
      </object_component>
      <object_component id="oc-da">
         <name>.debug_info</name>
         <load_address>0x1035b</load_address>
         <run_address>0x1035b</run_address>
         <size>0x62</size>
         <input_file_ref idref="fl-30"/>
      </object_component>
      <object_component id="oc-2c1">
         <name>.debug_info</name>
         <load_address>0x103bd</load_address>
         <run_address>0x103bd</run_address>
         <size>0x557</size>
         <input_file_ref idref="fl-31"/>
      </object_component>
      <object_component id="oc-1e5">
         <name>.debug_info</name>
         <load_address>0x10914</load_address>
         <run_address>0x10914</run_address>
         <size>0xf7</size>
         <input_file_ref idref="fl-31"/>
      </object_component>
      <object_component id="oc-1eb">
         <name>.debug_info</name>
         <load_address>0x10a0b</load_address>
         <run_address>0x10a0b</run_address>
         <size>0xfb</size>
         <input_file_ref idref="fl-31"/>
      </object_component>
      <object_component id="oc-2ba">
         <name>.debug_info</name>
         <load_address>0x10b06</load_address>
         <run_address>0x10b06</run_address>
         <size>0x126</size>
         <input_file_ref idref="fl-31"/>
      </object_component>
      <object_component id="oc-94">
         <name>.debug_info</name>
         <load_address>0x10c2c</load_address>
         <run_address>0x10c2c</run_address>
         <size>0x5ab</size>
         <input_file_ref idref="fl-32"/>
      </object_component>
      <object_component id="oc-54">
         <name>.debug_info</name>
         <load_address>0x111d7</load_address>
         <run_address>0x111d7</run_address>
         <size>0x16a</size>
[...]
         <object_component_ref idref="oc-22c"/>
      </symbol>
      <symbol id="sm-607">
         <name>gpioSetRisingEdgeInterrupt</name>
         <value>0x10862660</value>
         <object_component_ref idref="oc-22c"/>
      </symbol>
      <symbol id="sm-608">
         <name>gpioClearRisingEdgeInterrupt</name>
         <value>0x108628ec</value>
         <object_component_ref idref="oc-22c"/>
      </symbol>
      <symbol id="sm-609">
         <name>gpioClearOutput</name>
         <value>0x10862920</value>
         <object_component_ref idref="oc-22c"/>
      </symbol>
      <symbol id="sm-60a">
         <name>gpioDisableGlobalInterrupt</name>
         <value>0x108628d0</value>
         <object_component_ref idref="oc-22c"/>
      </symbol>
      <symbol id="sm-60b">
         <name>gpioSetDirection</name>
         <value>0x10862720</value>
         <object_component_ref idref="oc-22c"/>
      </symbol>
      <symbol id="sm-60c">
         <name>gpioInit</name>
         <value>0x10862858</value>
         <object_component_ref idref="oc-22c"/>
      </symbol>
      <symbol id="sm-60d">
         <name>gpioEnableGlobalInterrupt</name>
         <value>0x108628b8</value>
         <object_component_ref idref="oc-22c"/>
      </symbol>
      <symbol id="sm-60e">
         <name>gpioReadInput</name>
         <value>0x10862818</value>
         <object_component_ref idref="oc-22c"/>
      </symbol>
      <symbol id="sm-60f">
         <name>gpioSetOutput</name>
         <value>0x108626a4</value>
         <object_component_ref idref="oc-22c"/>
      </symbol>
      <symbol id="sm-61c">
         <name>evmI2CInit</name>
         <value>0x10865f00</value>
         <object_component_ref idref="oc-238"/>
      </symbol>
      <symbol id="sm-6b1">
         <name>gI2cBlock</name>
         <value>0x10872768</value>
      </symbol>
      <symbol id="sm-6b2">
         <name>i2cEepromWriteBlock</name>
         <value>0x1085fbc0</value>
         <object_component_ref idref="oc-1bd"/>
      </symbol>
      <symbol id="sm-6b3">
         <name>i2cEepromWriteByteAddr</name>
         <value>0x1085fd6c</value>
         <object_component_ref idref="oc-1bd"/>
      </symbol>
      <symbol id="sm-6b4">
         <name>i2cEepromRead</name>
         <value>0x1085ff38</value>
         <object_component_ref idref="oc-1bd"/>
      </symbol>
      <symbol id="sm-6b5">
         <name>i2cEepromWrite</name>
         <value>0x1085fe74</value>
         <object_component_ref idref="oc-1bd"/>
      </symbol>
      <symbol id="sm-6b6">
         <name>i2cEepromMacWrite</name>
         <value>0x10860044</value>
         <object_component_ref idref="oc-1bd"/>
      </symbol>
      <symbol id="sm-6b7">
         <name>i2cEepromMacRead</name>
         <value>0x10860194</value>
         <object_component_ref idref="oc-1bd"/>
      </symbol>
      <symbol id="sm-6c4">
         <name>dspControlUserLEDs</name>
         <value>0x108663e0</value>
         <object_component_ref idref="oc-19b"/>
      </symbol>
      <symbol id="sm-79f">
         <name>NandWriteDataBytes</name>
         <value>0x1085e830</value>
         <object_component_ref idref="oc-1b7"/>
      </symbol>
      <symbol id="sm-7a0">
         <name>NandGetDetails</name>
         <value>0x1085f130</value>
         <object_component_ref idref="oc-1b7"/>
      </symbol>
      <symbol id="sm-7a1">
         <name>writeNandPage</name>
         <value>0x1085ea28</value>
         <object_component_ref idref="oc-1b7"/>
      </symbol>
      <symbol id="sm-7a2">
         <name>nandInit</name>
         <value>0x1085f018</value>
         <object_component_ref idref="oc-1b7"/>
      </symbol>
      <symbol id="sm-7a3">
         <name>NandReadSpareArea</name>
         <value>0x1085e790</value>
         <object_component_ref idref="oc-1b7"/>
      </symbol>
      <symbol id="sm-7a4">
         <name>readNandPage</name>
         <value>0x1085ed90</value>
         <object_component_ref idref="oc-1b7"/>
      </symbol>
      <symbol id="sm-7a5">
         <name>nandFlashBlockErase</name>
         <value>0x1085f08c</value>
         <object_component_ref idref="oc-1b7"/>
      </symbol>
      <symbol id="sm-7a6">
         <name>NandWriteSpareArea</name>
         <value>0x1085e988</value>
         <object_component_ref idref="oc-1b7"/>
      </symbol>
      <symbol id="sm-7f1">
         <name>nor_erase</name>
         <value>0x108621b4</value>
         <object_component_ref idref="oc-1b1"/>
      </symbol>
      <symbol id="sm-7f2">
         <name>nor_read</name>
         <value>0x10862064</value>
         <object_component_ref idref="oc-1b1"/>
      </symbol>
      <symbol id="sm-7f3">
         <name>nor_write</name>
         <value>0x10861f40</value>
         <object_component_ref idref="oc-1b1"/>
      </symbol>
      <symbol id="sm-7f4">
         <name>nor_get_details</name>
         <value>0x10862148</value>
         <object_component_ref idref="oc-1b1"/>
      </symbol>
      <symbol id="sm-7f5">
         <name>nor_init</name>
         <value>0x108620e0</value>
         <object_component_ref idref="oc-1b1"/>
      </symbol>
      <symbol id="sm-852">
         <name>setTimeOut_ms</name>
         <value>0x10860380</value>
         <object_component_ref idref="oc-1a6"/>
      </symbol>
      <symbol id="sm-853">
         <name>hasTimeoutExpired</name>
         <value>0x10860388</value>
         <object_component_ref idref="oc-1a6"/>
      </symbol>
      <symbol id="sm-854">
         <name>Init_SGMII</name>
         <value>0x1086080c</value>
         <object_component_ref idref="oc-1a6"/>
      </symbol>
      <symbol id="sm-855">
         <name>configPhy</name>
         <value>0x108604d4</value>
         <object_component_ref idref="oc-1a6"/>
      </symbol>
      <symbol id="sm-856">
         <name>configSerdes</name>
         <value>0x108603cc</value>
         <object_component_ref idref="oc-1a6"/>
      </symbol>
      <symbol id="sm-89b">
         <name>spi_read_word</name>
         <value>0x108617f0</value>
         <object_component_ref idref="oc-26b"/>
      </symbol>
      <symbol id="sm-89c">
         <name>spi_cmd_read</name>
         <value>0x10861898</value>
         <object_component_ref idref="oc-26b"/>
      </symbol>
      <symbol id="sm-89d">
         <name>spi_xfer</name>
         <value>0x10861620</value>
         <object_component_ref idref="oc-26b"/>
      </symbol>
      <symbol id="sm-89e">
         <name>spi_cmd_write</name>
         <value>0x10861860</value>
         <object_component_ref idref="oc-26b"/>
      </symbol>
      <symbol id="sm-89f">
         <name>spi_release</name>
         <value>0x108617d4</value>
         <object_component_ref idref="oc-26b"/>
      </symbol>
      <symbol id="sm-8a0">
         <name>spi_write_word</name>
         <value>0x10861774</value>
         <object_component_ref idref="oc-26b"/>
      </symbol>
      <symbol id="sm-8a1">
         <name>spi_cmd</name>
         <value>0x108618d4</value>
         <object_component_ref idref="oc-26b"/>
      </symbol>
      <symbol id="sm-8a2">
         <name>spi_claim</name>
         <value>0x10861920</value>
         <object_component_ref idref="oc-26b"/>
      </symbol>
      <symbol id="sm-8b5">
         <name>UartReadBaudRate</name>
         <value>0x108634d8</value>
         <object_component_ref idref="oc-18a"/>
      </symbol>
      <symbol id="sm-8b6">
         <name>UartWriteData</name>
         <value>0x10863460</value>
         <object_component_ref idref="oc-18a"/>
      </symbol>
      <symbol id="sm-8b7">
         <name>UartSetBaudRate</name>
         <value>0x108634a0</value>
         <object_component_ref idref="oc-18a"/>
      </symbol>
      <symbol id="sm-8b8">
         <name>UartReadData</name>
         <value>0x108634c8</value>
         <object_component_ref idref="oc-18a"/>
      </symbol>
      <symbol id="sm-8b9">
         <name>UartIsDataReady</name>
         <value>0x1086350c</value>
         <object_component_ref idref="oc-18a"/>
      </symbol>
      <symbol id="sm-8ba">
         <name>UartInit</name>
         <value>0x1086352c</value>
         <object_component_ref idref="oc-18a"/>
      </symbol>
      <symbol id="sm-8c6">
         <name>CSL_GPIO_open</name>
         <value>0x108664a0</value>
         <object_component_ref idref="oc-2ea"/>
      </symbol>
      <symbol id="sm-8d0">
         <name>cpsgmiiPortBaseAddr</name>
         <value>0x108725e8</value>
         <object_component_ref idref="oc-263"/>
      </symbol>
      <symbol id="sm-8f8">
         <name>printf</name>
         <value>0x10865220</value>
         <object_component_ref idref="oc-190"/>
      </symbol>
      <symbol id="sm-b0b">
         <name>__TI_printfi</name>
         <value>0x10859dc0</value>
         <object_component_ref idref="oc-250"/>
      </symbol>
      <symbol id="sm-b29">
         <name>vsprintf</name>
         <value>0x10866420</value>
         <object_component_ref idref="oc-221"/>
      </symbol>
      <symbol id="sm-b48">
         <name>putc</name>
         <value>0x108639c0</value>
         <object_component_ref idref="oc-306"/>
      </symbol>
      <symbol id="sm-b49">
         <name>fputc</name>
         <value>0x108639c0</value>
         <object_component_ref idref="oc-306"/>
      </symbol>
      <symbol id="sm-b7b">
         <name>fputs</name>
         <value>0x108629a0</value>
         <object_component_ref idref="oc-30d"/>
      </symbol>
      <symbol id="sm-b91">
         <name>__TI_wrt_ok</name>
         <value>0x10864dc0</value>
         <object_component_ref idref="oc-3fd"/>
      </symbol>
      <symbol id="sm-bad">
         <name>setvbuf</name>
         <value>0x10863d40</value>
         <object_component_ref idref="oc-483"/>
      </symbol>
      <symbol id="sm-bc7">
         <name>wcslen</name>
         <value>0x10866460</value>
         <object_component_ref idref="oc-350"/>
      </symbol>
      <symbol id="sm-be7">
         <name>scalbn</name>
         <value>0x10864240</value>
         <object_component_ref idref="oc-44f"/>
      </symbol>
      <symbol id="sm-be8">
         <name>scalbnl</name>
         <value>0x10864240</value>
         <object_component_ref idref="oc-44f"/>
      </symbol>
      <symbol id="sm-be9">
         <name>ldexpl</name>
         <value>0x10864240</value>
         <object_component_ref idref="oc-44f"/>
      </symbol>
      <symbol id="sm-bea">
         <name>ldexp</name>
         <value>0x10864240</value>
         <object_component_ref idref="oc-44f"/>
      </symbol>
      <symbol id="sm-bf8">
         <name>__c6xabi_push_rts</name>
         <value>0x10866500</value>
         <object_component_ref idref="oc-1a1"/>
      </symbol>
      <symbol id="sm-bf9">
         <name>__pop_rts</name>
         <value>0x108664e0</value>
         <object_component_ref idref="oc-1ac"/>
      </symbol>
      <symbol id="sm-bfa">
         <name>__c6xabi_pop_rts</name>
         <value>0x108664e0</value>
         <object_component_ref idref="oc-1ac"/>
      </symbol>
      <symbol id="sm-bfb">
         <name>__push_rts</name>
         <value>0x10866500</value>
         <object_component_ref idref="oc-1a1"/>
      </symbol>
      <symbol id="sm-c04">
         <name>__c6xabi_call_stub</name>
         <value>0x10866320</value>
         <object_component_ref idref="oc-1c9"/>
      </symbol>
      <symbol id="sm-c05">
         <name>__call_stub</name>
         <value>0x10866320</value>
         <object_component_ref idref="oc-1c9"/>
      </symbol>
      <symbol id="sm-c0e">
         <name>__c6xabi_divu</name>
         <value>0x10865600</value>
         <object_component_ref idref="oc-196"/>
      </symbol>
      <symbol id="sm-c0f">
         <name>__divu</name>
         <value>0x10865600</value>
         <object_component_ref idref="oc-196"/>
      </symbol>
      <symbol id="sm-c18">
         <name>__remu</name>
         <value>0x10865b00</value>
         <object_component_ref idref="oc-227"/>
      </symbol>
      <symbol id="sm-c19">
         <name>__c6xabi_remu</name>
         <value>0x10865b00</value>
         <object_component_ref idref="oc-227"/>
      </symbol>
      <symbol id="sm-c2a">
         <name>__c6xabi_divul</name>
         <value>0x10863640</value>
         <object_component_ref idref="oc-41e"/>
      </symbol>
      <symbol id="sm-c47">
         <name>_subcull</name>
         <value>0x10866120</value>
         <object_component_ref idref="oc-4a1"/>
      </symbol>
      <symbol id="sm-c48">
         <name>__c6xabi_divull</name>
         <value>0x10863220</value>
         <object_component_ref idref="oc-418"/>
      </symbol>
      <symbol id="sm-c67">
         <name>__c6xabi_llshru</name>
         <value>0x108660c0</value>
         <object_component_ref idref="oc-4a7"/>
      </symbol>
      <symbol id="sm-c68">
         <name>__c6xabi_llshl</name>
         <value>0x10865e00</value>
         <object_component_ref idref="oc-49b"/>
      </symbol>
      <symbol id="sm-c7c">
         <name>frexpl</name>
         <value>0x108640a0</value>
         <object_component_ref idref="oc-449"/>
      </symbol>
      <symbol id="sm-c7d">
         <name>frexp</name>
         <value>0x108640a0</value>
         <object_component_ref idref="oc-449"/>
      </symbol>
      <symbol id="sm-c9a">
         <name>__c6xabi_isinf</name>
         <value>0x108662a0</value>
         <object_component_ref idref="oc-326"/>
      </symbol>
      <symbol id="sm-ca3">
         <name>_signbit</name>
         <value>0x108665a0</value>
         <object_component_ref idref="oc-32c"/>
      </symbol>
      <symbol id="sm-cc2">
         <name>__c6xabi_divd</name>
         <value>0x10861020</value>
         <object_component_ref idref="oc-428"/>
      </symbol>
      <symbol id="sm-cd5">
         <name>__TI_frcmpyd_div</name>
         <value>0x10866000</value>
         <object_component_ref idref="oc-4b1"/>
      </symbol>
      <symbol id="sm-ce9">
         <name>atoi</name>
         <value>0x10864920</value>
         <object_component_ref idref="oc-314"/>
      </symbol>
      <symbol id="sm-cf3">
         <name>_ctypes_</name>
         <value>0x10872058</value>
         <object_component_ref idref="oc-413"/>
      </symbol>
      <symbol id="sm-d03">
         <name>__TI_tmpnams</name>
         <value>0x10872628</value>
      </symbol>
      <symbol id="sm-d04">
         <name>_ftable</name>
         <value>0x108722f0</value>
         <object_component_ref idref="oc-241"/>
      </symbol>
      <symbol id="sm-d05">
         <name>__TI_ft_end</name>
         <value>0x1087261c</value>
         <object_component_ref idref="oc-546"/>
      </symbol>
      <symbol id="sm-d15">
         <name>ltoa</name>
         <value>0x10865060</value>
         <object_component_ref idref="oc-42e"/>
      </symbol>
      <symbol id="sm-d26">
         <name>memccpy</name>
         <value>0x108661e0</value>
         <object_component_ref idref="oc-34a"/>
      </symbol>
      <symbol id="sm-d49">
         <name>_stream</name>
         <value>0x108724d0</value>
         <object_component_ref idref="oc-48d"/>
      </symbol>
      <symbol id="sm-d4a">
         <name>_device</name>
         <value>0x10872570</value>
         <object_component_ref idref="oc-501"/>
      </symbol>
      <symbol id="sm-d4b">
         <name>write</name>
         <value>0x10866240</value>
         <object_component_ref idref="oc-409"/>
      </symbol>
      <symbol id="sm-d5d">
         <name>__errno</name>
         <value>0x10872620</value>
         <object_component_ref idref="oc-45f"/>
      </symbol>
      <symbol id="sm-d5e">
         <name>errno</name>
         <value>0x10872620</value>
         <object_component_ref idref="oc-45f"/>
      </symbol>
      <symbol id="sm-d5f">
         <name>__c6xabi_errno_addr</name>
         <value>0x108664c0</value>
         <object_component_ref idref="oc-356"/>
      </symbol>
      <symbol id="sm-d68">
         <name>copysign</name>
         <value>0x10866620</value>
         <object_component_ref idref="oc-4c9"/>
      </symbol>
      <symbol id="sm-d69">
         <name>copysignl</name>
         <value>0x10866620</value>
         <object_component_ref idref="oc-4c9"/>
      </symbol>
      <symbol id="sm-d78">
         <name>__TI_doflush</name>
         <value>0x10865540</value>
         <object_component_ref idref="oc-403"/>
      </symbol>
      <symbol id="sm-d86">
         <name>__TI_cleanup</name>
         <value>0x10865a60</value>
         <object_component_ref idref="oc-4f0"/>
      </symbol>
      <symbol id="sm-d9e">
         <name>fseek</name>
         <value>0x10864a20</value>
         <object_component_ref idref="oc-47d"/>
      </symbol>
      <symbol id="sm-dad">
         <name>lseek</name>
         <value>0x10866180</value>
         <object_component_ref idref="oc-4e8"/>
      </symbol>
      <symbol id="sm-dbe">
         <name>HOSTclose</name>
         <value>0x108659c0</value>
         <object_component_ref idref="oc-558"/>
      </symbol>
      <symbol id="sm-dce">
         <name>HOSTlseek</name>
         <value>0x10864b20</value>
         <object_component_ref idref="oc-56a"/>
      </symbol>
      <symbol id="sm-de2">
         <name>parmbuf</name>
         <value>0x108727b8</value>
      </symbol>
      <symbol id="sm-de3">
         <name>HOSTopen</name>
         <value>0x10864c00</value>
         <object_component_ref idref="oc-552"/>
      </symbol>
      <symbol id="sm-df3">
         <name>HOSTread</name>
         <value>0x10865300</value>
         <object_component_ref idref="oc-55e"/>
      </symbol>
      <symbol id="sm-e11">
         <name>HOSTrename</name>
         <value>0x10863f00</value>
         <object_component_ref idref="oc-576"/>
      </symbol>
      <symbol id="sm-e24">
         <name>HOSTunlink</name>
         <value>0x108653c0</value>
         <object_component_ref idref="oc-570"/>
      </symbol>
      <symbol id="sm-e34">
         <name>HOSTwrite</name>
         <value>0x10864ce0</value>
         <object_component_ref idref="oc-564"/>
      </symbol>
      <symbol id="sm-e5a">
         <name>__TI_readmsg</name>
         <value>0x10865d80</value>
         <object_component_ref idref="oc-5ab"/>
      </symbol>
      <symbol id="sm-e5b">
         <name>C$$IO$$</name>
         <value>0x108660b8</value>
         <object_component_ref idref="oc-5a5"/>
      </symbol>
      <symbol id="sm-e5c">
         <name>__CIOBUF_</name>
         <value>0x108727c0</value>
         <object_component_ref idref="oc-5cc"/>
      </symbol>
      <symbol id="sm-e5d">
         <name>__TI_writemsg</name>
         <value>0x10866060</value>
         <object_component_ref idref="oc-5a5"/>
      </symbol>
      <symbol id="sm-e76">
         <name>__TI_closefile</name>
         <value>0x10864620</value>
         <object_component_ref idref="oc-549"/>
      </symbol>
      <symbol id="sm-ea0">
         <name>finddevice</name>
         <value>0x10865c40</value>
         <object_component_ref idref="oc-5e0"/>
      </symbol>
      <symbol id="sm-ea1">
         <name>getdevice</name>
         <value>0x10864500</value>
         <object_component_ref idref="oc-5c0"/>
      </symbol>
      <symbol id="sm-eb3">
         <name>close</name>
         <value>0x10864ea0</value>
         <object_component_ref idref="oc-593"/>
      </symbol>
      <symbol id="sm-ec4">
         <name>unlink</name>
         <value>0x10865f80</value>
         <object_component_ref idref="oc-599"/>
      </symbol>
      <symbol id="sm-ec5">
         <name>__TI_STATIC_BASE</name>
         <value>0x10872934</value>
      </symbol>
      <symbol id="sm-ec7">
         <name>__TI_TLS_INIT_Base</name>
         <value>0x0</value>
      </symbol>
      <symbol id="sm-ec8">
         <name>__TI_TLS_INIT_Limit</name>
         <value>0x0</value>
      </symbol>
      <symbol id="sm-ec9">
         <name>remove</name>
         <value>0x10865f80</value>
      </symbol>
   </symbol_table>
   <title>Link successful</title>
</link_info>
