******************************************************************************
               TMS320C6x Linker PC v8.3.3                      
******************************************************************************
>> Linked Thu Apr 11 17:28:23 2019

OUTPUT FILE NAME:   <bios-yaffs2.out>
ENTRY POINT SYMBOL: "_c_int00"  address: 80036140


MEMORY CONFIGURATION

         name            origin    length      used     unused   attr    fill
----------------------  --------  ---------  --------  --------  ----  --------
  L2SRAM                00800000   00100000  0008cd64  0007329c  RW X
  MSMCSRAM              0c000000   00600000  00000000  00600000  RW X
  DDR                   80000000   80000000  0003b840  7ffc47c0  RW X


SEGMENT ALLOCATION MAP

run origin  load origin   length   init length attrs members
----------  ----------- ---------- ----------- ----- -------
00800000    00800000    000840ac   00000000    rw-
  00800000    00800000    000840ac   00000000    rw- .far
008840b0    008840b0    00005648   00005648    r--
  008840b0    008840b0    00005648   00005648    r-- .const
008896f8    008896f8    00002bfc   00000000    rw-
  008896f8    008896f8    00002000   00000000    rw- .stack
  0088b6f8    0088b6f8    00000bfc   00000000    rw- .fardata
0088c2f4    0088c2f4    00000160   00000160    r--
  0088c2f4    0088c2f4    00000160   00000160    r-- .switch
0088c458    0088c458    0000016c   00000000    rw-
  0088c458    0088c458    00000120   00000000    rw- .cio
  0088c578    0088c578    00000024   00000000    rw- .bss
  0088c59c    0088c59c    00000028   00000000    rw- .neardata
0088c5c8    0088c5c8    000007a8   000007a8    r--
  0088c5c8    0088c5c8    000007a8   000007a8    r-- .cinit
80000000    80000000    00039ca0   00039ca0    r-x
  80000000    80000000    00039ca0   00039ca0    r-x .text
80039ca0    80039ca0    000019a0   00000000    rw-
  80039ca0    80039ca0    000019a0   00000000    rw- platform_lib
8003b800    8003b800    00000200   00000200    r-x
  8003b800    8003b800    00000200   00000200    r-x .vecs


SECTION ALLOCATION MAP

 output                                  attributes/
section   page    origin      length       input sections
--------  ----  ----------  ----------   ----------------
.stack     0    008896f8    00002000     UNINITIALIZED
                  008896f8    00000008     boot.ae66 : boot.oe66 (.stack)
                  00889700    00001ff8     --HOLE--

.bss       0    0088c578    00000024     UNINITIALIZED
                  0088c578    00000008     yaffs_tagscompat.obj (.bss)
                  0088c580    00000008     yaffsfs.obj (.bss)
                  0088c588    00000004     ti.platform.evmk2h.ae66 : evmc66x_spi.obj (.bss)
                  0088c58c    00000004     yaffs_osglue.obj (.bss)
                  0088c590    00000004     yaffs_verify.obj (.bss)
                  0088c594    00000004     (.common:device_info)
                  0088c598    00000004     (.common:yaffs_wr_attempts)

.neardata 
*          0    0088c59c    00000028     UNINITIALIZED
                  0088c59c    00000016     sysbios.ae66 : BIOS.obj (.neardata)
                  0088c5b2    00000002     --HOLE--
                  0088c5b4    00000008     ti.platform.evmk2h.ae66 : platform.obj (.neardata)
                  0088c5bc    00000008     yaffscfg2k.obj (.neardata)

.rodata    0    0088c5c4    00000000     UNINITIALIZED

.cinit     0    0088c5c8    000007a8     
                  0088c5c8    000006a9     (.cinit..fardata.load) [load image, compression = rle]
                  0088cc71    0000009f     (.cinit.platform_lib.load) [load image, compression = rle]
                  0088cd10    00000014     (.cinit..neardata.load) [load image, compression = rle]
                  0088cd24    0000000d     (.cinit..far.load) [load image, compression = rle]
                  0088cd31    00000009     (.cinit..bss.load) [load image, compression = rle]
                  0088cd3a    00000002     --HOLE-- [fill = 0]
                  0088cd3c    00000008     (__TI_handler_table)
                  0088cd44    00000004     --HOLE-- [fill = 0]
                  0088cd48    00000028     (__TI_cinit_table)

.init_array 
*          0    00800000    00000000     UNINITIALIZED

platform_lib 
*          0    80039ca0    000019a0     UNINITIALIZED
                  80039ca0    00001058     ti.platform.evmk2h.ae66 : platform.obj (platform_lib:uninit)
                  8003acf8    00000840                             : evm66x_nand.obj (platform_lib)
                  8003b538    00000108                             : platform.obj (platform_lib:init)

.vecs      0    8003b800    00000200     
                  8003b800    00000200     app_pe66.oe66 (.vecs)

xdc.meta   0    00800000    000000e0     COPY SECTION
                  00800000    000000e0     app_pe66.oe66 (xdc.meta)

.far       0    00800000    000840ac     UNINITIALIZED
                  00800000    00080000     (.common:ti_sysbios_heaps_HeapMem_Instance_State_0_buf__A)
                  00880000    00002b20     yaffsfs.obj (.far:yaffsfs_dsc)
                  00882b20    00000800     app_pe66.oe66 (.far:taskStackSection)
                  00883320    00000320     yaffsfs.obj (.far:yaffsfs_fd)
                  00883640    00000320     yaffsfs.obj (.far:yaffsfs_inode)
                  00883960    00000200     (.common:xdc_runtime_LoggerBuf_Instance_State_0_entryArr__A)
                  00883b60    00000200     (.common:xdc_runtime_SysMin_Module_State_0_outbuf__A)
                  00883d60    00000190     yaffsfs.obj (.far:yaffsfs_handle)
                  00883ef0    00000140     (.common:__TI_tmpnams)
                  00884030    00000044     (.common:gI2cBlock)
                  00884074    00000010     yaffs_tagscompat.obj (.far:spare_ff$1)
                  00884084    00000010     yaffs_tagscompat.obj (.far:spare_ff$3)
                  00884094    00000004     --HOLE--
                  00884098    00000008     (.common:parmbuf)
                  008840a0    00000008     yaffsfs.obj (.far:search_contexts)
                  008840a8    00000004     (.common:ti_sysbios_knl_Task_Instance_State_0_hookEnv__A)

.const     0    008840b0    00005648     
                  008840b0    000019ea     app_pe66.oe66 (.const:xdc_runtime_Text_charTab__A)
                  00885a9a    00000002     app_pe66.oe66 (.const:ti_sysbios_family_c64p_Exception_Module__id__C)
                  00885a9c    00000c54     yaffs_guts.obj (.const:.string)
                  008866f0    000007a8     yaffs_yaffs2.obj (.const:.string)
                  00886e98    00000678     yaffs_verify.obj (.const:.string)
                  00887510    000005e8     sysbios.ae66 : BIOS.obj (.const:.string)
                  00887af8    00000400     app_pe66.oe66 (.const:ti_sysbios_family_c66_Cache_marvalues__C)
                  00887ef8    000002a4     yaffs_checkptrw.obj (.const:.string)
                  0088819c    000001b0     yaffs_yaffs1.obj (.const:.string)
                  0088834c    00000158     yaffs_tagscompat.obj (.const:.string)
                  008884a4    00000104     yaffs_tagsmarshall.obj (.const:.string)
                  008885a8    00000101     rts6600_elf.lib : ctype.c.obj (.const:.string:_ctypes_)
                  008886a9    00000001     app_pe66.oe66 (.const:ti_sysbios_timers_timer64_Timer_localTimerBaseId__C)
                  008886aa    00000002     app_pe66.oe66 (.const:ti_sysbios_family_c64p_Exception_useInternalBuffer__C)
                  008886ac    00000004     ti.targets.rts6000.ae66 : Assert.oe66 (.const:.string)
                  008886b0    00000100     yaffs_ecc.obj (.const:.string:column_parity_table)
                  008887b0    00000100     yaffs_hweight.obj (.const:.string:yaffs_count_bits_table)
                  008888b0    000000e4     main.obj (.const:.string)
                  00888994    00000004     ti.platform.evmk2h.ae66 : evmc66x.obj (.const)
                  00888998    000000e4     app_pe66.oe66 (.const:xdc_runtime_Text_nodeTab__A)
                  00888a7c    000000b4     yaffs_allocator.obj (.const:.string)
                  00888b30    000000b0     yaffs_nand.obj (.const:.string)
                  00888be0    00000090     yaffs_packedtags2.obj (.const:.string)
                  00888c70    00000078     ti.platform.evmk2h.ae66 : platform.obj (.const)
                  00888ce8    00000074     app_pe66.oe66 (.const:.string)
                  00888d5c    00000064     yaffs_bitmap.obj (.const:.string)
                  00888dc0    0000005c     yaffs_osglue.obj (.const:.string)
                  00888e1c    00000058     ti.platform.evmk2h.ae66 : platform.obj (.const:.string)
                  00888e74    00000058     ti.targets.rts6000.ae66 : Error.oe66 (.const:.string)
                  00888ecc    00000058     yaffs_summary.obj (.const:.string)
                  00888f24    00000044     app_pe66.oe66 (.const:ti_sysbios_knl_Task_Object__PARAMS__C)
                  00888f68    00000040     ti.targets.rts6000.ae66 : Text.oe66 (.const:.string)
                  00888fa8    0000003c     app_pe66.oe66 (.const:xdc_runtime_LoggerBuf_Module__FXNS__C)
                  00888fe4    00000004     ti.platform.evmk2h.ae66 : evmc66x_i2c_eeprom.obj (.const)
                  00888fe8    00000038     app_pe66.oe66 (.const:xdc_runtime_Startup_sfxnTab__A)
                  00889020    0000002c     ti.targets.rts6000.ae66 : Startup.oe66 (.const:.string)
                  0088904c    00000004     ti.platform.evmk2h.ae66 : evmc66x_uart.obj (.const)
                  00889050    00000028                             : evm66x_nand.obj (.const:.string:linux_eccLoc)
                  00889078    00000028                             : evm66x_nand.obj (.const:.string:rbl_eccLoc)
                  008890a0    00000028     yaffs_nand_drv.obj (.const:.string)
                  008890c8    00000028     yaffsfs.obj (.const:.string)
                  008890f0    00000028     yaffs_verify.obj (.const:block_state_name)
                  00889118    00000028     app_pe66.oe66 (.const:ti_sysbios_heaps_HeapMem_Module__FXNS__C)
                  00889140    00000028     app_pe66.oe66 (.const:xdc_runtime_LoggerBuf_Object__PARAMS__C)
                  00889168    00000024     rts6600_elf.lib : _printfi.c.obj (.const:.string)
                  0088918c    00000024     app_pe66.oe66 (.const:ti_sysbios_gates_GateHwi_Module__FXNS__C)
                  008891b0    00000024     app_pe66.oe66 (.const:ti_sysbios_gates_GateMutex_Module__FXNS__C)
                  008891d4    00000024     app_pe66.oe66 (.const:ti_sysbios_heaps_HeapMem_Object__PARAMS__C)
                  008891f8    00000024     app_pe66.oe66 (.const:ti_sysbios_knl_Semaphore_Object__PARAMS__C)
                  0088921c    00000004     app_pe66.oe66 (.const:ti_sysbios_family_c62_TaskSupport_stackAlignment__C)
                  00889220    00000020     ti.platform.evmk2h.ae66 : platform.obj (.const:$P$T0$1)
                  00889240    00000020                             : evmc66x_phy.obj (.const:.string)
                  00889260    00000020     app_pe66.oe66 (.const:ti_sysbios_gates_GateHwi_Object__DESC__C)
                  00889280    00000020     app_pe66.oe66 (.const:ti_sysbios_gates_GateMutex_Object__DESC__C)
                  008892a0    00000020     app_pe66.oe66 (.const:ti_sysbios_heaps_HeapMem_Object__DESC__C)
                  008892c0    00000020     app_pe66.oe66 (.const:ti_sysbios_knl_Queue_Object__DESC__C)
                  008892e0    00000020     app_pe66.oe66 (.const:ti_sysbios_knl_Semaphore_Object__DESC__C)
                  00889300    00000020     app_pe66.oe66 (.const:ti_sysbios_knl_Task_Object__DESC__C)
                  00889320    00000020     app_pe66.oe66 (.const:xdc_runtime_LoggerBuf_Object__DESC__C)
                  00889340    0000001c     yaffs_endian.obj (.const:.string)
                  0088935c    00000004     app_pe66.oe66 (.const:ti_sysbios_family_c64p_Exception_E_exceptionMax__C)
                  00889360    0000001c     app_pe66.oe66 (.const:xdc_runtime_Startup_sfxnRts__A)
                  0088937c    00000018     ti.targets.rts6000.ae66 : System.oe66 (.const:.string)
                  00889394    00000018     app_pe66.oe66 (.const:ti_sysbios_gates_GateHwi_Object__PARAMS__C)
                  008893ac    00000018     app_pe66.oe66 (.const:ti_sysbios_gates_GateMutex_Object__PARAMS__C)
                  008893c4    00000018     app_pe66.oe66 (.const:ti_sysbios_knl_Queue_Object__PARAMS__C)
                  008893dc    00000004     app_pe66.oe66 (.const:ti_sysbios_family_c64p_Exception_exceptionHook__C)
                  008893e0    00000018     app_pe66.oe66 (.const:ti_sysbios_knl_Task_hooks__A)
                  008893f8    00000014     ti.platform.evmk2h.ae66 : evmc66x_nor.obj (.const)
                  0088940c    00000014                             : evmc66x_phy.obj (.const)
                  00889420    00000008     yaffscfg2k.obj (.const:.string)
                  00889428    00000008     ti.platform.evmk2h.ae66 : evm66x_nand.obj (.const)
                  00889430    00000008                             : evmc66x_spi.obj (.const)
                  00889438    00000008     app_pe66.oe66 (.const:ti_sysbios_knl_Idle_funcList__A)
                  00889440    00000008     app_pe66.oe66 (.const:ti_sysbios_knl_Idle_funcList__C)
                  00889448    00000008     app_pe66.oe66 (.const:ti_sysbios_knl_Task_hooks__C)
                  00889450    00000008     app_pe66.oe66 (.const:xdc_runtime_Startup_firstFxns__A)
                  00889458    00000008     app_pe66.oe66 (.const:xdc_runtime_Startup_firstFxns__C)
                  00889460    00000008     app_pe66.oe66 (.const:xdc_runtime_Startup_lastFxns__C)
                  00889468    00000006     main.obj (.const:.string:$P$T0$1)
                  0088946e    00000002     app_pe66.oe66 (.const:ti_sysbios_family_c64p_Hwi_Module__id__C)
                  00889470    00000004     app_pe66.oe66 (.const:ti_sysbios_family_c64p_Exception_externalHook__C)
                  00889474    00000004     app_pe66.oe66 (.const:ti_sysbios_family_c64p_Exception_internalHook__C)
                  00889478    00000004     app_pe66.oe66 (.const:ti_sysbios_family_c64p_Exception_nmiHook__C)
                  0088947c    00000004     app_pe66.oe66 (.const:ti_sysbios_family_c64p_Hwi_INTRMUX1Address__C)
                  00889480    00000004     app_pe66.oe66 (.const:ti_sysbios_family_c64p_Hwi_LD_end__C)
                  00889484    00000004     app_pe66.oe66 (.const:ti_sysbios_family_c64p_Hwi_LM_begin__C)
                  00889488    00000004     app_pe66.oe66 (.const:ti_sysbios_family_c64p_Hwi_Module__diagsEnabled__C)
                  0088948c    00000004     app_pe66.oe66 (.const:ti_sysbios_family_c64p_Hwi_Module__diagsIncluded__C)
                  00889490    00000004     app_pe66.oe66 (.const:ti_sysbios_family_c64p_Hwi_Module__diagsMask__C)
                  00889494    00000004     app_pe66.oe66 (.const:ti_sysbios_family_c64p_Hwi_Module__loggerFxn1__C)
                  00889498    00000004     app_pe66.oe66 (.const:ti_sysbios_family_c64p_Hwi_Module__loggerFxn8__C)
                  0088949c    00000004     app_pe66.oe66 (.const:ti_sysbios_family_c64p_Hwi_Module__loggerObj__C)
                  008894a0    00000004     app_pe66.oe66 (.const:ti_sysbios_family_c66_Cache_E_invalidL1CacheSize__C)
                  008894a4    00000004     app_pe66.oe66 (.const:ti_sysbios_family_c66_Cache_E_invalidL2CacheSize__C)
                  008894a8    00000004     app_pe66.oe66 (.const:ti_sysbios_family_c66_Cache_atomicBlockSize__C)
                  008894ac    00000004     app_pe66.oe66 (.const:ti_sysbios_gates_GateMutex_A_badContext__C)
                  008894b0    00000004     app_pe66.oe66 (.const:ti_sysbios_gates_GateMutex_Instance_State_sem__O)
                  008894b4    00000004     app_pe66.oe66 (.const:ti_sysbios_gates_GateMutex_Module__diagsEnabled__C)
                  008894b8    00000004     app_pe66.oe66 (.const:ti_sysbios_gates_GateMutex_Module__diagsIncluded__C)
                  008894bc    00000004     app_pe66.oe66 (.const:ti_sysbios_gates_GateMutex_Module__diagsMask__C)
                  008894c0    00000004     app_pe66.oe66 (.const:ti_sysbios_hal_Hwi_E_stackOverflow__C)
                  008894c4    00000004     app_pe66.oe66 (.const:ti_sysbios_hal_SecondsClock_Module_State_clock__O)
                  008894c8    00000004     app_pe66.oe66 (.const:ti_sysbios_heaps_HeapMem_A_align__C)
                  008894cc    00000004     app_pe66.oe66 (.const:ti_sysbios_heaps_HeapMem_A_heapSize__C)
                  008894d0    00000004     app_pe66.oe66 (.const:ti_sysbios_heaps_HeapMem_A_invalidFree__C)
                  008894d4    00000004     app_pe66.oe66 (.const:ti_sysbios_heaps_HeapMem_A_zeroBlock__C)
                  008894d8    00000004     app_pe66.oe66 (.const:ti_sysbios_heaps_HeapMem_E_memory__C)
                  008894dc    00000004     app_pe66.oe66 (.const:ti_sysbios_heaps_HeapMem_Module__diagsEnabled__C)
                  008894e0    00000004     app_pe66.oe66 (.const:ti_sysbios_heaps_HeapMem_Module__diagsIncluded__C)
                  008894e4    00000004     app_pe66.oe66 (.const:ti_sysbios_heaps_HeapMem_Module__diagsMask__C)
                  008894e8    00000004     app_pe66.oe66 (.const:ti_sysbios_heaps_HeapMem_Module__gateObj__C)
                  008894ec    00000004     app_pe66.oe66 (.const:ti_sysbios_heaps_HeapMem_Object__count__C)
                  008894f0    00000004     app_pe66.oe66 (.const:ti_sysbios_heaps_HeapMem_reqAlign__C)
                  008894f4    00000004     app_pe66.oe66 (.const:ti_sysbios_knl_Clock_LM_begin__C)
                  008894f8    00000004     app_pe66.oe66 (.const:ti_sysbios_knl_Clock_LM_tick__C)
                  008894fc    00000004     app_pe66.oe66 (.const:ti_sysbios_knl_Clock_LW_delayed__C)
                  00889500    00000004     app_pe66.oe66 (.const:ti_sysbios_knl_Clock_Module_State_clockQ__O)
                  00889504    00000004     app_pe66.oe66 (.const:ti_sysbios_knl_Clock_Module__diagsEnabled__C)
                  00889508    00000004     app_pe66.oe66 (.const:ti_sysbios_knl_Clock_Module__diagsIncluded__C)
                  0088950c    00000004     app_pe66.oe66 (.const:ti_sysbios_knl_Clock_Module__diagsMask__C)
                  00889510    00000004     app_pe66.oe66 (.const:ti_sysbios_knl_Clock_Module__loggerFxn1__C)
                  00889514    00000004     app_pe66.oe66 (.const:ti_sysbios_knl_Clock_Module__loggerFxn2__C)
                  00889518    00000004     app_pe66.oe66 (.const:ti_sysbios_knl_Clock_Module__loggerObj__C)
                  0088951c    00000004     app_pe66.oe66 (.const:ti_sysbios_knl_Clock_tickPeriod__C)
                  00889520    00000004     app_pe66.oe66 (.const:ti_sysbios_knl_Mailbox_Instance_State_freeQue__O)
                  00889524    00000004     app_pe66.oe66 (.const:ti_sysbios_knl_Mailbox_Object__count__C)
                  00889528    00000004     app_pe66.oe66 (.const:ti_sysbios_knl_Mailbox_maxTypeAlign__C)
                  0088952c    00000004     app_pe66.oe66 (.const:ti_sysbios_knl_Semaphore_A_badContext__C)
                  00889530    00000004     app_pe66.oe66 (.const:ti_sysbios_knl_Semaphore_A_noEvents__C)
                  00889534    00000004     app_pe66.oe66 (.const:ti_sysbios_knl_Semaphore_A_overflow__C)
                  00889538    00000004     app_pe66.oe66 (.const:ti_sysbios_knl_Semaphore_A_pendTaskDisabled__C)
                  0088953c    00000004     app_pe66.oe66 (.const:ti_sysbios_knl_Semaphore_Instance_State_pendQ__O)
                  00889540    00000004     app_pe66.oe66 (.const:ti_sysbios_knl_Semaphore_LM_pend__C)
                  00889544    00000004     app_pe66.oe66 (.const:ti_sysbios_knl_Semaphore_LM_post__C)
                  00889548    00000004     app_pe66.oe66 (.const:ti_sysbios_knl_Semaphore_Module__diagsEnabled__C)
                  0088954c    00000004     app_pe66.oe66 (.const:ti_sysbios_knl_Semaphore_Module__diagsIncluded__C)
                  00889550    00000004     app_pe66.oe66 (.const:ti_sysbios_knl_Semaphore_Module__diagsMask__C)
                  00889554    00000004     app_pe66.oe66 (.const:ti_sysbios_knl_Semaphore_Module__loggerFxn2__C)
                  00889558    00000004     app_pe66.oe66 (.const:ti_sysbios_knl_Semaphore_Module__loggerFxn4__C)
                  0088955c    00000004     app_pe66.oe66 (.const:ti_sysbios_knl_Semaphore_Module__loggerObj__C)
                  00889560    00000004     app_pe66.oe66 (.const:ti_sysbios_knl_Swi_LD_end__C)
                  00889564    00000004     app_pe66.oe66 (.const:ti_sysbios_knl_Swi_LM_begin__C)
                  00889568    00000004     app_pe66.oe66 (.const:ti_sysbios_knl_Swi_LM_post__C)
                  0088956c    00000004     app_pe66.oe66 (.const:ti_sysbios_knl_Swi_Module__diagsEnabled__C)
                  00889570    00000004     app_pe66.oe66 (.const:ti_sysbios_knl_Swi_Module__diagsIncluded__C)
                  00889574    00000004     app_pe66.oe66 (.const:ti_sysbios_knl_Swi_Module__diagsMask__C)
                  00889578    00000004     app_pe66.oe66 (.const:ti_sysbios_knl_Swi_Module__loggerFxn1__C)
                  0088957c    00000004     app_pe66.oe66 (.const:ti_sysbios_knl_Swi_Module__loggerFxn4__C)
                  00889580    00000004     app_pe66.oe66 (.const:ti_sysbios_knl_Swi_Module__loggerObj__C)
                  00889584    00000004     app_pe66.oe66 (.const:ti_sysbios_knl_Swi_Object__count__C)
                  00889588    00000004     app_pe66.oe66 (.const:ti_sysbios_knl_Task_A_badPriority__C)
                  0088958c    00000004     app_pe66.oe66 (.const:ti_sysbios_knl_Task_A_badTaskState__C)
                  00889590    00000004     app_pe66.oe66 (.const:ti_sysbios_knl_Task_A_badThreadType__C)
                  00889594    00000004     app_pe66.oe66 (.const:ti_sysbios_knl_Task_A_badTimeout__C)
                  00889598    00000004     app_pe66.oe66 (.const:ti_sysbios_knl_Task_A_noPendElem__C)
                  0088959c    00000004     app_pe66.oe66 (.const:ti_sysbios_knl_Task_A_sleepTaskDisabled__C)
                  008895a0    00000004     app_pe66.oe66 (.const:ti_sysbios_knl_Task_E_spOutOfBounds__C)
                  008895a4    00000004     app_pe66.oe66 (.const:ti_sysbios_knl_Task_E_stackOverflow__C)
                  008895a8    00000004     app_pe66.oe66 (.const:ti_sysbios_knl_Task_LD_block__C)
                  008895ac    00000004     app_pe66.oe66 (.const:ti_sysbios_knl_Task_LD_exit__C)
                  008895b0    00000004     app_pe66.oe66 (.const:ti_sysbios_knl_Task_LD_ready__C)
                  008895b4    00000004     app_pe66.oe66 (.const:ti_sysbios_knl_Task_LM_sleep__C)
                  008895b8    00000004     app_pe66.oe66 (.const:ti_sysbios_knl_Task_LM_switch__C)
                  008895bc    00000004     app_pe66.oe66 (.const:ti_sysbios_knl_Task_Module_State_inactiveQ__O)
                  008895c0    00000004     app_pe66.oe66 (.const:ti_sysbios_knl_Task_Module__diagsEnabled__C)
                  008895c4    00000004     app_pe66.oe66 (.const:ti_sysbios_knl_Task_Module__diagsIncluded__C)
                  008895c8    00000004     app_pe66.oe66 (.const:ti_sysbios_knl_Task_Module__diagsMask__C)
                  008895cc    00000004     app_pe66.oe66 (.const:ti_sysbios_knl_Task_Module__loggerFxn2__C)
                  008895d0    00000004     app_pe66.oe66 (.const:ti_sysbios_knl_Task_Module__loggerFxn4__C)
                  008895d4    00000004     app_pe66.oe66 (.const:ti_sysbios_knl_Task_Module__loggerObj__C)
                  008895d8    00000004     app_pe66.oe66 (.const:ti_sysbios_knl_Task_Object__count__C)
                  008895dc    00000004     app_pe66.oe66 (.const:ti_sysbios_knl_Task_Object__heap__C)
                  008895e0    00000004     app_pe66.oe66 (.const:ti_sysbios_knl_Task_allBlockedFunc__C)
                  008895e4    00000004     app_pe66.oe66 (.const:ti_sysbios_knl_Task_defaultStackHeap__C)
                  008895e8    00000004     app_pe66.oe66 (.const:ti_sysbios_knl_Task_defaultStackSize__C)
                  008895ec    00000004     app_pe66.oe66 (.const:ti_sysbios_knl_Task_numConstructedTasks__C)
                  008895f0    00000004     app_pe66.oe66 (.const:ti_sysbios_timers_timer64_Timer_A_notAvailable__C)
                  008895f4    00000004     app_pe66.oe66 (.const:ti_sysbios_timers_timer64_Timer_E_cannotSupport__C)
                  008895f8    00000004     app_pe66.oe66 (.const:ti_sysbios_timers_timer64_Timer_Module__diagsEnabled__C)
                  008895fc    00000004     app_pe66.oe66 (.const:ti_sysbios_timers_timer64_Timer_Module__diagsIncluded__C)
                  00889600    00000004     app_pe66.oe66 (.const:ti_sysbios_timers_timer64_Timer_Module__diagsMask__C)
                  00889604    00000004     app_pe66.oe66 (.const:ti_sysbios_timers_timer64_Timer_anyMaskHigh__C)
                  00889608    00000004     app_pe66.oe66 (.const:ti_sysbios_timers_timer64_Timer_anyMask__C)
                  0088960c    00000004     app_pe66.oe66 (.const:ti_sysbios_timers_timer64_Timer_freqDivisor__C)
                  00889610    00000004     app_pe66.oe66 (.const:ti_sysbios_timers_timer64_Timer_numLocalTimers__C)
                  00889614    00000004     app_pe66.oe66 (.const:ti_sysbios_timers_timer64_Timer_numTimerDevices__C)
                  00889618    00000004     app_pe66.oe66 (.const:xdc_runtime_Assert_E_assertFailed__C)
                  0088961c    00000004     app_pe66.oe66 (.const:xdc_runtime_Core_A_initializedParams__C)
                  00889620    00000004     app_pe66.oe66 (.const:xdc_runtime_Core_Module__diagsEnabled__C)
                  00889624    00000004     app_pe66.oe66 (.const:xdc_runtime_Core_Module__diagsIncluded__C)
                  00889628    00000004     app_pe66.oe66 (.const:xdc_runtime_Core_Module__diagsMask__C)
                  0088962c    00000004     app_pe66.oe66 (.const:xdc_runtime_Error_E_memory__C)
                  00889630    00000004     app_pe66.oe66 (.const:xdc_runtime_Error_Module__diagsEnabled__C)
                  00889634    00000004     app_pe66.oe66 (.const:xdc_runtime_Error_Module__diagsIncluded__C)
                  00889638    00000004     app_pe66.oe66 (.const:xdc_runtime_Error_Module__diagsMask__C)
                  0088963c    00000004     app_pe66.oe66 (.const:xdc_runtime_Error_Module__loggerFxn8__C)
                  00889640    00000004     app_pe66.oe66 (.const:xdc_runtime_Error_Module__loggerObj__C)
                  00889644    00000004     app_pe66.oe66 (.const:xdc_runtime_Error_policyFxn__C)
                  00889648    00000004     app_pe66.oe66 (.const:xdc_runtime_Error_policy__C)
                  0088964c    00000004     app_pe66.oe66 (.const:xdc_runtime_Error_raiseHook__C)
                  00889650    00000004     app_pe66.oe66 (.const:xdc_runtime_IFilterLogger_Interface__BASE__C)
                  00889654    00000004     app_pe66.oe66 (.const:xdc_runtime_IGateProvider_Interface__BASE__C)
                  00889658    00000004     app_pe66.oe66 (.const:xdc_runtime_IHeap_Interface__BASE__C)
                  0088965c    00000004     app_pe66.oe66 (.const:xdc_runtime_ILogger_Interface__BASE__C)
                  00889660    00000004     app_pe66.oe66 (.const:xdc_runtime_IModule_Interface__BASE__C)
                  00889664    00000004     app_pe66.oe66 (.const:xdc_runtime_Log_L_error__C)
                  00889668    00000004     app_pe66.oe66 (.const:xdc_runtime_LoggerBuf_E_badLevel__C)
                  0088966c    00000004     app_pe66.oe66 (.const:xdc_runtime_LoggerBuf_Module__gateObj__C)
                  00889670    00000004     app_pe66.oe66 (.const:xdc_runtime_LoggerBuf_Object__count__C)
                  00889674    00000004     app_pe66.oe66 (.const:xdc_runtime_LoggerBuf_statusLogger__C)
                  00889678    00000004     app_pe66.oe66 (.const:xdc_runtime_Memory_defaultHeapInstance__C)
                  0088967c    00000004     app_pe66.oe66 (.const:xdc_runtime_Startup_execImpl__C)
                  00889680    00000004     app_pe66.oe66 (.const:xdc_runtime_Startup_maxPasses__C)
                  00889684    00000004     app_pe66.oe66 (.const:xdc_runtime_Startup_sfxnRts__C)
                  00889688    00000004     app_pe66.oe66 (.const:xdc_runtime_Startup_sfxnTab__C)
                  0088968c    00000004     app_pe66.oe66 (.const:xdc_runtime_SysMin_bufSize__C)
                  00889690    00000004     app_pe66.oe66 (.const:xdc_runtime_SysMin_outputFunc__C)
                  00889694    00000004     app_pe66.oe66 (.const:xdc_runtime_System_Module__gateObj__C)
                  00889698    00000004     app_pe66.oe66 (.const:xdc_runtime_System_abortFxn__C)
                  0088969c    00000004     app_pe66.oe66 (.const:xdc_runtime_System_exitFxn__C)
                  008896a0    00000004     app_pe66.oe66 (.const:xdc_runtime_System_extendFxn__C)
                  008896a4    00000004     app_pe66.oe66 (.const:xdc_runtime_System_maxAtexitHandlers__C)
                  008896a8    00000004     app_pe66.oe66 (.const:xdc_runtime_Text_charTab__C)
                  008896ac    00000004     app_pe66.oe66 (.const:xdc_runtime_Text_nameEmpty__C)
                  008896b0    00000004     app_pe66.oe66 (.const:xdc_runtime_Text_nameStatic__C)
                  008896b4    00000004     app_pe66.oe66 (.const:xdc_runtime_Text_nameUnknown__C)
                  008896b8    00000004     app_pe66.oe66 (.const:xdc_runtime_Text_nodeTab__C)
                  008896bc    00000004     app_pe66.oe66 (.const:xdc_runtime_Text_visitRopeFxn__C)
                  008896c0    00000002     app_pe66.oe66 (.const:ti_sysbios_family_c64p_Hwi_Module__loggerDefined__C)
                  008896c2    00000002     app_pe66.oe66 (.const:ti_sysbios_family_c66_Cache_Module__id__C)
                  008896c4    00000002     app_pe66.oe66 (.const:ti_sysbios_family_c66_Cache_registerRTSSynch__C)
                  008896c6    00000002     app_pe66.oe66 (.const:ti_sysbios_gates_GateMutex_Module__id__C)
                  008896c8    00000002     app_pe66.oe66 (.const:ti_sysbios_hal_Hwi_Module__id__C)
                  008896ca    00000002     app_pe66.oe66 (.const:ti_sysbios_heaps_HeapMem_Module__id__C)
                  008896cc    00000002     app_pe66.oe66 (.const:ti_sysbios_knl_Clock_Module__id__C)
                  008896ce    00000002     app_pe66.oe66 (.const:ti_sysbios_knl_Clock_Module__loggerDefined__C)
                  008896d0    00000002     app_pe66.oe66 (.const:ti_sysbios_knl_Semaphore_Module__id__C)
                  008896d2    00000002     app_pe66.oe66 (.const:ti_sysbios_knl_Semaphore_Module__loggerDefined__C)
                  008896d4    00000002     app_pe66.oe66 (.const:ti_sysbios_knl_Swi_Module__id__C)
                  008896d6    00000002     app_pe66.oe66 (.const:ti_sysbios_knl_Swi_Module__loggerDefined__C)
                  008896d8    00000002     app_pe66.oe66 (.const:ti_sysbios_knl_Task_Module__id__C)
                  008896da    00000002     app_pe66.oe66 (.const:ti_sysbios_knl_Task_Module__loggerDefined__C)
                  008896dc    00000002     app_pe66.oe66 (.const:ti_sysbios_timers_timer64_Timer_Module__id__C)
                  008896de    00000002     app_pe66.oe66 (.const:ti_sysbios_timers_timer64_Timer_startupNeeded__C)
                  008896e0    00000002     app_pe66.oe66 (.const:ti_sysbios_timers_timer64_Timer_useTimer64pRegMap__C)
                  008896e2    00000002     app_pe66.oe66 (.const:xdc_runtime_Core_Module__id__C)
                  008896e4    00000002     app_pe66.oe66 (.const:xdc_runtime_Error_Module__loggerDefined__C)
                  008896e6    00000002     app_pe66.oe66 (.const:xdc_runtime_Error_maxDepth__C)
                  008896e8    00000002     app_pe66.oe66 (.const:xdc_runtime_LoggerBuf_Module__id__C)
                  008896ea    00000002     app_pe66.oe66 (.const:xdc_runtime_LoggerBuf_filterByLevel__C)
                  008896ec    00000002     app_pe66.oe66 (.const:xdc_runtime_Memory_Module__id__C)
                  008896ee    00000002     app_pe66.oe66 (.const:xdc_runtime_SysMin_flushAtExit__C)
                  008896f0    00000002     app_pe66.oe66 (.const:xdc_runtime_Text_charCnt__C)
                  008896f2    00000002     app_pe66.oe66 (.const:xdc_runtime_Text_isLoaded__C)
                  008896f4    00000002     app_pe66.oe66 (.const:xdc_runtime_Text_registryModsLastId__C)
                  008896f6    00000002     app_pe66.oe66 (.const:xdc_runtime_Text_unnamedModsLastId__C)

.fardata   0    0088b6f8    00000bfc     UNINITIALIZED
                  0088b6f8    000001e0     rts6600_elf.lib : defs.c.obj (.fardata:_ftable)
                  0088b8d8    00000180     app_pe66.oe66 (.fardata:ti_sysbios_timers_timer64_Timer_Module_State_0_device__A)
                  0088ba58    000000a0     rts6600_elf.lib : write.c.obj (.fardata:_stream)
                  0088baf8    00000080     app_pe66.oe66 (.fardata:ti_sysbios_knl_Swi_Module_State_0_readyQ__A)
                  0088bb78    00000080     app_pe66.oe66 (.fardata:ti_sysbios_knl_Task_Module_State_0_readyQ__A)
                  0088bbf8    00000080     app_pe66.oe66 (.fardata:ti_sysbios_timers_timer64_Timer_Module_State_0_gctrl__A)
                  0088bc78    00000080     app_pe66.oe66 (.fardata:ti_sysbios_timers_timer64_Timer_Module_State_0_handles__A)
                  0088bcf8    00000080     app_pe66.oe66 (.fardata:ti_sysbios_timers_timer64_Timer_Module_State_0_intFreqs__A)
                  0088bd78    00000078     rts6600_elf.lib : write.c.obj (.fardata:_device)
                  0088bdf0    0000006c     app_pe66.oe66 (.fardata:ti_sysbios_family_c64p_Hwi_Module__state__V)
                  0088be5c    00000004     rts6600_elf.lib : _lock.c.obj (.fardata:_lock)
                  0088be60    00000060     app_pe66.oe66 (.fardata:ti_sysbios_gates_GateMutex_Object__table__V)
                  0088bec0    0000005c     ti.platform.evmk2h.ae66 : evmc66x.obj (.fardata:ddr3phy_1333_32)
                  0088bf1c    0000005c                             : evmc66x.obj (.fardata:ddr3phy_1600_64)
                  0088bf78    0000005c     app_pe66.oe66 (.fardata:ti_sysbios_knl_Task_Object__table__V)
                  0088bfd4    00000004     rts6600_elf.lib : _lock.c.obj (.fardata:_unlock)
                  0088bfd8    00000050     app_pe66.oe66 (.fardata:ti_sysbios_timers_timer64_Timer_Object__table__V)
                  0088c028    00000048     app_pe66.oe66 (.fardata:ti_sysbios_knl_Task_Module__state__V)
                  0088c070    0000003c     app_pe66.oe66 (.fardata:ti_sysbios_hal_SecondsClock_Module__state__V)
                  0088c0ac    00000030     app_pe66.oe66 (.fardata:ti_sysbios_family_c64p_Exception_Module__state__V)
                  0088c0dc    00000004     rts6600_elf.lib : defs.c.obj (.fardata)
                  0088c0e0    00000030     app_pe66.oe66 (.fardata:ti_sysbios_knl_Swi_Object__table__V)
                  0088c110    0000002c     app_pe66.oe66 (.fardata:ti_sysbios_knl_Clock_Module__state__V)
                  0088c13c    00000024     app_pe66.oe66 (.fardata:ti_sysbios_BIOS_Module__state__V)
                  0088c160    00000024     app_pe66.oe66 (.fardata:xdc_runtime_LoggerBuf_Object__table__V)
                  0088c184    00000020     app_pe66.oe66 (.fardata:xdc_runtime_Error_IgnoreBlock)
                  0088c1a4    0000001c     ti.platform.evmk2h.ae66 : evmc66x.obj (.fardata:ddr3_1333_32)
                  0088c1c0    0000001c                             : evmc66x.obj (.fardata:ddr3_1600_64)
                  0088c1dc    0000001c     app_pe66.oe66 (.fardata:ti_sysbios_knl_Swi_Module__state__V)
                  0088c1f8    00000018     app_pe66.oe66 (.fardata:ti_sysbios_family_c64p_Hwi_Object__table__V)
                  0088c210    00000018     app_pe66.oe66 (.fardata:ti_sysbios_heaps_HeapMem_Object__table__V)
                  0088c228    00000018     app_pe66.oe66 (.fardata:ti_sysbios_timers_timer64_Timer_Module__state__V)
                  0088c240    00000010     ti.csl.ae66 : csl_cpsgmii.oe66 (.fardata:cpsgmiiPortBaseAddr)
                  0088c250    00000010     app_pe66.oe66 (.fardata:xdc_runtime_System_Module_State_0_atexitHandlers__A)
                  0088c260    0000000c     rts6600_elf.lib : exit.c.obj (.fardata)
                  0088c26c    0000000c     app_pe66.oe66 (.fardata:xdc_runtime_SysMin_Module__state__V)
                  0088c278    00000008     app_pe66.oe66 (.fardata:ti_sysbios_gates_GateHwi_Module__root__V)
                  0088c280    00000008     app_pe66.oe66 (.fardata:ti_sysbios_gates_GateMutex_Module__root__V)
                  0088c288    00000008     app_pe66.oe66 (.fardata:ti_sysbios_hal_Hwi_Object__table__V)
                  0088c290    00000008     app_pe66.oe66 (.fardata:ti_sysbios_heaps_HeapMem_Module__root__V)
                  0088c298    00000008     app_pe66.oe66 (.fardata:ti_sysbios_knl_Queue_Module__root__V)
                  0088c2a0    00000008     app_pe66.oe66 (.fardata:ti_sysbios_knl_Semaphore_Module__root__V)
                  0088c2a8    00000008     app_pe66.oe66 (.fardata:ti_sysbios_knl_Task_Module__root__V)
                  0088c2b0    00000008     app_pe66.oe66 (.fardata:xdc_runtime_LoggerBuf_Module__root__V)
                  0088c2b8    00000008     app_pe66.oe66 (.fardata:xdc_runtime_Registry_Module__state__V)
                  0088c2c0    00000008     app_pe66.oe66 (.fardata:xdc_runtime_Startup_Module__state__V)
                  0088c2c8    00000008     app_pe66.oe66 (.fardata:xdc_runtime_System_Module__state__V)
                  0088c2d0    00000008     yaffsfs.obj (.fardata:yaffsfs_deviceList)
                  0088c2d8    00000006     app_pe66.oe66 (.fardata:xdc_runtime_LoggerBuf_Module__state__V)
                  0088c2de    00000002     app_pe66.oe66 (.fardata:xdc_runtime_Error_Module__state__V)
                  0088c2e0    00000004     rts6600_elf.lib : errno.c.obj (.fardata)
                  0088c2e4    00000004     app_pe66.oe66 (.fardata:ti_sysbios_rts_ti_ReentSupport_Module__state__V)
                  0088c2e8    00000004     app_pe66.oe66 (.fardata:ti_sysbios_gates_GateHwi_Object__table__V)
                  0088c2ec    00000004     app_pe66.oe66 (.fardata:xdc_runtime_Memory_Module__state__V)
                  0088c2f0    00000004     app_pe66.oe66 (.fardata:ti_sysbios_knl_Task_Module_State_0_idleTask__A)

.switch    0    0088c2f4    00000160     
                  0088c2f4    00000038     rts6600_elf.lib : _printfi.c.obj (.switch:__TI_printfi)
                  0088c32c    00000020     yaffs_guts.obj (.switch:yaffs_retype_obj)
                  0088c34c    0000001c     ti.platform.evmk2h.ae66 : platform.obj (.switch:platform_internal_memory_test)
                  0088c368    00000018     yaffs_yaffs1.obj (.switch:yaffs1_scan)
                  0088c380    00000018     yaffs_yaffs2.obj (.switch:yaffs2_scan_chunk)
                  0088c398    00000018     yaffs_guts.obj (.switch:yaffs_count_free_chunks)
                  0088c3b0    00000018     yaffs_guts.obj (.switch:yaffs_create_obj)
                  0088c3c8    00000018     yaffs_guts.obj (.switch:yaffs_del_obj)
                  0088c3e0    00000018     yaffs_guts.obj (.switch:yaffs_new_obj)
                  0088c3f8    00000018     yaffs_guts.obj (.switch:yaffs_unlink_worker)
                  0088c410    00000018     yaffs_guts.obj (.switch:yaffs_update_oh)
                  0088c428    00000018     yaffs_verify.obj (.switch:yaffs_verify_obj)
                  0088c440    00000014     yaffs_guts.obj (.switch:yaffs_get_obj_type)

.cio       0    0088c458    00000120     UNINITIALIZED
                  0088c458    00000120     rts6600_elf.lib : trgmsg.c.obj (.cio)

.text      0    80000000    00039ca0     
                  80000000    00009180     yaffs_guts.obj (.text)
                  80009180    000065c0     yaffsfs.obj (.text)
                  8000f740    00004e20     ti.platform.evmk2h.ae66 : evmc66x_phy.obj (.text)
                  80014560    000034c0     yaffs_yaffs2.obj (.text)
                  80017a20    00001fe0     rts6600_elf.lib : _printfi.c.obj (.text:__TI_printfi)
                  80019a00    00001aa0     ti.platform.evmk2h.ae66 : platform.obj (.text)
                  8001b4a0    00001260     yaffs_verify.obj (.text)
                  8001c700    00001200     yaffs_checkptrw.obj (.text)
                  8001d900    00000c80     yaffs_yaffs1.obj (.text)
                  8001e580    00000ba0     yaffs_tagscompat.obj (.text)
                  8001f120    00000b20     ti.csl.ae66 : csl_wiz8_sb_refclk125MHz_10bit_5Gbps.oe66 (.text:csl_wiz8_sb_refclk125MHz_10bit_5Gbps)
                  8001fc40    00000b20                 : csl_wiz8_sb_refclk156p25MHz_10bit_5Gbps.oe66 (.text:csl_wiz8_sb_refclk156p25MHz_10bit_5Gbps)
                  80020760    00000b20                 : csl_wiz8_sb_refclk156p25MHz_20bit_6p25Gbps.oe66 (.text:csl_wiz8_sb_refclk156p25MHz_20bit_6p25Gbps)
                  80021280    00000b00     ti.platform.evmk2h.ae66 : evm66x_nand.obj (.text)
                  80021d80    00000ae0     ti.csl.ae66 : csl_wiz8_sb_refclk125MHz_20bit_6p25Gbps.oe66 (.text:csl_wiz8_sb_refclk125MHz_20bit_6p25Gbps)
                  80022860    00000a20     ti.platform.evmk2h.ae66 : evmc66x.obj (.text)
                  80023280    00000960     yaffs_summary.obj (.text)
                  80023be0    000008c0     yaffs_allocator.obj (.text)
                  800244a0    000008a0     ti.targets.rts6000.ae66 : System.oe66 (.text:xdc_runtime_System_doPrint__I)
                  80024d40    00000800     ti.platform.evmk2h.ae66 : evmc66x_i2c_eeprom.obj (.text)
                  80025540    000007e0     yaffs_ecc.obj (.text)
                  80025d20    00000780     sysbios.ae66 : BIOS.obj (.text:ti_sysbios_family_c64p_Exception_handler__I)
                  800264a0    00000740                  : BIOS.obj (.text:ti_sysbios_knl_Semaphore_pend__E)
                  80026be0    00000700                  : BIOS.obj (.text:ti_sysbios_timers_timer64_Timer_Module_startup__E)
                  800272e0    00000640     rts6600_elf.lib : _printfi.c.obj (.text:_pconv_a)
                  80027920    00000620     sysbios.ae66 : BIOS.obj (.text:ti_sysbios_heaps_HeapMem_allocUnprotected__E)
                  80027f40    00000620     yaffs_nameval.obj (.text)
                  80028560    00000600     rts6600_elf.lib : divd.c.obj (.text:__c6xabi_divd)
                  80028b60    000005e0     yaffs_tagsmarshall.obj (.text)
                  80029140    000005c0     sysbios.ae66 : BIOS.obj (.text:ti_sysbios_heaps_HeapMem_freeUnprotected__E)
                  80029700    00000580                  : BIOS.obj (.text:ti_sysbios_knl_Task_Instance_finalize__E)
                  80029c80    000004e0     yaffs_packedtags2.obj (.text)
                  8002a160    00000460     ti.platform.evmk2h.ae66 : evmc66x_spi.obj (.text)
                  8002a5c0    00000460     sysbios.ae66 : BIOS.obj (.text:ti_sysbios_knl_Task_sleep__E)
                  8002aa20    00000440     rts6600_elf.lib : _printfi.c.obj (.text:_pconv_g)
                  8002ae60    00000420     sysbios.ae66 : BIOS.obj (.text:ti_sysbios_knl_Task_Instance_init__E)
                  8002b280    00000400     yaffs_endian.obj (.text)
                  8002b680    000003c0     ti.platform.evmk2h.ae66 : evmc66x_nor.obj (.text)
                  8002ba40    000003a0     yaffs_nand.obj (.text)
                  8002bde0    00000360     yaffs_bitmap.obj (.text)
                  8002c140    00000360     yaffs_nand_drv.obj (.text)
                  8002c4a0    00000320     rts6600_elf.lib : fputs.c.obj (.text:fputs)
                  8002c7c0    00000320     sysbios.ae66 : BIOS.obj (.text:ti_sysbios_timers_timer64_Timer_deviceConfig__I)
                  8002cae0    000002e0                  : BIOS.obj (.text:ti_sysbios_heaps_HeapMem_Instance_init__E)
                  8002cdc0    000002c0     rts6600_elf.lib : _printfi.c.obj (.text:fcvt)
                  8002d080    000002c0     ti.platform.evmk2h.ae66 : evmc66x_gpio.obj (.text)
                  8002d340    000002c0     sysbios.ae66 : BIOS.obj (.text:ti_sysbios_knl_Clock_workFunc__E)
                  8002d600    000002c0     ti.targets.rts6000.ae66 : LoggerBuf.oe66 (.text:xdc_runtime_LoggerBuf_write8__E)
                  8002d8c0    000002a0     rts6600_elf.lib : _printfi.c.obj (.text:_pconv_e)
                  8002db60    00000260     sysbios.ae66 : BIOS.obj (.text:ti_sysbios_family_c64p_Hwi_dispatchCore__I)
                  8002ddc0    00000260                  : BIOS.obj (.text:ti_sysbios_knl_Semaphore_post__E)
                  8002e020    00000260     ti.targets.rts6000.ae66 : Startup.oe66 (.text:xdc_runtime_Startup_startMods__I)
                  8002e280    00000240     rts6600_elf.lib : imath64.c.obj (.text:__c6xabi_divull)
                  8002e4c0    00000240                     : qsort.c.obj (.text:qsort)
                  8002e700    00000240     sysbios.ae66 : BIOS.obj (.text:ti_sysbios_family_c64p_Exception_internalHandler__I)
                  8002e940    00000240                  : BIOS.obj (.text:ti_sysbios_knl_Task_postInit__I)
                  8002eb80    00000240     ti.targets.rts6000.ae66 : Core-mem.oe66 (.text:xdc_runtime_Core_createObject__I)
                  8002edc0    00000240     app_pe66.oe66 (.text:xdc_runtime_System_printfExtend__I)
                  8002f000    00000220     sysbios.ae66 : BIOS.obj (.text:ti_sysbios_knl_Swi_run__I)
                  8002f220    00000220                  : BIOS.obj (.text:ti_sysbios_timers_timer64_Timer_setPeriodMicroSecs__E)
                  8002f440    00000200                  : c64p_Hwi_disp_always.obj (.text:_ti_sysbios_family_c64p_Hwi_dispatchAlways)
                  8002f640    00000200     main.obj (.text)
                  8002f840    00000200     ti.targets.rts6000.ae66 : Error.oe66 (.text:xdc_runtime_Error_policyDefault__E)
                  8002fa40    000001e0     ti.platform.evmk2h.ae66 : evmc66x_uart.obj (.text)
                  8002fc20    000001e0     sysbios.ae66 : BIOS.obj (.text:ti_sysbios_gates_GateMutex_enter__E)
                  8002fe00    000001e0     ti.targets.rts6000.ae66 : LoggerBuf.oe66 (.text:xdc_runtime_LoggerBuf_write4__E)
                  8002ffe0    000001e0                             : Text.oe66 (.text:xdc_runtime_Text_putSite__E)
                  800301c0    000001c0     rts6600_elf.lib : imath40.c.obj (.text:__c6xabi_divul)
                  80030380    000001c0                     : _printfi.c.obj (.text:_ltostr)
                  80030540    000001c0                     : fputc.c.obj (.text:fputc)
                  80030700    000001c0                     : ldexp.c.obj (.text:ldexp)
                  800308c0    000001c0                     : setvbuf.c.obj (.text:setvbuf)
                  80030a80    000001c0     sysbios.ae66 : BIOS.obj (.text:ti_sysbios_knl_Task_checkStacks__E)
                  80030c40    000001c0                  : BIOS.obj (.text:ti_sysbios_timers_timer64_Timer_getFreq__E)
                  80030e00    000001c0                  : BIOS.obj (.text:ti_sysbios_timers_timer64_Timer_start__E)
                  80030fc0    000001c0     yaffs_attribs.obj (.text)
                  80031180    000001a0     rts6600_elf.lib : hostrename.c.obj (.text:HOSTrename)
                  80031320    000001a0                     : frexp.c.obj (.text:frexp)
                  800314c0    000001a0     sysbios.ae66 : BIOS.obj (.text:ti_sysbios_family_c66_Cache_block__I)
                  80031660    000001a0                  : BIOS.obj (.text:ti_sysbios_family_c66_Cache_getL2InitSize__I)
                  80031800    000001a0                  : BIOS.obj (.text:ti_sysbios_knl_Task_exit__E)
                  800319a0    000001a0                  : BIOS.obj (.text:ti_sysbios_knl_Task_schedule__I)
                  80031b40    000001a0     ti.targets.rts6000.ae66 : Core-smem.oe66 (.text:xdc_runtime_Core_constructObject__I)
                  80031ce0    00000180     sysbios.ae66 : c64p_Exception_asm.obj (.text)
                  80031e60    00000180                  : BIOS.obj (.text:ti_sysbios_knl_Task_startCore__E)
                  80031fe0    00000160                  : BIOS.obj (.text:ti_sysbios_family_c64p_Hwi_Module_startup__E)
                  80032140    00000160                  : BIOS.obj (.text:ti_sysbios_knl_Swi_post__E)
                  800322a0    00000160     ti.targets.rts6000.ae66 : Text.oe66 (.text:xdc_runtime_Text_putMod__E)
                  80032400    00000140     sysbios.ae66 : BIOS.obj (.text:ti_sysbios_family_c66_Cache_getL1DInitSize__I)
                  80032540    00000140                  : BIOS.obj (.text:ti_sysbios_family_c66_Cache_getL1PInitSize__I)
                  80032680    00000140                  : BIOS.obj (.text:ti_sysbios_knl_Semaphore_Instance_init__E)
                  800327c0    00000140                  : BIOS.obj (.text:ti_sysbios_knl_Task_Module_startup__E)
                  80032900    00000140                  : BIOS.obj (.text:ti_sysbios_knl_Task_blockI__E)
                  80032a40    00000140     ti.targets.rts6000.ae66 : Core-mem.oe66 (.text:xdc_runtime_Core_deleteObject__I)
                  80032b80    00000140                             : LoggerBuf.oe66 (.text:xdc_runtime_LoggerBuf_setFilterLevel__E)
                  80032cc0    00000140                             : Text.oe66 (.text:xdc_runtime_Text_putLab__E)
                  80032e00    00000120     boot.ae66 : autoinit.oe66 (.text:_auto_init_elf)
                  80032f20    00000120     rts6600_elf.lib : _printfi.c.obj (.text:_pconv_f)
                  80033040    00000120                     : getdevice.c.obj (.text:getdevice)
                  80033160    00000120     sysbios.ae66 : BIOS.obj (.text:ti_sysbios_family_c66_Cache_startup__I)
                  80033280    00000120                  : BIOS.obj (.text:ti_sysbios_hal_SecondsClock_Module_startup__E)
                  800333a0    00000120                  : BIOS.obj (.text:ti_sysbios_knl_Clock_start__E)
                  800334c0    00000120                  : BIOS.obj (.text:ti_sysbios_knl_Swi_restoreHwi__E)
                  800335e0    00000120     ti.targets.rts6000.ae66 : LoggerBuf.oe66 (.text:xdc_runtime_LoggerBuf_getFilterLevel__E)
                  80033700    00000100     rts6600_elf.lib : fclose.c.obj (.text:__TI_closefile)
                  80033800    00000100                     : copy_decompress_rle.c.obj (.text:__TI_decompress_rle_core)
                  80033900    00000100                     : _printfi.c.obj (.text:_mcpy)
                  80033a00    00000100                     : atoi.c.obj (.text:atoi)
                  80033b00    00000100                     : fflush.c.obj (.text:fflush)
                  80033c00    00000100                     : fseek.c.obj (.text:fseek)
                  80033d00    00000100     sysbios.ae66 : BIOS.obj (.text:ti_sysbios_knl_Mailbox_Module_startup__E)
                  80033e00    00000100                  : BIOS.obj (.text:ti_sysbios_knl_Task_unblockI__E)
                  80033f00    00000100                  : BIOS.obj (.text:ti_sysbios_timers_timer64_Timer_initDevice__I)
                  80034000    00000100     ti.targets.rts6000.ae66 : Error.oe66 (.text:xdc_runtime_Error_print__E)
                  80034100    00000100                             : Memory.oe66 (.text:xdc_runtime_Memory_alloc__E)
                  80034200    00000100                             : Startup.oe66 (.text:xdc_runtime_Startup_exec__E)
                  80034300    00000100     yaffs_nandsim_file.obj (.text)
                  80034400    000000e0     rts6600_elf.lib : hostlseek.c.obj (.text:HOSTlseek)
                  800344e0    000000e0                     : hostopen.c.obj (.text:HOSTopen)
                  800345c0    000000e0                     : hostwrite.c.obj (.text:HOSTwrite)
                  800346a0    000000e0                     : _ltoa.c.obj (.text:__TI_ltoa)
                  80034780    000000e0                     : _io_perm.c.obj (.text:__TI_wrt_ok)
                  80034860    000000e0                     : divi.asm.obj (.text:__divi)
                  80034940    000000e0                     : close.c.obj (.text:close)
                  80034a20    000000e0                     : exit.c.obj (.text:exit)
                  80034b00    000000e0                     : memset.c.obj (.text:memset)
                  80034be0    000000e0                     : printf.c.obj (.text:printf)
                  80034cc0    000000e0     sysbios.ae66 : BIOS.obj (.text:ti_sysbios_heaps_HeapMem_alloc__E)
                  80034da0    000000e0                  : BIOS.obj (.text:ti_sysbios_knl_Swi_runLoop__I)
                  80034e80    000000e0                  : BIOS.obj (.text:ti_sysbios_timers_timer64_Timer_startup__E)
                  80034f60    000000e0     ti.targets.rts6000.ae66 : Text.oe66 (.text:xdc_runtime_Text_visitRope2__I)
                  80035040    000000e0     yaffs_osglue.obj (.text)
                  80035120    000000c0     rts6600_elf.lib : hostread.c.obj (.text:HOSTread)
                  800351e0    000000c0                     : hostunlink.c.obj (.text:HOSTunlink)
                  800352a0    000000c0                     : fflush.c.obj (.text:__TI_doflush)
                  80035360    000000c0                     : divu.asm.obj (.text:__divu)
                  80035420    000000c0     sysbios.ae66 : BIOS.obj (.text:_pthread_cleanupFxn)
                  800354e0    000000c0     platform_osal_function.obj (.text)
                  800355a0    000000c0     rts6600_elf.lib : strdup.c.obj (.text:strdup)
                  80035660    000000c0     sysbios.ae66 : BIOS.obj (.text:ti_sysbios_hal_SecondsClock_increment__I)
                  80035720    000000c0                  : BIOS.obj (.text:ti_sysbios_heaps_HeapMem_getStats__E)
                  800357e0    000000c0                  : BIOS.obj (.text:ti_sysbios_knl_Clock_logTick__E)
                  800358a0    000000c0                  : BIOS.obj (.text:ti_sysbios_knl_Swi_schedule__I)
                  80035960    000000c0                  : BIOS.obj (.text:ti_sysbios_knl_Task_allBlockedFunction__I)
                  80035a20    000000c0     app_pe66.oe66 (.text:ti_sysbios_knl_Task_create)
                  80035ae0    000000c0     rts6600_elf.lib : tls.c.obj (.text:tls:init:__TI_tls_init)
                  80035ba0    000000c0     ti.targets.rts6000.ae66 : Assert.oe66 (.text:xdc_runtime_Assert_raise__I)
                  80035c60    000000c0                             : Error.oe66 (.text:xdc_runtime_Error_setX__E)
                  80035d20    000000c0     app_pe66.oe66 (.text:xdc_runtime_LoggerBuf_Object__create__S)
                  80035de0    000000c0     ti.targets.rts6000.ae66 : SysMin.oe66 (.text:xdc_runtime_SysMin_abort__E)
                  80035ea0    000000c0                             : SysMin.oe66 (.text:xdc_runtime_SysMin_flush__E)
                  80035f60    000000a0     rts6600_elf.lib : hostclose.c.obj (.text:HOSTclose)
                  80036000    000000a0                     : fopen.c.obj (.text:__TI_cleanup)
                  800360a0    000000a0                     : remu.asm.obj (.text:__remu)
                  80036140    000000a0     boot.ae66 : boot.oe66 (.text:_c_int00)
                  800361e0    000000a0     rts6600_elf.lib : _printfi.c.obj (.text:_ecpy)
                  80036280    000000a0                     : getdevice.c.obj (.text:finddevice)
                  80036320    000000a0                     : memcpy64.asm.obj (.text:memcpy)
                  800363c0    000000a0     sysbios.ae66 : BIOS.obj (.text:ti_sysbios_family_c64p_Exception_Module_startup__E)
                  80036460    000000a0                  : BIOS.obj (.text:ti_sysbios_family_c64p_Hwi_dispatchC__I)
                  80036500    000000a0                  : BIOS.obj (.text:ti_sysbios_family_c64p_Hwi_getStackInfo__E)
                  800365a0    000000a0                  : BIOS.obj (.text:ti_sysbios_timers_timer64_Timer_stop__E)
                  80036640    000000a0     ti.targets.rts6000.ae66 : Core-params.oe66 (.text:xdc_runtime_Core_assignParams__I)
                  800366e0    000000a0                             : SysMin.oe66 (.text:xdc_runtime_SysMin_putch__E)
                  80036780    000000a0                             : System.oe66 (.text:xdc_runtime_System_formatNum__I)
                  80036820    000000a0                             : System.oe66 (.text:xdc_runtime_System_putchar__I)
                  800368c0    000000a0                             : Text.oe66 (.text:xdc_runtime_Text_printVisFxn__I)
                  80036960    000000a0                             : Text.oe66 (.text:xdc_runtime_Text_xprintf__I)
                  80036a00    00000080     rts6600_elf.lib : trgmsg.c.obj (.text:__TI_readmsg)
                  80036a80    00000080                     : fixdu.c.obj (.text:__c6xabi_fixdu)
                  80036b00    00000080                     : llshift.c.obj (.text:__c6xabi_llshl)
                  80036b80    00000080     sysbios.ae66 : c62_TaskSupport_asm.obj (.text:_ti_sysbios_family_c62_TaskSupport_swap__E)
                  80036c00    00000080     rts6600_elf.lib : strcat.c.obj (.text:strcat)
                  80036c80    00000080                     : strncpy.c.obj (.text:strncpy)
                  80036d00    00000080     ti.platform.evmk2h.ae66 : evm66x_i2c.obj (.text)
                  80036d80    00000080     app_pe66.oe66 (.text:ti_sysbios_BIOS_atExitFunc__I)
                  80036e00    00000080     app_pe66.oe66 (.text:ti_sysbios_BIOS_registerRTSLock__I)
                  80036e80    00000080     app_pe66.oe66 (.text:ti_sysbios_gates_GateHwi_Object__create__S)
                  80036f00    00000080     app_pe66.oe66 (.text:ti_sysbios_gates_GateMutex_Object__create__S)
                  80036f80    00000080     sysbios.ae66 : BIOS.obj (.text:ti_sysbios_hal_Hwi_checkStack)
                  80037000    00000080                  : BIOS.obj (.text:ti_sysbios_hal_Hwi_initStack)
                  80037080    00000080     app_pe66.oe66 (.text:ti_sysbios_heaps_HeapMem_Object__create__S)
                  80037100    00000080     sysbios.ae66 : BIOS.obj (.text:ti_sysbios_heaps_HeapMem_init__I)
                  80037180    00000080     app_pe66.oe66 (.text:ti_sysbios_knl_Clock_doTick__I)
                  80037200    00000080     sysbios.ae66 : BIOS.obj (.text:ti_sysbios_knl_Idle_run__E)
                  80037280    00000080                  : BIOS.obj (.text:ti_sysbios_knl_Semaphore_pendTimeout__I)
                  80037300    00000080                  : BIOS.obj (.text:ti_sysbios_knl_Swi_startup__E)
                  80037380    00000080                  : BIOS.obj (.text:ti_sysbios_knl_Task_processVitalTaskFlag__I)
                  80037400    00000080                  : BIOS.obj (.text:ti_sysbios_knl_Task_restore__E)
                  80037480    00000080     app_pe66.oe66 (.text:ti_sysbios_rts_MemAlloc_alloc)
                  80037500    00000080     sysbios.ae66 : BIOS.obj (.text:ti_sysbios_timers_timer64_Timer_getPeriod__E)
                  80037580    00000080     rts6600_elf.lib : unlink.c.obj (.text:unlink)
                  80037600    00000080     ti.targets.rts6000.ae66 : Core-label.oe66 (.text:xdc_runtime_Core_assignLabel__I)
                  80037680    00000080                             : LoggerBuf.oe66 (.text:xdc_runtime_LoggerBuf_Instance_init__E)
                  80037700    00000080                             : LoggerBuf.oe66 (.text:xdc_runtime_LoggerBuf_Module_startup__E)
                  80037780    00000080                             : LoggerBuf.oe66 (.text:xdc_runtime_LoggerBuf_filterOutEvent__I)
                  80037800    00000080     app_pe66.oe66 (.text:xdc_runtime_SysMin_output__I)
                  80037880    00000080     ti.targets.rts6000.ae66 : System.oe66 (.text:xdc_runtime_System_atexit__E)
                  80037900    00000080                             : System.oe66 (.text:xdc_runtime_System_avprintf__E)
                  80037980    00000080                             : System.oe66 (.text:xdc_runtime_System_processAtExit__E)
                  80037a00    00000080                             : System.oe66 (.text:xdc_runtime_System_vprintf__E)
                  80037a80    00000080     yaffs_hweight.obj (.text)
                  80037b00    00000060     rts6600_elf.lib : frcmpyd_div.c.obj (.text:__TI_frcmpyd_div)
                  80037b60    00000060                     : trgmsg.c.obj (.text:__TI_writemsg)
                  80037bc0    00000060                     : llshift.c.obj (.text:__c6xabi_llshru)
                  80037c20    00000060                     : imath64.c.obj (.text:_subcull)
                  80037c80    00000060     sysbios.ae66 : c64p_Hwi_asm_switch.obj (.text:_ti_sysbios_family_c64p_Hwi_switchAndDispatch__I)
                  80037ce0    00000060                  : c64p_Hwi_asm_switch.obj (.text:_ti_sysbios_family_xxx_Hwi_switchAndRunFunc)
                  80037d40    00000060     rts6600_elf.lib : lseek.c.obj (.text:lseek)
                  80037da0    00000060                     : memccpy.c.obj (.text:memccpy)
                  80037e00    00000060                     : memcmp.c.obj (.text:memcmp)
                  80037e60    00000060                     : strcmp.c.obj (.text:strcmp)
                  80037ec0    00000060                     : strcpy.c.obj (.text:strcpy)
                  80037f20    00000060                     : strncmp.c.obj (.text:strncmp)
                  80037f80    00000060     app_pe66.oe66 (.text:ti_sysbios_BIOS_errorRaiseHook__I)
                  80037fe0    00000060     app_pe66.oe66 (.text:ti_sysbios_BIOS_removeRTSLock__I)
                  80038040    00000060     app_pe66.oe66 (.text:ti_sysbios_BIOS_startFunc__I)
                  800380a0    00000060     sysbios.ae66 : BIOS.obj (.text:ti_sysbios_family_c62_TaskSupport_start__E)
                  80038100    00000060                  : BIOS.obj (.text:ti_sysbios_family_c66_Cache_Module_startup__E)
                  80038160    00000060     app_pe66.oe66 (.text:ti_sysbios_gates_GateMutex_Object__delete__S)
                  800381c0    00000060     sysbios.ae66 : BIOS.obj (.text:ti_sysbios_heaps_HeapMem_free__E)
                  80038220    00000060                  : BIOS.obj (.text:ti_sysbios_knl_Clock_Module_startup__E)
                  80038280    00000060     app_pe66.oe66 (.text:ti_sysbios_knl_Queue_construct)
                  800382e0    00000060     app_pe66.oe66 (.text:ti_sysbios_knl_Semaphore_construct)
                  80038340    00000060     sysbios.ae66 : BIOS.obj (.text:ti_sysbios_knl_Swi_Module_startup__E)
                  800383a0    00000060     app_pe66.oe66 (.text:ti_sysbios_knl_Task_Object__delete__S)
                  80038400    00000060     sysbios.ae66 : BIOS.obj (.text:ti_sysbios_knl_Task_enter__I)
                  80038460    00000060     rts6600_elf.lib : write.c.obj (.text:write)
                  800384c0    00000060     app_pe66.oe66 (.text:xdc_runtime_LoggerBuf_Object__delete__S)
                  80038520    00000060     ti.targets.rts6000.ae66 : LoggerBuf.oe66 (.text:xdc_runtime_LoggerBuf_reset__E)
                  80038580    00000060                             : Memory.oe66 (.text:xdc_runtime_Memory_valloc__E)
                  800385e0    00000060                             : Text.oe66 (.text:xdc_runtime_Text_cordText__E)
                  80038640    00000040     rts6600_elf.lib : assert.c.obj (.text:__c6xabi_abort_msg)
                  80038680    00000040                     : isinf.c.obj (.text:__c6xabi_isinf)
                  800386c0    00000040                     : _printfi.c.obj (.text:__c6xabi_isnan)
                  80038700    00000040                     : call_stub.asm.obj (.text:__call_stub)
                  80038740    00000040                     : args_main.c.obj (.text:_args_main)
                  80038780    00000040                     : vsprintf.c.obj (.text:_outs)
                  800387c0    00000040     sysbios.ae66 : c62_TaskSupport_asm.obj (.text:_ti_sysbios_family_c62_TaskSupport_buildTaskStack)
                  80038800    00000040     app_pe66.oe66 (.text:free)
                  80038840    00000040     rts6600_elf.lib : strlen.c.obj (.text:strlen)
                  80038880    00000040     app_pe66.oe66 (.text:ti_sysbios_BIOS_exitFunc__I)
                  800388c0    00000040     app_pe66.oe66 (.text:ti_sysbios_BIOS_rtsLock__I)
                  80038900    00000040     app_pe66.oe66 (.text:ti_sysbios_BIOS_rtsUnlock__I)
                  80038940    00000040     sysbios.ae66 : BIOS.obj (.text:ti_sysbios_family_c64p_Hwi_disableInterrupt__E)
                  80038980    00000040                  : BIOS.obj (.text:ti_sysbios_family_c64p_Hwi_enableInterrupt__E)
                  800389c0    00000040     app_pe66.oe66 (.text:ti_sysbios_gates_GateHwi_Handle__label__S)
                  80038a00    00000040     app_pe66.oe66 (.text:ti_sysbios_gates_GateHwi_Object__delete__S)
                  80038a40    00000040     app_pe66.oe66 (.text:ti_sysbios_gates_GateMutex_Handle__label__S)
                  80038a80    00000040     sysbios.ae66 : BIOS.obj (.text:ti_sysbios_gates_GateMutex_Instance_init__E)
                  80038ac0    00000040                  : BIOS.obj (.text:ti_sysbios_gates_GateMutex_leave__E)
                  80038b00    00000040     app_pe66.oe66 (.text:ti_sysbios_heaps_HeapMem_Handle__label__S)
                  80038b40    00000040     app_pe66.oe66 (.text:ti_sysbios_heaps_HeapMem_Object__delete__S)
                  80038b80    00000040     app_pe66.oe66 (.text:ti_sysbios_heaps_HeapMem_Object__get__S)
                  80038bc0    00000040     app_pe66.oe66 (.text:ti_sysbios_knl_Semaphore_destruct)
                  80038c00    00000040     app_pe66.oe66 (.text:ti_sysbios_knl_Swi_Object__get__S)
                  80038c40    00000040     app_pe66.oe66 (.text:ti_sysbios_knl_Task_Object__get__S)
                  80038c80    00000040     sysbios.ae66 : BIOS.obj (.text:ti_sysbios_knl_Task_sleepTimeout__I)
                  80038cc0    00000040     app_pe66.oe66 (.text:time)
                  80038d00    00000040     rts6600_elf.lib : vsprintf.c.obj (.text:vsprintf)
                  80038d40    00000040                     : wcslen.c.obj (.text:wcslen)
                  80038d80    00000040     ti.targets.rts6000.ae66 : Error.oe66 (.text:xdc_runtime_Error_check__E)
                  80038dc0    00000040                             : Error.oe66 (.text:xdc_runtime_Error_init__E)
                  80038e00    00000040     app_pe66.oe66 (.text:xdc_runtime_LoggerBuf_Handle__label__S)
                  80038e40    00000040     ti.targets.rts6000.ae66 : LoggerBuf.oe66 (.text:xdc_runtime_LoggerBuf_Instance_finalize__E)
                  80038e80    00000040     app_pe66.oe66 (.text:xdc_runtime_LoggerBuf_Object__get__S)
                  80038ec0    00000040     ti.targets.rts6000.ae66 : LoggerBuf.oe66 (.text:xdc_runtime_LoggerBuf_write0__E)
                  80038f00    00000040                             : LoggerBuf.oe66 (.text:xdc_runtime_LoggerBuf_write1__E)
                  80038f40    00000040                             : LoggerBuf.oe66 (.text:xdc_runtime_LoggerBuf_write2__E)
                  80038f80    00000040                             : Registry.oe66 (.text:xdc_runtime_Registry_findById__E)
                  80038fc0    00000040                             : SysMin.oe66 (.text:xdc_runtime_SysMin_Module_startup__E)
                  80039000    00000040                             : SysMin.oe66 (.text:xdc_runtime_SysMin_exit__E)
                  80039040    00000040                             : System.oe66 (.text:xdc_runtime_System_abort__E)
                  80039080    00000040     app_pe66.oe66 (.text:xdc_runtime_System_aprintf__E)
                  800390c0    00000040     ti.targets.rts6000.ae66 : System.oe66 (.text:xdc_runtime_System_exit__E)
                  80039100    00000040     app_pe66.oe66 (.text:xdc_runtime_System_printf__E)
                  80039140    00000040     yaffscfg2k.obj (.text)
                  80039180    00000020     rts6600_elf.lib : errno.c.obj (.text:__c6xabi_errno_addr)
                  800391a0    00000020                     : push.asm.obj (.text:__pop_rts)
                  800391c0    00000020                     : push.asm.obj (.text:__push_rts)
                  800391e0    00000020                     : _lock.c.obj (.text:_nop)
                  80039200    00000020                     : printf.c.obj (.text:_outc)
                  80039220    00000020                     : vsprintf.c.obj (.text:_outc)
                  80039240    00000020                     : printf.c.obj (.text:_outs)
                  80039260    00000020                     : _lock.c.obj (.text:_register_lock)
                  80039280    00000020                     : _data_synch.c.obj (.text:_register_synch_api)
                  800392a0    00000020                     : _lock.c.obj (.text:_register_unlock)
                  800392c0    00000020                     : signbit.c.obj (.text:_signbit)
                  800392e0    00000020     sysbios.ae66 : c62_TaskSupport_asm.obj (.text:_ti_sysbios_family_c62_TaskSupport_glue)
                  80039300    00000020     rts6600_elf.lib : exit.c.obj (.text:abort)
                  80039320    00000020     ti.csl.ae66 : csl_tsc.oe66 (.text:cslsys_section:tsc)
                  80039340    00000020     rts6600_elf.lib : copy_decompress_none.c.obj (.text:decompress:none:__TI_decompress_none)
                  80039360    00000020                     : copy_decompress_rle.c.obj (.text:decompress:rle24:__TI_decompress_rle24)
                  80039380    00000020     ti.platform.evmk2h.ae66 : evmc66x_bmc.obj (.text)
                  800393a0    00000020     app_pe66.oe66 (.text:ti_sysbios_BIOS_RtsGateProxy_enter__E)
                  800393c0    00000020     app_pe66.oe66 (.text:ti_sysbios_BIOS_RtsGateProxy_leave__E)
                  800393e0    00000020     sysbios.ae66 : BIOS.obj (.text:ti_sysbios_BIOS_exit__E)
                  80039400    00000020                  : BIOS.obj (.text:ti_sysbios_BIOS_linkedWithIncorrectBootLibrary__E)
                  80039420    00000020     app_pe66.oe66 (.text:ti_sysbios_BIOS_nullFunc__I)
                  80039440    00000020     sysbios.ae66 : BIOS.obj (.text:ti_sysbios_BIOS_setThreadType__E)
                  80039460    00000020                  : BIOS.obj (.text:ti_sysbios_BIOS_start__E)
                  80039480    00000020     app_pe66.oe66 (.text:ti_sysbios_family_c62_TaskSupport_Module__startupDone__S)
                  800394a0    00000020     sysbios.ae66 : BIOS.obj (.text:ti_sysbios_family_c62_TaskSupport_checkStack__E)
                  800394c0    00000020                  : BIOS.obj (.text:ti_sysbios_family_c62_TaskSupport_getStackAlignment__E)
                  800394e0    00000020     app_pe66.oe66 (.text:ti_sysbios_family_c64p_Hwi_Module__startupDone__F)
                  80039500    00000020     sysbios.ae66 : BIOS.obj (.text:ti_sysbios_family_c64p_Hwi_clearInterrupt__E)
                  80039520    00000020                  : BIOS.obj (.text:ti_sysbios_family_c64p_Hwi_startup__E)
                  80039540    00000020                  : BIOS.obj (.text:ti_sysbios_family_c64p_Hwi_switchFromBootStack__E)
                  80039560    00000020                  : BIOS.obj (.text:ti_sysbios_family_c64p_TimestampProvider_Module_startup__E)
                  80039580    00000020                  : BIOS.obj (.text:ti_sysbios_family_c64p_TimestampProvider_get64__E)
                  800395a0    00000020                  : BIOS.obj (.text:ti_sysbios_family_c64p_tci6488_TimerSupport_enable__E)
                  800395c0    00000020                  : BIOS.obj (.text:ti_sysbios_family_c66_Cache_RTSSynchInv__I)
                  800395e0    00000020                  : BIOS.obj (.text:ti_sysbios_family_c66_Cache_RTSSynchWbInv__I)
                  80039600    00000020                  : BIOS.obj (.text:ti_sysbios_family_c66_Cache_RTSSynchWb__I)
                  80039620    00000020                  : BIOS.obj (.text:ti_sysbios_family_c66_Cache_wait__E)
                  80039640    00000020                  : BIOS.obj (.text:ti_sysbios_gates_GateHwi_Instance_init__E)
                  80039660    00000020                  : BIOS.obj (.text:ti_sysbios_gates_GateHwi_enter__E)
                  80039680    00000020                  : BIOS.obj (.text:ti_sysbios_gates_GateHwi_leave__E)
                  800396a0    00000020                  : BIOS.obj (.text:ti_sysbios_gates_GateHwi_query__E)
                  800396c0    00000020                  : BIOS.obj (.text:ti_sysbios_gates_GateMutex_Instance_finalize__E)
                  800396e0    00000020                  : BIOS.obj (.text:ti_sysbios_gates_GateMutex_query__E)
                  80039700    00000020                  : BIOS.obj (.text:ti_sysbios_hal_Hwi_Module_startup__E)
                  80039720    00000020                  : BIOS.obj (.text:ti_sysbios_hal_SecondsClock_get__E)
                  80039740    00000020     app_pe66.oe66 (.text:ti_sysbios_heaps_HeapMem_Module_GateProxy_enter__E)
                  80039760    00000020     app_pe66.oe66 (.text:ti_sysbios_heaps_HeapMem_Module_GateProxy_leave__E)
                  80039780    00000020     sysbios.ae66 : BIOS.obj (.text:ti_sysbios_heaps_HeapMem_isBlocking__E)
                  800397a0    00000020     app_pe66.oe66 (.text:ti_sysbios_knl_Clock_Module__startupDone__F)
                  800397c0    00000020     app_pe66.oe66 (.text:ti_sysbios_knl_Clock_TimerProxy_getFreq__E)
                  800397e0    00000020     app_pe66.oe66 (.text:ti_sysbios_knl_Clock_TimerProxy_getMaxTicks__E)
                  80039800    00000020     app_pe66.oe66 (.text:ti_sysbios_knl_Clock_TimerProxy_getPeriod__E)
                  80039820    00000020     sysbios.ae66 : BIOS.obj (.text:ti_sysbios_knl_Idle_loop__E)
                  80039840    00000020     app_pe66.oe66 (.text:ti_sysbios_knl_Mailbox_Object__get__S)
                  80039860    00000020     sysbios.ae66 : BIOS.obj (.text:ti_sysbios_knl_Queue_Instance_init__E)
                  80039880    00000020     app_pe66.oe66 (.text:ti_sysbios_knl_Queue_Object__get__S)
                  800398a0    00000020     app_pe66.oe66 (.text:ti_sysbios_knl_Queue_destruct)
                  800398c0    00000020     sysbios.ae66 : BIOS.obj (.text:ti_sysbios_knl_Queue_empty__E)
                  800398e0    00000020                  : BIOS.obj (.text:ti_sysbios_knl_Semaphore_Instance_finalize__E)
                  80039900    00000020                  : BIOS.obj (.text:ti_sysbios_knl_Swi_disable__E)
                  80039920    00000020     app_pe66.oe66 (.text:ti_sysbios_knl_Task_delete)
                  80039940    00000020     sysbios.ae66 : BIOS.obj (.text:ti_sysbios_knl_Task_disable__E)
                  80039960    00000020                  : BIOS.obj (.text:ti_sysbios_knl_Task_startup__E)
                  80039980    00000020                  : BIOS.obj (.text:ti_sysbios_rts_ti_ReentSupport_taskRegHook__I)
                  800399a0    00000020     app_pe66.oe66 (.text:ti_sysbios_timers_timer64_Timer_Module__startupDone__F)
                  800399c0    00000020     sysbios.ae66 : BIOS.obj (.text:ti_sysbios_timers_timer64_Timer_getMaxTicks__E)
                  800399e0    00000020     ti.targets.rts6000.ae66 : Error.oe66 (.text:xdc_runtime_Error_getSite__E)
                  80039a00    00000020                             : Error.oe66 (.text:xdc_runtime_Error_raiseX__E)
                  80039a20    00000020                             : Gate.oe66 (.text:xdc_runtime_Gate_enterSystem__E)
                  80039a40    00000020                             : Gate.oe66 (.text:xdc_runtime_Gate_leaveSystem__E)
                  80039a60    00000020     app_pe66.oe66 (.text:xdc_runtime_IHeap_alloc)
                  80039a80    00000020     app_pe66.oe66 (.text:xdc_runtime_IHeap_free)
                  80039aa0    00000020     app_pe66.oe66 (.text:xdc_runtime_LoggerBuf_Module_GateProxy_enter__E)
                  80039ac0    00000020     app_pe66.oe66 (.text:xdc_runtime_LoggerBuf_Module_GateProxy_leave__E)
                  80039ae0    00000020     ti.targets.rts6000.ae66 : LoggerBuf.oe66 (.text:xdc_runtime_LoggerBuf_disable__E)
                  80039b00    00000020                             : LoggerBuf.oe66 (.text:xdc_runtime_LoggerBuf_enable__E)
                  80039b20    00000020                             : Memory.oe66 (.text:xdc_runtime_Memory_calloc__E)
                  80039b40    00000020                             : Memory.oe66 (.text:xdc_runtime_Memory_free__E)
                  80039b60    00000020                             : Memory.oe66 (.text:xdc_runtime_Memory_getMaxDefaultTypeAlign__E)
                  80039b80    00000020     app_pe66.oe66 (.text:xdc_runtime_Startup_exec__I)
                  80039ba0    00000020     ti.targets.rts6000.ae66 : Startup.oe66 (.text:xdc_runtime_Startup_rtsDone__E)
                  80039bc0    00000020                             : SysMin.oe66 (.text:xdc_runtime_SysMin_ready__E)
                  80039be0    00000020     app_pe66.oe66 (.text:xdc_runtime_System_Module_GateProxy_enter__E)
                  80039c00    00000020     app_pe66.oe66 (.text:xdc_runtime_System_Module_GateProxy_leave__E)
                  80039c20    00000020     ti.targets.rts6000.ae66 : System.oe66 (.text:xdc_runtime_System_Module_startup__E)
                  80039c40    00000020                             : System.oe66 (.text:xdc_runtime_System_vsnprintf__E)
                  80039c60    00000020                             : Text.oe66 (.text:xdc_runtime_Text_ropeText__E)
                  80039c80    00000020     app_pe66.oe66 (.text:xdc_runtime_Text_visitRope__I)

MODULE SUMMARY

       Module                                            code     ro data   rw data
       ------                                            ----     -------   -------
    .\
       main.obj                                          512      234       0      
       platform_osal_function.obj                        192      0         0      
    +--+-------------------------------------------------+--------+---------+---------+
       Total:                                            704      234       0      
                                                                                   
    .\yaffs2\
       yaffs_guts.obj                                    37248    3352      0      
       yaffsfs.obj                                       26048    40        13068  
       yaffs_yaffs2.obj                                  13504    1984      0      
       yaffs_verify.obj                                  4704     1720      4      
       yaffs_checkptrw.obj                               4608     676       0      
       yaffs_yaffs1.obj                                  3200     456       0      
       yaffs_tagscompat.obj                              2976     344       40     
       yaffs_summary.obj                                 2400     88        0      
       yaffs_allocator.obj                               2240     180       0      
[...]
800366e0  xdc_runtime_System_SupportProxy_putch__E                   
80036780  xdc_runtime_System_formatNum__I                            
80036820  xdc_runtime_System_putchar__I                              
800368c0  xdc_runtime_Text_printVisFxn__I                            
80036960  xdc_runtime_Text_xprintf__I                                
80036a00  __TI_readmsg                                               
80036a80  __c6xabi_fixdu                                             
80036b00  __c6xabi_llshl                                             
80036b80  ti_sysbios_family_c62_TaskSupport_swap__E                  
80036b80  ti_sysbios_knl_Task_SupportProxy_swap__E                   
80036c00  strcat                                                     
80036c80  strncpy                                                    
80036d00  evmI2CInit                                                 
80036d80  ti_sysbios_BIOS_atExitFunc__I                              
80036e00  ti_sysbios_BIOS_registerRTSLock__I                         
80036e80  ti_sysbios_gates_GateHwi_Object__create__S                 
80036f00  ti_sysbios_gates_GateMutex_Object__create__S               
80036f80  ti_sysbios_hal_Hwi_checkStack                              
80037000  ti_sysbios_hal_Hwi_initStack                               
80037080  ti_sysbios_heaps_HeapMem_Object__create__S                 
80037100  ti_sysbios_heaps_HeapMem_init__I                           
80037180  ti_sysbios_knl_Clock_doTick__I                             
80037200  ti_sysbios_knl_Idle_run__E                                 
80037280  ti_sysbios_knl_Semaphore_pendTimeout__I                    
80037300  ti_sysbios_knl_Swi_startup__E                              
80037380  ti_sysbios_knl_Task_processVitalTaskFlag__I                
80037400  ti_sysbios_knl_Task_restore__E                             
80037480  malloc                                                     
80037500  ti_sysbios_timers_timer64_Timer_getPeriod__E               
80037580  remove                                                     
80037580  unlink                                                     
80037600  xdc_runtime_Core_assignLabel__I                            
80037680  xdc_runtime_LoggerBuf_Instance_init__E                     
80037700  xdc_runtime_LoggerBuf_Module_startup__E                    
80037780  xdc_runtime_LoggerBuf_filterOutEvent__I                    
80037800  xdc_runtime_SysMin_output__I                               
80037880  xdc_runtime_System_atexit__E                               
80037900  xdc_runtime_System_aprintf_va__E                           
80037900  xdc_runtime_System_aprintf_va__F                           
80037900  xdc_runtime_System_avprintf__E                             
80037980  xdc_runtime_System_processAtExit__E                        
80037a00  xdc_runtime_System_printf_va__E                            
80037a00  xdc_runtime_System_printf_va__F                            
80037a00  xdc_runtime_System_vprintf__E                              
80037a80  yaffs_hweight8                                             
80037ab0  yaffs_hweight32                                            
80037b00  __TI_frcmpyd_div                                           
80037b60  __TI_writemsg                                              
80037bb8  C$$IO$$                                                    
80037bc0  __c6xabi_llshru                                            
80037c20  _subcull                                                   
80037c80  ti_sysbios_family_c64p_Hwi_switchAndDispatch__I            
80037ce0  ti_sysbios_family_xxx_Hwi_switchAndRunFunc                 
80037d40  lseek                                                      
80037da0  memccpy                                                    
80037e00  memcmp                                                     
80037e60  strcmp                                                     
80037ec0  strcpy                                                     
80037f20  strncmp                                                    
80037f80  ti_sysbios_BIOS_errorRaiseHook__I                          
80037fe0  ti_sysbios_BIOS_removeRTSLock__I                           
80038040  ti_sysbios_BIOS_startFunc__I                               
800380a0  ti_sysbios_family_c62_TaskSupport_start__E                 
800380a0  ti_sysbios_knl_Task_SupportProxy_start__E                  
80038100  ti_sysbios_family_c66_Cache_Module_startup__E              
80038160  ti_sysbios_gates_GateMutex_Object__delete__S               
800381c0  ti_sysbios_heaps_HeapMem_free__E                           
80038220  ti_sysbios_knl_Clock_Module_startup__E                     
80038280  ti_sysbios_knl_Queue_construct                             
800382e0  ti_sysbios_knl_Semaphore_construct                         
80038340  ti_sysbios_knl_Swi_Module_startup__E                       
800383a0  ti_sysbios_knl_Task_Object__delete__S                      
80038400  ti_sysbios_knl_Task_enter__I                               
80038460  write                                                      
800384c0  xdc_runtime_LoggerBuf_Object__delete__S                    
80038520  xdc_runtime_LoggerBuf_reset__E                             
80038580  xdc_runtime_Memory_valloc__E                               
800385e0  xdc_runtime_Text_cordText__E                               
80038640  __c6xabi_abort_msg                                         
80038680  __c6xabi_isinf                                             
80038700  __c6xabi_call_stub                                         
80038700  __call_stub                                                
80038740  _args_main                                                 
800387c0  ti_sysbios_family_c62_TaskSupport_buildTaskStack           
80038800  free                                                       
80038840  strlen                                                     
80038880  ti_sysbios_BIOS_exitFunc__I                                
800388c0  ti_sysbios_BIOS_rtsLock__I                                 
80038900  ti_sysbios_BIOS_rtsUnlock__I                               
80038940  ti_sysbios_family_c64p_Hwi_disableInterrupt__E             
80038940  ti_sysbios_hal_Hwi_HwiProxy_disableInterrupt__E            
80038940  ti_sysbios_hal_Hwi_disableInterrupt__E                     
80038980  ti_sysbios_family_c64p_Hwi_enableInterrupt__E              
80038980  ti_sysbios_hal_Hwi_HwiProxy_enableInterrupt__E             
80038980  ti_sysbios_hal_Hwi_enableInterrupt__E                      
800389c0  ti_sysbios_gates_GateHwi_Handle__label__S                  
800389c0  xdc_runtime_LoggerBuf_Module_GateProxy_Handle__label__S    
800389c0  xdc_runtime_Main_Module_GateProxy_Handle__label__S         
800389c0  xdc_runtime_System_Module_GateProxy_Handle__label__S       
80038a00  ti_sysbios_gates_GateHwi_Object__delete__S                 
80038a40  ti_sysbios_BIOS_RtsGateProxy_Handle__label__S              
80038a40  ti_sysbios_gates_GateMutex_Handle__label__S                
80038a40  ti_sysbios_heaps_HeapMem_Module_GateProxy_Handle__label__S 
80038a80  ti_sysbios_gates_GateMutex_Instance_init__E                
80038ac0  ti_sysbios_gates_GateMutex_leave__E                        
80038b00  ti_sysbios_heaps_HeapMem_Handle__label__S                  
80038b00  xdc_runtime_Memory_HeapProxy_Handle__label__S              
80038b40  ti_sysbios_heaps_HeapMem_Object__delete__S                 
80038b80  ti_sysbios_heaps_HeapMem_Object__get__S                    
80038bc0  ti_sysbios_knl_Semaphore_destruct                          
80038c00  ti_sysbios_knl_Swi_Object__get__S                          
80038c40  ti_sysbios_knl_Task_Object__get__S                         
80038c80  ti_sysbios_knl_Task_sleepTimeout__I                        
80038cc0  time                                                       
80038d00  vsprintf                                                   
80038d40  wcslen                                                     
80038d80  xdc_runtime_Error_check__E                                 
80038dc0  xdc_runtime_Error_init__E                                  
80038e00  xdc_runtime_LoggerBuf_Handle__label__S                     
80038e40  xdc_runtime_LoggerBuf_Instance_finalize__E                 
80038e80  xdc_runtime_LoggerBuf_Object__get__S                       
80038ec0  xdc_runtime_LoggerBuf_write0__E                            
80038f00  xdc_runtime_LoggerBuf_write1__E                            
80038f40  xdc_runtime_LoggerBuf_write2__E                            
80038f80  xdc_runtime_Registry_findById__E                           
80038fc0  xdc_runtime_SysMin_Module_startup__E                       
80039000  xdc_runtime_SysMin_exit__E                                 
80039000  xdc_runtime_System_SupportProxy_exit__E                    
80039040  xdc_runtime_System_abort__E                                
80039080  xdc_runtime_System_aprintf__E                              
800390c0  xdc_runtime_System_exit__E                                 
80039100  xdc_runtime_System_printf__E                               
80039140  yaffs_start_up                                             
80039180  __c6xabi_errno_addr                                        
800391a0  __c6xabi_pop_rts                                           
800391a0  __pop_rts                                                  
800391c0  __c6xabi_push_rts                                          
800391c0  __push_rts                                                 
800391e0  _nop                                                       
80039260  _register_lock                                             
80039280  _register_synch_api                                        
800392a0  _register_unlock                                           
800392c0  _signbit                                                   
800392e0  ti_sysbios_family_c62_TaskSupport_glue                     
80039300  C$$EXIT                                                    
80039300  abort                                                      
80039300  xdc_runtime_System_abortStd__E                             
80039320  CSL_tscEnable                                              
80039328  CSL_tscRead                                                
80039340  __TI_decompress_none                                       
80039360  __TI_decompress_rle24                                      
80039380  getBoardVersion                                            
80039388  bmcGetUserSwitch                                           
80039388  platform_get_switch_state                                  
800393a0  ti_sysbios_BIOS_RtsGateProxy_enter__E                      
800393c0  ti_sysbios_BIOS_RtsGateProxy_leave__E                      
800393e0  ti_sysbios_BIOS_exit__E                                    
80039400  ti_sysbios_BIOS_linkedWithIncorrectBootLibrary__E          
80039420  ti_sysbios_BIOS_nullFunc__I                                
80039440  ti_sysbios_BIOS_setThreadType__E                           
80039460  ti_sysbios_BIOS_start__E                                   
80039480  ti_sysbios_family_c62_TaskSupport_Module__startupDone__S   
80039480  ti_sysbios_knl_Task_SupportProxy_Module__startupDone__S    
800394a0  ti_sysbios_family_c62_TaskSupport_checkStack__E            
800394a0  ti_sysbios_knl_Task_SupportProxy_checkStack__E             
800394c0  ti_sysbios_family_c62_TaskSupport_getStackAlignment__E     
800394c0  ti_sysbios_knl_Task_SupportProxy_getStackAlignment__E      
800394e0  ti_sysbios_family_c64p_Hwi_Module__startupDone__F          
800394e0  ti_sysbios_family_c64p_Hwi_Module__startupDone__S          
800394e0  ti_sysbios_hal_Hwi_HwiProxy_Module__startupDone__S         
80039500  ti_sysbios_family_c64p_Hwi_clearInterrupt__E               
80039500  ti_sysbios_hal_Hwi_HwiProxy_clearInterrupt__E              
80039500  ti_sysbios_hal_Hwi_clearInterrupt__E                       
80039520  ti_sysbios_family_c64p_Hwi_startup__E                      
80039520  ti_sysbios_hal_Hwi_HwiProxy_startup__E                     
80039520  ti_sysbios_hal_Hwi_startup__E                              
80039540  ti_sysbios_family_c64p_Hwi_switchFromBootStack__E          
80039540  ti_sysbios_hal_Hwi_HwiProxy_switchFromBootStack__E         
80039540  ti_sysbios_hal_Hwi_switchFromBootStack__E                  
80039560  ti_sysbios_family_c64p_TimestampProvider_Module_startup__E 
80039580  ti_sysbios_family_c64p_TimestampProvider_get64__E          
80039580  xdc_runtime_LoggerBuf_TimestampProxy_get64__E              
800395a0  ti_sysbios_family_c64p_tci6488_TimerSupport_enable__E      
800395a0  ti_sysbios_timers_timer64_Timer_TimerSupportProxy_enable__E
800395c0  ti_sysbios_family_c66_Cache_RTSSynchInv__I                 
800395e0  ti_sysbios_family_c66_Cache_RTSSynchWbInv__I               
80039600  ti_sysbios_family_c66_Cache_RTSSynchWb__I                  
80039620  ti_sysbios_family_c66_Cache_wait__E                        
80039640  ti_sysbios_gates_GateHwi_Instance_init__E                  
80039660  ti_sysbios_gates_GateHwi_enter__E                          
80039680  ti_sysbios_gates_GateHwi_leave__E                          
800396a0  ti_sysbios_gates_GateHwi_query__E                          
800396a0  xdc_runtime_LoggerBuf_Module_GateProxy_query__E            
800396a0  xdc_runtime_Main_Module_GateProxy_query__E                 
800396a0  xdc_runtime_System_Module_GateProxy_query__E               
800396c0  ti_sysbios_gates_GateMutex_Instance_finalize__E            
800396e0  ti_sysbios_BIOS_RtsGateProxy_query__E                      
800396e0  ti_sysbios_gates_GateMutex_query__E                        
800396e0  ti_sysbios_heaps_HeapMem_Module_GateProxy_query__E         
80039700  ti_sysbios_hal_Hwi_Module_startup__E                       
80039720  ti_sysbios_hal_SecondsClock_get__E                         
80039720  ti_sysbios_hal_Seconds_SecondsProxy_get__E                 
80039720  ti_sysbios_hal_Seconds_get__E                              
80039740  ti_sysbios_heaps_HeapMem_Module_GateProxy_enter__E         
80039760  ti_sysbios_heaps_HeapMem_Module_GateProxy_leave__E         
80039780  ti_sysbios_heaps_HeapMem_isBlocking__E                     
800397a0  ti_sysbios_knl_Clock_Module__startupDone__F                
800397a0  ti_sysbios_knl_Clock_Module__startupDone__S                
800397c0  ti_sysbios_knl_Clock_TimerProxy_getFreq__E                 
800397e0  ti_sysbios_knl_Clock_TimerProxy_getMaxTicks__E             
80039800  ti_sysbios_knl_Clock_TimerProxy_getPeriod__E               
80039820  ti_sysbios_knl_Idle_loop__E                                
80039840  ti_sysbios_knl_Mailbox_Object__get__S                      
80039860  ti_sysbios_knl_Queue_Instance_init__E                      
80039880  ti_sysbios_knl_Queue_Object__get__S                        
800398a0  ti_sysbios_knl_Queue_destruct                              
800398c0  ti_sysbios_knl_Queue_empty__E                              
800398e0  ti_sysbios_knl_Semaphore_Instance_finalize__E              
80039900  ti_sysbios_knl_Swi_disable__E                              
80039920  ti_sysbios_knl_Task_delete                                 
80039940  ti_sysbios_knl_Task_disable__E                             
80039960  ti_sysbios_knl_Task_startup__E                             
80039980  ti_sysbios_rts_ti_ReentSupport_taskRegHook__I              
800399a0  ti_sysbios_knl_Clock_TimerProxy_Module__startupDone__S     
800399a0  ti_sysbios_timers_timer64_Timer_Module__startupDone__F     
800399a0  ti_sysbios_timers_timer64_Timer_Module__startupDone__S     
800399c0  ti_sysbios_timers_timer64_Timer_getMaxTicks__E             
800399e0  xdc_runtime_Error_getSite__E                               
80039a00  xdc_runtime_Error_raiseX__E                                
80039a20  xdc_runtime_Gate_enterSystem__E                            
80039a40  xdc_runtime_Gate_leaveSystem__E                            
80039a60  xdc_runtime_Memory_HeapProxy_alloc__E                      
80039a80  xdc_runtime_Memory_HeapProxy_free__E                       
80039aa0  xdc_runtime_LoggerBuf_Module_GateProxy_enter__E            
80039ac0  xdc_runtime_LoggerBuf_Module_GateProxy_leave__E            
80039ae0  xdc_runtime_LoggerBuf_disable__E                           
80039b00  xdc_runtime_LoggerBuf_enable__E                            
80039b20  xdc_runtime_Memory_calloc__E                               
80039b40  xdc_runtime_Memory_free__E                                 
80039b60  xdc_runtime_Memory_getMaxDefaultTypeAlign__E               
80039b80  xdc_runtime_Startup_exec__I                                
80039ba0  xdc_runtime_Startup_rtsDone__E                             
80039bc0  xdc_runtime_SysMin_ready__E                                
80039bc0  xdc_runtime_System_SupportProxy_ready__E                   
80039be0  xdc_runtime_System_Module_GateProxy_enter__E               
80039c00  xdc_runtime_System_Module_GateProxy_leave__E               
80039c20  xdc_runtime_System_Module_startup__E                       
80039c40  xdc_runtime_System_snprintf_va__E                          
80039c40  xdc_runtime_System_snprintf_va__F                          
80039c40  xdc_runtime_System_vsnprintf__E                            
80039c60  xdc_runtime_Text_ropeText__E                               
80039c80  xdc_runtime_Text_visitRope__I                              
80039cf8  gDeviceNandBBlist                                          
8003b554  gDeviceNand                                                
8003b58c  gDeviceNor                                                 
8003b5c4  gDeviceEeprom0                                             
8003b5fc  gDeviceEeprom1                                             
8003b638  emac_port_mode                                             
8003b800  ti_sysbios_family_c64p_Hwi0                                
8003b800  ti_sysbios_family_c64p_Hwi_int0                            
8003b820  ti_sysbios_family_c64p_Hwi_int1                            
8003b840  ti_sysbios_family_c64p_Hwi_int2                            
8003b860  ti_sysbios_family_c64p_Hwi_int3                            
8003b880  ti_sysbios_family_c64p_Hwi_int4                            
8003b8a0  ti_sysbios_family_c64p_Hwi_int5                            
8003b8c0  ti_sysbios_family_c64p_Hwi_int6                            
8003b8e0  ti_sysbios_family_c64p_Hwi_int7                            
8003b900  ti_sysbios_family_c64p_Hwi_int8                            
8003b920  ti_sysbios_family_c64p_Hwi_int9                            
8003b940  ti_sysbios_family_c64p_Hwi_int10                           
8003b960  ti_sysbios_family_c64p_Hwi_int11                           
8003b980  ti_sysbios_family_c64p_Hwi_int12                           
8003b9a0  ti_sysbios_family_c64p_Hwi_int13                           
8003b9c0  ti_sysbios_family_c64p_Hwi_int14                           
8003b9e0  ti_sysbios_family_c64p_Hwi_int15                           
ffffffff  __TI_pprof_out_hndl                                        
ffffffff  __TI_prof_data_size                                        
ffffffff  __TI_prof_data_start                                       
ffffffff  __binit__                                                  
ffffffff  __c_args__                                                 
ffffffff  binit                                                      
UNDEFED   __TI_INITARRAY_Base                                        
UNDEFED   __TI_INITARRAY_Limit                                       
UNDEFED   __TI_TLS_INIT_Base                                         
UNDEFED   __TI_TLS_INIT_Limit                                        

[1138 symbols]
