********************************************************************************
TMS320C6x Hex Converter                                                   v7.2.1
********************************************************************************

INPUT FILE NAME: <simple.out>
OUTPUT FORMAT:   ASCII-Hex

PHYSICAL MEMORY PARAMETERS
   Default data width   :   8
   Default memory width :  32
   Default output width :   8

BOOT LOADER PARAMETERS
   Table Address: 0x0880, PAGE 0
   Entry Point  : 0x10865e80  (_c_int00)


OUTPUT TRANSLATION MAP
--------------------------------------------------------------------------------
00000880..0200087f  Page=0  Memory Width=32  ROM Width=32  "ROM1"
--------------------------------------------------------------------------------
   OUTPUT FILES: simple.btbl [b0..b31]

   CONTENTS: 00000880..0000ddf7   BOOT TABLE
                            .text : btad=00000880  dest=10859dc0 size=0000c8c0
                           .cinit : btad=0000d14c  dest=10872950 size=00000170
                           .const : btad=0000d2c4  dest=10871820 size=00000acc
                          .switch : btad=0000dd98  dest=108728e0 size=00000054
