******************************************************************************
               TMS320C6x Linker PC v8.3.2                      
******************************************************************************
>> Linked Wed Jul 31 16:16:38 2019

OUTPUT FILE NAME:   <5G_basic_platform_master.out>
ENTRY POINT SYMBOL: "_c_int00"  address: 82835d60


MEMORY CONFIGURATION

         name            origin    length      used     unused   attr    fill
----------------------  --------  ---------  --------  --------  ----  --------
  L2SRAM                00800000   00080000  0000b1e4  00074e1c  RW X
  MSMCSRAM              0c000000   00400000  00207902  001f86fe  RW X
  SRIO                  80000000   02800800  00000000  02800800  RW X
  DDR                   82800800   017fd800  0005d3ea  017a0416  RW X
  CORE1DDR              84000000   04000000  00000000  04000000  RW X


SEGMENT ALLOCATION MAP

run origin  load origin   length   init length attrs members
----------  ----------- ---------- ----------- ----- -------
00800000    00800000    0000b1e8   00000000    rw-
  00800000    00800000    00006044   00000000    rw- .L2RAM
  00806048    00806048    00004000   00000000    rw- .stack
  0080a048    0080a048    000011a0   00000000    rw- platform_lib
0c200000    0c200000    00006882   00000000    rw-
  0c200000    0c200000    00006882   00000000    rw- .qmss
0c206900    0c206900    00001080   00000000    rw-
  0c206900    0c206900    00000f80   00000000    rw- .cppi
  0c207880    0c207880    00000100   00000000    rw- .srioSharedMem
82800800    82800800    0003d500   0003d500    r-x
  82800800    82800800    0003d500   0003d500    r-x .text
8283dd00    8283dd00    000134fa   00000000    rw-
  8283dd00    8283dd00    000134fa   00000000    rw- .far
82851200    82851200    00006634   00006634    r--
  82851200    82851200    00006634   00006634    r-- .const
82857840    82857840    0000442a   00000000    rw-
  82857840    82857840    0000442a   00000000    rw- .fardata
8285bc6c    8285bc6c    00000188   00000188    r--
  8285bc6c    8285bc6c    00000188   00000188    r-- .switch
8285bdf8    8285bdf8    000001cc   00000000    rw-
  8285bdf8    8285bdf8    00000120   00000000    rw- .cio
  8285bf18    8285bf18    00000024   00000000    rw- .bss
  8285bf40    8285bf40    00000084   00000000    rw- .neardata
8285bfc4    8285bfc4    00000006   00000000    r--
  8285bfc4    8285bfc4    00000006   00000000    r-- .rodata
8285c000    8285c000    00001c38   00001c38    r-x
  8285c000    8285c000    00000200   00000200    r-x .vecs
  8285c200    8285c200    00001a38   00001a38    r-- .cinit


SECTION ALLOCATION MAP

 output                                  attributes/
section   page    origin      length       input sections
--------  ----  ----------  ----------   ----------------
ti.sdo.ipc.SharedRegion_0 
*          0    0c000000    00200000     NOLOAD SECTION
                  0c000000    00200000     --HOLE--

.L2RAM     0    00800000    00006044     UNINITIALIZED
                  00800000    00006000     qmss_init.obj (.L2RAM:uninit)
                  00806000    00000018     qmss_init.obj (.L2RAM:init)
                  00806018    00000010     bb_interface.obj (.L2RAM)
                  00806028    00000018     --HOLE--
                  00806040    00000004     main.obj (.L2RAM)

.stack     0    00806048    00004000     UNINITIALIZED
                  00806048    00000008     boot.ae66 : boot.oe66 (.stack)
                  00806050    00003ff8     --HOLE--

.bss       0    8285bf18    00000024     UNINITIALIZED
                  8285bf18    00000004     ti.platform.evm6678l.ae66 : cyhc5g_spi.obj (.bss)
                  8285bf1c    00000004     (.common:Ipc_sr0MemorySetup)
                  8285bf20    00000004     (.common:cppiHnd)
                  8285bf24    00000004     (.common:freeQueHnd)
                  8285bf28    00000004     (.common:hAppManagedSrioDrv)
                  8285bf2c    00000004     (.common:rxChHnd)
                  8285bf30    00000004     (.common:rx_flowhnd)
                  8285bf34    00000004     (.common:txChHnd)
                  8285bf38    00000004     (.common:txQueHnd)

.neardata 
*          0    8285bf40    00000084     UNINITIALIZED
                  8285bf40    0000002c     srio_init.obj (.neardata)
                  8285bf6c    00000018     qmss_osal.obj (.neardata)
                  8285bf84    00000018     ti.osal.ae66 : Utils_tirtos.oe66 (.neardata)
                  8285bf9c    00000004     ti.drv.uart.ae66 : UART_drv.oe66 (.neardata)
                  8285bfa0    00000010     main.obj (.neardata)
                  8285bfb0    0000000c     srio_osal.obj (.neardata)
                  8285bfbc    00000008     ti.platform.evm6678l.ae66 : platform.obj (.neardata)

.rodata    0    8285bfc4    00000006     UNINITIALIZED
                  8285bfc4    00000006     main.obj (.rodata)

.cinit     0    8285c200    00001a38     
                  8285c200    000018c0     (.cinit..fardata.load) [load image, compression = rle]
                  8285dac0    0000009f     (.cinit.platform_lib.load) [load image, compression = rle]
                  8285db5f    00000031     (.cinit..neardata.load) [load image, compression = rle]
                  8285db90    0000000d     (.cinit..far.load) [load image, compression = rle]
                  8285db9d    0000000c     (.cinit..rodata.load) [load image, compression = rle]
                  8285dba9    0000000b     (.cinit..L2RAM.load) [load image, compression = rle]
                  8285dbb4    0000000b     (.cinit..cppi.load) [load image, compression = rle]
                  8285dbbf    0000000b     (.cinit..qmss.load) [load image, compression = rle]
                  8285dbca    0000000b     (.cinit..srioSharedMem.load) [load image, compression = rle]
                  8285dbd5    00000009     (.cinit..bss.load) [load image, compression = rle]
                  8285dbde    00000002     --HOLE-- [fill = 0]
                  8285dbe0    00000008     (__TI_handler_table)
                  8285dbe8    00000050     (__TI_cinit_table)

.init_array 
*          0    82800800    00000000     UNINITIALIZED

.qmss      0    0c200000    00006882     UNINITIALIZED
                  0c200000    00006880     ti.drv.qmss.ae66 : qmss_drv.oe66 (.qmss:uninit)
                  0c206880    00000002                      : qmss_drv.oe66 (.qmss:init)

.cppi      0    0c206900    00000f80     UNINITIALIZED
                  0c206900    00000f80     ti.drv.cppi.ae66 : cppi_drv.oe66 (.cppi)

.srioSharedMem 
*          0    0c207880    00000100     UNINITIALIZED
                  0c207880    00000100     ti.drv.srio.ae66 : srio_drv.oe66 (.srioSharedMem)

.vecs      0    8285c000    00000200     
                  8285c000    00000200     app_pe66.oe66 (.vecs)

xdc.meta   0    82800800    000000f0     COPY SECTION
                  82800800    000000f0     app_pe66.oe66 (xdc.meta)

platform_lib 
*          0    0080a048    000011a0     UNINITIALIZED
                  0080a048    00000858     ti.platform.evm6678l.ae66 : platform.obj (platform_lib:uninit)
                  0080a8a0    00000840                               : cyhc5g_nand.obj (platform_lib)
                  0080b0e0    00000108                               : platform.obj (platform_lib:init)

.text      0    82800800    0003d500     
                  82800800    000026e0     srio_init.obj (.text)
                  82802ee0    00001fe0     rts6600_elf.lib : _printfi.c.obj (.text:__TI_printfi)
                  82804ec0    00001a60     ti.platform.evm6678l.ae66 : platform.obj (.text)
                  82806920    00000ea0     ti.drv.qmss.ae66 : qmss_drv.oe66 (.text:Qmss_insertMemoryRegionSubSys)
                  828077c0    00000ce0     srio_laneconfig.obj (.text)
                  828084a0    00000ca0     qmss_init.obj (.text)
                  82809140    00000c80     ipc.ae66 : Ipc.obj (.text:ti_sdo_ipc_GateMP_Instance_init__E)
                  82809dc0    00000b80     ti.drv.srio.ae66 : srio_drv.oe66 (.text:Srio_processDrvConfig:Srio_processDrvConfig)
                  8280a940    00000b40     ti.platform.evm6678l.ae66 : cyhc5g_nand.obj (.text)
                  8280b480    000009a0                               : cyhc5g.obj (.text)
                  8280be20    00000960     ti.drv.qmss.ae66 : qmss_drv.oe66 (.text:Qmss_initSubSys)
                  8280c780    00000920     srio_osal.obj (.text)
                  8280d0a0    000008c0     ti.drv.qmss.ae66 : qmss_drv.oe66 (.text:Qmss_internalQueueOpen)
                  8280d960    00000880     ti.targets.rts6000.ae66 : System.oe66 (.text:xdc_runtime_System_doPrint__I)
                  8280e1e0    000007e0     ti.platform.evm6678l.ae66 : cyhc5g_i2c_eeprom.obj (.text)
                  8280e9c0    00000780     sysbios.ae66 : BIOS.obj (.text:ti_sysbios_family_c64p_Exception_handler__I)
                  8280f140    00000740                  : BIOS.obj (.text:ti_sysbios_knl_Semaphore_pend__E)
                  8280f880    00000720     ti.drv.cppi.ae66 : cppi_drv.oe66 (.text:Cppi_configureRxFlow)
                  8280ffa0    00000720     ipc.ae66 : Ipc.obj (.text:MessageQ_put)
                  828106c0    00000700     sysbios.ae66 : BIOS.obj (.text:ti_sysbios_timers_timer64_Timer_Module_startup__E)
                  82810dc0    000006e0     utils.ae66 : UTILS.obj (.text:NameServer_add)
                  828114a0    000006e0     ti.drv.uart.ae66 : UART_v0.oe66 (.text:UART_v0_hwiIntFxn$0)
                  82811b80    000006c0     qmss_osal.obj (.text)
                  82812240    00000680     ti.drv.uart.ae66 : UART_stdio.oe66 (.text:UART_printf)
                  828128c0    00000640     ipc.ae66 : Ipc.obj (.text:Ipc_attach)
                  82812f00    00000640     rts6600_elf.lib : _printfi.c.obj (.text:_pconv_a)
                  82813540    00000620     ti.drv.srio.ae66 : srio_drv.oe66 (.text:Srio_sockSend_DIO:Srio_sockSend_DIO)
                  82813b60    00000620     bb_interface.obj (.text)
                  82814180    00000620     ipc.ae66 : Ipc.obj (.text:ti_sdo_ipc_heaps_HeapMemMP_alloc__E)
                  828147a0    00000620     sysbios.ae66 : BIOS.obj (.text:ti_sysbios_heaps_HeapMem_allocUnprotected__E)
                  82814dc0    00000600     rts6600_elf.lib : divd.c.obj (.text:__c6xabi_divd)
                  828153c0    00000600     ipc.ae66 : Ipc.obj (.text:ti_sdo_ipc_GateMP_setRegion0Reserved__F)
                  828159c0    00000600              : Ipc.obj (.text:ti_sdo_ipc_transports_TransportShm_Instance_init__E)
                  82815fc0    000005c0     ti.drv.cppi.ae66 : cppi_drv.oe66 (.text:Cppi_txChannelOpenWithHwCfg)
                  82816580    000005c0     sysbios.ae66 : BIOS.obj (.text:ti_sysbios_heaps_HeapMem_freeUnprotected__E)
                  82816b40    000005a0     ipc.ae66 : Ipc.obj (.text:ti_sdo_ipc_ListMP_Instance_init__E)
                  828170e0    000005a0              : Ipc.obj (.text:ti_sdo_ipc_nsremote_NameServerRemoteNotify_Instance_init__E)
                  82817680    00000560              : Ipc.obj (.text:ti_sdo_ipc_GateMP_Instance_finalize__E)
                  82817be0    00000560              : Ipc.obj (.text:ti_sdo_ipc_heaps_HeapMemMP_free__E)
                  82818140    00000540     ti.drv.cppi.ae66 : cppi_drv.oe66 (.text:Cppi_rxChannelOpen)
                  82818680    00000500     ti.drv.srio.ae66 : srio_drv.oe66 (.text:Srio_start:Srio_start)
                  82818b80    00000500     sysbios.ae66 : BIOS.obj (.text:ti_sysbios_knl_Task_Instance_finalize__E)
                  82819080    000004c0     ti.board.ae66 : board_pll.oe66 (.text:init_pll)
                  82819540    000004c0     ipc.ae66 : Ipc.obj (.text:ti_sdo_ipc_heaps_HeapMemMP_Instance_init__E)
                  82819a00    00000480     ti.drv.cppi.ae66 : cppi_drv.oe66 (.text:Cppi_init)
                  82819e80    00000480                      : cppi_desc.oe66 (.text:Cppi_initDescriptorSubSys)
                  8281a300    00000480     ti.drv.uart.ae66 : UART_v0.oe66 (.text:UART_open_v0$0)
                  8281a780    00000480     sysbios.ae66 : BIOS.obj (.text:ti_sysbios_gates_GateMutexPri_enter__E)
                  8281ac00    00000460     ti.platform.evm6678l.ae66 : cyhc5g_spi.obj (.text)
                  8281b060    00000460     sysbios.ae66 : BIOS.obj (.text:ti_sysbios_knl_Task_sleep__E)
                  8281b4c0    00000440     ti.drv.srio.ae66 : srio_drv.oe66 (.text:Srio_sockBind_DIO:Srio_sockBind_DIO)
                  8281b900    00000440     ti.drv.uart.ae66 : UART_v0.oe66 (.text:UART_write2_v0$0)
                  8281bd40    00000440     rts6600_elf.lib : _printfi.c.obj (.text:_pconv_g)
                  8281c180    00000420     ipc.ae66 : Ipc.obj (.text:Notify_sendEvent)
                  8281c5a0    00000420     sysbios.ae66 : BIOS.obj (.text:ti_sysbios_knl_Task_setPri__E)
                  8281c9c0    00000400     ipc.ae66 : Ipc.obj (.text:Notify_registerEventSingle)
                  8281cdc0    00000400     ti.drv.srio.ae66 : srio_drv.oe66 (.text:Srio_sockOpen:Srio_sockOpen)
                  8281d1c0    00000400     ti.drv.uart.ae66 : UART_v0.oe66 (.text:UART_read2_v0$0)
                  8281d5c0    00000400     ipc.ae66 : Ipc.obj (.text:ti_sdo_ipc_nsremote_NameServerRemoteNotify_get__F)
                  8281d9c0    000003e0              : Ipc.obj (.text:Notify_unregisterEventSingle)
                  8281dda0    000003e0     main.obj (.text)
                  8281e180    000003e0     ti.platform.evm6678l.ae66 : cyhc5g_nor.obj (.text)
                  8281e560    000003e0     ipc.ae66 : Ipc.obj (.text:ti_sdo_ipc_MessageQ_Instance_init__E)
                  8281e940    000003c0     sysbios.ae66 : BIOS.obj (.text:ti_sysbios_knl_Task_Instance_init__E)
                  8281ed00    000003a0     utils.ae66 : UTILS.obj (.text:ti_sdo_utils_NameServer_registerRemoteDriver__E)
                  8281f0a0    000003a0     sysbios.ae66 : BIOS.obj (.text:ti_sysbios_family_c66_Cache_startup__I)
                  8281f440    00000360     utils.ae66 : UTILS.obj (.text:ti_sdo_utils_NameServer_isRegistered__E)
                  8281f7a0    00000360                : UTILS.obj (.text:ti_sdo_utils_NameServer_unregisterRemoteDriver__E)
                  8281fb00    00000340     ti.drv.srio.ae66 : srio_drv.oe66 (.text:Srio_initCfg)
                  8281fe40    00000340     ti.platform.evm6678l.ae66 : cyhc5g_gpio.obj (.text)
                  82820180    00000340     ipc.ae66 : Ipc.obj (.text:ti_sdo_ipc_gates_GatePeterson_Instance_init__E)
                  828204c0    00000340     sysbios.ae66 : BIOS.obj (.text:ti_sysbios_family_c66_tci66xx_CpIntc_Module_startup__E)
                  82820800    00000320     rts6600_elf.lib : fputs.c.obj (.text:fputs)
                  82820b20    00000320     sysbios.ae66 : BIOS.obj (.text:ti_sysbios_timers_timer64_Timer_deviceConfig__I)
                  82820e40    00000300     ti.drv.cppi.ae66 : cppi_drv.oe66 (.text:Cppi_open)
                  82821140    00000300     utils.ae66 : UTILS.obj (.text:NameServer_getLocal)
                  82821440    00000300     ipc.ae66 : Ipc.obj (.text:ti_sdo_ipc_Notify_Instance_init__E)
                  82821740    00000300     sysbios.ae66 : BIOS.obj (.text:ti_sysbios_knl_Swi_runLoop__I)
                  82821a40    00000300                  : BIOS.obj (.text:ti_sysbios_knl_Task_Module_startup__E)
                  82821d40    000002e0     ipc.ae66 : Ipc.obj (.text:ListMP_getHead)
                  82822020    000002e0     ti.drv.qmss.ae66 : qmss_drv.oe66 (.text:Qmss_internalRmStartIndex)
                  82822300    000002e0     ti.drv.srio.ae66 : srio_drv.oe66 (.text:Srio_sockBind_TYPE11:Srio_sockBind_TYPE11)
                  828225e0    000002e0                      : srio_drv.oe66 (.text:Srio_sockSend_TYPE9:Srio_sockSend_TYPE9)
                  828228c0    000002e0     ipc.ae66 : Ipc.obj (.text:ti_sdo_ipc_SharedRegion_reserveMemory__F)
                  82822ba0    000002e0     sysbios.ae66 : BIOS.obj (.text:ti_sysbios_heaps_HeapMem_Instance_init__E)
                  82822e80    000002c0     ti.drv.srio.ae66 : srio_drv.oe66 (.text:Srio_sockSend_TYPE11:Srio_sockSend_TYPE11)
                  82823140    000002c0     rts6600_elf.lib : _printfi.c.obj (.text:fcvt)
                  82823400    000002c0     ipc.ae66 : Ipc.obj (.text:ti_sdo_ipc_heaps_HeapMemMP_postInit__I)
                  828236c0    000002c0     sysbios.ae66 : BIOS.obj (.text:ti_sysbios_knl_Clock_workFunc__E)
                  82823980    000002c0     ti.targets.rts6000.ae66 : LoggerBuf.oe66 (.text:xdc_runtime_LoggerBuf_write8__E)
                  82823c40    000002a0     ti.board.ae66 : cyhc5GC6678_ddr.oe66 (.text:Board_DDR3Init)
                  82823ee0    000002a0     ti.drv.srio.ae66 : srio_drv.oe66 (.text:Srio_sockBind_TYPE9:Srio_sockBind_TYPE9)
                  82824180    000002a0     rts6600_elf.lib : _printfi.c.obj (.text:_pconv_e)
                  82824420    000002a0     ipc.ae66 : Ipc.obj (.text:ti_sdo_ipc_MessageQ_registerTransport__F)
                  828246c0    000002a0              : Ipc.obj (.text:ti_sdo_ipc_MessageQ_unregisterTransport__F)
                  82824960    00000280     ti.drv.qmss.ae66 : qmss_drv.oe66 (.text:Qmss_internalQueueClose)
                  82824be0    00000260     sysbios.ae66 : BIOS.obj (.text:ti_sysbios_family_c64p_Hwi_dispatchCore__I)
                  82824e40    00000260                  : BIOS.obj (.text:ti_sysbios_knl_Semaphore_post__E)
                  828250a0    00000260     ti.targets.rts6000.ae66 : Startup.oe66 (.text:xdc_runtime_Startup_startMods__I)
                  82825300    00000240     rts6600_elf.lib : imath64.c.obj (.text:__c6xabi_divull)
                  82825540    00000240     sysbios.ae66 : BIOS.obj (.text:ti_sysbios_family_c64p_EventCombiner_dispatch__E)
                  82825780    00000240                  : BIOS.obj (.text:ti_sysbios_family_c64p_Exception_internalHandler__I)
                  828259c0    00000240     ti.targets.rts6000.ae66 : Core-mem.oe66 (.text:xdc_runtime_Core_createObject__I)
                  82825c00    00000220     ipc.ae66 : Ipc.obj (.text:ListMP_putTail)
                  82825e20    00000220              : Ipc.obj (.text:SharedRegion_getPtr)
                  82826040    00000220              : Ipc.obj (.text:SharedRegion_getSRPtr)
                  82826260    00000220     sysbios.ae66 : BIOS.obj (.text:ti_sysbios_family_c64p_Hwi_reconfig__E)
                  82826480    00000220                  : BIOS.obj (.text:ti_sysbios_knl_Swi_run__I)
                  828266a0    00000220                  : BIOS.obj (.text:ti_sysbios_timers_timer64_Timer_setPeriodMicroSecs__E)
                  828268c0    00000220     ti.targets.rts6000.ae66 : Error.oe66 (.text:xdc_runtime_Error_policyDefault__E)
                  82826ae0    00000200     ipc.ae66 : Ipc.obj (.text:GateMP_openByAddr)
                  82826ce0    00000200              : Ipc.obj (.text:HeapMemMP_sharedMemReq)
                  82826ee0    00000200              : Ipc.obj (.text:Ipc_start)
                  828270e0    00000200     ti.osal.ae66 : SemaphoreP_tirtos.oe66 (.text:SemaphoreP_create)
                  828272e0    00000200     ipc.ae66 : Ipc.obj (.text:SharedRegion_getEntry)
                  828274e0    00000200     ti.drv.srio.ae66 : srio_drv.oe66 (.text:Srio_dioCompletionIsr:Srio_dioCompletionIsr)
                  828276e0    00000200     ti.drv.uart.ae66 : UART_v0.oe66 (.text:UART_readPolling_v0$0)
                  828278e0    00000200     sysbios.ae66 : c64p_Hwi_disp_always.obj (.text:_ti_sysbios_family_c64p_Hwi_dispatchAlways)
                  82827ae0    00000200     ti.drv.cppi.ae66 : cppi_heap.oe66 (.text:cppi_internal_heap_add)
                  82827ce0    00000200     ipc.ae66 : Ipc.obj (.text:ti_sdo_ipc_SharedRegion_start__F)
                  82827ee0    00000200              : Ipc.obj (.text:ti_sdo_ipc_nsremote_NameServerRemoteNotify_swiFxnRequest__I)
                  828280e0    000001e0              : Ipc.obj (.text:GateMP_sharedMemReq)
                  828282c0    000001e0     ti.osal.ae66 : HwiP_tirtos.oe66 (.text:HwiP_create)
                  828284a0    000001e0     ti.board.ae66 : cyhc5GC6678_phy.oe66 (.text:Init_SGMII)
                  82828680    000001e0     ti.drv.qmss.ae66 : qmss_drv.oe66 (.text:Qmss_internaldownloadFirmware)
                  82828860    000001e0     ti.drv.uart.ae66 : UART_stdio.oe66 (.text:UART_convertVal$0)
                  82828a40    000001e0     ti.platform.evm6678l.ae66 : cyhc5g_uart.obj (.text)
                  82828c20    000001e0     sysbios.ae66 : BIOS.obj (.text:ti_sysbios_family_c64p_EventCombiner_dispatchPlug__E)
                  82828e00    000001e0                  : BIOS.obj (.text:ti_sysbios_gates_GateMutex_enter__E)
                  82828fe0    000001e0     ti.targets.rts6000.ae66 : Text.oe66 (.text:xdc_runtime_Text_putSite__E)
                  828291c0    000001c0     utils.ae66 : UTILS.obj (.text:NameServer_getHandle)
                  82829380    000001c0     rts6600_elf.lib : imath40.c.obj (.text:__c6xabi_divul)
                  82829540    000001c0                     : _printfi.c.obj (.text:_ltostr)
                  82829700    000001c0                     : fputc.c.obj (.text:fputc)
                  828298c0    000001c0                     : setvbuf.c.obj (.text:setvbuf)
                  82829a80    000001c0     ipc.ae66 : Ipc.obj (.text:ti_sdo_ipc_Ipc_procSyncStart__I)
                  82829c40    000001c0     sysbios.ae66 : BIOS.obj (.text:ti_sysbios_family_c66_tci66xx_CpIntc_dispatch__E)
                  82829e00    000001c0                  : BIOS.obj (.text:ti_sysbios_knl_Task_checkStacks__E)
                  82829fc0    000001c0                  : BIOS.obj (.text:ti_sysbios_timers_timer64_Timer_getFreq__E)
                  8282a180    000001c0                  : BIOS.obj (.text:ti_sysbios_timers_timer64_Timer_start__E)
                  8282a340    000001c0     ti.targets.rts6000.ae66 : LoggerBuf.oe66 (.text:xdc_runtime_LoggerBuf_write4__E)
                  8282a500    000001a0     ipc.ae66 : Ipc.obj (.text:GateMP_enter)
                  8282a6a0    000001a0              : Ipc.obj (.text:GateMP_leave)
                  8282a840    000001a0     rts6600_elf.lib : hostrename.c.obj (.text:HOSTrename)
                  8282a9e0    000001a0     ti.drv.qmss.ae66 : qmss_acc.oe66 (.text:Qmss_cfgAccumulatorCh)
                  8282ab80    000001a0     rts6600_elf.lib : frexp.c.obj (.text:frexp)
                  8282ad20    000001a0                     : s_scalbn.c.obj (.text:scalbn)
                  8282aec0    000001a0     ipc.ae66 : Ipc.obj (.text:ti_sdo_ipc_transports_TransportShm_Instance_finalize__E)
                  8282b060    000001a0              : Ipc.obj (.text:ti_sdo_ipc_transports_TransportShm_openByAddr__E)
                  8282b200    000001a0              : Ipc.obj (.text:ti_sdo_ipc_transports_TransportShm_put__E)
                  8282b3a0    000001a0     sysbios.ae66 : BIOS.obj (.text:ti_sysbios_family_c64p_EventCombiner_disableEvent__E)
                  8282b540    000001a0                  : BIOS.obj (.text:ti_sysbios_family_c64p_EventCombiner_enableEvent__E)
                  8282b6e0    000001a0                  : BIOS.obj (.text:ti_sysbios_family_c66_Cache_block__I)
                  8282b880    000001a0                  : BIOS.obj (.text:ti_sysbios_family_c66_Cache_getL2InitSize__I)
                  8282ba20    000001a0                  : BIOS.obj (.text:ti_sysbios_knl_Task_schedule__I)
                  8282bbc0    000001a0     ti.targets.rts6000.ae66 : Core-smem.oe66 (.text:xdc_runtime_Core_constructObject__I)
                  8282bd60    000001a0     app_pe66.oe66 (.text:xdc_runtime_System_printfExtend__I)
                  8282bf00    00000180     ti.board.ae66 : cyhc5GC6678.oe66 (.text:Board_init)
                  8282c080    00000180                   : board_clock.oe66 (.text:Board_moduleClockInit)
                  8282c200    00000180     ipc.ae66 : Ipc.obj (.text:MessageQ_get)
                  8282c380    00000180     sysbios.ae66 : c64p_Exception_asm.obj (.text)
                  8282c500    00000180     ipc.ae66 : Ipc.obj (.text:ti_sdo_ipc_GateMP_attach__F)
                  8282c680    00000180     utils.ae66 : UTILS.obj (.text:ti_sdo_utils_NameServer_removeLocal__I)
                  8282c800    00000180     sysbios.ae66 : BIOS.obj (.text:ti_sysbios_knl_Swi_Instance_init__E)
                  8282c980    00000180                  : BIOS.obj (.text:ti_sysbios_knl_Task_exit__E)
                  8282cb00    00000180                  : BIOS.obj (.text:ti_sysbios_knl_Task_startCore__E)
                  8282cc80    00000180                  : BIOS.obj (.text:ti_sysbios_syncs_SyncSem_Instance_init__E)
                  8282ce00    00000180     uart_mutex.obj (.text)
                  8282cf80    00000160     ipc.ae66 : Ipc.obj (.text:MessageQ_create)
                  8282d0e0    00000160     ti.osal.ae66 : RegisterIntr_tirtos.oe66 (.text:Osal_RegisterInterrupt)
                  8282d240    00000160     ti.drv.qmss.ae66 : qmss_drv.oe66 (.text:Qmss_startSubSysCfg)
                  8282d3a0    00000160     ipc.ae66 : Ipc.obj (.text:ti_sdo_ipc_GateMP_openRegion0Reserved__F)
                  8282d500    00000160              : Ipc.obj (.text:ti_sdo_ipc_MessageQ_Instance_finalize__E)
                  8282d660    00000160              : Ipc.obj (.text:ti_sdo_ipc_gates_GatePeterson_enter__E)
                  8282d7c0    00000160     sysbios.ae66 : BIOS.obj (.text:ti_sysbios_family_c64p_Hwi_Module_startup__E)
                  8282d920    00000160                  : BIOS.obj (.text:ti_sysbios_knl_Swi_post__E)
                  8282da80    00000160     ti.targets.rts6000.ae66 : Text.oe66 (.text:xdc_runtime_Text_putMod__E)
                  8282dbe0    00000140     ipc.ae66 : Ipc.obj (.text:ListMP_remove)
                  8282dd20    00000140              : Ipc.obj (.text:ListMP_sharedMemReq)
                  8282de60    00000140              : Ipc.obj (.text:Notify_intLineRegistered)
                  8282dfa0    00000140     ti.drv.qmss.ae66 : qmss_drv.oe66 (.text:Qmss_rmServiceGroups)
                  8282e0e0    00000140     ipc.ae66 : Ipc.obj (.text:SharedRegion_getCacheLineSize)
                  8282e220    00000140              : Ipc.obj (.text:SharedRegion_getHeap)
                  8282e360    00000140              : Ipc.obj (.text:SharedRegion_isCacheEnabled)
                  8282e4a0    00000140     ti.drv.srio.ae66 : srio_drv.oe66 (.text:Srio_rmService)
                  8282e5e0    00000140                      : srio_drv.oe66 (.text:Srio_validateBindingId:Srio_validateBindingId)
                  8282e720    00000140     ti.board.ae66 : cyhc5GC6678_phy.oe66 (.text:configSerdes)
                  8282e860    00000140     ipc.ae66 : Ipc.obj (.text:ti_sdo_ipc_GateMP_createLocal__F)
                  8282e9a0    00000140              : Ipc.obj (.text:ti_sdo_ipc_GateMP_getFreeResource__I)
                  8282eae0    00000140              : Ipc.obj (.text:ti_sdo_ipc_nsremote_NameServerRemoteNotify_attach__E)
                  8282ec20    00000140              : Ipc.obj (.text:ti_sdo_ipc_nsremote_NameServerRemoteNotify_cbFxn__I)
                  8282ed60    00000140     utils.ae66 : UTILS.obj (.text:ti_sdo_utils_NameServer_Module_startup__E)
                  8282eea0    00000140     sysbios.ae66 : BIOS.obj (.text:ti_sysbios_gates_GateSwi_enter__E)
                  8282efe0    00000140                  : BIOS.obj (.text:ti_sysbios_knl_Semaphore_Instance_init__E)
                  8282f120    00000140                  : BIOS.obj (.text:ti_sysbios_knl_Task_blockI__E)
                  8282f260    00000140                  : BIOS.obj (.text:ti_sysbios_knl_Task_postInit__I)
                  8282f3a0    00000140     ti.targets.rts6000.ae66 : Core-mem.oe66 (.text:xdc_runtime_Core_deleteObject__I)
                  8282f4e0    00000140                             : LoggerBuf.oe66 (.text:xdc_runtime_LoggerBuf_setFilterLevel__E)
                  8282f620    00000120     ti.csl.ae66 : csl_chip.oe66 (.text:CSL_chipReadReg)
                  8282f740    00000120     ipc.ae66 : Ipc.obj (.text:GateMP_close)
                  8282f860    00000120     ti.drv.qmss.ae66 : qmss_drv.oe66 (.text:Qmss_getMemoryRegionCfg)
                  8282f980    00000120                      : qmss_acc.oe66 (.text:Qmss_openAccumulatorChSubSys)
                  8282faa0    00000120                      : qmss_drv.oe66 (.text:Qmss_rmService)
                  8282fbc0    00000120     boot.ae66 : autoinit.oe66 (.text:_auto_init_elf)
                  8282fce0    00000120     rts6600_elf.lib : _printfi.c.obj (.text:_pconv_f)
                  8282fe00    00000120     ti.drv.cppi.ae66 : cppi_drv.oe66 (.text:cppiRmService)
                  8282ff20    00000120     rts6600_elf.lib : getdevice.c.obj (.text:getdevice)
                  82830040    00000120     ipc.ae66 : Ipc.obj (.text:ti_sdo_ipc_Notify_Module_startup__E)
                  82830160    00000120     app_pe66.oe66 (.text:ti_sdo_ipc_Notify_create)
                  82830280    00000120     ipc.ae66 : Ipc.obj (.text:ti_sdo_ipc_gates_GateHWSem_Instance_init__E)
                  828303a0    00000120     sysbios.ae66 : BIOS.obj (.text:ti_sysbios_family_c64p_Hwi_Instance_init__E)
                  828304c0    00000120                  : BIOS.obj (.text:ti_sysbios_knl_Swi_restoreHwi__E)
                  828305e0    00000120     ti.targets.rts6000.ae66 : LoggerBuf.oe66 (.text:xdc_runtime_LoggerBuf_getFilterLevel__E)
                  82830700    00000100     ti.board.ae66 : board_utils.oe66 (.text:BOARD_delay)
                  82830800    00000100     ti.osal.ae66 : EventCombinerP_tirtos.oe66 (.text:EventCombinerP_GroupRegisterInt)
                  82830900    00000100     ti.drv.uart.ae66 : UART_v0.oe66 (.text:UART_read_v0$0)
                  82830a00    00000100                      : UART_v0.oe66 (.text:UART_writePolling_v0$0)
                  82830b00    00000100                      : UART_v0.oe66 (.text:UART_write_v0$0)
                  82830c00    00000100     rts6600_elf.lib : fclose.c.obj (.text:__TI_closefile)
                  82830d00    00000100                     : copy_decompress_rle.c.obj (.text:__TI_decompress_rle_core)
                  82830e00    00000100                     : _printfi.c.obj (.text:_mcpy)
                  82830f00    00000100                     : atoi.c.obj (.text:atoi)
                  82831000    00000100                     : fseek.c.obj (.text:fseek)
                  82831100    00000100     ipc.ae66 : Ipc.obj (.text:ti_sdo_ipc_GateMP_start__F)
                  82831200    00000100              : Ipc.obj (.text:ti_sdo_ipc_Ipc_procSyncFinish__I)
                  82831300    00000100              : Ipc.obj (.text:ti_sdo_ipc_Notify_exec__F)
                  82831400    00000100              : Ipc.obj (.text:ti_sdo_ipc_SharedRegion_attach__F)
                  82831500    00000100              : Ipc.obj (.text:ti_sdo_ipc_gates_GateHWSem_enter__E)
                  82831600    00000100              : Ipc.obj (.text:ti_sdo_ipc_heaps_HeapMemMP_getStats__E)
                  82831700    00000100     sysbios.ae66 : BIOS.obj (.text:ti_sysbios_family_c64p_Hwi_Instance_finalize__E)
                  82831800    00000100                  : BIOS.obj (.text:ti_sysbios_gates_GateMutexPri_leave__E)
                  82831900    00000100                  : BIOS.obj (.text:ti_sysbios_knl_Task_unblockI__E)
                  82831a00    00000100                  : BIOS.obj (.text:ti_sysbios_timers_timer64_Timer_initDevice__I)
                  82831b00    00000100                  : BIOS.obj (.text:ti_sysbios_xdcruntime_GateThreadSupport_leave__E)
                  82831c00    00000100     ti.targets.rts6000.ae66 : Error.oe66 (.text:xdc_runtime_Error_print__E)
                  82831d00    00000100                             : Memory.oe66 (.text:xdc_runtime_Memory_alloc__E)
                  82831e00    00000100                             : Startup.oe66 (.text:xdc_runtime_Startup_exec__E)
                  82831f00    000000e0     rts6600_elf.lib : hostlseek.c.obj (.text:HOSTlseek)
                  82831fe0    000000e0                     : hostopen.c.obj (.text:HOSTopen)
                  828320c0    000000e0                     : hostwrite.c.obj (.text:HOSTwrite)
                  828321a0    000000e0     ipc.ae66 : Ipc.obj (.text:HeapMemMP_openByAddr)
                  82832280    000000e0              : Ipc.obj (.text:ListMP_openByAddr)
                  82832360    000000e0              : Ipc.obj (.text:MessageQ_Params_init__S)
                  82832440    000000e0     ti.drv.qmss.ae66 : qmss_drv.oe66 (.text:Qmss_rmNameService)
                  82832520    000000e0     ti.drv.uart.ae66 : UART_v0.oe66 (.text:UART_close_v0$0)
                  82832600    000000e0                      : UART_v0.oe66 (.text:UART_readCancelNoCB$0)
                  828326e0    000000e0     rts6600_elf.lib : _io_perm.c.obj (.text:__TI_wrt_ok)
                  828327c0    000000e0                     : close.c.obj (.text:close)
                  828328a0    000000e0                     : exit.c.obj (.text:exit)
                  82832980    000000e0     uart_mutex.obj (.text:getSemaphore)
                  82832a60    000000e0     rts6600_elf.lib : ltoa.c.obj (.text:ltoa)
                  82832b40    000000e0                     : memset.c.obj (.text:memset)
                  82832c20    000000e0                     : printf.c.obj (.text:printf)
                  82832d00    000000e0     ipc.ae66 : Ipc.obj (.text:ti_sdo_ipc_ListMP_Instance_finalize__E)
                  82832de0    000000e0              : Ipc.obj (.text:ti_sdo_ipc_MessageQ_Module_startup__E)
                  82832ec0    000000e0              : Ipc.obj (.text:ti_sdo_ipc_Notify_Instance_finalize__E)
                  82832fa0    000000e0              : Ipc.obj (.text:ti_sdo_ipc_SharedRegion_clearReservedMemory__F)
                  82833080    000000e0              : Ipc.obj (.text:ti_sdo_ipc_gates_GateMPSupportNull_enter__E)
                  82833160    000000e0              : Ipc.obj (.text:ti_sdo_ipc_gates_GateMPSupportNull_leave__E)
                  82833240    000000e0              : Ipc.obj (.text:ti_sdo_ipc_heaps_HeapMemMP_Instance_finalize__E)
                  82833320    000000e0              : Ipc.obj (.text:ti_sdo_ipc_nsremote_NameServerRemoteNotify_Instance_finalize__E)
                  82833400    000000e0              : Ipc.obj (.text:ti_sdo_ipc_transports_TransportShmSetup_attach__E)
                  828334e0    000000e0     sysbios.ae66 : BIOS.obj (.text:ti_sysbios_heaps_HeapMem_alloc__E)
                  828335c0    000000e0                  : BIOS.obj (.text:ti_sysbios_knl_Swi_Instance_finalize__E)
                  828336a0    000000e0                  : BIOS.obj (.text:ti_sysbios_timers_timer64_Timer_startup__E)
                  82833780    000000e0     ti.targets.rts6000.ae66 : Text.oe66 (.text:xdc_runtime_Text_visitRope2__I)
                  82833860    000000c0     rts6600_elf.lib : hostread.c.obj (.text:HOSTread)
                  82833920    000000c0                     : hostunlink.c.obj (.text:HOSTunlink)
                  828339e0    000000c0     ti.osal.ae66 : Utils_tirtos.oe66 (.text:Osal_delay)
                  82833aa0    000000c0     ti.drv.qmss.ae66 : qmss_drv.oe66 (.text:Qmss_getMemRegQueueHandleSubSys)
                  82833b60    000000c0     ipc.ae66 : Ipc.obj (.text:SharedRegion_getId)
                  82833c20    000000c0     ti.drv.srio.ae66 : srio_drv.oe66 (.text:Srio_flushSockData:Srio_flushSockData)
                  82833ce0    000000c0                      : srio_drv.oe66 (.text:Srio_getDescSize:Srio_getDescSize)
                  82833da0    000000c0                      : srio_drv.oe66 (.text:Srio_initSockData:Srio_initSockData)
                  82833e60    000000c0     ti.drv.uart.ae66 : UART_v0.oe66 (.text:UART_charPut$0)
                  82833f20    000000c0                      : UART_v0.oe66 (.text:UART_writeCancelNoCB$0)
                  82833fe0    000000c0     rts6600_elf.lib : fflush.c.obj (.text:__TI_doflush)
                  828340a0    000000c0                     : divu.asm.obj (.text:__divu)
                  82834160    000000c0     ti.drv.cppi.ae66 : cppi_listlib.oe66 (.text:cppi_list_cat)
                  82834220    000000c0     platform_osal_function.obj (.text)
                  828342e0    000000c0     app_pe66.oe66 (.text:ti_sdo_ipc_GateMP_create)
                  828343a0    000000c0     ipc.ae66 : Ipc.obj (.text:ti_sdo_ipc_GateMP_getRegion0ReservedSize__F)
                  82834460    000000c0     app_pe66.oe66 (.text:ti_sdo_ipc_ListMP_create)
                  82834520    000000c0     app_pe66.oe66 (.text:ti_sdo_ipc_MessageQ_create)
                  828345e0    000000c0     ipc.ae66 : Ipc.obj (.text:ti_sdo_ipc_MessageQ_grow__I)
                  828346a0    000000c0     app_pe66.oe66 (.text:ti_sdo_ipc_gates_GatePeterson_Object__create__S)
                  82834760    000000c0     app_pe66.oe66 (.text:ti_sdo_ipc_gates_GatePeterson_create)
                  82834820    000000c0     app_pe66.oe66 (.text:ti_sdo_ipc_heaps_HeapMemMP_Object__create__S)
                  828348e0    000000c0     app_pe66.oe66 (.text:ti_sdo_ipc_heaps_HeapMemMP_create)
                  828349a0    000000c0     app_pe66.oe66 (.text:ti_sdo_ipc_nsremote_NameServerRemoteNotify_Object__create__S)
                  82834a60    000000c0     app_pe66.oe66 (.text:ti_sdo_ipc_nsremote_NameServerRemoteNotify_create)
                  82834b20    000000c0     app_pe66.oe66 (.text:ti_sdo_ipc_transports_TransportShm_Object__create__S)
                  82834be0    000000c0     app_pe66.oe66 (.text:ti_sdo_ipc_transports_TransportShm_create)
                  82834ca0    000000c0     sysbios.ae66 : BIOS.obj (.text:ti_sysbios_gates_GateAll_leave__E)
                  82834d60    000000c0                  : BIOS.obj (.text:ti_sysbios_heaps_HeapMem_getStats__E)
                  82834e20    000000c0                  : BIOS.obj (.text:ti_sysbios_knl_Clock_logTick__E)
                  82834ee0    000000c0                  : BIOS.obj (.text:ti_sysbios_knl_Swi_schedule__I)
                  82834fa0    000000c0                  : BIOS.obj (.text:ti_sysbios_knl_Task_allBlockedFunction__I)
                  82835060    000000c0     app_pe66.oe66 (.text:ti_sysbios_knl_Task_create)
                  82835120    000000c0     app_pe66.oe66 (.text:ti_sysbios_syncs_SyncSem_Object__create__S)
                  828351e0    000000c0     app_pe66.oe66 (.text:ti_sysbios_syncs_SyncSem_create)
                  828352a0    000000c0     rts6600_elf.lib : tls.c.obj (.text:tls:init:__TI_tls_init)
                  82835360    000000c0     ti.targets.rts6000.ae66 : Assert.oe66 (.text:xdc_runtime_Assert_raise__I)
                  82835420    000000c0                             : Error.oe66 (.text:xdc_runtime_Error_setX__E)
                  828354e0    000000c0     app_pe66.oe66 (.text:xdc_runtime_LoggerBuf_Object__create__S)
                  828355a0    000000c0     ti.targets.rts6000.ae66 : SysMin.oe66 (.text:xdc_runtime_SysMin_abort__E)
                  82835660    000000c0                             : SysMin.oe66 (.text:xdc_runtime_SysMin_flush__E)
                  82835720    000000a0     ti.drv.cppi.ae66 : cppi_drv.oe66 (.text:Cppi_channelEnable)
                  828357c0    000000a0                      : cppi_drv.oe66 (.text:Cppi_setCpdmaLoopback)
                  82835860    000000a0     rts6600_elf.lib : hostclose.c.obj (.text:HOSTclose)
                  82835900    000000a0     ti.osal.ae66 : RegisterIntr_tirtos.oe66 (.text:Osal_DeleteInterrupt)
                  828359a0    000000a0     ti.drv.qmss.ae66 : qmss_drv.oe66 (.text:Qmss_queueOpenSubSys)
                  82835a40    000000a0     ti.drv.uart.ae66 : UART_drv.oe66 (.text:UART_init)
                  82835ae0    000000a0                      : UART_stdio.oe66 (.text:UART_stdioInit)
                  82835b80    000000a0                      : UART_v0.oe66 (.text:UART_v0_callback)
                  82835c20    000000a0     rts6600_elf.lib : fopen.c.obj (.text:__TI_cleanup)
                  82835cc0    000000a0                     : remu.asm.obj (.text:__remu)
                  82835d60    000000a0     boot.ae66 : boot.oe66 (.text:_c_int00)
                  82835e00    000000a0     rts6600_elf.lib : _printfi.c.obj (.text:_ecpy)
                  82835ea0    000000a0     sysbios.ae66 : c64p_Hwi_asm.obj (.text:_ti_sysbios_family_c64p_Hwi_plug__E)
                  82835f40    000000a0     rts6600_elf.lib : getdevice.c.obj (.text:finddevice)
                  82835fe0    000000a0                     : memcpy64.asm.obj (.text:memcpy)
                  82836080    000000a0     ipc.ae66 : Ipc.obj (.text:ti_sdo_ipc_gates_GatePeterson_leave__E)
                  82836120    000000a0              : Ipc.obj (.text:ti_sdo_ipc_gates_GatePeterson_postInit__I)
                  828361c0    000000a0              : Ipc.obj (.text:ti_sdo_ipc_nsremote_NameServerRemoteNotify_detach__E)
                  82836260    000000a0              : Ipc.obj (.text:ti_sdo_ipc_transports_TransportShm_sharedMemReq__E)
                  82836300    000000a0     sysbios.ae66 : BIOS.obj (.text:ti_sysbios_family_c64p_Exception_Module_startup__E)
                  828363a0    000000a0     app_pe66.oe66 (.text:ti_sysbios_family_c64p_Hwi_construct)
                  82836440    000000a0     sysbios.ae66 : BIOS.obj (.text:ti_sysbios_family_c64p_Hwi_dispatchC__I)
                  828364e0    000000a0                  : BIOS.obj (.text:ti_sysbios_family_c64p_Hwi_eventMap__E)
                  82836580    000000a0                  : BIOS.obj (.text:ti_sysbios_family_c64p_Hwi_getStackInfo__E)
                  82836620    000000a0                  : BIOS.obj (.text:ti_sysbios_family_c66_tci66xx_CpIntc_mapSysIntToHostInt__E)
                  828366c0    000000a0                  : BIOS.obj (.text:ti_sysbios_gates_GateSwi_leave__E)
                  82836760    000000a0     app_pe66.oe66 (.text:ti_sysbios_knl_Swi_construct)
                  82836800    000000a0     sysbios.ae66 : BIOS.obj (.text:ti_sysbios_timers_timer64_Timer_stop__E)
                  828368a0    000000a0     ti.targets.rts6000.ae66 : Core-params.oe66 (.text:xdc_runtime_Core_assignParams__I)
                  82836940    000000a0                             : SysMin.oe66 (.text:xdc_runtime_SysMin_putch__E)
                  828369e0    000000a0                             : System.oe66 (.text:xdc_runtime_System_formatNum__I)
                  82836a80    000000a0                             : System.oe66 (.text:xdc_runtime_System_putchar__I)
                  82836b20    000000a0                             : Text.oe66 (.text:xdc_runtime_Text_printVisFxn__I)
                  82836bc0    000000a0                             : Text.oe66 (.text:xdc_runtime_Text_xprintf__I)
                  82836c60    000000a0     app_pe66.oe66 (.text:xdc_runtime_knl_GateThread_Object__create__S)
                  82836d00    000000a0     app_pe66.oe66 (.text:xdc_runtime_knl_GateThread_create)
                  82836da0    00000080     ti.board.ae66 : cyhc5GC6678_phy.oe66 (.text:CSL_SGMII_setAdvAbility$0)
                  82836e20    00000080     ti.osal.ae66 : EventCombinerP_tirtos.oe66 (.text:EventCombinerP_getHwi)
                  82836ea0    00000080     ipc.ae66 : Ipc.obj (.text:HeapMemMP_restore)
                  82836f20    00000080              : Ipc.obj (.text:ListMP_create)
                  82836fa0    00000080     ti.osal.ae66 : MuxIntcP_tirtos.oe66 (.text:MuxIntcP_create)
                  82837020    00000080     ti.drv.qmss.ae66 : qmss_drv.oe66 (.text:Qmss_queueOpen)
                  828370a0    00000080     ti.drv.srio.ae66 : srio_drv.oe66 (.text:Srio_freeRxDrvBuffer:Srio_freeRxDrvBuffer)
                  82837120    00000080                      : srio_drv.oe66 (.text:Srio_sockBind:Srio_sockBind)
                  828371a0    00000080                      : srio_drv.oe66 (.text:Srio_sockSend:Srio_sockSend)
                  82837220    00000080     ti.csl.ae66 : uart.oe66 (.text:UART_charPut_v0)
                  828372a0    00000080                 : uart.oe66 (.text:UART_fIFOConfig_v0)
                  82837320    00000080     rts6600_elf.lib : trgmsg.c.obj (.text:__TI_readmsg)
                  828373a0    00000080                     : fixdu.c.obj (.text:__c6xabi_fixdu)
                  82837420    00000080                     : llshift.c.obj (.text:__c6xabi_llshl)
                  828374a0    00000080                     : snprintf.c.obj (.text:_outs)
                  82837520    00000080     sysbios.ae66 : c62_TaskSupport_asm.obj (.text:_ti_sysbios_family_c62_TaskSupport_swap__E)
                  828375a0    00000080     ti.drv.cppi.ae66 : cppi_heap.oe66 (.text:cppi_internal_heap_cache_begin)
                  82837620    00000080                      : cppi_heap.oe66 (.text:cppi_internal_heap_malloc)
                  828376a0    00000080                      : cppi_listlib.oe66 (.text:cppi_list_add)
                  82837720    00000080                      : cppi_listlib.oe66 (.text:cppi_list_remove)
                  828377a0    00000080     init.obj (.text)
                  82837820    00000080     rts6600_elf.lib : snprintf.c.obj (.text:snprintf)
                  828378a0    00000080     ti.platform.evm6678l.ae66 : cyhc5g_i2c.obj (.text)
                  82837920    00000080     ipc.ae66 : Ipc.obj (.text:ti_sdo_ipc_Ipc_getMasterAddr__I)
                  828379a0    00000080              : Ipc.obj (.text:ti_sdo_ipc_gates_GateHWSem_Module_startup__E)
                  82837a20    00000080     app_pe66.oe66 (.text:ti_sdo_ipc_gates_GateHWSem_Object__create__S)
                  82837aa0    00000080     app_pe66.oe66 (.text:ti_sdo_ipc_gates_GateHWSem_create)
                  82837b20    00000080     app_pe66.oe66 (.text:ti_sdo_ipc_gates_GateMPSupportNull_Object__create__S)
                  82837ba0    00000080     app_pe66.oe66 (.text:ti_sdo_ipc_gates_GateMPSupportNull_create)
                  82837c20    00000080     ipc.ae66 : Ipc.obj (.text:ti_sdo_ipc_transports_TransportShm_swiFxn__I)
                  82837ca0    00000080     app_pe66.oe66 (.text:ti_sysbios_BIOS_atExitFunc__I)
                  82837d20    00000080     app_pe66.oe66 (.text:ti_sysbios_BIOS_registerRTSLock__I)
                  82837da0    00000080     sysbios.ae66 : BIOS.obj (.text:ti_sysbios_family_c66_Cache_invL1pAll__E)
                  82837e20    00000080                  : BIOS.obj (.text:ti_sysbios_family_c66_tci66xx_CpIntc_getEventId__E)
                  82837ea0    00000080     app_pe66.oe66 (.text:ti_sysbios_gates_GateAll_Object__create__S)
                  82837f20    00000080     app_pe66.oe66 (.text:ti_sysbios_gates_GateHwi_Object__create__S)
                  82837fa0    00000080     app_pe66.oe66 (.text:ti_sysbios_gates_GateMutexPri_Object__create__S)
                  82838020    00000080     app_pe66.oe66 (.text:ti_sysbios_gates_GateMutex_Object__create__S)
                  828380a0    00000080     app_pe66.oe66 (.text:ti_sysbios_gates_GateSwi_Object__create__S)
                  82838120    00000080     sysbios.ae66 : BIOS.obj (.text:ti_sysbios_hal_Hwi_checkStack)
                  828381a0    00000080                  : BIOS.obj (.text:ti_sysbios_hal_Hwi_initStack)
                  82838220    00000080     app_pe66.oe66 (.text:ti_sysbios_heaps_HeapMem_Object__create__S)
                  828382a0    00000080     sysbios.ae66 : BIOS.obj (.text:ti_sysbios_heaps_HeapMem_init__I)
                  82838320    00000080     app_pe66.oe66 (.text:ti_sysbios_knl_Clock_doTick__I)
                  828383a0    00000080     sysbios.ae66 : BIOS.obj (.text:ti_sysbios_knl_Idle_run__E)
                  82838420    00000080     app_pe66.oe66 (.text:ti_sysbios_knl_Semaphore_create)
                  828384a0    00000080     sysbios.ae66 : BIOS.obj (.text:ti_sysbios_knl_Semaphore_pendTimeout__I)
                  82838520    00000080                  : BIOS.obj (.text:ti_sysbios_knl_Swi_startup__E)
                  828385a0    00000080                  : BIOS.obj (.text:ti_sysbios_knl_Task_restore__E)
                  82838620    00000080     app_pe66.oe66 (.text:ti_sysbios_rts_MemAlloc_alloc)
                  828386a0    00000080     sysbios.ae66 : BIOS.obj (.text:ti_sysbios_syncs_SyncSem_wait__E)
                  82838720    00000080     app_pe66.oe66 (.text:ti_sysbios_xdcruntime_GateThreadSupport_create)
                  828387a0    00000080     rts6600_elf.lib : unlink.c.obj (.text:unlink)
                  82838820    00000080     ti.targets.rts6000.ae66 : Core-label.oe66 (.text:xdc_runtime_Core_assignLabel__I)
                  828388a0    00000080                             : LoggerBuf.oe66 (.text:xdc_runtime_LoggerBuf_Instance_init__E)
                  82838920    00000080                             : LoggerBuf.oe66 (.text:xdc_runtime_LoggerBuf_Module_startup__E)
                  828389a0    00000080                             : LoggerBuf.oe66 (.text:xdc_runtime_LoggerBuf_filterOutEvent__I)
                  82838a20    00000080     app_pe66.oe66 (.text:xdc_runtime_SysMin_output__I)
                  82838aa0    00000080     ti.targets.rts6000.ae66 : System.oe66 (.text:xdc_runtime_System_atexit__E)
                  82838b20    00000080                             : System.oe66 (.text:xdc_runtime_System_avprintf__E)
                  82838ba0    00000080                             : System.oe66 (.text:xdc_runtime_System_processAtExit__E)
                  82838c20    00000080                             : System.oe66 (.text:xdc_runtime_System_vprintf__E)
                  82838ca0    00000060     ti.board.ae66 : board_pll.oe66 (.text:Board_PLLInit)
                  82838d00    00000060                   : cyhc5GC6678_ecc.oe66 (.text:Board_eccInit)
                  82838d60    00000060     ipc.ae66 : Ipc.obj (.text:HeapMemMP_create)
                  82838dc0    00000060              : Ipc.obj (.text:HeapMemMP_getRTSCParams$12)
                  82838e20    00000060     ti.osal.ae66 : HwiP_tirtos.oe66 (.text:HwiP_delete)
                  82838e80    00000060     ipc.ae66 : Ipc.obj (.text:Notify_attach)
                  82838ee0    00000060     ti.osal.ae66 : Utils_tirtos.oe66 (.text:Osal_getHwAttrs)
                  82838f40    00000060                  : Utils_tirtos.oe66 (.text:Osal_getThreadType)
                  82838fa0    00000060     ti.drv.qmss.ae66 : qmss_acc.oe66 (.text:Qmss_programAccumulator)
                  82839000    00000060                      : qmss_drv.oe66 (.text:Qmss_setQueueThreshold)
                  82839060    00000060     ti.osal.ae66 : SemaphoreP_tirtos.oe66 (.text:SemaphoreP_delete)
                  828390c0    00000060                  : SemaphoreP_tirtos.oe66 (.text:SemaphoreP_pend)
                  82839120    00000060     ti.drv.srio.ae66 : listlib.oe66 (.text:Srio_listCat)
                  82839180    00000060     ti.csl.ae66 : uart.oe66 (.text:UART_divisorLatchWrite_v0)
                  828391e0    00000060                 : uart.oe66 (.text:UART_divisorValCompute_v0)
                  82839240    00000060                 : uart.oe66 (.text:UART_fifoWait_v0)
                  828392a0    00000060                 : uart.oe66 (.text:UART_lineCharacConfig_v0)
                  82839300    00000060     ti.drv.uart.ae66 : UART_v0.oe66 (.text:UART_readCancel_v0$0)
                  82839360    00000060                      : UART_soc.oe66 (.text:UART_socGetInitCfg)
                  828393c0    00000060                      : UART_soc.oe66 (.text:UART_socSetInitCfg)
                  82839420    00000060                      : UART_v0.oe66 (.text:UART_writeCancel_v0$0)
                  82839480    00000060     rts6600_elf.lib : frcmpyd_div.c.obj (.text:__TI_frcmpyd_div)
                  828394e0    00000060                     : trgmsg.c.obj (.text:__TI_writemsg)
                  82839540    00000060                     : llshift.c.obj (.text:__c6xabi_llshru)
                  828395a0    00000060                     : imath64.c.obj (.text:_subcull)
                  82839600    00000060     sysbios.ae66 : c64p_Hwi_asm_switch.obj (.text:_ti_sysbios_family_c64p_Hwi_switchAndDispatch__I)
                  82839660    00000060                  : c64p_Hwi_asm_switch.obj (.text:_ti_sysbios_family_xxx_Hwi_switchAndRunFunc)
                  828396c0    00000060     ti.drv.cppi.ae66 : cppi_listlib.oe66 (.text:cppi_list_cache_invalidate)
                  82839720    00000060     rts6600_elf.lib : lseek.c.obj (.text:lseek)
                  82839780    00000060                     : memccpy.c.obj (.text:memccpy)
                  828397e0    00000060                     : sprintf.c.obj (.text:sprintf)
                  82839840    00000060     app_pe66.oe66 (.text:ti_sdo_ipc_GateMP_Object__delete__S)
                  828398a0    00000060     ipc.ae66 : Ipc.obj (.text:ti_sdo_ipc_Ipc_getSlaveAddr__I)
                  82839900    00000060              : Ipc.obj (.text:ti_sdo_ipc_Ipc_reservedSizePerProc__I)
                  82839960    00000060     app_pe66.oe66 (.text:ti_sdo_ipc_ListMP_Object__delete__S)
                  828399c0    00000060     ipc.ae66 : Ipc.obj (.text:ti_sdo_ipc_ListMP_elemClear__I)
                  82839a20    00000060     app_pe66.oe66 (.text:ti_sdo_ipc_gates_GatePeterson_Object__delete__S)
                  82839a80    00000060     ipc.ae66 : Ipc.obj (.text:ti_sdo_ipc_gates_GatePeterson_sharedMemReq__E)
                  82839ae0    00000060     app_pe66.oe66 (.text:ti_sdo_ipc_heaps_HeapMemMP_Object__delete__S)
                  82839b40    00000060     app_pe66.oe66 (.text:ti_sdo_ipc_nsremote_NameServerRemoteNotify_Object__delete__S)
                  82839ba0    00000060     app_pe66.oe66 (.text:ti_sdo_ipc_transports_TransportShm_Object__delete__S)
                  82839c00    00000060     app_pe66.oe66 (.text:ti_sdo_utils_List_construct)
                  82839c60    00000060     app_pe66.oe66 (.text:ti_sysbios_BIOS_errorRaiseHook__I)
                  82839cc0    00000060     app_pe66.oe66 (.text:ti_sysbios_BIOS_removeRTSLock__I)
                  82839d20    00000060     app_pe66.oe66 (.text:ti_sysbios_BIOS_startFunc__I)
                  82839d80    00000060     sysbios.ae66 : BIOS.obj (.text:ti_sysbios_family_c62_TaskSupport_start__E)
                  82839de0    00000060                  : BIOS.obj (.text:ti_sysbios_family_c64p_EventCombiner_Module_startup__E)
                  82839e40    00000060                  : BIOS.obj (.text:ti_sysbios_family_c64p_EventCombiner_unused__E)
                  82839ea0    00000060                  : BIOS.obj (.text:ti_sysbios_family_c64p_Hwi_getEventId__E)
                  82839f00    00000060                  : BIOS.obj (.text:ti_sysbios_family_c66_Cache_Module_startup__E)
                  82839f60    00000060                  : BIOS.obj (.text:ti_sysbios_family_c66_tci66xx_CpIntc_unused__E)
                  82839fc0    00000060                  : BIOS.obj (.text:ti_sysbios_gates_GateAll_enter__E)
                  8283a020    00000060     app_pe66.oe66 (.text:ti_sysbios_gates_GateMutexPri_Object__delete__S)
                  8283a080    00000060     app_pe66.oe66 (.text:ti_sysbios_gates_GateMutexPri_construct)
                  8283a0e0    00000060     app_pe66.oe66 (.text:ti_sysbios_gates_GateMutex_Object__delete__S)
                  8283a140    00000060     sysbios.ae66 : BIOS.obj (.text:ti_sysbios_heaps_HeapMem_free__E)
                  8283a1a0    00000060                  : BIOS.obj (.text:ti_sysbios_knl_Clock_Module_startup__E)
                  8283a200    00000060     app_pe66.oe66 (.text:ti_sysbios_knl_Queue_construct)
                  8283a260    00000060     app_pe66.oe66 (.text:ti_sysbios_knl_Semaphore_Object__delete__S)
                  8283a2c0    00000060     app_pe66.oe66 (.text:ti_sysbios_knl_Semaphore_construct)
                  8283a320    00000060     sysbios.ae66 : BIOS.obj (.text:ti_sysbios_knl_Swi_Module_startup__E)
                  8283a380    00000060                  : BIOS.obj (.text:ti_sysbios_knl_Task_enter__I)
                  8283a3e0    00000060     app_pe66.oe66 (.text:ti_sysbios_syncs_SyncSem_Object__delete__S)
                  8283a440    00000060     app_pe66.oe66 (.text:ti_sysbios_xdcruntime_GateThreadSupport_Object__delete__S)
                  8283a4a0    00000060     ti.drv.uart.ae66 : UART_stdio.oe66 (.text:uart_console_putc$0)
                  8283a500    00000060     rts6600_elf.lib : write.c.obj (.text:write)
                  8283a560    00000060     app_pe66.oe66 (.text:xdc_runtime_LoggerBuf_Object__delete__S)
                  8283a5c0    00000060     ti.targets.rts6000.ae66 : LoggerBuf.oe66 (.text:xdc_runtime_LoggerBuf_reset__E)
                  8283a620    00000060                             : Memory.oe66 (.text:xdc_runtime_Memory_valloc__E)
                  8283a680    00000060                             : Text.oe66 (.text:xdc_runtime_Text_cordText__E)
                  8283a6e0    00000060     app_pe66.oe66 (.text:xdc_runtime_knl_GateThread_Object__delete__S)
                  8283a740    00000040     ipc.ae66 : Ipc.obj (.text:GateMP_Params_init)
                  8283a780    00000040              : Ipc.obj (.text:HeapMemMP_Params_init)
                  8283a7c0    00000040              : Ipc.obj (.text:Notify_numIntLines)
                  8283a800    00000040              : Ipc.obj (.text:Notify_sharedMemReq)
                  8283a840    00000040     ti.osal.ae66 : RegisterIntr_tirtos.oe66 (.text:Osal_RegisterInterrupt_initParams)
                  8283a880    00000040     ti.drv.qmss.ae66 : qmss_drv.oe66 (.text:Qmss_getMemRegDescSizeSubSys)
                  8283a8c0    00000040                      : qmss_drv.oe66 (.text:Qmss_internalVirtToPhy)
                  8283a900    00000040                      : qmss_drv.oe66 (.text:Qmss_queueClose)
                  8283a940    00000040                      : qmss_drv.oe66 (.text:Qmss_start)
                  8283a980    00000040     ti.osal.ae66 : SemaphoreP_tirtos.oe66 (.text:SemaphoreP_Params_init)
                  8283a9c0    00000040                  : SemaphoreP_tirtos.oe66 (.text:SemaphoreP_post)
                  8283aa00    00000040     ti.drv.srio.ae66 : listlib.oe66 (.text:Srio_listAdd)
                  8283aa40    00000040                      : listlib.oe66 (.text:Srio_listRemove)
                  8283aa80    00000040     ti.csl.ae66 : uart.oe66 (.text:UART_breakCtl_v0)
                  8283aac0    00000040                 : uart.oe66 (.text:UART_charGetNonBlocking2_v0)
                  8283ab00    00000040                 : uart.oe66 (.text:UART_intDisable_v0)
                  8283ab40    00000040                 : uart.oe66 (.text:UART_intEnable_v0)
                  8283ab80    00000040                 : uart.oe66 (.text:UART_intIdentityGet_v0)
                  8283abc0    00000040                 : uart.oe66 (.text:UART_loopbackModeControl_v0)
                  8283ac00    00000040     ti.drv.uart.ae66 : UART_drv.oe66 (.text:UART_open)
                  8283ac40    00000040     ti.csl.ae66 : uart.oe66 (.text:UART_readLineStatus_v0)
                  8283ac80    00000040     ti.osal.ae66 : Utils_tirtos.oe66 (.text:_DebugP_assert)
                  8283acc0    00000040     rts6600_elf.lib : isinf.c.obj (.text:__c6xabi_isinf)
                  8283ad00    00000040                     : _printfi.c.obj (.text:__c6xabi_isnan)
                  8283ad40    00000040                     : call_stub.asm.obj (.text:__call_stub)
                  8283ad80    00000040                     : strasg.asm.obj (.text:__strasgi_64plus)
                  8283adc0    00000040                     : args_main.c.obj (.text:_args_main)
                  8283ae00    00000040                     : snprintf.c.obj (.text:_outc)
                  8283ae40    00000040                     : sprintf.c.obj (.text:_outs)
                  8283ae80    00000040                     : vsprintf.c.obj (.text:_outs)
                  8283aec0    00000040     sysbios.ae66 : c62_TaskSupport_asm.obj (.text:_ti_sysbios_family_c62_TaskSupport_buildTaskStack)
                  8283af00    00000040     common.obj (.text)
                  8283af40    00000040     app_pe66.oe66 (.text:free)
                  8283af80    00000040     uart_mutex.obj (.text:releaseSemaphore)
                  8283afc0    00000040     ti.platform.evm6678l.ae66 : cyhc5g_led.obj (.text)
                  8283b000    00000040     ipc.ae66 : Ipc.obj (.text:ti_sdo_ipc_Ipc_getRegion0ReservedSize__I)
                  8283b040    00000040     app_pe66.oe66 (.text:ti_sdo_ipc_gates_GateHWSem_Handle__label__S)
                  8283b080    00000040     app_pe66.oe66 (.text:ti_sdo_ipc_gates_GateHWSem_Object__delete__S)
                  8283b0c0    00000040     ipc.ae66 : Ipc.obj (.text:ti_sdo_ipc_gates_GateHWSem_leave__E)
                  8283b100    00000040     app_pe66.oe66 (.text:ti_sdo_ipc_gates_GateMPSupportNull_Handle__label__S)
                  8283b140    00000040     app_pe66.oe66 (.text:ti_sdo_ipc_gates_GateMPSupportNull_Object__delete__S)
                  8283b180    00000040     app_pe66.oe66 (.text:ti_sdo_ipc_gates_GatePeterson_Handle__label__S)
                  8283b1c0    00000040     ipc.ae66 : Ipc.obj (.text:ti_sdo_ipc_gates_GatePeterson_Instance_finalize__E)
                  8283b200    00000040     app_pe66.oe66 (.text:ti_sdo_ipc_heaps_HeapMemMP_Handle__label__S)
                  8283b240    00000040     app_pe66.oe66 (.text:ti_sdo_ipc_nsremote_NameServerRemoteNotify_Handle__label__S)
                  8283b280    00000040     ipc.ae66 : Ipc.obj (.text:ti_sdo_ipc_nsremote_NameServerRemoteNotify_swiFxnResponse__I)
                  8283b2c0    00000040              : Ipc.obj (.text:ti_sdo_ipc_transports_TransportShmSetup_sharedMemReq__E)
                  8283b300    00000040     app_pe66.oe66 (.text:ti_sdo_ipc_transports_TransportShm_Handle__label__S)
                  8283b340    00000040     utils.ae66 : UTILS.obj (.text:ti_sdo_utils_List_get__E)
                  8283b380    00000040                : UTILS.obj (.text:ti_sdo_utils_List_putHead__E)
                  8283b3c0    00000040                : UTILS.obj (.text:ti_sdo_utils_List_put__E)
                  8283b400    00000040     app_pe66.oe66 (.text:ti_sdo_utils_NameServer_Object__get__S)
                  8283b440    00000040     app_pe66.oe66 (.text:ti_sysbios_BIOS_exitFunc__I)
                  8283b480    00000040     app_pe66.oe66 (.text:ti_sysbios_BIOS_rtsLock__I)
                  8283b4c0    00000040     app_pe66.oe66 (.text:ti_sysbios_BIOS_rtsUnlock__I)
                  8283b500    00000040     app_pe66.oe66 (.text:ti_sysbios_family_c64p_Hwi_destruct)
                  8283b540    00000040     sysbios.ae66 : BIOS.obj (.text:ti_sysbios_family_c64p_Hwi_disableInterrupt__E)
                  8283b580    00000040                  : BIOS.obj (.text:ti_sysbios_family_c64p_Hwi_enableInterrupt__E)
                  8283b5c0    00000040                  : BIOS.obj (.text:ti_sysbios_family_c66_tci66xx_CpIntc_dispatchPlug__E)
                  8283b600    00000040     app_pe66.oe66 (.text:ti_sysbios_gates_GateAll_Handle__label__S)
                  8283b640    00000040     app_pe66.oe66 (.text:ti_sysbios_gates_GateAll_Object__delete__S)
                  8283b680    00000040     app_pe66.oe66 (.text:ti_sysbios_gates_GateHwi_Handle__label__S)
                  8283b6c0    00000040     app_pe66.oe66 (.text:ti_sysbios_gates_GateHwi_Object__delete__S)
                  8283b700    00000040     app_pe66.oe66 (.text:ti_sysbios_gates_GateMutexPri_Handle__label__S)
                  8283b740    00000040     sysbios.ae66 : BIOS.obj (.text:ti_sysbios_gates_GateMutexPri_Instance_init__E)
                  8283b780    00000040     app_pe66.oe66 (.text:ti_sysbios_gates_GateMutexPri_destruct)
                  8283b7c0    00000040     app_pe66.oe66 (.text:ti_sysbios_gates_GateMutex_Handle__label__S)
                  8283b800    00000040     sysbios.ae66 : BIOS.obj (.text:ti_sysbios_gates_GateMutex_Instance_init__E)
                  8283b840    00000040                  : BIOS.obj (.text:ti_sysbios_gates_GateMutex_leave__E)
                  8283b880    00000040     app_pe66.oe66 (.text:ti_sysbios_gates_GateSwi_Handle__label__S)
                  8283b8c0    00000040     app_pe66.oe66 (.text:ti_sysbios_gates_GateSwi_Object__delete__S)
                  8283b900    00000040     app_pe66.oe66 (.text:ti_sysbios_heaps_HeapMem_Handle__label__S)
                  8283b940    00000040     app_pe66.oe66 (.text:ti_sysbios_heaps_HeapMem_Object__delete__S)
                  8283b980    00000040     app_pe66.oe66 (.text:ti_sysbios_heaps_HeapMem_Object__get__S)
                  8283b9c0    00000040     app_pe66.oe66 (.text:ti_sysbios_knl_Semaphore_destruct)
                  8283ba00    00000040     app_pe66.oe66 (.text:ti_sysbios_knl_Swi_Object__get__S)
                  8283ba40    00000040     app_pe66.oe66 (.text:ti_sysbios_knl_Swi_destruct)
                  8283ba80    00000040     app_pe66.oe66 (.text:ti_sysbios_knl_Task_Object__get__S)
                  8283bac0    00000040     sysbios.ae66 : BIOS.obj (.text:ti_sysbios_knl_Task_sleepTimeout__I)
                  8283bb00    00000040     app_pe66.oe66 (.text:ti_sysbios_syncs_SyncSem_Handle__label__S)
                  8283bb40    00000040     rts6600_elf.lib : vsprintf.c.obj (.text:vsprintf)
                  8283bb80    00000040                     : wcslen.c.obj (.text:wcslen)
                  8283bbc0    00000040     ti.targets.rts6000.ae66 : Error.oe66 (.text:xdc_runtime_Error_check__E)
                  8283bc00    00000040                             : Error.oe66 (.text:xdc_runtime_Error_init__E)
                  8283bc40    00000040     app_pe66.oe66 (.text:xdc_runtime_GateNull_Handle__label__S)
                  8283bc80    00000040     app_pe66.oe66 (.text:xdc_runtime_GateNull_Object__create__S)
                  8283bcc0    00000040     app_pe66.oe66 (.text:xdc_runtime_GateNull_Object__delete__S)
                  8283bd00    00000040     app_pe66.oe66 (.text:xdc_runtime_LoggerBuf_Handle__label__S)
                  8283bd40    00000040     ti.targets.rts6000.ae66 : LoggerBuf.oe66 (.text:xdc_runtime_LoggerBuf_Instance_finalize__E)
                  8283bd80    00000040     app_pe66.oe66 (.text:xdc_runtime_LoggerBuf_Object__get__S)
                  8283bdc0    00000040     ti.targets.rts6000.ae66 : LoggerBuf.oe66 (.text:xdc_runtime_LoggerBuf_write0__E)
                  8283be00    00000040                             : LoggerBuf.oe66 (.text:xdc_runtime_LoggerBuf_write1__E)
                  8283be40    00000040                             : LoggerBuf.oe66 (.text:xdc_runtime_LoggerBuf_write2__E)
                  8283be80    00000040                             : Registry.oe66 (.text:xdc_runtime_Registry_findById__E)
                  8283bec0    00000040                             : SysMin.oe66 (.text:xdc_runtime_SysMin_Module_startup__E)
                  8283bf00    00000040                             : SysMin.oe66 (.text:xdc_runtime_SysMin_exit__E)
                  8283bf40    00000040                             : System.oe66 (.text:xdc_runtime_System_abort__E)
                  8283bf80    00000040     app_pe66.oe66 (.text:xdc_runtime_System_aprintf__E)
                  8283bfc0    00000040     ti.targets.rts6000.ae66 : System.oe66 (.text:xdc_runtime_System_exit__E)
                  8283c000    00000040     app_pe66.oe66 (.text:xdc_runtime_System_printf__E)
                  8283c040    00000040     app_pe66.oe66 (.text:xdc_runtime_knl_GateThread_Handle__label__S)
                  8283c080    00000040     ti.targets.rts6000.ae66 : GateThread.oe66 (.text:xdc_runtime_knl_GateThread_Instance_init__E)
                  8283c0c0    00000040     ti.board.ae66 : cyhc5GC6678_ddr.oe66 (.text:xmc_add_emif_cfg_region$0)
                  8283c100    00000020                   : cyhc5GC6678_phy.oe66 (.text:Board_ethPhyInit)
                  8283c120    00000020                   : cyhc5GC6678_clock.oe66 (.text:Board_getNumPSCconfigs)
                  8283c140    00000020                   : cyhc5GC6678_pll.oe66 (.text:Board_getNumPllcConfigs)
                  8283c160    00000020                   : board_lld_init.oe66 (.text:Board_uartStdioInit)
                  8283c180    00000020     ti.csl.ae66 : csl_gpioGetBaseAddress.oe66 (.text:CSL_GPIO_open)
                  8283c1a0    00000020                 : csl_srioGetBaseAddress.oe66 (.text:CSL_SRIO_Open)
                  8283c1c0    00000020     ti.board.ae66 : board_utils.oe66 (.text:CSL_chipWriteTSCL$0)
                  8283c1e0    00000020     ti.drv.cppi.ae66 : cppi_drv.oe66 (.text:Cppi_getChannelNumber)
                  8283c200    00000020                      : cppi_drv.oe66 (.text:Cppi_getFlowId)
                  8283c220    00000020                      : cppi_desc.oe66 (.text:Cppi_initDescriptor)
                  8283c240    00000020                      : cppi_drv.oe66 (.text:Cppi_txChannelOpen)
                  8283c260    00000020     ti.osal.ae66 : EventCombinerP_tirtos.oe66 (.text:EventCombinerP_disableEvent)
                  8283c280    00000020                  : EventCombinerP_tirtos.oe66 (.text:EventCombinerP_dispatchPlug)
                  8283c2a0    00000020                  : EventCombinerP_tirtos.oe66 (.text:EventCombinerP_enableEvent)
                  8283c2c0    00000020     ipc.ae66 : Ipc.obj (.text:GateMP_delete)
                  8283c2e0    00000020              : Ipc.obj (.text:GateMP_getDefaultRemote)
                  8283c300    00000020              : Ipc.obj (.text:GateMP_getSharedParams$0)
                  8283c320    00000020              : Ipc.obj (.text:HeapMemMP_getSharedParams$12)
                  8283c340    00000020     ti.osal.ae66 : HwiP_tirtos.oe66 (.text:HwiP_disable)
                  8283c360    00000020                  : HwiP_tirtos.oe66 (.text:HwiP_restore)
                  8283c380    00000020     ipc.ae66 : Ipc.obj (.text:ListMP_Params_init)
                  8283c3a0    00000020              : Ipc.obj (.text:ListMP_close)
                  8283c3c0    00000020              : Ipc.obj (.text:ListMP_delete)
                  8283c3e0    00000020     utils.ae66 : UTILS.obj (.text:MultiProc_getBaseIdOfCluster)
                  8283c400    00000020                : UTILS.obj (.text:MultiProc_self)
                  8283c420    00000020                : UTILS.obj (.text:NameServer_addUInt32)
                  8283c440    00000020                : UTILS.obj (.text:NameServer_getLocalUInt32)
                  8283c460    00000020                : UTILS.obj (.text:NameServer_removeEntry)
                  8283c480    00000020     ti.drv.qmss.ae66 : qmss_drv.oe66 (.text:Qmss_getQueueHandle)
                  8283c4a0    00000020                      : qmss_drv.oe66 (.text:Qmss_getQueueNumber)
                  8283c4c0    00000020                      : qmss_drv.oe66 (.text:Qmss_init)
                  8283c4e0    00000020                      : qmss_drv.oe66 (.text:Qmss_insertMemoryRegion)
                  8283c500    00000020     ipc.ae66 : Ipc.obj (.text:SharedRegion_invalidSRPtr)
                  8283c520    00000020     ti.drv.srio.ae66 : srio_drv.oe66 (.text:Srio_init:Srio_init)
                  8283c540    00000020     ti.drv.uart.ae66 : UART_drv.oe66 (.text:UART_Params_init)
                  8283c560    00000020                      : UART_v0.oe66 (.text:UART_control_v0$0)
                  8283c580    00000020     ti.csl.ae66 : uart.oe66 (.text:UART_divisorLatchDisable_v0)
                  8283c5a0    00000020                 : uart.oe66 (.text:UART_fIFOCharPut_v0)
                  8283c5c0    00000020                 : uart.oe66 (.text:UART_fifoEmpty_v0)
                  8283c5e0    00000020     ti.drv.uart.ae66 : UART_v0.oe66 (.text:UART_init_v0$0)
                  8283c600    00000020     ti.csl.ae66 : uart.oe66 (.text:UART_operatingModeSelect_v0)
                  8283c620    00000020                 : uart.oe66 (.text:UART_pwremuConfig_v0)
                  8283c640    00000020     ti.drv.uart.ae66 : UART_drv.oe66 (.text:UART_write)
                  8283c660    00000020                      : UART_drv.oe66 (.text:UART_writePolling)
                  8283c680    00000020     app_pe66.oe66 (.text:_GateMP_virtToPhys)
                  8283c6a0    00000020     rts6600_elf.lib : errno.c.obj (.text:__c6xabi_errno_addr)
                  8283c6c0    00000020                     : push.asm.obj (.text:__pop_rts)
                  8283c6e0    00000020                     : push.asm.obj (.text:__push_rts)
                  8283c700    00000020                     : _lock.c.obj (.text:_nop)
                  8283c720    00000020                     : printf.c.obj (.text:_outc)
                  8283c740    00000020                     : sprintf.c.obj (.text:_outc)
                  8283c760    00000020                     : vsprintf.c.obj (.text:_outc)
                  8283c780    00000020                     : printf.c.obj (.text:_outs)
                  8283c7a0    00000020                     : _lock.c.obj (.text:_register_lock)
                  8283c7c0    00000020                     : _data_synch.c.obj (.text:_register_synch_api)
                  8283c7e0    00000020                     : _lock.c.obj (.text:_register_unlock)
                  8283c800    00000020                     : signbit.c.obj (.text:_signbit)
                  8283c820    00000020     sysbios.ae66 : c62_TaskSupport_asm.obj (.text:_ti_sysbios_family_c62_TaskSupport_glue)
                  8283c840    00000020     rts6600_elf.lib : exit.c.obj (.text:abort)
                  8283c860    00000020                     : s_copysign.c.obj (.text:copysign)
                  8283c880    00000020     ti.drv.cppi.ae66 : cppi_listlib.oe66 (.text:cppi_list_get_head)
                  8283c8a0    00000020                      : cppi_listlib.oe66 (.text:cppi_list_get_next)
                  8283c8c0    00000020     ti.csl.ae66 : csl_tsc.oe66 (.text:cslsys_section:tsc)
                  8283c8e0    00000020     rts6600_elf.lib : copy_decompress_none.c.obj (.text:decompress:none:__TI_decompress_none)
                  8283c900    00000020                     : copy_decompress_rle.c.obj (.text:decompress:rle24:__TI_decompress_rle24)
                  8283c920    00000020     ti.board.ae66 : board_pll.oe66 (.text:pllc_delay$0)
                  8283c940    00000020     app_pe66.oe66 (.text:ti_sdo_ipc_GateMP_Params__init__S)
                  8283c960    00000020     app_pe66.oe66 (.text:ti_sdo_ipc_GateMP_RemoteCustom1Proxy_Proxy__abstract__S)
                  8283c980    00000020     app_pe66.oe66 (.text:ti_sdo_ipc_GateMP_RemoteCustom1Proxy_Proxy__delegate__S)
                  8283c9a0    00000020     app_pe66.oe66 (.text:ti_sdo_ipc_GateMP_RemoteCustom1Proxy_create)
                  8283c9c0    00000020     app_pe66.oe66 (.text:ti_sdo_ipc_GateMP_RemoteCustom1Proxy_delete)
                  8283c9e0    00000020     app_pe66.oe66 (.text:ti_sdo_ipc_GateMP_RemoteCustom2Proxy_Proxy__abstract__S)
                  8283ca00    00000020     app_pe66.oe66 (.text:ti_sdo_ipc_GateMP_RemoteCustom2Proxy_Proxy__delegate__S)
                  8283ca20    00000020     app_pe66.oe66 (.text:ti_sdo_ipc_GateMP_RemoteCustom2Proxy_create)
                  8283ca40    00000020     app_pe66.oe66 (.text:ti_sdo_ipc_GateMP_RemoteCustom2Proxy_delete)
                  8283ca60    00000020     app_pe66.oe66 (.text:ti_sdo_ipc_GateMP_RemoteSystemProxy_Proxy__abstract__S)
                  8283ca80    00000020     app_pe66.oe66 (.text:ti_sdo_ipc_GateMP_RemoteSystemProxy_Proxy__delegate__S)
                  8283caa0    00000020     app_pe66.oe66 (.text:ti_sdo_ipc_GateMP_RemoteSystemProxy_create)
                  8283cac0    00000020     app_pe66.oe66 (.text:ti_sdo_ipc_GateMP_RemoteSystemProxy_delete)
                  8283cae0    00000020     app_pe66.oe66 (.text:ti_sdo_ipc_GateMP_delete)
                  8283cb00    00000020     ipc.ae66 : Ipc.obj (.text:ti_sdo_ipc_GateMP_getSharedAddr__F)
                  8283cb20    00000020              : Ipc.obj (.text:ti_sdo_ipc_GateMP_setDefaultRemote__F)
                  8283cb40    00000020     app_pe66.oe66 (.text:ti_sdo_ipc_ListMP_Params__init__S)
                  8283cb60    00000020     app_pe66.oe66 (.text:ti_sdo_ipc_ListMP_delete)
                  8283cb80    00000020     app_pe66.oe66 (.text:ti_sdo_ipc_MessageQ_Object__get__S)
                  8283cba0    00000020     app_pe66.oe66 (.text:ti_sdo_ipc_MessageQ_Params__init__S)
                  8283cbc0    00000020     app_pe66.oe66 (.text:ti_sdo_ipc_Notify_Module_GateProxy_enter__E)
                  8283cbe0    00000020     app_pe66.oe66 (.text:ti_sdo_ipc_Notify_Module_GateProxy_leave__E)
                  8283cc00    00000020     app_pe66.oe66 (.text:ti_sdo_ipc_gates_GateHWSem_Params__init__S)
                  8283cc20    00000020     ipc.ae66 : Ipc.obj (.text:ti_sdo_ipc_gates_GateHWSem_getReservedMask__E)
                  8283cc40    00000020              : Ipc.obj (.text:ti_sdo_ipc_gates_GateHWSem_query__E)
                  8283cc60    00000020              : Ipc.obj (.text:ti_sdo_ipc_gates_GateHWSem_sharedMemReq__E)
                  8283cc80    00000020              : Ipc.obj (.text:ti_sdo_ipc_gates_GateMPSupportNull_Instance_init__E)
                  8283cca0    00000020     app_pe66.oe66 (.text:ti_sdo_ipc_gates_GateMPSupportNull_Params__init__S)
                  8283ccc0    00000020     ipc.ae66 : Ipc.obj (.text:ti_sdo_ipc_gates_GateMPSupportNull_getReservedMask__E)
                  8283cce0    00000020              : Ipc.obj (.text:ti_sdo_ipc_gates_GateMPSupportNull_query__E)
                  8283cd00    00000020              : Ipc.obj (.text:ti_sdo_ipc_gates_GateMPSupportNull_sharedMemReq__E)
                  8283cd20    00000020     app_pe66.oe66 (.text:ti_sdo_ipc_gates_GatePeterson_Params__init__S)
                  8283cd40    00000020     ipc.ae66 : Ipc.obj (.text:ti_sdo_ipc_gates_GatePeterson_getReservedMask__E)
                  8283cd60    00000020              : Ipc.obj (.text:ti_sdo_ipc_gates_GatePeterson_query__E)
                  8283cd80    00000020     app_pe66.oe66 (.text:ti_sdo_ipc_heaps_HeapMemMP_Params__init__S)
                  8283cda0    00000020     ipc.ae66 : Ipc.obj (.text:ti_sdo_ipc_heaps_HeapMemMP_isBlocking__E)
                  8283cdc0    00000020              : Ipc.obj (.text:ti_sdo_ipc_notifyDrivers_NotifySetupNull_attach__E)
                  8283cde0    00000020              : Ipc.obj (.text:ti_sdo_ipc_notifyDrivers_NotifySetupNull_numIntLines__E)
                  8283ce00    00000020              : Ipc.obj (.text:ti_sdo_ipc_notifyDrivers_NotifySetupNull_sharedMemReq__E)
                  8283ce20    00000020     app_pe66.oe66 (.text:ti_sdo_ipc_nsremote_NameServerRemoteNotify_Object__first__S)
                  8283ce40    00000020     app_pe66.oe66 (.text:ti_sdo_ipc_nsremote_NameServerRemoteNotify_Object__next__S)
                  8283ce60    00000020     app_pe66.oe66 (.text:ti_sdo_ipc_nsremote_NameServerRemoteNotify_Params__init__S)
[...]
828577d4  ti_sdo_ipc_SharedRegion_translate__C                                      
828577d6  ti_sdo_ipc_gates_GateHWSem_Module__id__C                                  
828577d8  ti_sdo_ipc_gates_GateMPSupportNull_Module__id__C                          
828577da  ti_sdo_ipc_gates_GatePeterson_Module__id__C                               
828577dc  ti_sdo_ipc_heaps_HeapMemMP_Module__id__C                                  
828577de  ti_sdo_ipc_nsremote_NameServerRemoteNotify_Module__id__C                  
828577e0  ti_sdo_ipc_transports_TransportShm_Module__id__C                          
828577e2  ti_sdo_ipc_transports_TransportShm_notifyEventId__C                       
828577e4  ti_sdo_utils_MultiProc_numProcessors__C                                   
828577e6  ti_sdo_utils_MultiProc_numProcsInCluster__C                               
828577e8  ti_sdo_utils_NameServer_Module__id__C                                     
828577ea  ti_sysbios_family_c64p_EventCombiner_Module__id__C                        
828577ec  ti_sysbios_family_c64p_Exception_Module__id__C                            
828577ee  ti_sysbios_family_c64p_Exception_useInternalBuffer__C                     
828577f0  ti_sysbios_family_c64p_Hwi_Module__id__C                                  
828577f2  ti_sysbios_family_c64p_Hwi_Module__loggerDefined__C                       
828577f4  ti_sysbios_family_c66_Cache_Module__id__C                                 
828577f6  ti_sysbios_family_c66_Cache_registerRTSSynch__C                           
828577f8  ti_sysbios_family_c66_tci66xx_CpIntc_Module__id__C                        
828577fa  ti_sysbios_gates_GateMutexPri_Module__id__C                               
828577fc  ti_sysbios_gates_GateMutex_Module__id__C                                  
828577fe  ti_sysbios_gates_GateSwi_Module__id__C                                    
82857800  ti_sysbios_hal_Hwi_Module__id__C                                          
82857802  ti_sysbios_heaps_HeapMem_Module__id__C                                    
82857804  ti_sysbios_knl_Clock_Module__id__C                                        
82857806  ti_sysbios_knl_Clock_Module__loggerDefined__C                             
82857808  ti_sysbios_knl_Semaphore_Module__id__C                                    
8285780a  ti_sysbios_knl_Semaphore_Module__loggerDefined__C                         
8285780c  ti_sysbios_knl_Swi_Module__id__C                                          
8285780e  ti_sysbios_knl_Swi_Module__loggerDefined__C                               
82857810  ti_sysbios_knl_Task_Module__id__C                                         
82857812  ti_sysbios_knl_Task_Module__loggerDefined__C                              
82857814  ti_sysbios_syncs_SyncSem_Module__id__C                                    
82857816  ti_sysbios_timers_timer64_Timer_Module__id__C                             
82857818  ti_sysbios_timers_timer64_Timer_startupNeeded__C                          
8285781a  ti_sysbios_timers_timer64_Timer_useTimer64pRegMap__C                      
8285781c  xdc_runtime_Core_Module__id__C                                            
8285781e  xdc_runtime_Error_Module__loggerDefined__C                                
82857820  xdc_runtime_Error_maxDepth__C                                             
82857822  xdc_runtime_LoggerBuf_Module__id__C                                       
82857824  xdc_runtime_LoggerBuf_filterByLevel__C                                    
82857826  xdc_runtime_Main_Module__id__C                                            
82857828  xdc_runtime_Memory_Module__id__C                                          
8285782a  xdc_runtime_SysMin_flushAtExit__C                                         
8285782c  xdc_runtime_Text_charCnt__C                                               
8285782e  xdc_runtime_Text_isLoaded__C                                              
82857830  xdc_runtime_Text_registryModsLastId__C                                    
82857832  xdc_runtime_Text_unnamedModsLastId__C                                     
82858380  cppiGblCPDMACfgParams                                                     
82858d58  ti_sdo_ipc_GateMP_Module_State_0_remoteCustom1Gates__A                    
82859a58  ti_sysbios_family_c66_tci66xx_CpIntc_Module_State_0_dispatchTab__A        
82859f58  ti_sysbios_BIOS_Module__state__V                                          
82859f7c  _lock                                                                     
82859f80  data                                                                      
8285a380  ti_sysbios_family_c64p_EventCombiner_Module__state__V                     
8285a780  qmssGblCfgParams                                                          
8285aa50  _ftable                                                                   
8285ac30  GlobalQmGroup0                                                            
8285adbc  _unlock                                                                   
8285adc0  ti_sysbios_timers_timer64_Timer_Module_State_0_device__A                  
8285af40  ti_sdo_utils_NameServer_Object__table__V                                  
8285b030  uartInitCfg                                                               
8285b0d8  _stream                                                                   
8285b178  ti_sysbios_family_c66_tci66xx_CpIntc_Module_State_0_hostIntToSysInt__A    
8285b210  ti_sdo_ipc_SharedRegion_Module_State_0_regions__A                         
8285b2a0  ti_sdo_ipc_GateMP_Module_State_0_remoteSystemGates__A                     
8285b320  ti_sysbios_knl_Swi_Module_State_0_readyQ__A                               
8285b3a0  ti_sysbios_knl_Task_Module_State_0_readyQ__A                              
8285b420  ti_sysbios_timers_timer64_Timer_Module_State_0_gctrl__A                   
8285b4a0  ti_sysbios_timers_timer64_Timer_Module_State_0_handles__A                 
8285b520  ti_sysbios_timers_timer64_Timer_Module_State_0_intFreqs__A                
8285b5a0  _device                                                                   
8285b618  ti_sysbios_family_c64p_Hwi_Module__state__V                               
8285b684  ti_sdo_ipc_MessageQ_Module__state__V                                      
8285b6ec  __TI_ft_end                                                               
8285b6f0  ti_sysbios_knl_Task_Object__table__V                                      
8285b74c  ti_sdo_ipc_GateMP_Module__state__V                                        
8285b79c  __errno                                                                   
8285b79c  errno                                                                     
8285b7a0  ti_sysbios_timers_timer64_Timer_Object__table__V                          
8285b7f0  ti_sysbios_knl_Task_Module__state__V                                      
8285b838  ti_sysbios_gates_GateMutex_Object__table__V                               
8285b878  gOsal_HwAttrs                                                             
8285b8a8  ti_sysbios_family_c64p_Exception_Module__state__V                         
8285b8d8  ti_sysbios_knl_Swi_Object__table__V                                       
8285b908  ti_sysbios_knl_Clock_Module__state__V                                     
8285b934  ti_sdo_ipc_ListMP_Module__state__V                                        
8285b938  xdc_runtime_LoggerBuf_Object__table__V                                    
8285b95c  ti_sdo_ipc_SharedRegion_Module__state__V                                  
8285b960  ti_sdo_ipc_MessageQ_Module_State_0_heaps__A                               
8285b980  xdc_runtime_Error_IgnoreBlock                                             
8285b9a0  ti_sysbios_knl_Swi_Module__state__V                                       
8285b9bc  ti_sdo_ipc_heaps_HeapMemMP_Module__state__V                               
8285b9c0  ti_sysbios_family_c64p_Hwi_Object__table__V                               
8285b9d8  ti_sysbios_gates_GateMutexPri_Object__table__V                            
8285b9f0  ti_sysbios_heaps_HeapMem_Object__table__V                                 
8285ba08  ti_sysbios_timers_timer64_Timer_Module__state__V                          
8285ba20  cppiGblCfgParams                                                          
8285ba34  cppiLObj                                                                  
8285ba48  ti_sdo_ipc_Ipc_Module_State_0_procEntry__A                                
8285ba5c  ti_sdo_ipc_transports_TransportShmSetup_Module__state__V                  
8285ba60  ti_sysbios_family_c66_tci66xx_CpIntc_Module_State_0_initSIER__A           
8285ba74  xdc_runtime_Memory_Module__state__V                                       
8285ba78  cpsgmiiPortBaseAddr                                                       
8285ba88  ti_sysbios_family_c66_tci66xx_CpIntc_Module_State_0_controller__A         
8285ba98  ti_sysbios_family_c66_tci66xx_CpIntc_Module__state__V                     
8285baa8  ti_sysbios_gates_GateAll_Object__table__V                                 
8285bab8  xdc_runtime_System_Module_State_0_atexitHandlers__A                       
8285bac8  __TI_cleanup_ptr                                                          
8285bacc  __TI_dtors_ptr                                                            
8285bad0  __TI_enable_exit_profile_output                                           
8285bad4  ti_sdo_ipc_Ipc_Module__state__V                                           
8285bae0  ti_sdo_utils_NameServer_Module__state__V                                  
8285baec  xdc_runtime_Error_Module__state__V                                        
8285baf0  ti_sysbios_gates_GateSwi_Object__table__V                                 
8285bafc  xdc_runtime_SysMin_Module__state__V                                       
8285bb08  ti_sdo_ipc_GateMP_Module__root__V                                         
8285bb10  ti_sdo_ipc_ListMP_Module__root__V                                         
8285bb18  ti_sdo_ipc_MessageQ_Module_State_0_transports__A                          
8285bb20  ti_sdo_ipc_MessageQ_Module__root__V                                       
8285bb28  ti_sdo_ipc_Notify_Module__root__V                                         
8285bb30  ti_sdo_ipc_Notify_Module__state__V                                        
8285bb38  ti_sdo_ipc_gates_GateHWSem_Module__root__V                                
8285bb40  ti_sdo_ipc_gates_GateMPSupportNull_Module__root__V                        
8285bb48  ti_sdo_ipc_gates_GatePeterson_Module__root__V                             
8285bb50  ti_sdo_ipc_heaps_HeapMemMP_Module__root__V                                
8285bb58  ti_sdo_ipc_nsremote_NameServerRemoteNotify_Module__root__V                
8285bb60  ti_sdo_ipc_transports_TransportShm_Module__root__V                        
8285bb68  ti_sdo_utils_List_Module__root__V                                         
8285bb70  ti_sdo_utils_MultiProc_Module__state__V                                   
8285bb78  ti_sdo_utils_NameServer_Module__root__V                                   
8285bb80  ti_sysbios_family_c64p_Hwi_Module__root__V                                
8285bb88  ti_sysbios_gates_GateAll_Module__root__V                                  
8285bb90  ti_sysbios_gates_GateHwi_Module__root__V                                  
8285bb98  ti_sysbios_gates_GateMutexPri_Module__root__V                             
8285bba0  ti_sysbios_gates_GateMutex_Module__root__V                                
8285bba8  ti_sysbios_gates_GateSwi_Module__root__V                                  
8285bbb0  ti_sysbios_hal_Hwi_Object__table__V                                       
8285bbb8  ti_sysbios_heaps_HeapMem_Module__root__V                                  
8285bbc0  ti_sysbios_knl_Queue_Module__root__V                                      
8285bbc8  ti_sysbios_knl_Semaphore_Module__root__V                                  
8285bbd0  ti_sysbios_knl_Swi_Module__root__V                                        
8285bbd8  ti_sysbios_knl_Task_Module__root__V                                       
8285bbe0  ti_sysbios_syncs_SyncSem_Module__root__V                                  
8285bbe8  ti_sysbios_xdcruntime_GateThreadSupport_Module__root__V                   
8285bbf0  uart_stdio                                                                
8285bbf8  xdc_runtime_GateNull_Module__root__V                                      
8285bc00  xdc_runtime_LoggerBuf_Module__root__V                                     
8285bc08  xdc_runtime_Registry_Module__state__V                                     
8285bc10  xdc_runtime_Startup_Module__state__V                                      
8285bc18  xdc_runtime_System_Module__state__V                                       
8285bc20  xdc_runtime_knl_GateThread_Module__root__V                                
8285bc28  xdc_runtime_LoggerBuf_Module__state__V                                    
8285bc30  ti_sdo_ipc_Notify_Module_State_0_notifyHandles_0__A                       
8285bc38  ti_sdo_ipc_Notify_Module_State_0_notifyHandles__A                         
8285bc40  ti_sdo_ipc_transports_TransportShmSetup_Module_State_0_handles__A         
8285bc48  ti_sdo_utils_NameServer_Module_State_0_nsRemoteHandle__A                  
8285bc50  ti_sysbios_gates_GateHwi_Object__table__V                                 
8285bc58  ti_sysbios_knl_Task_Module_State_0_idleTask__A                            
8285bc60  xdc_runtime_GateNull_Object__table__V                                     
8285bc68  ti_sdo_utils_MultiProc_Module_State_0_clusterProcList__A                  
8285bdf8  __CIOBUF_                                                                 
8285bf18  __TI_STATIC_BASE                                                          
8285bf1c  Ipc_sr0MemorySetup                                                        
8285bf20  cppiHnd                                                                   
8285bf24  freeQueHnd                                                                
8285bf28  hAppManagedSrioDrv                                                        
8285bf2c  rxChHnd                                                                   
8285bf30  rx_flowhnd                                                                
8285bf34  txChHnd                                                                   
8285bf38  txQueHnd                                                                  
8285bf40  srio_device_ID1                                                           
8285bf44  srio_device_ID2                                                           
8285bf48  srio_device_ID3                                                           
8285bf4c  srio_work_mode                                                            
8285bf50  srio_refClockMhz                                                          
8285bf54  srio_laneSpeedGbps                                                        
8285bf58  srio_lanesMode                                                            
8285bf5c  srio_isBoardToBoard                                                       
8285bf60  srio_usePolledMode                                                        
8285bf64  fpga0ControlSocket                                                        
8285bf68  fpga1ControlSocket                                                        
8285bf6c  qmssMallocCounter                                                         
8285bf70  qmssFreeCounter                                                           
8285bf74  cppiMallocCounter                                                         
8285bf78  cppiFreeCounter                                                           
8285bf7c  rmMallocCounter                                                           
8285bf80  rmFreeCounter                                                             
8285bf84  gOsalSemAllocCnt                                                          
8285bf88  gOsalSemPeak                                                              
8285bf8c  gOsalTimerAllocCnt                                                        
8285bf90  gOsalTimerPeak                                                            
8285bf94  gOsalHwiAllocCnt                                                          
8285bf98  gOsalHwiPeak                                                              
8285bfa0  dataLen                                                                   
8285bfa4  core_ID                                                                   
8285bfa8  TEST_TIME                                                                 
8285bfb0  gDataBufferMemMgrMaxSize                                                  
8285bfb4  malloc_counter                                                            
8285bfb8  free_counter                                                              
8285bfbc  platform_errno                                                            
8285bfc0  platform_init_return_code                                                 
8285bfc4  core_name                                                                 
8285bfc8  core_id                                                                   
8285c000  ti_sysbios_family_c64p_Hwi0                                               
8285c000  ti_sysbios_family_c64p_Hwi_int0                                           
8285c020  ti_sysbios_family_c64p_Hwi_int1                                           
8285c040  ti_sysbios_family_c64p_Hwi_int2                                           
8285c060  ti_sysbios_family_c64p_Hwi_int3                                           
8285c080  ti_sysbios_family_c64p_Hwi_int4                                           
8285c0a0  ti_sysbios_family_c64p_Hwi_int5                                           
8285c0c0  ti_sysbios_family_c64p_Hwi_int6                                           
8285c0e0  ti_sysbios_family_c64p_Hwi_int7                                           
8285c100  ti_sysbios_family_c64p_Hwi_int8                                           
8285c120  ti_sysbios_family_c64p_Hwi_int9                                           
8285c140  ti_sysbios_family_c64p_Hwi_int10                                          
8285c160  ti_sysbios_family_c64p_Hwi_int11                                          
8285c180  ti_sysbios_family_c64p_Hwi_int12                                          
8285c1a0  ti_sysbios_family_c64p_Hwi_int13                                          
8285c1c0  ti_sysbios_family_c64p_Hwi_int14                                          
8285c1e0  ti_sysbios_family_c64p_Hwi_int15                                          
8285dbe0  __TI_Handler_Table_Base                                                   
8285dbe8  __TI_CINIT_Base                                                           
8285dbe8  __TI_Handler_Table_Limit                                                  
8285dc38  __TI_CINIT_Limit                                                          
ffffffff  __TI_pprof_out_hndl                                                       
ffffffff  __TI_prof_data_size                                                       
ffffffff  __TI_prof_data_start                                                      
ffffffff  __binit__                                                                 
ffffffff  __c_args__                                                                
ffffffff  binit                                                                     
UNDEFED   __TI_INITARRAY_Base                                                       
UNDEFED   __TI_INITARRAY_Limit                                                      
UNDEFED   __TI_TLS_INIT_Base                                                        
UNDEFED   __TI_TLS_INIT_Limit                                                       

[1741 symbols]
