******************************************************************************
               TMS320C6x Linker PC v8.3.2                      
******************************************************************************
>> Linked Tue Jul 16 17:29:16 2019

OUTPUT FILE NAME:   <5G_basic_platform_master.out>
ENTRY POINT SYMBOL: "_c_int00"  address: 8282c160


MEMORY CONFIGURATION

         name            origin    length      used     unused   attr    fill
----------------------  --------  ---------  --------  --------  ----  --------
  L2SRAM                00800000   00080000  0000a098  00075f68  RW X
  MSMCSRAM              0c000000   00400000  00207902  001f86fe  RW X
  SRIO                  80000000   02800800  00000000  02800800  RW X
  DDR                   82800800   017fd800  0004ef76  017ae88a  RW X
  CORE1DDR              84000000   04000000  00000000  04000000  RW X


SEGMENT ALLOCATION MAP

run origin  load origin   length   init length attrs members
----------  ----------- ---------- ----------- ----- -------
00800000    00800000    0000a098   00000000    rw-
  00800000    00800000    00006098   00000000    rw- .L2RAM
  00806098    00806098    00004000   00000000    rw- .stack
0c200000    0c200000    00006882   00000000    rw-
  0c200000    0c200000    00006882   00000000    rw- .qmss
0c206900    0c206900    00001080   00000000    rw-
  0c206900    0c206900    00000f80   00000000    rw- .cppi
  0c207880    0c207880    00000100   00000000    rw- .srioSharedMem
82800800    82800800    00032120   00032120    r-x
  82800800    82800800    00032120   00032120    r-x .text
82832920    82832920    000112c2   00000000    rw-
  82832920    82832920    000112c2   00000000    rw- .far
82843be8    82843be8    00005a10   00005a10    r--
  82843be8    82843be8    000059fc   000059fc    r-- .const
  828495e4    828495e4    00000014   00000014    r-- .switch.1
82849600    82849600    000047e2   00000000    rw-
  82849600    82849600    000047e2   00000000    rw- .fardata
8284dde4    8284dde4    00000120   00000120    r--
  8284dde4    8284dde4    00000120   00000120    r-- .switch.2
8284df08    8284df08    00000084   00000000    rw-
  8284df08    8284df08    00000020   00000000    rw- .bss
  8284df28    8284df28    00000064   00000000    rw- .neardata
8284df8c    8284df8c    00000006   00000000    r--
  8284df8c    8284df8c    00000006   00000000    r-- .rodata
8284e000    8284e000    00000200   00000200    r-x
  8284e000    8284e000    00000200   00000200    r-x .vecs
8284e200    8284e200    00000120   00000000    rw-
  8284e200    8284e200    00000120   00000000    rw- .cio
8284e320    8284e320    000014d8   000014d8    r--
  8284e320    8284e320    000014d8   000014d8    r-- .cinit


SECTION ALLOCATION MAP

 output                                  attributes/
section   page    origin      length       input sections
--------  ----  ----------  ----------   ----------------
ti.sdo.ipc.SharedRegion_0 
*          0    0c000000    00200000     NOLOAD SECTION
                  0c000000    00200000     --HOLE--

.L2RAM     0    00800000    00006098     UNINITIALIZED
                  00800000    00006000     qmss_init.obj (.L2RAM:uninit)
                  00806000    00000070     core_2_core_interface.obj (.L2RAM)
                  00806070    00000018     qmss_init.obj (.L2RAM:init)
                  00806088    00000010     bb_interface.obj (.L2RAM)

.stack     0    00806098    00004000     UNINITIALIZED
                  00806098    00000008     boot.ae66 : boot.oe66 (.stack)
                  008060a0    00003ff8     --HOLE--

.bss       0    8284df08    00000020     UNINITIALIZED
                  8284df08    00000004     (.common:Ipc_sr0MemorySetup)
                  8284df0c    00000004     (.common:cppiHnd)
                  8284df10    00000004     (.common:freeQueHnd)
                  8284df14    00000004     (.common:hAppManagedSrioDrv)
                  8284df18    00000004     (.common:rxChHnd)
                  8284df1c    00000004     (.common:rx_flowhnd)
                  8284df20    00000004     (.common:txChHnd)
                  8284df24    00000004     (.common:txQueHnd)

.neardata 
*          0    8284df28    00000064     UNINITIALIZED
                  8284df28    0000002c     srio_init.obj (.neardata)
                  8284df54    00000018     qmss_osal.obj (.neardata)
                  8284df6c    00000004     --HOLE--
                  8284df70    00000010     main.obj (.neardata)
                  8284df80    0000000c     srio_osal.obj (.neardata)

.rodata    0    8284df8c    00000006     UNINITIALIZED
                  8284df8c    00000006     main.obj (.rodata)

.cinit     0    8284e320    000014d8     
                  8284e320    00001404     (.cinit..fardata.load) [load image, compression = rle]
                  8284f724    0000002f     (.cinit..neardata.load) [load image, compression = rle]
                  8284f753    0000000d     (.cinit..far.load) [load image, compression = rle]
                  8284f760    0000000c     (.cinit..rodata.load) [load image, compression = rle]
                  8284f76c    0000000b     (.cinit..L2RAM.load) [load image, compression = rle]
                  8284f777    0000000b     (.cinit..cppi.load) [load image, compression = rle]
                  8284f782    0000000b     (.cinit..qmss.load) [load image, compression = rle]
                  8284f78d    0000000b     (.cinit..srioSharedMem.load) [load image, compression = rle]
                  8284f798    00000009     (.cinit..bss.load) [load image, compression = rle]
                  8284f7a1    00000003     --HOLE-- [fill = 0]
                  8284f7a4    00000008     (__TI_handler_table)
                  8284f7ac    00000004     --HOLE-- [fill = 0]
                  8284f7b0    00000048     (__TI_cinit_table)

.init_array 
*          0    82800800    00000000     UNINITIALIZED

.qmss      0    0c200000    00006882     UNINITIALIZED
                  0c200000    00006880     ti.drv.qmss.ae66 : qmss_drv.oe66 (.qmss:uninit)
                  0c206880    00000002                      : qmss_drv.oe66 (.qmss:init)

.cppi      0    0c206900    00000f80     UNINITIALIZED
                  0c206900    00000f80     ti.drv.cppi.ae66 : cppi_drv.oe66 (.cppi)

.srioSharedMem 
*          0    0c207880    00000100     UNINITIALIZED
                  0c207880    00000100     ti.drv.srio.ae66 : srio_drv.oe66 (.srioSharedMem)

.vecs      0    8284e000    00000200     
                  8284e000    00000200     app_pe66.oe66 (.vecs)

xdc.meta   0    82800800    000000f0     COPY SECTION
                  82800800    000000f0     app_pe66.oe66 (xdc.meta)

.text      0    82800800    00032120     
                  82800800    00002680     srio_init.obj (.text)
                  82802e80    00001fe0     rts6600_elf.lib : _printfi.c.obj (.text:__TI_printfi)
                  82804e60    00000ea0     ti.drv.qmss.ae66 : qmss_drv.oe66 (.text:Qmss_insertMemoryRegionSubSys)
                  82805d00    00000ce0     srio_laneconfig.obj (.text)
                  828069e0    00000ca0     core_2_core_interface.obj (.text)
                  82807680    00000c60     ipc.ae66 : Ipc.obj (.text:ti_sdo_ipc_GateMP_Instance_init__E)
                  828082e0    00000c20     qmss_init.obj (.text)
                  82808f00    00000b80     ti.drv.srio.ae66 : srio_drv.oe66 (.text:Srio_processDrvConfig:Srio_processDrvConfig)
                  82809a80    00000960     ti.drv.qmss.ae66 : qmss_drv.oe66 (.text:Qmss_initSubSys)
                  8280a3e0    00000920     srio_osal.obj (.text)
                  8280ad00    000008c0     ti.drv.qmss.ae66 : qmss_drv.oe66 (.text:Qmss_internalQueueOpen)
                  8280b5c0    000008a0     ti.targets.rts6000.ae66 : System.oe66 (.text:xdc_runtime_System_doPrint__I)
                  8280be60    00000780     sysbios.ae66 : BIOS.obj (.text:ti_sysbios_family_c64p_Exception_handler__I)
                  8280c5e0    00000740     ipc.ae66 : Ipc.obj (.text:MessageQ_put)
                  8280cd20    00000740     sysbios.ae66 : BIOS.obj (.text:ti_sysbios_knl_Semaphore_pend__E)
                  8280d460    00000720     ti.drv.cppi.ae66 : cppi_drv.oe66 (.text:Cppi_configureRxFlow)
                  8280db80    00000700     sysbios.ae66 : BIOS.obj (.text:ti_sysbios_timers_timer64_Timer_Module_startup__E)
                  8280e280    000006e0     main.obj (.text)
                  8280e960    000006c0     qmss_osal.obj (.text)
                  8280f020    00000640     ipc.ae66 : Ipc.obj (.text:Ipc_attach)
                  8280f660    00000640     rts6600_elf.lib : _printfi.c.obj (.text:_pconv_a)
                  8280fca0    00000620     ti.drv.srio.ae66 : srio_drv.oe66 (.text:Srio_sockSend_DIO:Srio_sockSend_DIO)
                  828102c0    00000620     bb_interface.obj (.text)
                  828108e0    00000620     ipc.ae66 : Ipc.obj (.text:ti_sdo_ipc_heaps_HeapMemMP_alloc__E)
                  82810f00    00000620     sysbios.ae66 : BIOS.obj (.text:ti_sysbios_heaps_HeapMem_allocUnprotected__E)
                  82811520    00000600     ti.drv.cppi.ae66 : cppi_drv.oe66 (.text:Cppi_txChannelOpenWithHwCfg)
                  82811b20    00000600     rts6600_elf.lib : divd.c.obj (.text:__c6xabi_divd)
                  82812120    00000600     ipc.ae66 : Ipc.obj (.text:ti_sdo_ipc_GateMP_setRegion0Reserved__F)
                  82812720    00000600              : Ipc.obj (.text:ti_sdo_ipc_transports_TransportShm_Instance_init__E)
                  82812d20    000005c0     sysbios.ae66 : BIOS.obj (.text:ti_sysbios_heaps_HeapMem_freeUnprotected__E)
                  828132e0    000005a0     ipc.ae66 : Ipc.obj (.text:ti_sdo_ipc_ListMP_Instance_init__E)
                  82813880    000005a0              : Ipc.obj (.text:ti_sdo_ipc_nsremote_NameServerRemoteNotify_Instance_init__E)
                  82813e20    00000560              : Ipc.obj (.text:ti_sdo_ipc_GateMP_Instance_finalize__E)
                  82814380    00000540     ti.drv.cppi.ae66 : cppi_drv.oe66 (.text:Cppi_rxChannelOpen)
                  828148c0    00000540     ipc.ae66 : Ipc.obj (.text:ti_sdo_ipc_heaps_HeapMemMP_free__E)
                  82814e00    00000500     ti.drv.srio.ae66 : srio_drv.oe66 (.text:Srio_start:Srio_start)
                  82815300    00000500     sysbios.ae66 : BIOS.obj (.text:ti_sysbios_knl_Task_Instance_finalize__E)
                  82815800    000004c0     ipc.ae66 : Ipc.obj (.text:ti_sdo_ipc_heaps_HeapMemMP_Instance_init__E)
                  82815cc0    000004a0     ti.drv.cppi.ae66 : cppi_desc.oe66 (.text:Cppi_initDescriptorSubSys)
                  82816160    00000480                      : cppi_drv.oe66 (.text:Cppi_init)
                  828165e0    00000480     ipc.ae66 : Ipc.obj (.text:NameServer_add)
                  82816a60    00000480     sysbios.ae66 : BIOS.obj (.text:ti_sysbios_gates_GateMutexPri_enter__E)
                  82816ee0    00000460                  : BIOS.obj (.text:ti_sysbios_knl_Task_sleep__E)
                  82817340    00000440     ti.drv.srio.ae66 : srio_drv.oe66 (.text:Srio_sockBind_DIO:Srio_sockBind_DIO)
                  82817780    00000440     rts6600_elf.lib : _printfi.c.obj (.text:_pconv_g)
                  82817bc0    00000420     ipc.ae66 : Ipc.obj (.text:Notify_sendEvent)
                  82817fe0    00000420     sysbios.ae66 : BIOS.obj (.text:ti_sysbios_knl_Task_setPri__E)
                  82818400    00000400     ipc.ae66 : Ipc.obj (.text:Notify_registerEventSingle)
                  82818800    00000400     ti.drv.srio.ae66 : srio_drv.oe66 (.text:Srio_sockOpen:Srio_sockOpen)
                  82818c00    00000400     ipc.ae66 : Ipc.obj (.text:ti_sdo_ipc_nsremote_NameServerRemoteNotify_get__F)
                  82819000    000003e0              : Ipc.obj (.text:Notify_unregisterEventSingle)
                  828193e0    000003e0              : Ipc.obj (.text:ti_sdo_ipc_MessageQ_Instance_init__E)
                  828197c0    000003c0     sysbios.ae66 : BIOS.obj (.text:ti_sysbios_knl_Task_Instance_init__E)
                  82819b80    000003a0                  : BIOS.obj (.text:ti_sysbios_family_c66_Cache_startup__I)
                  82819f20    00000340     ti.drv.srio.ae66 : srio_drv.oe66 (.text:Srio_initCfg)
                  8281a260    00000340     ipc.ae66 : Ipc.obj (.text:ti_sdo_ipc_gates_GatePeterson_Instance_init__E)
                  8281a5a0    00000340     sysbios.ae66 : BIOS.obj (.text:ti_sysbios_family_c66_tci66xx_CpIntc_Module_startup__E)
                  8281a8e0    00000320     ti.drv.cppi.ae66 : cppi_drv.oe66 (.text:Cppi_open)
                  8281ac00    00000320     sysbios.ae66 : BIOS.obj (.text:ti_sysbios_timers_timer64_Timer_deviceConfig__I)
                  8281af20    00000300     ipc.ae66 : Ipc.obj (.text:ti_sdo_ipc_Notify_Instance_init__E)
                  8281b220    00000300     sysbios.ae66 : BIOS.obj (.text:ti_sysbios_knl_Swi_runLoop__I)
                  8281b520    00000300                  : BIOS.obj (.text:ti_sysbios_knl_Task_Module_startup__E)
                  8281b820    000002e0     ipc.ae66 : Ipc.obj (.text:ListMP_getHead)
                  8281bb00    000002e0     ti.drv.qmss.ae66 : qmss_drv.oe66 (.text:Qmss_internalRmStartIndex)
                  8281bde0    000002e0     ti.drv.srio.ae66 : srio_drv.oe66 (.text:Srio_sockBind_TYPE11:Srio_sockBind_TYPE11)
                  8281c0c0    000002e0                      : srio_drv.oe66 (.text:Srio_sockSend_TYPE9:Srio_sockSend_TYPE9)
                  8281c3a0    000002e0     ipc.ae66 : Ipc.obj (.text:ti_sdo_ipc_SharedRegion_reserveMemory__F)
                  8281c680    000002e0     sysbios.ae66 : BIOS.obj (.text:ti_sysbios_heaps_HeapMem_Instance_init__E)
                  8281c960    000002c0     ti.drv.srio.ae66 : srio_drv.oe66 (.text:Srio_sockSend_TYPE11:Srio_sockSend_TYPE11)
                  8281cc20    000002c0     rts6600_elf.lib : _printfi.c.obj (.text:fcvt)
                  8281cee0    000002c0     ipc.ae66 : Ipc.obj (.text:ti_sdo_ipc_heaps_HeapMemMP_postInit__I)
                  8281d1a0    000002c0     sysbios.ae66 : BIOS.obj (.text:ti_sysbios_knl_Clock_workFunc__E)
                  8281d460    000002c0     ti.targets.rts6000.ae66 : LoggerBuf.oe66 (.text:xdc_runtime_LoggerBuf_write8__E)
                  8281d720    000002a0     ti.drv.srio.ae66 : srio_drv.oe66 (.text:Srio_sockBind_TYPE9:Srio_sockBind_TYPE9)
                  8281d9c0    000002a0     rts6600_elf.lib : _printfi.c.obj (.text:_pconv_e)
                  8281dc60    000002a0     ipc.ae66 : Ipc.obj (.text:ti_sdo_ipc_MessageQ_registerTransport__F)
                  8281df00    000002a0              : Ipc.obj (.text:ti_sdo_ipc_MessageQ_unregisterTransport__F)
                  8281e1a0    000002a0              : Ipc.obj (.text:ti_sdo_utils_NameServer_registerRemoteDriver__E)
                  8281e440    000002a0              : Ipc.obj (.text:ti_sdo_utils_NameServer_unregisterRemoteDriver__E)
                  8281e6e0    00000280     ti.drv.qmss.ae66 : qmss_drv.oe66 (.text:Qmss_internalQueueClose)
                  8281e960    00000280     ipc.ae66 : Ipc.obj (.text:ti_sdo_utils_NameServer_isRegistered__E)
                  8281ebe0    00000260     sysbios.ae66 : BIOS.obj (.text:ti_sysbios_family_c64p_Hwi_dispatchCore__I)
                  8281ee40    00000260                  : BIOS.obj (.text:ti_sysbios_knl_Semaphore_post__E)
                  8281f0a0    00000260     ti.targets.rts6000.ae66 : Startup.oe66 (.text:xdc_runtime_Startup_startMods__I)
                  8281f300    00000240     rts6600_elf.lib : imath64.c.obj (.text:__c6xabi_divull)
                  8281f540    00000240     sysbios.ae66 : BIOS.obj (.text:ti_sysbios_family_c64p_Exception_internalHandler__I)
                  8281f780    00000240     ti.targets.rts6000.ae66 : Core-mem.oe66 (.text:xdc_runtime_Core_createObject__I)
                  8281f9c0    00000240     app_pe66.oe66 (.text:xdc_runtime_System_printfExtend__I)
                  8281fc00    00000220     ipc.ae66 : Ipc.obj (.text:ListMP_putTail)
                  8281fe20    00000220              : Ipc.obj (.text:SharedRegion_getPtr)
                  82820040    00000220              : Ipc.obj (.text:SharedRegion_getSRPtr)
                  82820260    00000220     sysbios.ae66 : BIOS.obj (.text:ti_sysbios_knl_Swi_run__I)
                  82820480    00000220                  : BIOS.obj (.text:ti_sysbios_timers_timer64_Timer_setPeriodMicroSecs__E)
                  828206a0    00000200     ipc.ae66 : Ipc.obj (.text:GateMP_openByAddr)
                  828208a0    00000200              : Ipc.obj (.text:HeapMemMP_sharedMemReq)
                  82820aa0    00000200              : Ipc.obj (.text:Ipc_start)
                  82820ca0    00000200              : Ipc.obj (.text:SharedRegion_getEntry)
                  82820ea0    00000200     ti.drv.srio.ae66 : srio_drv.oe66 (.text:Srio_dioCompletionIsr:Srio_dioCompletionIsr)
                  828210a0    00000200     sysbios.ae66 : c64p_Hwi_disp_always.obj (.text:_ti_sysbios_family_c64p_Hwi_dispatchAlways)
                  828212a0    00000200     ti.drv.cppi.ae66 : cppi_heap.oe66 (.text:cppi_internal_heap_add)
                  828214a0    00000200     ipc.ae66 : Ipc.obj (.text:ti_sdo_ipc_SharedRegion_start__F)
                  828216a0    00000200              : Ipc.obj (.text:ti_sdo_ipc_nsremote_NameServerRemoteNotify_swiFxnRequest__I)
                  828218a0    00000200     ti.targets.rts6000.ae66 : Error.oe66 (.text:xdc_runtime_Error_policyDefault__E)
                  82821aa0    000001e0     ipc.ae66 : Ipc.obj (.text:GateMP_sharedMemReq)
                  82821c80    000001e0     ti.drv.qmss.ae66 : qmss_drv.oe66 (.text:Qmss_internaldownloadFirmware)
                  82821e60    000001e0     sysbios.ae66 : BIOS.obj (.text:ti_sysbios_gates_GateMutex_enter__E)
                  82822040    000001e0     ti.targets.rts6000.ae66 : LoggerBuf.oe66 (.text:xdc_runtime_LoggerBuf_write4__E)
                  82822220    000001e0                             : Text.oe66 (.text:xdc_runtime_Text_putSite__E)
                  82822400    000001c0     rts6600_elf.lib : imath40.c.obj (.text:__c6xabi_divul)
                  828225c0    000001c0                     : _printfi.c.obj (.text:_ltostr)
                  82822780    000001c0     ipc.ae66 : Ipc.obj (.text:ti_sdo_ipc_Ipc_procSyncStart__I)
                  82822940    000001c0     sysbios.ae66 : BIOS.obj (.text:ti_sysbios_knl_Task_checkStacks__E)
                  82822b00    000001c0                  : BIOS.obj (.text:ti_sysbios_timers_timer64_Timer_getFreq__E)
                  82822cc0    000001c0                  : BIOS.obj (.text:ti_sysbios_timers_timer64_Timer_start__E)
                  82822e80    000001a0     ipc.ae66 : Ipc.obj (.text:GateMP_enter)
                  82823020    000001a0              : Ipc.obj (.text:GateMP_leave)
                  828231c0    000001a0              : Ipc.obj (.text:NameServer_getLocal)
                  82823360    000001a0     ti.drv.qmss.ae66 : qmss_acc.oe66 (.text:Qmss_cfgAccumulatorCh)
                  82823500    000001a0     rts6600_elf.lib : frexp.c.obj (.text:frexp)
                  828236a0    000001a0                     : s_scalbn.c.obj (.text:scalbn)
                  82823840    000001a0     ipc.ae66 : Ipc.obj (.text:ti_sdo_ipc_transports_TransportShm_Instance_finalize__E)
                  828239e0    000001a0              : Ipc.obj (.text:ti_sdo_ipc_transports_TransportShm_openByAddr__E)
                  82823b80    000001a0              : Ipc.obj (.text:ti_sdo_ipc_transports_TransportShm_put__E)
                  82823d20    000001a0     sysbios.ae66 : BIOS.obj (.text:ti_sysbios_family_c66_Cache_block__I)
                  82823ec0    000001a0                  : BIOS.obj (.text:ti_sysbios_family_c66_Cache_getL2InitSize__I)
                  82824060    000001a0                  : BIOS.obj (.text:ti_sysbios_knl_Task_schedule__I)
                  82824200    000001a0     ti.targets.rts6000.ae66 : Core-smem.oe66 (.text:xdc_runtime_Core_constructObject__I)
                  828243a0    00000180     ipc.ae66 : Ipc.obj (.text:NameServer_getHandle)
                  82824520    00000180     sysbios.ae66 : c64p_Exception_asm.obj (.text)
                  828246a0    00000180     ipc.ae66 : Ipc.obj (.text:ti_sdo_ipc_GateMP_attach__F)
                  82824820    00000180     sysbios.ae66 : BIOS.obj (.text:ti_sysbios_knl_Swi_Instance_init__E)
                  828249a0    00000180                  : BIOS.obj (.text:ti_sysbios_knl_Task_exit__E)
                  82824b20    00000180                  : BIOS.obj (.text:ti_sysbios_knl_Task_startCore__E)
                  82824ca0    00000180                  : BIOS.obj (.text:ti_sysbios_syncs_SyncSem_Instance_init__E)
                  82824e20    00000160     ti.drv.qmss.ae66 : qmss_drv.oe66 (.text:Qmss_startSubSysCfg)
                  82824f80    00000160     ipc.ae66 : Ipc.obj (.text:ti_sdo_ipc_GateMP_openRegion0Reserved__F)
                  828250e0    00000160              : Ipc.obj (.text:ti_sdo_ipc_MessageQ_Instance_finalize__E)
                  82825240    00000160     sysbios.ae66 : BIOS.obj (.text:ti_sysbios_family_c64p_Hwi_Module_startup__E)
                  828253a0    00000160                  : BIOS.obj (.text:ti_sysbios_knl_Swi_post__E)
                  82825500    00000160     ti.targets.rts6000.ae66 : Text.oe66 (.text:xdc_runtime_Text_putMod__E)
                  82825660    00000140     ipc.ae66 : Ipc.obj (.text:ListMP_remove)
                  828257a0    00000140              : Ipc.obj (.text:ListMP_sharedMemReq)
                  828258e0    00000140              : Ipc.obj (.text:MessageQ_create)
                  82825a20    00000140              : Ipc.obj (.text:Notify_intLineRegistered)
                  82825b60    00000140     ti.drv.qmss.ae66 : qmss_drv.oe66 (.text:Qmss_rmServiceGroups)
                  82825ca0    00000140     ipc.ae66 : Ipc.obj (.text:SharedRegion_getCacheLineSize)
                  82825de0    00000140              : Ipc.obj (.text:SharedRegion_getHeap)
                  82825f20    00000140              : Ipc.obj (.text:SharedRegion_isCacheEnabled)
                  82826060    00000140     ti.drv.srio.ae66 : srio_drv.oe66 (.text:Srio_rmService)
                  828261a0    00000140                      : srio_drv.oe66 (.text:Srio_validateBindingId:Srio_validateBindingId)
                  828262e0    00000140     ipc.ae66 : Ipc.obj (.text:ti_sdo_ipc_GateMP_createLocal__F)
                  82826420    00000140              : Ipc.obj (.text:ti_sdo_ipc_GateMP_getFreeResource__I)
                  82826560    00000140              : Ipc.obj (.text:ti_sdo_ipc_gates_GatePeterson_enter__E)
                  828266a0    00000140              : Ipc.obj (.text:ti_sdo_ipc_nsremote_NameServerRemoteNotify_attach__E)
                  828267e0    00000140              : Ipc.obj (.text:ti_sdo_ipc_nsremote_NameServerRemoteNotify_cbFxn__I)
                  82826920    00000140     sysbios.ae66 : BIOS.obj (.text:ti_sysbios_gates_GateSwi_enter__E)
                  82826a60    00000140                  : BIOS.obj (.text:ti_sysbios_knl_Semaphore_Instance_init__E)
                  82826ba0    00000140                  : BIOS.obj (.text:ti_sysbios_knl_Task_blockI__E)
                  82826ce0    00000140                  : BIOS.obj (.text:ti_sysbios_knl_Task_postInit__I)
                  82826e20    00000140     ti.targets.rts6000.ae66 : Core-mem.oe66 (.text:xdc_runtime_Core_deleteObject__I)
                  82826f60    00000140                             : LoggerBuf.oe66 (.text:xdc_runtime_LoggerBuf_setFilterLevel__E)
                  828270a0    00000140                             : Text.oe66 (.text:xdc_runtime_Text_putLab__E)
                  828271e0    00000120     ti.csl.ae66 : csl_chip.oe66 (.text:CSL_chipReadReg)
                  82827300    00000120     ipc.ae66 : Ipc.obj (.text:GateMP_close)
                  82827420    00000120     ti.drv.qmss.ae66 : qmss_drv.oe66 (.text:Qmss_getMemoryRegionCfg)
                  82827540    00000120                      : qmss_acc.oe66 (.text:Qmss_openAccumulatorChSubSys)
                  82827660    00000120                      : qmss_drv.oe66 (.text:Qmss_rmService)
                  82827780    00000120     boot.ae66 : autoinit.oe66 (.text:_auto_init_elf)
                  828278a0    00000120     rts6600_elf.lib : _printfi.c.obj (.text:_pconv_f)
                  828279c0    00000120     ti.drv.cppi.ae66 : cppi_drv.oe66 (.text:cppiRmService)
                  82827ae0    00000120     ipc.ae66 : Ipc.obj (.text:ti_sdo_ipc_Notify_Module_startup__E)
                  82827c00    00000120     app_pe66.oe66 (.text:ti_sdo_ipc_Notify_create)
                  82827d20    00000120     ipc.ae66 : Ipc.obj (.text:ti_sdo_ipc_gates_GateHWSem_Instance_init__E)
                  82827e40    00000120              : Ipc.obj (.text:ti_sdo_utils_NameServer_removeLocal__I)
                  82827f60    00000120     sysbios.ae66 : BIOS.obj (.text:ti_sysbios_knl_Swi_restoreHwi__E)
                  82828080    00000120     ti.targets.rts6000.ae66 : LoggerBuf.oe66 (.text:xdc_runtime_LoggerBuf_getFilterLevel__E)
                  828281a0    00000100     rts6600_elf.lib : copy_decompress_rle.c.obj (.text:__TI_decompress_rle_core)
                  828282a0    00000100                     : _printfi.c.obj (.text:_mcpy)
                  828283a0    00000100                     : atoi.c.obj (.text:atoi)
                  828284a0    00000100     ipc.ae66 : Ipc.obj (.text:ti_sdo_ipc_Ipc_procSyncFinish__I)
                  828285a0    00000100              : Ipc.obj (.text:ti_sdo_ipc_Notify_exec__F)
                  828286a0    00000100              : Ipc.obj (.text:ti_sdo_ipc_SharedRegion_attach__F)
                  828287a0    00000100              : Ipc.obj (.text:ti_sdo_ipc_gates_GateHWSem_enter__E)
                  828288a0    00000100              : Ipc.obj (.text:ti_sdo_ipc_heaps_HeapMemMP_getStats__E)
                  828289a0    00000100     sysbios.ae66 : BIOS.obj (.text:ti_sysbios_gates_GateMutexPri_leave__E)
                  82828aa0    00000100                  : BIOS.obj (.text:ti_sysbios_knl_Task_unblockI__E)
                  82828ba0    00000100                  : BIOS.obj (.text:ti_sysbios_timers_timer64_Timer_initDevice__I)
                  82828ca0    00000100                  : BIOS.obj (.text:ti_sysbios_xdcruntime_GateThreadSupport_leave__E)
                  82828da0    00000100     ti.targets.rts6000.ae66 : Error.oe66 (.text:xdc_runtime_Error_print__E)
                  82828ea0    00000100                             : Memory.oe66 (.text:xdc_runtime_Memory_alloc__E)
                  82828fa0    00000100                             : Startup.oe66 (.text:xdc_runtime_Startup_exec__E)
                  828290a0    000000e0     rts6600_elf.lib : hostwrite.c.obj (.text:HOSTwrite)
                  82829180    000000e0     ipc.ae66 : Ipc.obj (.text:HeapMemMP_openByAddr)
                  82829260    000000e0              : Ipc.obj (.text:ListMP_openByAddr)
                  82829340    000000e0              : Ipc.obj (.text:MessageQ_Params_init__S)
                  82829420    000000e0     ti.drv.qmss.ae66 : qmss_drv.oe66 (.text:Qmss_rmNameService)
                  82829500    000000e0     rts6600_elf.lib : exit.c.obj (.text:exit)
                  828295e0    000000e0                     : ltoa.c.obj (.text:ltoa)
                  828296c0    000000e0                     : memset.c.obj (.text:memset)
                  828297a0    000000e0     ipc.ae66 : Ipc.obj (.text:ti_sdo_ipc_GateMP_start__F)
                  82829880    000000e0              : Ipc.obj (.text:ti_sdo_ipc_ListMP_Instance_finalize__E)
                  82829960    000000e0              : Ipc.obj (.text:ti_sdo_ipc_MessageQ_Module_startup__E)
                  82829a40    000000e0              : Ipc.obj (.text:ti_sdo_ipc_Notify_Instance_finalize__E)
                  82829b20    000000e0              : Ipc.obj (.text:ti_sdo_ipc_SharedRegion_clearReservedMemory__F)
                  82829c00    000000e0              : Ipc.obj (.text:ti_sdo_ipc_gates_GateMPSupportNull_enter__E)
                  82829ce0    000000e0              : Ipc.obj (.text:ti_sdo_ipc_gates_GateMPSupportNull_leave__E)
                  82829dc0    000000e0              : Ipc.obj (.text:ti_sdo_ipc_heaps_HeapMemMP_Instance_finalize__E)
                  82829ea0    000000e0              : Ipc.obj (.text:ti_sdo_ipc_nsremote_NameServerRemoteNotify_Instance_finalize__E)
                  82829f80    000000e0              : Ipc.obj (.text:ti_sdo_ipc_transports_TransportShmSetup_attach__E)
                  8282a060    000000e0              : Ipc.obj (.text:ti_sdo_utils_NameServer_findLocal__I)
                  8282a140    000000e0     sysbios.ae66 : BIOS.obj (.text:ti_sysbios_heaps_HeapMem_alloc__E)
                  8282a220    000000e0                  : BIOS.obj (.text:ti_sysbios_knl_Swi_Instance_finalize__E)
                  8282a300    000000e0                  : BIOS.obj (.text:ti_sysbios_timers_timer64_Timer_startup__E)
                  8282a3e0    000000e0     ti.targets.rts6000.ae66 : Text.oe66 (.text:xdc_runtime_Text_visitRope2__I)
                  8282a4c0    000000c0     ti.drv.qmss.ae66 : qmss_drv.oe66 (.text:Qmss_getMemRegQueueHandleSubSys)
                  8282a580    000000c0     ipc.ae66 : Ipc.obj (.text:SharedRegion_getId)
                  8282a640    000000c0     ti.drv.srio.ae66 : srio_drv.oe66 (.text:Srio_flushSockData:Srio_flushSockData)
                  8282a700    000000c0                      : srio_drv.oe66 (.text:Srio_getDescSize:Srio_getDescSize)
                  8282a7c0    000000c0                      : srio_drv.oe66 (.text:Srio_initSockData:Srio_initSockData)
                  8282a880    000000c0     rts6600_elf.lib : divu.asm.obj (.text:__divu)
                  8282a940    000000c0     ti.drv.cppi.ae66 : cppi_listlib.oe66 (.text:cppi_list_cat)
                  8282aa00    000000c0     app_pe66.oe66 (.text:ti_sdo_ipc_GateMP_create)
                  8282aac0    000000c0     ipc.ae66 : Ipc.obj (.text:ti_sdo_ipc_GateMP_getRegion0ReservedSize__F)
                  8282ab80    000000c0     app_pe66.oe66 (.text:ti_sdo_ipc_ListMP_create)
                  8282ac40    000000c0     app_pe66.oe66 (.text:ti_sdo_ipc_MessageQ_create)
                  8282ad00    000000c0     ipc.ae66 : Ipc.obj (.text:ti_sdo_ipc_MessageQ_grow__I)
                  8282adc0    000000c0     app_pe66.oe66 (.text:ti_sdo_ipc_gates_GatePeterson_Object__create__S)
                  8282ae80    000000c0     app_pe66.oe66 (.text:ti_sdo_ipc_gates_GatePeterson_create)
                  8282af40    000000c0     app_pe66.oe66 (.text:ti_sdo_ipc_heaps_HeapMemMP_Object__create__S)
                  8282b000    000000c0     app_pe66.oe66 (.text:ti_sdo_ipc_heaps_HeapMemMP_create)
                  8282b0c0    000000c0     app_pe66.oe66 (.text:ti_sdo_ipc_nsremote_NameServerRemoteNotify_Object__create__S)
                  8282b180    000000c0     app_pe66.oe66 (.text:ti_sdo_ipc_nsremote_NameServerRemoteNotify_create)
                  8282b240    000000c0     app_pe66.oe66 (.text:ti_sdo_ipc_transports_TransportShm_Object__create__S)
                  8282b300    000000c0     app_pe66.oe66 (.text:ti_sdo_ipc_transports_TransportShm_create)
                  8282b3c0    000000c0     sysbios.ae66 : BIOS.obj (.text:ti_sysbios_gates_GateAll_leave__E)
                  8282b480    000000c0                  : BIOS.obj (.text:ti_sysbios_heaps_HeapMem_getStats__E)
                  8282b540    000000c0                  : BIOS.obj (.text:ti_sysbios_knl_Clock_logTick__E)
                  8282b600    000000c0                  : BIOS.obj (.text:ti_sysbios_knl_Swi_schedule__I)
                  8282b6c0    000000c0                  : BIOS.obj (.text:ti_sysbios_knl_Task_allBlockedFunction__I)
                  8282b780    000000c0     app_pe66.oe66 (.text:ti_sysbios_knl_Task_create)
                  8282b840    000000c0     app_pe66.oe66 (.text:ti_sysbios_syncs_SyncSem_Object__create__S)
                  8282b900    000000c0     app_pe66.oe66 (.text:ti_sysbios_syncs_SyncSem_create)
                  8282b9c0    000000c0     rts6600_elf.lib : tls.c.obj (.text:tls:init:__TI_tls_init)
                  8282ba80    000000c0     ti.targets.rts6000.ae66 : Assert.oe66 (.text:xdc_runtime_Assert_raise__I)
                  8282bb40    000000c0                             : Error.oe66 (.text:xdc_runtime_Error_setX__E)
                  8282bc00    000000c0     app_pe66.oe66 (.text:xdc_runtime_LoggerBuf_Object__create__S)
                  8282bcc0    000000c0     ti.targets.rts6000.ae66 : SysMin.oe66 (.text:xdc_runtime_SysMin_abort__E)
                  8282bd80    000000c0                             : SysMin.oe66 (.text:xdc_runtime_SysMin_flush__E)
                  8282be40    000000a0     ti.drv.cppi.ae66 : cppi_drv.oe66 (.text:Cppi_channelEnable)
                  8282bee0    000000a0                      : cppi_drv.oe66 (.text:Cppi_setCpdmaLoopback)
                  8282bf80    000000a0     ti.drv.qmss.ae66 : qmss_drv.oe66 (.text:Qmss_queueOpenSubSys)
                  8282c020    000000a0     rts6600_elf.lib : fltulld.c.obj (.text:__c6xabi_fltulld)
                  8282c0c0    000000a0                     : remu.asm.obj (.text:__remu)
                  8282c160    000000a0     boot.ae66 : boot.oe66 (.text:_c_int00)
                  8282c200    000000a0     rts6600_elf.lib : _printfi.c.obj (.text:_ecpy)
                  8282c2a0    000000a0                     : memcpy64.asm.obj (.text:memcpy)
                  8282c340    000000a0     ipc.ae66 : Ipc.obj (.text:ti_sdo_ipc_gates_GatePeterson_leave__E)
                  8282c3e0    000000a0              : Ipc.obj (.text:ti_sdo_ipc_gates_GatePeterson_postInit__I)
                  8282c480    000000a0              : Ipc.obj (.text:ti_sdo_ipc_nsremote_NameServerRemoteNotify_detach__E)
                  8282c520    000000a0              : Ipc.obj (.text:ti_sdo_ipc_transports_TransportShm_sharedMemReq__E)
                  8282c5c0    000000a0              : Ipc.obj (.text:ti_sdo_utils_NameServer_Module_startup__E)
                  8282c660    000000a0              : Ipc.obj (.text:ti_sdo_utils_NameServer_postInit__I)
                  8282c700    000000a0     sysbios.ae66 : BIOS.obj (.text:ti_sysbios_family_c64p_Exception_Module_startup__E)
                  8282c7a0    000000a0                  : BIOS.obj (.text:ti_sysbios_family_c64p_Hwi_dispatchC__I)
                  8282c840    000000a0                  : BIOS.obj (.text:ti_sysbios_family_c64p_Hwi_getStackInfo__E)
                  8282c8e0    000000a0                  : BIOS.obj (.text:ti_sysbios_gates_GateSwi_leave__E)
                  8282c980    000000a0     app_pe66.oe66 (.text:ti_sysbios_knl_Swi_construct)
                  8282ca20    000000a0     sysbios.ae66 : BIOS.obj (.text:ti_sysbios_timers_timer64_Timer_stop__E)
                  8282cac0    000000a0     ti.targets.rts6000.ae66 : Core-params.oe66 (.text:xdc_runtime_Core_assignParams__I)
                  8282cb60    000000a0                             : SysMin.oe66 (.text:xdc_runtime_SysMin_putch__E)
                  8282cc00    000000a0                             : System.oe66 (.text:xdc_runtime_System_formatNum__I)
                  8282cca0    000000a0                             : System.oe66 (.text:xdc_runtime_System_putchar__I)
                  8282cd40    000000a0                             : Text.oe66 (.text:xdc_runtime_Text_printVisFxn__I)
                  8282cde0    000000a0                             : Text.oe66 (.text:xdc_runtime_Text_xprintf__I)
                  8282ce80    000000a0     app_pe66.oe66 (.text:xdc_runtime_knl_GateThread_Object__create__S)
                  8282cf20    000000a0     app_pe66.oe66 (.text:xdc_runtime_knl_GateThread_create)
                  8282cfc0    00000080     ipc.ae66 : Ipc.obj (.text:HeapMemMP_restore)
                  8282d040    00000080              : Ipc.obj (.text:ListMP_create)
                  8282d0c0    00000080     ti.drv.qmss.ae66 : qmss_drv.oe66 (.text:Qmss_queueOpen)
                  8282d140    00000080     ti.drv.srio.ae66 : srio_drv.oe66 (.text:Srio_freeRxDrvBuffer:Srio_freeRxDrvBuffer)
                  8282d1c0    00000080                      : srio_drv.oe66 (.text:Srio_sockBind:Srio_sockBind)
                  8282d240    00000080                      : srio_drv.oe66 (.text:Srio_sockSend:Srio_sockSend)
                  8282d2c0    00000080     rts6600_elf.lib : trgmsg.c.obj (.text:__TI_readmsg)
                  8282d340    00000080                     : llshift.c.obj (.text:__c6xabi_llshl)
                  8282d3c0    00000080                     : snprintf.c.obj (.text:_outs)
                  8282d440    00000080     sysbios.ae66 : c62_TaskSupport_asm.obj (.text:_ti_sysbios_family_c62_TaskSupport_swap__E)
                  8282d4c0    00000080     ti.drv.cppi.ae66 : cppi_heap.oe66 (.text:cppi_internal_heap_cache_begin)
                  8282d540    00000080                      : cppi_heap.oe66 (.text:cppi_internal_heap_malloc)
                  8282d5c0    00000080                      : cppi_listlib.oe66 (.text:cppi_list_add)
                  8282d640    00000080                      : cppi_listlib.oe66 (.text:cppi_list_remove)
                  8282d6c0    00000080     init.obj (.text)
                  8282d740    00000080     rts6600_elf.lib : snprintf.c.obj (.text:snprintf)
                  8282d7c0    00000080     ipc.ae66 : Ipc.obj (.text:ti_sdo_ipc_Ipc_getMasterAddr__I)
                  8282d840    00000080              : Ipc.obj (.text:ti_sdo_ipc_gates_GateHWSem_Module_startup__E)
                  8282d8c0    00000080     app_pe66.oe66 (.text:ti_sdo_ipc_gates_GateHWSem_Object__create__S)
                  8282d940    00000080     app_pe66.oe66 (.text:ti_sdo_ipc_gates_GateHWSem_create)
                  8282d9c0    00000080     app_pe66.oe66 (.text:ti_sdo_ipc_gates_GateMPSupportNull_Object__create__S)
                  8282da40    00000080     app_pe66.oe66 (.text:ti_sdo_ipc_gates_GateMPSupportNull_create)
                  8282dac0    00000080     ipc.ae66 : Ipc.obj (.text:ti_sdo_ipc_transports_TransportShm_swiFxn__I)
                  8282db40    00000080     app_pe66.oe66 (.text:ti_sysbios_BIOS_atExitFunc__I)
                  8282dbc0    00000080     app_pe66.oe66 (.text:ti_sysbios_BIOS_registerRTSLock__I)
                  8282dc40    00000080     app_pe66.oe66 (.text:ti_sysbios_gates_GateAll_Object__create__S)
                  8282dcc0    00000080     app_pe66.oe66 (.text:ti_sysbios_gates_GateHwi_Object__create__S)
                  8282dd40    00000080     app_pe66.oe66 (.text:ti_sysbios_gates_GateMutexPri_Object__create__S)
                  8282ddc0    00000080     app_pe66.oe66 (.text:ti_sysbios_gates_GateMutex_Object__create__S)
                  8282de40    00000080     app_pe66.oe66 (.text:ti_sysbios_gates_GateSwi_Object__create__S)
                  8282dec0    00000080     sysbios.ae66 : BIOS.obj (.text:ti_sysbios_hal_Hwi_checkStack)
                  8282df40    00000080                  : BIOS.obj (.text:ti_sysbios_hal_Hwi_initStack)
                  8282dfc0    00000080     app_pe66.oe66 (.text:ti_sysbios_heaps_HeapMem_Object__create__S)
                  8282e040    00000080     sysbios.ae66 : BIOS.obj (.text:ti_sysbios_heaps_HeapMem_init__I)
                  8282e0c0    00000080     app_pe66.oe66 (.text:ti_sysbios_knl_Clock_doTick__I)
                  8282e140    00000080     sysbios.ae66 : BIOS.obj (.text:ti_sysbios_knl_Idle_run__E)
                  8282e1c0    00000080     app_pe66.oe66 (.text:ti_sysbios_knl_Semaphore_create)
                  8282e240    00000080     sysbios.ae66 : BIOS.obj (.text:ti_sysbios_knl_Semaphore_pendTimeout__I)
                  8282e2c0    00000080                  : BIOS.obj (.text:ti_sysbios_knl_Swi_startup__E)
                  8282e340    00000080                  : BIOS.obj (.text:ti_sysbios_knl_Task_restore__E)
                  8282e3c0    00000080                  : BIOS.obj (.text:ti_sysbios_syncs_SyncSem_wait__E)
                  8282e440    00000080     app_pe66.oe66 (.text:ti_sysbios_xdcruntime_GateThreadSupport_create)
                  8282e4c0    00000080     ti.targets.rts6000.ae66 : Core-label.oe66 (.text:xdc_runtime_Core_assignLabel__I)
                  8282e540    00000080                             : LoggerBuf.oe66 (.text:xdc_runtime_LoggerBuf_Instance_init__E)
                  8282e5c0    00000080                             : LoggerBuf.oe66 (.text:xdc_runtime_LoggerBuf_Module_startup__E)
                  8282e640    00000080                             : LoggerBuf.oe66 (.text:xdc_runtime_LoggerBuf_filterOutEvent__I)
                  8282e6c0    00000080     app_pe66.oe66 (.text:xdc_runtime_SysMin_output__I)
                  8282e740    00000080     ti.targets.rts6000.ae66 : System.oe66 (.text:xdc_runtime_System_atexit__E)
                  8282e7c0    00000080                             : System.oe66 (.text:xdc_runtime_System_avprintf__E)
                  8282e840    00000080                             : System.oe66 (.text:xdc_runtime_System_processAtExit__E)
                  8282e8c0    00000080                             : System.oe66 (.text:xdc_runtime_System_vprintf__E)
                  8282e940    00000060     ipc.ae66 : Ipc.obj (.text:HeapMemMP_create)
                  8282e9a0    00000060              : Ipc.obj (.text:HeapMemMP_getRTSCParams$14)
                  8282ea00    00000060     ti.drv.qmss.ae66 : qmss_acc.oe66 (.text:Qmss_programAccumulator)
                  8282ea60    00000060                      : qmss_drv.oe66 (.text:Qmss_setQueueThreshold)
                  8282eac0    00000060     ti.drv.srio.ae66 : listlib.oe66 (.text:Srio_listCat)
                  8282eb20    00000060     rts6600_elf.lib : frcmpyd_div.c.obj (.text:__TI_frcmpyd_div)
                  8282eb80    00000060                     : trgmsg.c.obj (.text:__TI_writemsg)
                  8282ebe0    00000060                     : llshift.c.obj (.text:__c6xabi_llshru)
                  8282ec40    00000060                     : imath64.c.obj (.text:_subcull)
                  8282eca0    00000060     sysbios.ae66 : c64p_Hwi_asm_switch.obj (.text:_ti_sysbios_family_c64p_Hwi_switchAndDispatch__I)
                  8282ed00    00000060                  : c64p_Hwi_asm_switch.obj (.text:_ti_sysbios_family_xxx_Hwi_switchAndRunFunc)
                  8282ed60    00000060     ti.drv.cppi.ae66 : cppi_listlib.oe66 (.text:cppi_list_cache_invalidate)
                  8282edc0    00000060     rts6600_elf.lib : memccpy.c.obj (.text:memccpy)
                  8282ee20    00000060                     : sprintf.c.obj (.text:sprintf)
                  8282ee80    00000060     app_pe66.oe66 (.text:ti_sdo_ipc_GateMP_Object__delete__S)
                  8282eee0    00000060     ipc.ae66 : Ipc.obj (.text:ti_sdo_ipc_Ipc_getSlaveAddr__I)
                  8282ef40    00000060              : Ipc.obj (.text:ti_sdo_ipc_Ipc_reservedSizePerProc__I)
                  8282efa0    00000060     app_pe66.oe66 (.text:ti_sdo_ipc_ListMP_Object__delete__S)
                  8282f000    00000060     ipc.ae66 : Ipc.obj (.text:ti_sdo_ipc_ListMP_elemClear__I)
                  8282f060    00000060     app_pe66.oe66 (.text:ti_sdo_ipc_gates_GatePeterson_Object__delete__S)
                  8282f0c0    00000060     ipc.ae66 : Ipc.obj (.text:ti_sdo_ipc_gates_GatePeterson_sharedMemReq__E)
                  8282f120    00000060     app_pe66.oe66 (.text:ti_sdo_ipc_heaps_HeapMemMP_Object__delete__S)
                  8282f180    00000060     app_pe66.oe66 (.text:ti_sdo_ipc_nsremote_NameServerRemoteNotify_Object__delete__S)
                  8282f1e0    00000060     app_pe66.oe66 (.text:ti_sdo_ipc_transports_TransportShm_Object__delete__S)
                  8282f240    00000060     app_pe66.oe66 (.text:ti_sdo_utils_List_construct)
                  8282f2a0    00000060     app_pe66.oe66 (.text:ti_sysbios_BIOS_errorRaiseHook__I)
                  8282f300    00000060     app_pe66.oe66 (.text:ti_sysbios_BIOS_removeRTSLock__I)
                  8282f360    00000060     app_pe66.oe66 (.text:ti_sysbios_BIOS_startFunc__I)
                  8282f3c0    00000060     sysbios.ae66 : BIOS.obj (.text:ti_sysbios_family_c62_TaskSupport_start__E)
                  8282f420    00000060                  : BIOS.obj (.text:ti_sysbios_family_c64p_EventCombiner_Module_startup__E)
                  8282f480    00000060                  : BIOS.obj (.text:ti_sysbios_family_c66_Cache_Module_startup__E)
                  8282f4e0    00000060                  : BIOS.obj (.text:ti_sysbios_family_c66_tci66xx_CpIntc_unused__E)
                  8282f540    00000060                  : BIOS.obj (.text:ti_sysbios_gates_GateAll_enter__E)
                  8282f5a0    00000060     app_pe66.oe66 (.text:ti_sysbios_gates_GateMutexPri_Object__delete__S)
                  8282f600    00000060     app_pe66.oe66 (.text:ti_sysbios_gates_GateMutexPri_construct)
                  8282f660    00000060     app_pe66.oe66 (.text:ti_sysbios_gates_GateMutex_Object__delete__S)
                  8282f6c0    00000060     sysbios.ae66 : BIOS.obj (.text:ti_sysbios_heaps_HeapMem_free__E)
                  8282f720    00000060                  : BIOS.obj (.text:ti_sysbios_knl_Clock_Module_startup__E)
                  8282f780    00000060     app_pe66.oe66 (.text:ti_sysbios_knl_Queue_construct)
                  8282f7e0    00000060     app_pe66.oe66 (.text:ti_sysbios_knl_Semaphore_Object__delete__S)
                  8282f840    00000060     app_pe66.oe66 (.text:ti_sysbios_knl_Semaphore_construct)
                  8282f8a0    00000060     sysbios.ae66 : BIOS.obj (.text:ti_sysbios_knl_Swi_Module_startup__E)
                  8282f900    00000060                  : BIOS.obj (.text:ti_sysbios_knl_Task_enter__I)
                  8282f960    00000060     app_pe66.oe66 (.text:ti_sysbios_syncs_SyncSem_Object__delete__S)
                  8282f9c0    00000060     app_pe66.oe66 (.text:ti_sysbios_xdcruntime_GateThreadSupport_Object__delete__S)
                  8282fa20    00000060     app_pe66.oe66 (.text:xdc_runtime_LoggerBuf_Object__delete__S)
                  8282fa80    00000060     ti.targets.rts6000.ae66 : LoggerBuf.oe66 (.text:xdc_runtime_LoggerBuf_reset__E)
                  8282fae0    00000060                             : Memory.oe66 (.text:xdc_runtime_Memory_valloc__E)
                  8282fb40    00000060                             : Text.oe66 (.text:xdc_runtime_Text_cordText__E)
                  8282fba0    00000060     app_pe66.oe66 (.text:xdc_runtime_knl_GateThread_Object__delete__S)
                  8282fc00    00000040     ipc.ae66 : Ipc.obj (.text:GateMP_Params_init)
                  8282fc40    00000040              : Ipc.obj (.text:HeapMemMP_Params_init)
                  8282fc80    00000040              : Ipc.obj (.text:Notify_attach)
                  8282fcc0    00000040              : Ipc.obj (.text:Notify_sharedMemReq)
                  8282fd00    00000040     ti.drv.qmss.ae66 : qmss_drv.oe66 (.text:Qmss_getMemRegDescSizeSubSys)
                  8282fd40    00000040                      : qmss_drv.oe66 (.text:Qmss_internalVirtToPhy)
                  8282fd80    00000040                      : qmss_drv.oe66 (.text:Qmss_queueClose)
                  8282fdc0    00000040                      : qmss_drv.oe66 (.text:Qmss_start)
                  8282fe00    00000040     ti.drv.srio.ae66 : listlib.oe66 (.text:Srio_listAdd)
                  8282fe40    00000040                      : listlib.oe66 (.text:Srio_listRemove)
                  8282fe80    00000040     rts6600_elf.lib : isinf.c.obj (.text:__c6xabi_isinf)
                  8282fec0    00000040                     : _printfi.c.obj (.text:__c6xabi_isnan)
                  8282ff00    00000040                     : strasg.asm.obj (.text:__strasgi_64plus)
                  8282ff40    00000040                     : args_main.c.obj (.text:_args_main)
                  8282ff80    00000040                     : snprintf.c.obj (.text:_outc)
                  8282ffc0    00000040                     : sprintf.c.obj (.text:_outs)
                  82830000    00000040     sysbios.ae66 : c62_TaskSupport_asm.obj (.text:_ti_sysbios_family_c62_TaskSupport_buildTaskStack)
                  82830040    00000040     common.obj (.text)
                  82830080    00000040     ipc.ae66 : Ipc.obj (.text:ti_sdo_ipc_Ipc_getRegion0ReservedSize__I)
                  828300c0    00000040     app_pe66.oe66 (.text:ti_sdo_ipc_gates_GateHWSem_Handle__label__S)
                  82830100    00000040     app_pe66.oe66 (.text:ti_sdo_ipc_gates_GateHWSem_Object__delete__S)
                  82830140    00000040     ipc.ae66 : Ipc.obj (.text:ti_sdo_ipc_gates_GateHWSem_leave__E)
                  82830180    00000040     app_pe66.oe66 (.text:ti_sdo_ipc_gates_GateMPSupportNull_Handle__label__S)
                  828301c0    00000040     app_pe66.oe66 (.text:ti_sdo_ipc_gates_GateMPSupportNull_Object__delete__S)
                  82830200    00000040     app_pe66.oe66 (.text:ti_sdo_ipc_gates_GatePeterson_Handle__label__S)
                  82830240    00000040     ipc.ae66 : Ipc.obj (.text:ti_sdo_ipc_gates_GatePeterson_Instance_finalize__E)
                  82830280    00000040     app_pe66.oe66 (.text:ti_sdo_ipc_heaps_HeapMemMP_Handle__label__S)
                  828302c0    00000040     app_pe66.oe66 (.text:ti_sdo_ipc_nsremote_NameServerRemoteNotify_Handle__label__S)
                  82830300    00000040     ipc.ae66 : Ipc.obj (.text:ti_sdo_ipc_nsremote_NameServerRemoteNotify_swiFxnResponse__I)
                  82830340    00000040              : Ipc.obj (.text:ti_sdo_ipc_transports_TransportShmSetup_sharedMemReq__E)
                  82830380    00000040     app_pe66.oe66 (.text:ti_sdo_ipc_transports_TransportShm_Handle__label__S)
                  828303c0    00000040     ipc.ae66 : Ipc.obj (.text:ti_sdo_utils_List_dequeue__E)
                  82830400    00000040     app_pe66.oe66 (.text:ti_sdo_utils_NameServer_Object__get__S)
                  82830440    00000040     app_pe66.oe66 (.text:ti_sysbios_BIOS_exitFunc__I)
                  82830480    00000040     app_pe66.oe66 (.text:ti_sysbios_BIOS_rtsLock__I)
                  828304c0    00000040     app_pe66.oe66 (.text:ti_sysbios_BIOS_rtsUnlock__I)
                  82830500    00000040     sysbios.ae66 : BIOS.obj (.text:ti_sysbios_family_c64p_Hwi_disableInterrupt__E)
                  82830540    00000040                  : BIOS.obj (.text:ti_sysbios_family_c64p_Hwi_enableInterrupt__E)
                  82830580    00000040     app_pe66.oe66 (.text:ti_sysbios_gates_GateAll_Handle__label__S)
                  828305c0    00000040     app_pe66.oe66 (.text:ti_sysbios_gates_GateAll_Object__delete__S)
                  82830600    00000040     app_pe66.oe66 (.text:ti_sysbios_gates_GateHwi_Handle__label__S)
                  82830640    00000040     app_pe66.oe66 (.text:ti_sysbios_gates_GateHwi_Object__delete__S)
                  82830680    00000040     app_pe66.oe66 (.text:ti_sysbios_gates_GateMutexPri_Handle__label__S)
                  828306c0    00000040     sysbios.ae66 : BIOS.obj (.text:ti_sysbios_gates_GateMutexPri_Instance_init__E)
                  82830700    00000040     app_pe66.oe66 (.text:ti_sysbios_gates_GateMutexPri_destruct)
                  82830740    00000040     app_pe66.oe66 (.text:ti_sysbios_gates_GateMutex_Handle__label__S)
                  82830780    00000040     sysbios.ae66 : BIOS.obj (.text:ti_sysbios_gates_GateMutex_Instance_init__E)
                  828307c0    00000040                  : BIOS.obj (.text:ti_sysbios_gates_GateMutex_leave__E)
                  82830800    00000040     app_pe66.oe66 (.text:ti_sysbios_gates_GateSwi_Handle__label__S)
                  82830840    00000040     app_pe66.oe66 (.text:ti_sysbios_gates_GateSwi_Object__delete__S)
                  82830880    00000040     app_pe66.oe66 (.text:ti_sysbios_heaps_HeapMem_Handle__label__S)
                  828308c0    00000040     app_pe66.oe66 (.text:ti_sysbios_heaps_HeapMem_Object__delete__S)
                  82830900    00000040     app_pe66.oe66 (.text:ti_sysbios_heaps_HeapMem_Object__get__S)
                  82830940    00000040     app_pe66.oe66 (.text:ti_sysbios_knl_Semaphore_destruct)
                  82830980    00000040     app_pe66.oe66 (.text:ti_sysbios_knl_Swi_Object__get__S)
                  828309c0    00000040     app_pe66.oe66 (.text:ti_sysbios_knl_Swi_destruct)
                  82830a00    00000040     app_pe66.oe66 (.text:ti_sysbios_knl_Task_Object__get__S)
                  82830a40    00000040     sysbios.ae66 : BIOS.obj (.text:ti_sysbios_knl_Task_sleepTimeout__I)
                  82830a80    00000040     app_pe66.oe66 (.text:ti_sysbios_syncs_SyncSem_Handle__label__S)
                  82830ac0    00000040     rts6600_elf.lib : wcslen.c.obj (.text:wcslen)
                  82830b00    00000040     ti.targets.rts6000.ae66 : Error.oe66 (.text:xdc_runtime_Error_check__E)
                  82830b40    00000040                             : Error.oe66 (.text:xdc_runtime_Error_init__E)
                  82830b80    00000040     app_pe66.oe66 (.text:xdc_runtime_GateNull_Handle__label__S)
                  82830bc0    00000040     app_pe66.oe66 (.text:xdc_runtime_GateNull_Object__create__S)
                  82830c00    00000040     app_pe66.oe66 (.text:xdc_runtime_GateNull_Object__delete__S)
                  82830c40    00000040     app_pe66.oe66 (.text:xdc_runtime_LoggerBuf_Handle__label__S)
                  82830c80    00000040     ti.targets.rts6000.ae66 : LoggerBuf.oe66 (.text:xdc_runtime_LoggerBuf_Instance_finalize__E)
                  82830cc0    00000040     app_pe66.oe66 (.text:xdc_runtime_LoggerBuf_Object__get__S)
                  82830d00    00000040     ti.targets.rts6000.ae66 : LoggerBuf.oe66 (.text:xdc_runtime_LoggerBuf_write0__E)
                  82830d40    00000040                             : LoggerBuf.oe66 (.text:xdc_runtime_LoggerBuf_write1__E)
                  82830d80    00000040                             : LoggerBuf.oe66 (.text:xdc_runtime_LoggerBuf_write2__E)
                  82830dc0    00000040                             : Registry.oe66 (.text:xdc_runtime_Registry_findById__E)
                  82830e00    00000040                             : SysMin.oe66 (.text:xdc_runtime_SysMin_Module_startup__E)
                  82830e40    00000040                             : SysMin.oe66 (.text:xdc_runtime_SysMin_exit__E)
                  82830e80    00000040                             : System.oe66 (.text:xdc_runtime_System_abort__E)
                  82830ec0    00000040     app_pe66.oe66 (.text:xdc_runtime_System_aprintf__E)
                  82830f00    00000040     ti.targets.rts6000.ae66 : System.oe66 (.text:xdc_runtime_System_exit__E)
                  82830f40    00000040     app_pe66.oe66 (.text:xdc_runtime_System_printf__E)
                  82830f80    00000040     app_pe66.oe66 (.text:xdc_runtime_knl_GateThread_Handle__label__S)
                  82830fc0    00000040     ti.targets.rts6000.ae66 : GateThread.oe66 (.text:xdc_runtime_knl_GateThread_Instance_init__E)
                  82831000    00000020     ti.csl.ae66 : csl_srioGetBaseAddress.oe66 (.text:CSL_SRIO_Open)
                  82831020    00000020     ti.drv.cppi.ae66 : cppi_drv.oe66 (.text:Cppi_getChannelNumber)
                  82831040    00000020                      : cppi_drv.oe66 (.text:Cppi_getFlowId)
                  82831060    00000020                      : cppi_desc.oe66 (.text:Cppi_initDescriptor)
                  82831080    00000020                      : cppi_drv.oe66 (.text:Cppi_txChannelOpen)
                  828310a0    00000020     ipc.ae66 : Ipc.obj (.text:GateMP_delete)
                  828310c0    00000020              : Ipc.obj (.text:GateMP_getDefaultRemote)
                  828310e0    00000020              : Ipc.obj (.text:GateMP_getSharedParams$4)
                  82831100    00000020              : Ipc.obj (.text:HeapMemMP_getSharedParams$14)
                  82831120    00000020              : Ipc.obj (.text:ListMP_Params_init)
                  82831140    00000020              : Ipc.obj (.text:ListMP_close)
                  82831160    00000020              : Ipc.obj (.text:ListMP_delete)
                  82831180    00000020              : Ipc.obj (.text:MultiProc_getBaseIdOfCluster)
                  828311a0    00000020              : Ipc.obj (.text:MultiProc_self)
                  828311c0    00000020              : Ipc.obj (.text:NameServer_addUInt32)
                  828311e0    00000020              : Ipc.obj (.text:NameServer_getLocalUInt32)
                  82831200    00000020              : Ipc.obj (.text:NameServer_removeEntry)
                  82831220    00000020              : Ipc.obj (.text:Notify_numIntLines)
                  82831240    00000020     ti.drv.qmss.ae66 : qmss_drv.oe66 (.text:Qmss_getQueueHandle)
                  82831260    00000020                      : qmss_drv.oe66 (.text:Qmss_getQueueNumber)
                  82831280    00000020                      : qmss_drv.oe66 (.text:Qmss_init)
                  828312a0    00000020                      : qmss_drv.oe66 (.text:Qmss_insertMemoryRegion)
                  828312c0    00000020     ipc.ae66 : Ipc.obj (.text:SharedRegion_invalidSRPtr)
                  828312e0    00000020     ti.drv.srio.ae66 : srio_drv.oe66 (.text:Srio_init:Srio_init)
                  82831300    00000020     app_pe66.oe66 (.text:_GateMP_virtToPhys)
                  82831320    00000020     rts6600_elf.lib : errno.c.obj (.text:__c6xabi_errno_addr)
                  82831340    00000020                     : push.asm.obj (.text:__pop_rts)
                  82831360    00000020                     : push.asm.obj (.text:__push_rts)
                  82831380    00000020                     : _lock.c.obj (.text:_nop)
                  828313a0    00000020                     : sprintf.c.obj (.text:_outc)
                  828313c0    00000020                     : _lock.c.obj (.text:_register_lock)
                  828313e0    00000020                     : _data_synch.c.obj (.text:_register_synch_api)
                  82831400    00000020                     : _lock.c.obj (.text:_register_unlock)
                  82831420    00000020                     : signbit.c.obj (.text:_signbit)
                  82831440    00000020     sysbios.ae66 : c62_TaskSupport_asm.obj (.text:_ti_sysbios_family_c62_TaskSupport_glue)
                  82831460    00000020     rts6600_elf.lib : exit.c.obj (.text:abort)
                  82831480    00000020                     : s_copysign.c.obj (.text:copysign)
                  828314a0    00000020     ti.drv.cppi.ae66 : cppi_listlib.oe66 (.text:cppi_list_get_head)
                  828314c0    00000020                      : cppi_listlib.oe66 (.text:cppi_list_get_next)
                  828314e0    00000020     ti.csl.ae66 : csl_tsc.oe66 (.text:cslsys_section:tsc)
                  82831500    00000020     rts6600_elf.lib : copy_decompress_none.c.obj (.text:decompress:none:__TI_decompress_none)
                  82831520    00000020                     : copy_decompress_rle.c.obj (.text:decompress:rle24:__TI_decompress_rle24)
                  82831540    00000020     app_pe66.oe66 (.text:ti_sdo_ipc_GateMP_Params__init__S)
                  82831560    00000020     app_pe66.oe66 (.text:ti_sdo_ipc_GateMP_RemoteCustom1Proxy_Proxy__abstract__S)
                  82831580    00000020     app_pe66.oe66 (.text:ti_sdo_ipc_GateMP_RemoteCustom1Proxy_Proxy__delegate__S)
                  828315a0    00000020     app_pe66.oe66 (.text:ti_sdo_ipc_GateMP_RemoteCustom1Proxy_create)
                  828315c0    00000020     app_pe66.oe66 (.text:ti_sdo_ipc_GateMP_RemoteCustom1Proxy_delete)
                  828315e0    00000020     app_pe66.oe66 (.text:ti_sdo_ipc_GateMP_RemoteCustom2Proxy_Proxy__abstract__S)
                  82831600    00000020     app_pe66.oe66 (.text:ti_sdo_ipc_GateMP_RemoteCustom2Proxy_Proxy__delegate__S)
                  82831620    00000020     app_pe66.oe66 (.text:ti_sdo_ipc_GateMP_RemoteCustom2Proxy_create)
                  82831640    00000020     app_pe66.oe66 (.text:ti_sdo_ipc_GateMP_RemoteCustom2Proxy_delete)
                  82831660    00000020     app_pe66.oe66 (.text:ti_sdo_ipc_GateMP_RemoteSystemProxy_Proxy__abstract__S)
                  82831680    00000020     app_pe66.oe66 (.text:ti_sdo_ipc_GateMP_RemoteSystemProxy_Proxy__delegate__S)
                  828316a0    00000020     app_pe66.oe66 (.text:ti_sdo_ipc_GateMP_RemoteSystemProxy_create)
                  828316c0    00000020     app_pe66.oe66 (.text:ti_sdo_ipc_GateMP_RemoteSystemProxy_delete)
                  828316e0    00000020     app_pe66.oe66 (.text:ti_sdo_ipc_GateMP_delete)
                  82831700    00000020     ipc.ae66 : Ipc.obj (.text:ti_sdo_ipc_GateMP_getSharedAddr__F)
                  82831720    00000020              : Ipc.obj (.text:ti_sdo_ipc_GateMP_setDefaultRemote__F)
                  82831740    00000020     app_pe66.oe66 (.text:ti_sdo_ipc_ListMP_Params__init__S)
                  82831760    00000020     app_pe66.oe66 (.text:ti_sdo_ipc_ListMP_delete)
                  82831780    00000020     app_pe66.oe66 (.text:ti_sdo_ipc_MessageQ_Object__get__S)
                  828317a0    00000020     app_pe66.oe66 (.text:ti_sdo_ipc_MessageQ_Params__init__S)
                  828317c0    00000020     app_pe66.oe66 (.text:ti_sdo_ipc_Notify_Module_GateProxy_enter__E)
                  828317e0    00000020     app_pe66.oe66 (.text:ti_sdo_ipc_Notify_Module_GateProxy_leave__E)
                  82831800    00000020     app_pe66.oe66 (.text:ti_sdo_ipc_gates_GateHWSem_Params__init__S)
                  82831820    00000020     ipc.ae66 : Ipc.obj (.text:ti_sdo_ipc_gates_GateHWSem_getReservedMask__E)
                  82831840    00000020              : Ipc.obj (.text:ti_sdo_ipc_gates_GateHWSem_query__E)
                  82831860    00000020              : Ipc.obj (.text:ti_sdo_ipc_gates_GateHWSem_sharedMemReq__E)
                  82831880    00000020              : Ipc.obj (.text:ti_sdo_ipc_gates_GateMPSupportNull_Instance_init__E)
                  828318a0    00000020     app_pe66.oe66 (.text:ti_sdo_ipc_gates_GateMPSupportNull_Params__init__S)
                  828318c0    00000020     ipc.ae66 : Ipc.obj (.text:ti_sdo_ipc_gates_GateMPSupportNull_getReservedMask__E)
                  828318e0    00000020              : Ipc.obj (.text:ti_sdo_ipc_gates_GateMPSupportNull_query__E)
                  82831900    00000020              : Ipc.obj (.text:ti_sdo_ipc_gates_GateMPSupportNull_sharedMemReq__E)
                  82831920    00000020     app_pe66.oe66 (.text:ti_sdo_ipc_gates_GatePeterson_Params__init__S)
                  82831940    00000020     ipc.ae66 : Ipc.obj (.text:ti_sdo_ipc_gates_GatePeterson_getReservedMask__E)
                  82831960    00000020              : Ipc.obj (.text:ti_sdo_ipc_gates_GatePeterson_query__E)
                  82831980    00000020     app_pe66.oe66 (.text:ti_sdo_ipc_heaps_HeapMemMP_Params__init__S)
                  828319a0    00000020     ipc.ae66 : Ipc.obj (.text:ti_sdo_ipc_heaps_HeapMemMP_isBlocking__E)
                  828319c0    00000020              : Ipc.obj (.text:ti_sdo_ipc_notifyDrivers_NotifySetupNull_attach__E)
                  828319e0    00000020              : Ipc.obj (.text:ti_sdo_ipc_notifyDrivers_NotifySetupNull_numIntLines__E)
                  82831a00    00000020              : Ipc.obj (.text:ti_sdo_ipc_notifyDrivers_NotifySetupNull_sharedMemReq__E)
                  82831a20    00000020     app_pe66.oe66 (.text:ti_sdo_ipc_nsremote_NameServerRemoteNotify_Object__first__S)
                  82831a40    00000020     app_pe66.oe66 (.text:ti_sdo_ipc_nsremote_NameServerRemoteNotify_Object__next__S)
                  82831a60    00000020     app_pe66.oe66 (.text:ti_sdo_ipc_nsremote_NameServerRemoteNotify_Params__init__S)
                  82831a80    00000020     app_pe66.oe66 (.text:ti_sdo_ipc_nsremote_NameServerRemoteNotify_delete)
                  82831aa0    00000020     ipc.ae66 : Ipc.obj (.text:ti_sdo_ipc_nsremote_NameServerRemoteNotify_sharedMemReq__E)
                  82831ac0    00000020              : Ipc.obj (.text:ti_sdo_ipc_transports_TransportShmSetup_isRegistered__E)
                  82831ae0    00000020     app_pe66.oe66 (.text:ti_sdo_ipc_transports_TransportShm_Params__init__S)
                  82831b00    00000020     ipc.ae66 : Ipc.obj (.text:ti_sdo_ipc_transports_TransportShm_control__E)
                  82831b20    00000020              : Ipc.obj (.text:ti_sdo_ipc_transports_TransportShm_getStatus__E)
                  82831b40    00000020              : Ipc.obj (.text:ti_sdo_ipc_transports_TransportShm_notifyFxn__I)
                  82831b60    00000020              : Ipc.obj (.text:ti_sdo_ipc_transports_TransportShm_setErrFxn__E)
                  82831b80    00000020              : Ipc.obj (.text:ti_sdo_utils_List_Instance_init__E)
                  82831ba0    00000020     app_pe66.oe66 (.text:ti_sdo_utils_List_Object__get__S)
                  82831bc0    00000020     app_pe66.oe66 (.text:ti_sdo_utils_List_destruct)
                  82831be0    00000020     ipc.ae66 : Ipc.obj (.text:ti_sdo_utils_List_enqueueHead__E)
                  82831c00    00000020              : Ipc.obj (.text:ti_sdo_utils_List_enqueue__E)
                  82831c20    00000020              : Ipc.obj (.text:ti_sdo_utils_List_get__E)
                  82831c40    00000020              : Ipc.obj (.text:ti_sdo_utils_List_next__E)
                  82831c60    00000020              : Ipc.obj (.text:ti_sdo_utils_List_putHead__E)
                  82831c80    00000020              : Ipc.obj (.text:ti_sdo_utils_List_put__E)
                  82831ca0    00000020              : Ipc.obj (.text:ti_sdo_utils_List_remove__E)
                  82831cc0    00000020              : Ipc.obj (.text:ti_sdo_utils_MultiProc_getClusterId__F)
                  82831ce0    00000020     app_pe66.oe66 (.text:ti_sdo_utils_NameServer_Module__startupDone__F)
                  82831d00    00000020     app_pe66.oe66 (.text:ti_sdo_utils_NameServer_Object__first__S)
                  82831d20    00000020     app_pe66.oe66 (.text:ti_sdo_utils_NameServer_Object__next__S)
                  82831d40    00000020     app_pe66.oe66 (.text:ti_sysbios_BIOS_RtsGateProxy_enter__E)
                  82831d60    00000020     app_pe66.oe66 (.text:ti_sysbios_BIOS_RtsGateProxy_leave__E)
                  82831d80    00000020     sysbios.ae66 : BIOS.obj (.text:ti_sysbios_BIOS_exit__E)
                  82831da0    00000020                  : BIOS.obj (.text:ti_sysbios_BIOS_linkedWithIncorrectBootLibrary__E)
                  82831dc0    00000020     app_pe66.oe66 (.text:ti_sysbios_BIOS_nullFunc__I)
                  82831de0    00000020     sysbios.ae66 : BIOS.obj (.text:ti_sysbios_BIOS_setThreadType__E)
                  82831e00    00000020                  : BIOS.obj (.text:ti_sysbios_BIOS_start__E)
                  82831e20    00000020     app_pe66.oe66 (.text:ti_sysbios_family_c62_TaskSupport_Module__startupDone__S)
                  82831e40    00000020     sysbios.ae66 : BIOS.obj (.text:ti_sysbios_family_c62_TaskSupport_checkStack__E)
                  82831e60    00000020                  : BIOS.obj (.text:ti_sysbios_family_c62_TaskSupport_getStackAlignment__E)
                  82831e80    00000020     app_pe66.oe66 (.text:ti_sysbios_family_c64p_Hwi_Module__startupDone__F)
                  82831ea0    00000020     sysbios.ae66 : BIOS.obj (.text:ti_sysbios_family_c64p_Hwi_clearInterrupt__E)
                  82831ec0    00000020                  : BIOS.obj (.text:ti_sysbios_family_c64p_Hwi_startup__E)
                  82831ee0    00000020                  : BIOS.obj (.text:ti_sysbios_family_c64p_Hwi_switchFromBootStack__E)
                  82831f00    00000020                  : BIOS.obj (.text:ti_sysbios_family_c64p_TimestampProvider_Module_startup__E)
                  82831f20    00000020                  : BIOS.obj (.text:ti_sysbios_family_c64p_TimestampProvider_get64__E)
                  82831f40    00000020                  : BIOS.obj (.text:ti_sysbios_family_c64p_tci6488_TimerSupport_enable__E)
                  82831f60    00000020                  : BIOS.obj (.text:ti_sysbios_family_c66_Cache_RTSSynchInv__I)
                  82831f80    00000020                  : BIOS.obj (.text:ti_sysbios_family_c66_Cache_RTSSynchWbInv__I)
                  82831fa0    00000020                  : BIOS.obj (.text:ti_sysbios_family_c66_Cache_RTSSynchWb__I)
                  82831fc0    00000020                  : BIOS.obj (.text:ti_sysbios_family_c66_Cache_inv__E)
                  82831fe0    00000020                  : BIOS.obj (.text:ti_sysbios_family_c66_Cache_wait__E)
                  82832000    00000020                  : BIOS.obj (.text:ti_sysbios_family_c66_Cache_wbInv__E)
                  82832020    00000020                  : BIOS.obj (.text:ti_sysbios_gates_GateAll_Instance_init__E)
                  82832040    00000020                  : BIOS.obj (.text:ti_sysbios_gates_GateAll_query__E)
                  82832060    00000020                  : BIOS.obj (.text:ti_sysbios_gates_GateHwi_Instance_init__E)
                  82832080    00000020                  : BIOS.obj (.text:ti_sysbios_gates_GateHwi_enter__E)
                  828320a0    00000020                  : BIOS.obj (.text:ti_sysbios_gates_GateHwi_leave__E)
                  828320c0    00000020                  : BIOS.obj (.text:ti_sysbios_gates_GateHwi_query__E)
                  828320e0    00000020                  : BIOS.obj (.text:ti_sysbios_gates_GateMutexPri_Instance_finalize__E)
                  82832100    00000020                  : BIOS.obj (.text:ti_sysbios_gates_GateMutexPri_query__E)
                  82832120    00000020                  : BIOS.obj (.text:ti_sysbios_gates_GateMutex_Instance_finalize__E)
                  82832140    00000020                  : BIOS.obj (.text:ti_sysbios_gates_GateMutex_query__E)
                  82832160    00000020                  : BIOS.obj (.text:ti_sysbios_gates_GateSwi_Instance_init__E)
                  82832180    00000020                  : BIOS.obj (.text:ti_sysbios_gates_GateSwi_query__E)
                  828321a0    00000020                  : BIOS.obj (.text:ti_sysbios_hal_Hwi_Module_startup__E)
                  828321c0    00000020     app_pe66.oe66 (.text:ti_sysbios_heaps_HeapMem_Module_GateProxy_enter__E)
                  828321e0    00000020     app_pe66.oe66 (.text:ti_sysbios_heaps_HeapMem_Module_GateProxy_leave__E)
                  82832200    00000020     sysbios.ae66 : BIOS.obj (.text:ti_sysbios_heaps_HeapMem_isBlocking__E)
                  82832220    00000020     app_pe66.oe66 (.text:ti_sysbios_knl_Clock_TimerProxy_getMaxTicks__E)
                  82832240    00000020     sysbios.ae66 : BIOS.obj (.text:ti_sysbios_knl_Idle_loop__E)
                  82832260    00000020                  : BIOS.obj (.text:ti_sysbios_knl_Queue_Instance_init__E)
                  82832280    00000020     app_pe66.oe66 (.text:ti_sysbios_knl_Queue_Object__get__S)
                  828322a0    00000020     app_pe66.oe66 (.text:ti_sysbios_knl_Queue_destruct)
                  828322c0    00000020     sysbios.ae66 : BIOS.obj (.text:ti_sysbios_knl_Queue_empty__E)
                  828322e0    00000020                  : BIOS.obj (.text:ti_sysbios_knl_Semaphore_Instance_finalize__E)
                  82832300    00000020     app_pe66.oe66 (.text:ti_sysbios_knl_Semaphore_Params__init__S)
                  82832320    00000020     app_pe66.oe66 (.text:ti_sysbios_knl_Semaphore_delete)
                  82832340    00000020     app_pe66.oe66 (.text:ti_sysbios_knl_Swi_Params__init__S)
                  82832360    00000020     sysbios.ae66 : BIOS.obj (.text:ti_sysbios_knl_Swi_disable__E)
                  82832380    00000020                  : BIOS.obj (.text:ti_sysbios_knl_Task_disable__E)
                  828323a0    00000020                  : BIOS.obj (.text:ti_sysbios_knl_Task_startup__E)
                  828323c0    00000020                  : BIOS.obj (.text:ti_sysbios_syncs_SyncSem_Instance_finalize__E)
                  828323e0    00000020     app_pe66.oe66 (.text:ti_sysbios_syncs_SyncSem_delete)
                  82832400    00000020     sysbios.ae66 : BIOS.obj (.text:ti_sysbios_syncs_SyncSem_query__E)
                  82832420    00000020                  : BIOS.obj (.text:ti_sysbios_syncs_SyncSem_signal__E)
                  82832440    00000020     app_pe66.oe66 (.text:ti_sysbios_timers_timer64_Timer_Module__startupDone__F)
                  82832460    00000020     sysbios.ae66 : BIOS.obj (.text:ti_sysbios_timers_timer64_Timer_getMaxTicks__E)
                  82832480    00000020                  : BIOS.obj (.text:ti_sysbios_xdcruntime_GateThreadSupport_Instance_finalize__E)
                  828324a0    00000020                  : BIOS.obj (.text:ti_sysbios_xdcruntime_GateThreadSupport_Instance_init__E)
                  828324c0    00000020                  : BIOS.obj (.text:ti_sysbios_xdcruntime_GateThreadSupport_enter__E)
                  828324e0    00000020     ti.targets.rts6000.ae66 : Error.oe66 (.text:xdc_runtime_Error_getSite__E)
                  82832500    00000020                             : Error.oe66 (.text:xdc_runtime_Error_raiseX__E)
                  82832520    00000020                             : GateNull.oe66 (.text:xdc_runtime_GateNull_enter__E)
                  82832540    00000020                             : GateNull.oe66 (.text:xdc_runtime_GateNull_leave__E)
                  82832560    00000020                             : GateNull.oe66 (.text:xdc_runtime_GateNull_query__E)
                  82832580    00000020                             : Gate.oe66 (.text:xdc_runtime_Gate_enterSystem__E)
                  828325a0    00000020                             : Gate.oe66 (.text:xdc_runtime_Gate_leaveSystem__E)
                  828325c0    00000020     app_pe66.oe66 (.text:xdc_runtime_IHeap_alloc)
                  828325e0    00000020     app_pe66.oe66 (.text:xdc_runtime_IHeap_free)
                  82832600    00000020     app_pe66.oe66 (.text:xdc_runtime_LoggerBuf_Module_GateProxy_enter__E)
                  82832620    00000020     app_pe66.oe66 (.text:xdc_runtime_LoggerBuf_Module_GateProxy_leave__E)
                  82832640    00000020     ti.targets.rts6000.ae66 : LoggerBuf.oe66 (.text:xdc_runtime_LoggerBuf_disable__E)
                  82832660    00000020                             : LoggerBuf.oe66 (.text:xdc_runtime_LoggerBuf_enable__E)
                  82832680    00000020                             : Memory.oe66 (.text:xdc_runtime_Memory_calloc__E)
                  828326a0    00000020                             : Memory.oe66 (.text:xdc_runtime_Memory_free__E)
                  828326c0    00000020                             : Memory.oe66 (.text:xdc_runtime_Memory_getMaxDefaultTypeAlign__E)
                  828326e0    00000020     app_pe66.oe66 (.text:xdc_runtime_Startup_Module__startupDone__S)
                  82832700    00000020     app_pe66.oe66 (.text:xdc_runtime_Startup_exec__I)
                  82832720    00000020     ti.targets.rts6000.ae66 : Startup.oe66 (.text:xdc_runtime_Startup_rtsDone__E)
                  82832740    00000020                             : SysMin.oe66 (.text:xdc_runtime_SysMin_ready__E)
                  82832760    00000020     app_pe66.oe66 (.text:xdc_runtime_System_Module_GateProxy_enter__E)
                  82832780    00000020     app_pe66.oe66 (.text:xdc_runtime_System_Module_GateProxy_leave__E)
                  828327a0    00000020     ti.targets.rts6000.ae66 : System.oe66 (.text:xdc_runtime_System_Module_startup__E)
                  828327c0    00000020                             : System.oe66 (.text:xdc_runtime_System_vsnprintf__E)
                  828327e0    00000020                             : Text.oe66 (.text:xdc_runtime_Text_ropeText__E)
                  82832800    00000020     app_pe66.oe66 (.text:xdc_runtime_Text_visitRope__I)
                  82832820    00000020     ti.targets.rts6000.ae66 : GateThread.oe66 (.text:xdc_runtime_knl_GateThread_Instance_finalize__E)
                  82832840    00000020     app_pe66.oe66 (.text:xdc_runtime_knl_GateThread_Module__startupDone__S)
                  82832860    00000020     app_pe66.oe66 (.text:xdc_runtime_knl_GateThread_Proxy_create)
                  82832880    00000020     app_pe66.oe66 (.text:xdc_runtime_knl_GateThread_Proxy_delete)
                  828328a0    00000020     app_pe66.oe66 (.text:xdc_runtime_knl_GateThread_Proxy_enter__E)
                  828328c0    00000020     app_pe66.oe66 (.text:xdc_runtime_knl_GateThread_Proxy_leave__E)
                  828328e0    00000020     ti.targets.rts6000.ae66 : GateThread.oe66 (.text:xdc_runtime_knl_GateThread_enter__E)
                  82832900    00000020                             : GateThread.oe66 (.text:xdc_runtime_knl_GateThread_leave__E)

.far       0    82832920    000112c2     UNINITIALIZED
                  82832920    0000c800     (.common:ti_sysbios_heaps_HeapMem_Instance_State_0_buf__A)
                  8283f120    00004000     app_pe66.oe66 (.far:taskStackSection)
                  82843120    000005a8     ti.drv.qmss.ae66 : qmss_drv.oe66 (.far:local:uninit)
                  828436c8    00000200     (.common:xdc_runtime_LoggerBuf_Instance_State_0_entryArr__A)
                  828438c8    00000200     (.common:xdc_runtime_SysMin_Module_State_0_outbuf__A)
                  82843ac8    000000f0     (.common:gDataBufferMemMgr)
                  82843bb8    0000001c     (.common:rxQueHnd)
                  82843bd4    00000004     --HOLE--
                  82843bd8    00000008     (.common:parmbuf)
                  82843be0    00000002                      : qmss_drv.oe66 (.far:local:init)

.const     0    82843be8    000059fc     
                  82843be8    00002d99     app_pe66.oe66 (.const:xdc_runtime_Text_charTab__A)
                  82846981    00000001     app_pe66.oe66 (.const:ti_sysbios_timers_timer64_Timer_localTimerBaseId__C)
                  82846982    00000002     app_pe66.oe66 (.const:ti_sdo_ipc_GateMP_Module__id__C)
                  82846984    00000794     ti.drv.srio.ae66 : srio_drv.oe66 (.const:.string)
                  82847118    00000518     sysbios.ae66 : BIOS.obj (.const:.string)
                  82847630    00000400     app_pe66.oe66 (.const:ti_sysbios_family_c66_Cache_marvalues__C)
                  82847a30    00000264     qmss_init.obj (.const:.string)
                  82847c94    00000004     core_2_core_interface.obj (.const:$P$T0$1)
                  82847c98    00000180     app_pe66.oe66 (.const:xdc_runtime_Text_nodeTab__A)
                  82847e18    00000140     app_pe66.oe66 (.const:ti_sysbios_family_c66_tci66xx_CpIntc_sysIntToHostInt__A)
                  82847f58    0000012c     main.obj (.const:.string)
                  82848084    00000118     srio_laneconfig.obj (.const:.string)
                  8284819c    00000004     ti.targets.rts6000.ae66 : Assert.oe66 (.const:.string)
                  828481a0    00000101     rts6600_elf.lib : ctype.c.obj (.const:.string:_ctypes_)
                  828482a1    00000001     --HOLE-- [fill = 0]
[...]
82849548  xdc_runtime_System_abortFxn__C                                            
8284954c  xdc_runtime_System_exitFxn__C                                             
82849550  xdc_runtime_System_extendFxn__C                                           
82849554  xdc_runtime_System_maxAtexitHandlers__C                                   
82849558  xdc_runtime_Text_charTab__C                                               
8284955c  xdc_runtime_Text_nameEmpty__C                                             
82849560  xdc_runtime_Text_nameStatic__C                                            
82849564  xdc_runtime_Text_nameUnknown__C                                           
82849568  xdc_runtime_Text_nodeTab__C                                               
8284956c  xdc_runtime_Text_visitRopeFxn__C                                          
82849570  xdc_runtime_knl_ISync_Interface__BASE__C                                  
82849574  ti_sdo_ipc_Ipc_Module__id__C                                              
82849576  ti_sdo_ipc_Ipc_generateSlaveDataForHost__C                                
82849578  ti_sdo_ipc_ListMP_Module__id__C                                           
8284957a  ti_sdo_ipc_MessageQ_Module__id__C                                         
8284957c  ti_sdo_ipc_MessageQ_Module__loggerDefined__C                              
8284957e  ti_sdo_ipc_Notify_Module__id__C                                           
82849580  ti_sdo_ipc_Notify_numLines__C                                             
82849582  ti_sdo_ipc_Notify_reservedEvents__C                                       
82849584  ti_sdo_ipc_SharedRegion_Module__id__C                                     
82849586  ti_sdo_ipc_SharedRegion_numEntries__C                                     
82849588  ti_sdo_ipc_SharedRegion_translate__C                                      
8284958a  ti_sdo_ipc_gates_GateHWSem_Module__id__C                                  
8284958c  ti_sdo_ipc_gates_GateMPSupportNull_Module__id__C                          
8284958e  ti_sdo_ipc_gates_GatePeterson_Module__id__C                               
82849590  ti_sdo_ipc_heaps_HeapMemMP_Module__id__C                                  
82849592  ti_sdo_ipc_nsremote_NameServerRemoteNotify_Module__id__C                  
82849594  ti_sdo_ipc_transports_TransportShm_Module__id__C                          
82849596  ti_sdo_ipc_transports_TransportShm_notifyEventId__C                       
82849598  ti_sdo_utils_MultiProc_numProcessors__C                                   
8284959a  ti_sdo_utils_MultiProc_numProcsInCluster__C                               
8284959c  ti_sdo_utils_NameServer_Module__id__C                                     
8284959e  ti_sysbios_family_c64p_Exception_Module__id__C                            
828495a0  ti_sysbios_family_c64p_Exception_useInternalBuffer__C                     
828495a2  ti_sysbios_family_c64p_Hwi_Module__id__C                                  
828495a4  ti_sysbios_family_c64p_Hwi_Module__loggerDefined__C                       
828495a6  ti_sysbios_family_c66_Cache_Module__id__C                                 
828495a8  ti_sysbios_family_c66_Cache_registerRTSSynch__C                           
828495aa  ti_sysbios_family_c66_tci66xx_CpIntc_Module__id__C                        
828495ac  ti_sysbios_gates_GateMutexPri_Module__id__C                               
828495ae  ti_sysbios_gates_GateMutex_Module__id__C                                  
828495b0  ti_sysbios_gates_GateSwi_Module__id__C                                    
828495b2  ti_sysbios_hal_Hwi_Module__id__C                                          
828495b4  ti_sysbios_heaps_HeapMem_Module__id__C                                    
828495b6  ti_sysbios_knl_Clock_Module__id__C                                        
828495b8  ti_sysbios_knl_Clock_Module__loggerDefined__C                             
828495ba  ti_sysbios_knl_Semaphore_Module__id__C                                    
828495bc  ti_sysbios_knl_Semaphore_Module__loggerDefined__C                         
828495be  ti_sysbios_knl_Swi_Module__id__C                                          
828495c0  ti_sysbios_knl_Swi_Module__loggerDefined__C                               
828495c2  ti_sysbios_knl_Task_Module__id__C                                         
828495c4  ti_sysbios_knl_Task_Module__loggerDefined__C                              
828495c6  ti_sysbios_syncs_SyncSem_Module__id__C                                    
828495c8  ti_sysbios_timers_timer64_Timer_Module__id__C                             
828495ca  ti_sysbios_timers_timer64_Timer_startupNeeded__C                          
828495cc  ti_sysbios_timers_timer64_Timer_useTimer64pRegMap__C                      
828495ce  xdc_runtime_Core_Module__id__C                                            
828495d0  xdc_runtime_Error_Module__loggerDefined__C                                
828495d2  xdc_runtime_Error_maxDepth__C                                             
828495d4  xdc_runtime_LoggerBuf_Module__id__C                                       
828495d6  xdc_runtime_LoggerBuf_filterByLevel__C                                    
828495d8  xdc_runtime_Memory_Module__id__C                                          
828495da  xdc_runtime_SysMin_flushAtExit__C                                         
828495dc  xdc_runtime_Text_charCnt__C                                               
828495de  xdc_runtime_Text_isLoaded__C                                              
828495e0  xdc_runtime_Text_registryModsLastId__C                                    
828495e2  xdc_runtime_Text_unnamedModsLastId__C                                     
82849600  data                                                                      
8284b5ec  _lock                                                                     
8284b5f0  cppiGblCPDMACfgParams                                                     
8284bfc8  ti_sdo_ipc_GateMP_Module_State_0_remoteCustom1Gates__A                    
8284c7c8  ti_sysbios_family_c66_tci66xx_CpIntc_Module_State_0_dispatchTab__A        
8284ccc8  qmssGblCfgParams                                                          
8284cf98  GlobalQmGroup0                                                            
8284d124  _unlock                                                                   
8284d128  ti_sysbios_timers_timer64_Timer_Module_State_0_device__A                  
8284d2a8  ti_sdo_utils_NameServer_Object__table__V                                  
8284d398  ti_sysbios_family_c66_tci66xx_CpIntc_Module_State_0_hostIntToSysInt__A    
8284d430  ti_sdo_ipc_SharedRegion_Module_State_0_regions__A                         
8284d4c0  ti_sdo_ipc_GateMP_Module_State_0_remoteSystemGates__A                     
8284d540  ti_sysbios_knl_Swi_Module_State_0_readyQ__A                               
8284d5c0  ti_sysbios_knl_Task_Module_State_0_readyQ__A                              
8284d640  ti_sysbios_timers_timer64_Timer_Module_State_0_gctrl__A                   
8284d6c0  ti_sysbios_timers_timer64_Timer_Module_State_0_handles__A                 
8284d740  ti_sysbios_timers_timer64_Timer_Module_State_0_intFreqs__A                
8284d7c0  ti_sysbios_family_c64p_Hwi_Module__state__V                               
8284d82c  ti_sdo_ipc_MessageQ_Module__state__V                                      
8284d894  __errno                                                                   
8284d894  errno                                                                     
8284d898  ti_sysbios_knl_Task_Object__table__V                                      
8284d8f4  ti_sdo_ipc_GateMP_Module__state__V                                        
8284d944  ti_sdo_ipc_ListMP_Module__state__V                                        
8284d948  ti_sysbios_timers_timer64_Timer_Object__table__V                          
8284d998  ti_sysbios_knl_Task_Module__state__V                                      
8284d9e0  ti_sysbios_gates_GateMutex_Object__table__V                               
8284da20  ti_sysbios_family_c64p_Exception_Module__state__V                         
8284da50  ti_sysbios_knl_Swi_Object__table__V                                       
8284da80  ti_sysbios_knl_Clock_Module__state__V                                     
8284daac  ti_sysbios_BIOS_Module__state__V                                          
8284dad0  xdc_runtime_LoggerBuf_Object__table__V                                    
8284daf4  ti_sdo_ipc_SharedRegion_Module__state__V                                  
8284daf8  ti_sdo_ipc_MessageQ_Module_State_0_heaps__A                               
8284db18  xdc_runtime_Error_IgnoreBlock                                             
8284db38  ti_sysbios_knl_Swi_Module__state__V                                       
8284db54  ti_sdo_ipc_heaps_HeapMemMP_Module__state__V                               
8284db58  ti_sysbios_family_c64p_Hwi_Object__table__V                               
8284db70  ti_sysbios_gates_GateMutexPri_Object__table__V                            
8284db88  ti_sysbios_heaps_HeapMem_Object__table__V                                 
8284dba0  ti_sysbios_timers_timer64_Timer_Module__state__V                          
8284dbb8  cppiGblCfgParams                                                          
8284dbcc  cppiLObj                                                                  
8284dbe0  ti_sdo_ipc_Ipc_Module_State_0_procEntry__A                                
8284dbf4  ti_sdo_ipc_transports_TransportShmSetup_Module__state__V                  
8284dbf8  ti_sysbios_family_c66_tci66xx_CpIntc_Module_State_0_initSIER__A           
8284dc0c  xdc_runtime_Memory_Module__state__V                                       
8284dc10  ti_sysbios_family_c66_tci66xx_CpIntc_Module_State_0_controller__A         
8284dc20  ti_sysbios_family_c66_tci66xx_CpIntc_Module__state__V                     
8284dc30  ti_sysbios_gates_GateAll_Object__table__V                                 
8284dc40  xdc_runtime_System_Module_State_0_atexitHandlers__A                       
8284dc50  __TI_cleanup_ptr                                                          
8284dc54  __TI_dtors_ptr                                                            
8284dc58  __TI_enable_exit_profile_output                                           
8284dc5c  ti_sdo_ipc_Ipc_Module__state__V                                           
8284dc68  ti_sdo_utils_NameServer_Module__state__V                                  
8284dc74  xdc_runtime_Error_Module__state__V                                        
8284dc78  ti_sysbios_gates_GateSwi_Object__table__V                                 
8284dc84  xdc_runtime_SysMin_Module__state__V                                       
8284dc90  ti_sdo_ipc_GateMP_Module__root__V                                         
8284dc98  ti_sdo_ipc_ListMP_Module__root__V                                         
8284dca0  ti_sdo_ipc_MessageQ_Module_State_0_transports__A                          
8284dca8  ti_sdo_ipc_MessageQ_Module__root__V                                       
8284dcb0  ti_sdo_ipc_Notify_Module__root__V                                         
8284dcb8  ti_sdo_ipc_Notify_Module__state__V                                        
8284dcc0  ti_sdo_ipc_gates_GateHWSem_Module__root__V                                
8284dcc8  ti_sdo_ipc_gates_GateMPSupportNull_Module__root__V                        
8284dcd0  ti_sdo_ipc_gates_GatePeterson_Module__root__V                             
8284dcd8  ti_sdo_ipc_heaps_HeapMemMP_Module__root__V                                
8284dce0  ti_sdo_ipc_nsremote_NameServerRemoteNotify_Module__root__V                
8284dce8  ti_sdo_ipc_transports_TransportShm_Module__root__V                        
8284dcf0  ti_sdo_utils_List_Module__root__V                                         
8284dcf8  ti_sdo_utils_MultiProc_Module__state__V                                   
8284dd00  ti_sdo_utils_NameServer_Module__root__V                                   
8284dd08  ti_sysbios_gates_GateAll_Module__root__V                                  
8284dd10  ti_sysbios_gates_GateHwi_Module__root__V                                  
8284dd18  ti_sysbios_gates_GateMutexPri_Module__root__V                             
8284dd20  ti_sysbios_gates_GateMutex_Module__root__V                                
8284dd28  ti_sysbios_gates_GateSwi_Module__root__V                                  
8284dd30  ti_sysbios_hal_Hwi_Object__table__V                                       
8284dd38  ti_sysbios_heaps_HeapMem_Module__root__V                                  
8284dd40  ti_sysbios_knl_Queue_Module__root__V                                      
8284dd48  ti_sysbios_knl_Semaphore_Module__root__V                                  
8284dd50  ti_sysbios_knl_Swi_Module__root__V                                        
8284dd58  ti_sysbios_knl_Task_Module__root__V                                       
8284dd60  ti_sysbios_syncs_SyncSem_Module__root__V                                  
8284dd68  ti_sysbios_xdcruntime_GateThreadSupport_Module__root__V                   
8284dd70  xdc_runtime_GateNull_Module__root__V                                      
8284dd78  xdc_runtime_LoggerBuf_Module__root__V                                     
8284dd80  xdc_runtime_Registry_Module__state__V                                     
8284dd88  xdc_runtime_Startup_Module__state__V                                      
8284dd90  xdc_runtime_System_Module__state__V                                       
8284dd98  xdc_runtime_knl_GateThread_Module__root__V                                
8284dda0  xdc_runtime_LoggerBuf_Module__state__V                                    
8284dda8  ti_sdo_ipc_Notify_Module_State_0_notifyHandles_0__A                       
8284ddb0  ti_sdo_ipc_Notify_Module_State_0_notifyHandles__A                         
8284ddb8  ti_sdo_ipc_transports_TransportShmSetup_Module_State_0_handles__A         
8284ddc0  ti_sdo_utils_NameServer_Module_State_0_nsRemoteHandle__A                  
8284ddc8  ti_sysbios_gates_GateHwi_Object__table__V                                 
8284ddd0  ti_sysbios_knl_Task_Module_State_0_idleTask__A                            
8284ddd8  xdc_runtime_GateNull_Object__table__V                                     
8284dde0  ti_sdo_utils_MultiProc_Module_State_0_clusterProcList__A                  
8284df08  Ipc_sr0MemorySetup                                                        
8284df08  __TI_STATIC_BASE                                                          
8284df0c  cppiHnd                                                                   
8284df10  freeQueHnd                                                                
8284df14  hAppManagedSrioDrv                                                        
8284df18  rxChHnd                                                                   
8284df1c  rx_flowhnd                                                                
8284df20  txChHnd                                                                   
8284df24  txQueHnd                                                                  
8284df28  srio_device_ID1                                                           
8284df2c  srio_device_ID2                                                           
8284df30  srio_device_ID3                                                           
8284df34  srio_work_mode                                                            
8284df38  srio_refClockMhz                                                          
8284df3c  srio_laneSpeedGbps                                                        
8284df40  srio_lanesMode                                                            
8284df44  srio_isBoardToBoard                                                       
8284df48  srio_usePolledMode                                                        
8284df4c  fpga0ControlSocket                                                        
8284df50  fpga1ControlSocket                                                        
8284df54  qmssMallocCounter                                                         
8284df58  qmssFreeCounter                                                           
8284df5c  cppiMallocCounter                                                         
8284df60  cppiFreeCounter                                                           
8284df64  rmMallocCounter                                                           
8284df68  rmFreeCounter                                                             
8284df70  dataLen                                                                   
8284df78  TEST_TIME                                                                 
8284df80  gDataBufferMemMgrMaxSize                                                  
8284df84  malloc_counter                                                            
8284df88  free_counter                                                              
8284df8c  core_name                                                                 
8284df90  core_id                                                                   
8284e000  ti_sysbios_family_c64p_Hwi0                                               
8284e000  ti_sysbios_family_c64p_Hwi_int0                                           
8284e020  ti_sysbios_family_c64p_Hwi_int1                                           
8284e040  ti_sysbios_family_c64p_Hwi_int2                                           
8284e060  ti_sysbios_family_c64p_Hwi_int3                                           
8284e080  ti_sysbios_family_c64p_Hwi_int4                                           
8284e0a0  ti_sysbios_family_c64p_Hwi_int5                                           
8284e0c0  ti_sysbios_family_c64p_Hwi_int6                                           
8284e0e0  ti_sysbios_family_c64p_Hwi_int7                                           
8284e100  ti_sysbios_family_c64p_Hwi_int8                                           
8284e120  ti_sysbios_family_c64p_Hwi_int9                                           
8284e140  ti_sysbios_family_c64p_Hwi_int10                                          
8284e160  ti_sysbios_family_c64p_Hwi_int11                                          
8284e180  ti_sysbios_family_c64p_Hwi_int12                                          
8284e1a0  ti_sysbios_family_c64p_Hwi_int13                                          
8284e1c0  ti_sysbios_family_c64p_Hwi_int14                                          
8284e1e0  ti_sysbios_family_c64p_Hwi_int15                                          
8284e200  __CIOBUF_                                                                 
8284f7a4  __TI_Handler_Table_Base                                                   
8284f7ac  __TI_Handler_Table_Limit                                                  
8284f7b0  __TI_CINIT_Base                                                           
8284f7f8  __TI_CINIT_Limit                                                          
ffffffff  __TI_pprof_out_hndl                                                       
ffffffff  __TI_prof_data_size                                                       
ffffffff  __TI_prof_data_start                                                      
ffffffff  __binit__                                                                 
ffffffff  __c_args__                                                                
ffffffff  binit                                                                     
UNDEFED   __TI_INITARRAY_Base                                                       
UNDEFED   __TI_INITARRAY_Limit                                                      
UNDEFED   __TI_TLS_INIT_Base                                                        
UNDEFED   __TI_TLS_INIT_Limit                                                       

[1475 symbols]
