******************************************************************************
               TMS320C6x Linker PC v8.3.2                      
******************************************************************************
>> Linked Wed Oct 23 17:22:36 2019

OUTPUT FILE NAME:   <5G_basic_platform_master.out>
ENTRY POINT SYMBOL: "_c_int00"  address: 8f3cba20


MEMORY CONFIGURATION

         name            origin    length      used     unused   attr    fill
----------------------  --------  ---------  --------  --------  ----  --------
  L2SRAM                00800000   00080000  00013870  0006c790  RW X
  MSMCSRAM              0c000000   00400000  00207802  001f87fe  RW X
  SRIO                  80000000   02800800  00000000  02800800  RW X
  DDR                   82800800   19000000  0cbec9cc  0c413634  RW X


SEGMENT ALLOCATION MAP

run origin  load origin   length   init length attrs members
----------  ----------- ---------- ----------- ----- -------
00800000    00800000    0000e018   00000000    rw-
  00800000    00800000    00008000   00000000    rw- .stack
  00808000    00808000    00006018   00000000    rw- .L2RAM
0080e080    0080e080    00005860   00000000    rw-
  0080e080    0080e080    00004000   00000000    rw- .resmgr_memregion
  00812080    00812080    00000418   00000000    rw- .nimu_eth_ll2
  00812498    00812498    00000200   00000000    rw- .resmgr_pa
  008126a0    008126a0    000000a0   00000000    rw- .resmgr_handles
  00812740    00812740    000011a0   00000000    rw- platform_lib
0c200000    0c200000    00006882   00000000    rw-
  0c200000    0c200000    00006882   00000000    rw- .qmss
0c206900    0c206900    00000f80   00000000    rw-
  0c206900    0c206900    00000f80   00000000    rw- .cppi
82800800    82800800    0cb64670   00000000    rw-
  82800800    82800800    0c86466a   00000000    rw- .far
  8f064e70    8f064e70    00300000   00000000    rw- systemHeap
8f364e70    8f364e70    00000010   00000010    r--
  8f364e70    8f364e70    00000010   00000010    r-- .const.1
8f364e80    8f364e80    000826a6   000826a6    r-x
  8f364e80    8f364e80    000723c0   000723c0    r-x .text
  8f3d7240    8f3d7240    000102e6   000102e6    r-- .const.2
8f3e7528    8f3e7528    00003422   00000000    rw-
  8f3e7528    8f3e7528    00003422   00000000    rw- .fardata
8f3ea94c    8f3ea94c    00000400   00000400    r--
  8f3ea94c    8f3ea94c    00000400   00000400    r-- .switch
8f3ead50    8f3ead50    00000258   00000000    rw-
  8f3ead50    8f3ead50    00000084   00000000    rw- .bss
  8f3eadd4    8f3eadd4    000001d4   00000000    rw- .neardata
8f3eafa8    8f3eafa8    00000042   00000000    r--
  8f3eafa8    8f3eafa8    00000042   00000000    r-- .rodata
8f3eb000    8f3eb000    00000200   00000200    r-x
  8f3eb000    8f3eb000    00000200   00000200    r-x .vecs
8f3eb200    8f3eb200    00000120   00000000    rw-
  8f3eb200    8f3eb200    00000120   00000000    rw- .cio
8f3eb320    8f3eb320    00001ed0   00001ed0    r--
  8f3eb320    8f3eb320    00001ed0   00001ed0    r-- .cinit


SECTION ALLOCATION MAP

 output                                  attributes/
section   page    origin      length       input sections
--------  ----  ----------  ----------   ----------------
ti.sdo.ipc.SharedRegion_0 
*          0    0c000000    00200000     NOLOAD SECTION
                  0c000000    00200000     --HOLE--

.stack     0    00800000    00008000     UNINITIALIZED
                  00800000    00000008     boot.ae66 : boot.oe66 (.stack)
                  00800008    00007ff8     --HOLE--

.L2RAM     0    00808000    00006018     UNINITIALIZED
                  00808000    00006000     qmss_init.obj (.L2RAM:uninit)
                  0080e000    00000018     qmss_init.obj (.L2RAM:init)

.bss       0    8f3ead50    00000084     UNINITIALIZED
                  8f3ead50    00000008     (.common:LastCLKTime)
                  8f3ead58    00000004     cyhc.platform.5g.ae66 : cyhc5g_spi.obj (.bss)
                  8f3ead5c    00000004     (.common:IPCache)
                  8f3ead60    00000004     (.common:IPTrialAddress)
                  8f3ead64    00000004     (.common:Ipc_sr0MemorySetup)
                  8f3ead68    00000004     (.common:LastCLKValid)
                  8f3ead6c    00000004     (.common:NetHaltFlag)
                  8f3ead70    00000004     (.common:NetReturnCode)
                  8f3ead74    00000004     (.common:RequestedRecords)
                  8f3ead78    00000004     (.common:TimeMS)
                  8f3ead7c    00000004     (.common:TimeS)
                  8f3ead80    00000004     (.common:TimeStart)
                  8f3ead84    00000004     (.common:_IGMPInDiscard)
                  8f3ead88    00000004     (.common:_IGMPInQuery)
                  8f3ead8c    00000004     (.common:_IGMPInQueryGroup)
                  8f3ead90    00000004     (.common:_IGMPInResponse)
                  8f3ead94    00000004     (.common:_IGMPOutResponse)
                  8f3ead98    00000004     (.common:cppiHnd)
                  8f3ead9c    00000004     (.common:freeQueHnd)
                  8f3eada0    00000004     (.common:gTxCmdFreeQHnd)
                  8f3eada4    00000004     (.common:gTxCmdReturnQHnd)
                  8f3eada8    00000004     (.common:hEvent)
                  8f3eadac    00000004     (.common:hIPv6ReasmTimer)
                  8f3eadb0    00000004     (.common:hLLI6Timer)
                  8f3eadb4    00000004     (.common:hTimer$1)
                  8f3eadb8    00000004     (.common:hTimer$1)
                  8f3eadbc    00000004     (.common:header_size)
                  8f3eadc0    00000004     (.common:rxChHnd)
                  8f3eadc4    00000004     (.common:rx_flowhnd)
                  8f3eadc8    00000004     (.common:trailer_size)
                  8f3eadcc    00000004     (.common:txChHnd)
                  8f3eadd0    00000004     (.common:txQueHnd)

.neardata 
*          0    8f3eadd4    000001d4     UNINITIALIZED
                  8f3eadd4    00000044     nettool.ae66 : httpstr.oe66 (.neardata)
                  8f3eae18    00000024     os.ae66 : mem.oe66 (.neardata)
                  8f3eae3c    0000001c     netctrl.ae66 : netctrl.oe66 (.neardata)
                  8f3eae58    00000018     NDK_Init.obj (.neardata)
                  8f3eae70    00000018     qmss_osal.obj (.neardata)
                  8f3eae88    00000016     sysbios.ae66 : BIOS.obj (.neardata)
                  8f3eae9e    00000002     ti.transport.ndk.nimu.ae66 : nimu_eth.oe66 (.neardata)
                  8f3eaea0    00000014     stk6_ppp_pppoe.ae66 : rtable.oe66 (.neardata)
                  8f3eaeb4    00000010     nettool.ae66 : daemon.oe66 (.neardata)
                  8f3eaec4    00000010     os.ae66 : os_ll.oe66 (.neardata)
                  8f3eaed4    00000010     stk6_ppp_pppoe.ae66 : bind6.oe66 (.neardata)
                  8f3eaee4    00000010                         : igmp.oe66 (.neardata)
                  8f3eaef4    0000000c                         : route6.oe66 (.neardata)
                  8f3eaf00    00000008     cyhc.platform.5g.ae66 : platform.obj (.neardata)
                  8f3eaf08    00000008     netctrl.ae66 : netsrv.oe66 (.neardata)
                  8f3eaf10    00000008     stk6_ppp_pppoe.ae66 : exec.oe66 (.neardata)
                  8f3eaf18    00000008                         : icmp.oe66 (.neardata)
                  8f3eaf20    00000008                         : ip.oe66 (.neardata)
                  8f3eaf28    00000008                         : ipin.oe66 (.neardata)
                  8f3eaf30    00000008                         : ipv6_frag.oe66 (.neardata)
                  8f3eaf38    00000008                         : lli.oe66 (.neardata)
                  8f3eaf40    00000008                         : nimupppoe.oe66 (.neardata)
                  8f3eaf48    00000008                         : rtc.oe66 (.neardata)
                  8f3eaf50    00000008                         : tcp.oe66 (.neardata)
                  8f3eaf58    00000008                         : tcp6.oe66 (.neardata)
                  8f3eaf60    00000008                         : timer.oe66 (.neardata)
                  8f3eaf68    00000005     os.ae66 : task.oe66 (.neardata)
                  8f3eaf6d    00000003     --HOLE--
                  8f3eaf70    00000004     cyhc.platform.5g.ae66 : cyhc5g_phy.obj (.neardata)
                  8f3eaf74    00000004     hal_timer.ae66 : lltimer.oe66 (.neardata)
                  8f3eaf78    00000004     nettool.ae66 : config.oe66 (.neardata)
                  8f3eaf7c    00000004                  : httpsend.oe66 (.neardata)
                  8f3eaf80    00000004     os.ae66 : efs.oe66 (.neardata)
                  8f3eaf84    00000004     stk6_ppp_pppoe.ae66 : bind.oe66 (.neardata)
                  8f3eaf88    00000004                         : ipfrag.oe66 (.neardata)
                  8f3eaf8c    00000004                         : lli6.oe66 (.neardata)
                  8f3eaf90    00000004                         : lliin.oe66 (.neardata)
                  8f3eaf94    00000004                         : mld.oe66 (.neardata)
                  8f3eaf98    00000004                         : node.oe66 (.neardata)
                  8f3eaf9c    00000004                         : pbm.oe66 (.neardata)
                  8f3eafa0    00000004                         : sock6pcb.oe66 (.neardata)
                  8f3eafa4    00000004                         : sockpcb.oe66 (.neardata)

.rodata    0    8f3eafa8    00000042     UNINITIALIZED
                  8f3eafa8    00000024     stk6_ppp_pppoe.ae66 : ipv6.oe66 (.rodata)
                  8f3eafcc    00000010     os.ae66 : mem_data.oe66 (.rodata)
                  8f3eafdc    00000008     stk6_ppp_pppoe.ae66 : pbm_data.oe66 (.rodata)
                  8f3eafe4    00000006     main.obj (.rodata)

.cinit     0    8f3eb320    00001ed0     
                  8f3eb320    00001c24     (.cinit..fardata.load) [load image, compression = rle]
                  8f3ecf44    0000009f     (.cinit.platform_lib.load) [load image, compression = rle]
                  8f3ecfe3    00000089     (.cinit..neardata.load) [load image, compression = rle]
                  8f3ed06c    00000061     (.cinit..far.load) [load image, compression = rle]
                  8f3ed0cd    00000046     (.cinit..rodata.load) [load image, compression = rle]
                  8f3ed113    0000000d     (.cinit.systemHeap.load) [load image, compression = rle]
                  8f3ed120    0000000b     (.cinit..L2RAM.load) [load image, compression = rle]
                  8f3ed12b    0000000b     (.cinit..cppi.load) [load image, compression = rle]
                  8f3ed136    0000000b     (.cinit..nimu_eth_ll2.load) [load image, compression = rle]
                  8f3ed141    0000000b     (.cinit..qmss.load) [load image, compression = rle]
                  8f3ed14c    0000000b     (.cinit..resmgr_memregion.load) [load image, compression = rle]
                  8f3ed157    0000000b     (.cinit..resmgr_pa.load) [load image, compression = rle]
                  8f3ed162    00000009     (.cinit..bss.load) [load image, compression = rle]
                  8f3ed16b    00000009     (.cinit..resmgr_handles.load) [load image, compression = rle]
                  8f3ed174    00000008     (__TI_handler_table)
                  8f3ed17c    00000004     --HOLE-- [fill = 0]
                  8f3ed180    00000070     (__TI_cinit_table)

.init_array 
*          0    82800800    00000000     UNINITIALIZED

.resmgr_memregion 
*          0    0080e080    00004000     UNINITIALIZED
                  0080e080    00004000     nimu_cppi_qmss_iface.obj (.resmgr_memregion)

.resmgr_pa 
*          0    00812498    00000200     UNINITIALIZED
                  00812498    00000200     nimu_pa_iface.obj (.resmgr_pa)

.qmss      0    0c200000    00006882     UNINITIALIZED
                  0c200000    00006880     ti.drv.qmss.ae66 : qmss_drv.oe66 (.qmss:uninit)
                  0c206880    00000002                      : qmss_drv.oe66 (.qmss:init)

.cppi      0    0c206900    00000f80     UNINITIALIZED
                  0c206900    00000f80     ti.drv.cppi.ae66 : cppi_drv.oe66 (.cppi)

.nimu_eth_ll2 
*          0    00812080    00000418     UNINITIALIZED
                  00812080    00000408     ti.transport.ndk.nimu.ae66 : nimu_eth.oe66 (.nimu_eth_ll2:uninit)
                  00812488    00000010                                : nimu_eth.oe66 (.nimu_eth_ll2:init)

.resmgr_handles 
*          0    008126a0    000000a0     UNINITIALIZED
                  008126a0    0000009c     nimu_cppi_qmss_iface.obj (.resmgr_handles)
                  0081273c    00000004     nimu_pa_iface.obj (.resmgr_handles)

systemHeap 
*          0    8f064e70    00300000     UNINITIALIZED
                  8f064e70    00300000     app_pe66.oe66 (systemHeap)

.vecs      0    8f3eb000    00000200     
                  8f3eb000    00000200     app_pe66.oe66 (.vecs)

xdc.meta   0    82800800    000000f0     COPY SECTION
                  82800800    000000f0     app_pe66.oe66 (xdc.meta)

platform_lib 
*          0    00812740    000011a0     UNINITIALIZED
                  00812740    00000858     cyhc.platform.5g.ae66 : platform.obj (platform_lib:uninit)
                  00812f98    00000840                           : cyhc5g_nand.obj (platform_lib)
                  008137d8    00000108                           : platform.obj (platform_lib:init)

.far       0    82800800    0c86466a     UNINITIALIZED
                  82800800    0c800000     (.common:ti_sysbios_heaps_HeapMem_Instance_State_1_buf__A)
                  8f000800    00052b00     stk6_ppp_pppoe.ae66 : pbm_data.oe66 (.far:NDK_PACKETMEM)
                  8f053300    0000c1c0     os.ae66 : mem_data.oe66 (.far:NDK_MMBUFFER)
                  8f05f4c0    00002800     app_pe66.oe66 (.far:taskStackSection)
                  8f061cc0    00000028     (.common:oscfgcopy)
                  8f061ce8    00000018     (.common:NDK_icmp6stats)
                  8f061d00    00000fa0     (.common:gMemL3Ram)
                  8f062ca0    00000800     (.common:xdc_runtime_LoggerBuf_Instance_State_0_entryArr__A)
                  8f0634a0    000005a8     ti.drv.qmss.ae66 : qmss_drv.oe66 (.far:local:uninit)
                  8f063a48    000003e8     (.common:gMemL2Ram)
                  8f063e30    000002d0     (.common:drec)
                  8f064100    00000200     (.common:xdc_runtime_LoggerBuf_Instance_State_1_entryArr__A)
                  8f064300    00000200     (.common:xdc_runtime_SysMin_Module_State_0_outbuf__A)
                  8f064500    00000140     (.common:__TI_tmpnams)
                  8f064640    00000100     (.common:igmp)
                  8f064740    000000b8     (.common:NDK_tcp6_stats)
                  8f0647f8    000000b8     (.common:NDK_tcps)
                  8f0648b0    000000b4     (.common:ipcfgcopy)
                  8f064964    00000068     (.common:NDK_ips)
                  8f0649cc    00000064     (.common:nimu_mcb)
                  8f064a30    00000060     (.common:pollitem)
                  8f064a90    00000058     (.common:NDK_ipv6mcb)
                  8f064ae8    0000004c     (.common:NDK_ICMPIn)
                  8f064b34    00000004     (.common:raweth_pcb)
                  8f064b38    0000004c     (.common:NDK_ICMPOut)
                  8f064b84    00000004     --HOLE--
                  8f064b88    00000044     (.common:gI2cBlock)
                  8f064bcc    00000028     (.common:vlan_mcb)
                  8f064bf4    00000024     (.common:NDK_udp6_stats)
                  8f064c18    00000024     (.common:NDK_udps)
                  8f064c3c    00000024     sysbios.ae66 : BIOS.obj (.far:clockStruct$38)
                  8f064c60    00000020     (.common:coreKey)
                  8f064c80    00000020     (.common:gCppiCfg)
                  8f064ca0    0000001c     (.common:BlockCount)
                  8f064cbc    00000004     --HOLE--
                  8f064cc0    0000001c     (.common:BlockMax)
                  8f064cdc    00000004     --HOLE--
                  8f064ce0    0000001c     (.common:PageCount)
                  8f064cfc    00000004     --HOLE--
                  8f064d00    0000001c     (.common:PageMax)
                  8f064d1c    00000004     --HOLE--
                  8f064d20    0000001c     (.common:rxQueHnd)
                  8f064d3c    00000018     (.common:stkEvent)
                  8f064d54    00000004     --HOLE--
                  8f064d58    00000014     (.common:pfnHook)
                  8f064d6c    00000010     (.common:IPV6_ALL_NODES_ADDRESS)
                  8f064d7c    00000010     (.common:IPV6_ALL_ROUTER_ADDRESS)
                  8f064d8c    00000010     (.common:IPV6_HOST_MASK)
                  8f064d9c    00000010     (.common:IPV6_LINKLOCALMASK)
                  8f064dac    00000010     (.common:IPV6_LOOPBACK_ADDRESS)
                  8f064dbc    00000010     (.common:IPV6_MULTICASTMASK)
                  8f064dcc    00000010     (.common:IPV6_UNSPECIFIED_ADDRESS)
                  8f064ddc    00000010     (.common:NDK_raw6_stats)
                  8f064dec    00000010     (.common:NDK_raweths)
                  8f064dfc    00000010     (.common:NDK_raws)
                  8f064e0c    00000004     --HOLE--
                  8f064e10    00000010     (.common:igmpCount)
                  8f064e20    0000000c     (.common:PBMQ_free)
                  8f064e2c    0000000c     (.common:paLObj)
                  8f064e38    0000000c     (.common:tpseudo)
                  8f064e44    0000000c     (.common:upseudo)
                  8f064e50    00000008     (.common:parmbuf)
                  8f064e58    00000008     (.common:ti_sysbios_knl_Task_Instance_State_0_hookEnv__A)
                  8f064e60    00000008     (.common:ti_sysbios_knl_Task_Instance_State_1_hookEnv__A)
                  8f064e68    00000002     ti.drv.qmss.ae66 : qmss_drv.oe66 (.far:local:init)

.const.1   0    8f364e70    00000010     
                  8f364e70    00000010     nimu_osal.obj (.const:.string)

.text      0    8f364e80    000723c0     
                  8f364e80    00001fe0     rts6600_elf.lib : _printfi.c.obj (.text:__TI_printfi)
                  8f366e60    00001b00     cyhc.platform.5g.ae66 : platform.obj (.text)
                  8f368960    00001a60     stk6_ppp_pppoe.ae66 : tcpin.oe66 (.text:TcpInput)
                  8f36a3c0    00001a40                         : tcp6in.oe66 (.text:TCP6Input)
                  8f36be00    000012c0                         : tcpout.oe66 (.text:TcpOutput)
                  8f36d0c0    00001280                         : tcp6out.oe66 (.text:TCP6Output)
                  8f36e340    00000ea0     ti.drv.qmss.ae66 : qmss_drv.oe66 (.text:Qmss_insertMemoryRegionSubSys)
                  8f36f1e0    00000c80     ipc.ae66 : Ipc.obj (.text:ti_sdo_ipc_GateMP_Instance_init__E)
                  8f36fe60    00000c60     nettool.ae66 : httpclie.oe66 (.text:httpClientProcess)
                  8f370ac0    00000c40     qmss_init.obj (.text)
                  8f371700    00000c20     ti.drv.pa.ae66 : pa.oe66 (.text:Pa_addMac2)
                  8f372320    00000ba0     cyhc.platform.5g.ae66 : cyhc5g_nand.obj (.text)
                  8f372ec0    00000b20     stk6_ppp_pppoe.ae66 : ipin.oe66 (.text:IPRxPacket)
                  8f3739e0    00000b20     ti.drv.pa.ae66 : pa.oe66 (.text:pa_conv_routing_info2)
                  8f374500    00000a80     stk6_ppp_pppoe.ae66 : md5.oe66 (.text:MD5Transform)
                  8f374f80    00000a00     nettool.ae66 : httpsend.oe66 (.text:SetContentType)
                  8f375980    00000a00     cyhc.platform.5g.ae66 : cyhc5g.obj (.text)
                  8f376380    000009e0     stk6_ppp_pppoe.ae66 : ipout.oe66 (.text:IPTxPacket)
                  8f376d60    000009c0                         : lcp.oe66 (.text:lcpInput)
                  8f377720    00000960     ti.drv.qmss.ae66 : qmss_drv.oe66 (.text:Qmss_initSubSys)
                  8f378080    000008e0     nimu_cppi_qmss_iface.obj (.text)
                  8f378960    000008c0     ti.drv.qmss.ae66 : qmss_drv.oe66 (.text:Qmss_internalQueueOpen)
                  8f379220    000008a0     ti.transport.ndk.nimu.ae66 : nimu_eth.oe66 (.text:EmacRxPktISR)
                  8f379ac0    00000880     ti.targets.rts6000.ae66 : System.oe66 (.text:xdc_runtime_System_doPrint__I)
                  8f37a340    00000820     stk6_ppp_pppoe.ae66 : sock.oe66 (.text:SockSet)
                  8f37ab60    00000800     cyhc.platform.5g.ae66 : cyhc5g_i2c_eeprom.obj (.text)
                  8f37b360    00000800     stk6_ppp_pppoe.ae66 : ipcp.oe66 (.text:ipcpInput)
                  8f37bb60    00000780                         : fileuser.oe66 (.text:fdPoll)
                  8f37c2e0    00000780     sysbios.ae66 : BIOS.obj (.text:ti_sysbios_family_c64p_Exception_handler__I)
                  8f37ca60    00000740                  : BIOS.obj (.text:ti_sysbios_knl_Semaphore_pend__E)
                  8f37d1a0    00000720     ti.drv.cppi.ae66 : cppi_drv.oe66 (.text:Cppi_configureRxFlow)
                  8f37d8c0    00000720     ipc.ae66 : Ipc.obj (.text:MessageQ_put)
                  8f37dfe0    00000720     stk6_ppp_pppoe.ae66 : sock6.oe66 (.text:Sock6Set)
                  8f37e700    00000700                         : icmpv6_ndisc.oe66 (.text:ICMPv6RecvRA)
                  8f37ee00    00000700     sysbios.ae66 : BIOS.obj (.text:ti_sysbios_timers_timer64_Timer_Module_startup__E)
                  8f37f500    000006e0     utils.ae66 : UTILS.obj (.text:NameServer_add)
                  8f37fbe0    000006c0     qmss_osal.obj (.text)
                  8f3802a0    000006a0     ti.drv.pa.ae66 : painit.oe66 (.text:Pa_create)
                  8f380940    000006a0     stk6_ppp_pppoe.ae66 : route6.oe66 (.text:Rt6Create)
                  8f380fe0    000006a0     sysbios.ae66 : BIOS.obj (.text:ti_sysbios_knl_Task_Instance_finalize__E)
                  8f381680    00000660     cyhc.platform.5g.ae66 : cyhc5g_phy.obj (.text)
                  8f381ce0    00000640     ipc.ae66 : Ipc.obj (.text:Ipc_attach)
                  8f382320    00000640     rts6600_elf.lib : _printfi.c.obj (.text:_pconv_a)
                  8f382960    00000620     ipc.ae66 : Ipc.obj (.text:ti_sdo_ipc_heaps_HeapMemMP_alloc__E)
                  8f382f80    00000620     sysbios.ae66 : BIOS.obj (.text:ti_sysbios_heaps_HeapMem_allocUnprotected__E)
                  8f3835a0    00000600     stk6_ppp_pppoe.ae66 : ipfrag.oe66 (.text:IPReasm)
                  8f383ba0    00000600     rts6600_elf.lib : divd.c.obj (.text:__c6xabi_divd)
                  8f3841a0    00000600     ipc.ae66 : Ipc.obj (.text:ti_sdo_ipc_GateMP_setRegion0Reserved__F)
                  8f3847a0    00000600              : Ipc.obj (.text:ti_sdo_ipc_transports_TransportShm_Instance_init__E)
                  8f384da0    000005e0     nettool.ae66 : telnetd.oe66 (.text:telnet_netdata)
                  8f385380    000005c0     ti.drv.cppi.ae66 : cppi_drv.oe66 (.text:Cppi_txChannelOpenWithHwCfg)
                  8f385940    000005c0     init.obj (.text)
                  8f385f00    000005c0     sysbios.ae66 : BIOS.obj (.text:ti_sysbios_heaps_HeapMem_freeUnprotected__E)
                  8f3864c0    000005a0     ipc.ae66 : Ipc.obj (.text:ti_sdo_ipc_ListMP_Instance_init__E)
                  8f386a60    000005a0              : Ipc.obj (.text:ti_sdo_ipc_nsremote_NameServerRemoteNotify_Instance_init__E)
                  8f387000    00000560     ti.transport.ndk.nimu.ae66 : nimu_eth.oe66 (.text:Add_MACAddress)
                  8f387560    00000560     stk6_ppp_pppoe.ae66 : bind6.oe66 (.text:Bind6New)
                  8f387ac0    00000560     ipc.ae66 : Ipc.obj (.text:ti_sdo_ipc_GateMP_Instance_finalize__E)
                  8f388020    00000560              : Ipc.obj (.text:ti_sdo_ipc_heaps_HeapMemMP_free__E)
                  8f388580    00000540     ti.drv.cppi.ae66 : cppi_drv.oe66 (.text:Cppi_rxChannelOpen)
                  8f388ac0    00000540     stk6_ppp_pppoe.ae66 : udp.oe66 (.text:UdpInput)
                  8f389000    00000540                         : nimuppp.oe66 (.text:pppEvent)
                  8f389540    00000520                         : icmpin.oe66 (.text:ICMPInput)
                  8f389a60    00000520                         : ipv6.oe66 (.text:IPv6IPAddressToString)
                  8f389f80    00000520                         : lliin.oe66 (.text:LLIRxPacket)
                  8f38a4a0    00000520                         : sock6.oe66 (.text:Sock6Connect)
                  8f38a9c0    00000520                         : sock.oe66 (.text:SockNew)
                  8f38aee0    00000500     ti.drv.pa.ae66 : pa.oe66 (.text:Pa_forwardResult)
                  8f38b3e0    00000500     stk6_ppp_pppoe.ae66 : nimupppoe.oe66 (.text:pppoeInputS)
                  8f38b8e0    000004c0     ipc.ae66 : Ipc.obj (.text:ti_sdo_ipc_heaps_HeapMemMP_Instance_init__E)
                  8f38bda0    000004a0     stk6_ppp_pppoe.ae66 : sock6.oe66 (.text:Sock6Recv)
                  8f38c240    00000480     ti.drv.cppi.ae66 : cppi_drv.oe66 (.text:Cppi_init)
                  8f38c6c0    00000480                      : cppi_desc.oe66 (.text:Cppi_initDescriptorSubSys)
                  8f38cb40    00000480     stk6_ppp_pppoe.ae66 : sock6.oe66 (.text:Sock6New)
                  8f38cfc0    00000480                         : nimuppp.oe66 (.text:pppNew)
                  8f38d440    00000480     sysbios.ae66 : BIOS.obj (.text:ti_sysbios_gates_GateMutexPri_enter__E)
                  8f38d8c0    00000460     stk6_ppp_pppoe.ae66 : sock.oe66 (.text:SockRecv)
                  8f38dd20    00000460     cyhc.platform.5g.ae66 : cyhc5g_spi.obj (.text)
                  8f38e180    00000460     nettool.ae66 : daemon.oe66 (.text:daemon)
                  8f38e5e0    00000460     stk6_ppp_pppoe.ae66 : fileuser.oe66 (.text:fdSelect)
                  8f38ea40    00000460                         : nimupppoe.oe66 (.text:pppoeInputC)
                  8f38eea0    00000460     sysbios.ae66 : BIOS.obj (.text:ti_sysbios_knl_Task_sleep__E)
                  8f38f300    00000440     rts6600_elf.lib : _printfi.c.obj (.text:_pconv_g)
                  8f38f740    00000440     stk6_ppp_pppoe.ae66 : auth.oe66 (.text:chapInput)
                  8f38fb80    00000440     os.ae66 : efs.oe66 (.text:efs_filecheck)
                  8f38ffc0    00000440     nettool.ae66 : httpsend.oe66 (.text:httpSendStatusLine)
                  8f390400    00000420     ipc.ae66 : Ipc.obj (.text:Notify_sendEvent)
                  8f390820    00000420     sysbios.ae66 : BIOS.obj (.text:ti_sysbios_knl_Task_Instance_init__E)
                  8f390c40    00000420                  : BIOS.obj (.text:ti_sysbios_knl_Task_setPri__E)
                  8f391060    00000400     ipc.ae66 : Ipc.obj (.text:Notify_registerEventSingle)
                  8f391460    00000400     stk6_ppp_pppoe.ae66 : sock.oe66 (.text:SockSend)
                  8f391860    00000400     ipc.ae66 : Ipc.obj (.text:ti_sdo_ipc_nsremote_NameServerRemoteNotify_get__F)
                  8f391c60    000003e0     stk6_ppp_pppoe.ae66 : ipv6out.oe66 (.text:IPv6TxPacket)
                  8f392040    000003e0     NDK_Init.obj (.text)
                  8f392420    000003e0     ipc.ae66 : Ipc.obj (.text:Notify_unregisterEventSingle)
                  8f392800    000003e0              : Ipc.obj (.text:ti_sdo_ipc_MessageQ_Instance_init__E)
                  8f392be0    000003c0     stk6_ppp_pppoe.ae66 : ipv6_frag.oe66 (.text:IPv6TxFragPacket)
                  8f392fa0    000003c0                         : lli6.oe66 (.text:LLI6TimerCheck)
                  8f393360    000003c0     ti.drv.pa.ae66 : pa.oe66 (.text:Pa_addMac)
                  8f393720    000003c0     stk6_ppp_pppoe.ae66 : sock6.oe66 (.text:Sock6Send)
                  8f393ae0    000003c0     cyhc.platform.5g.ae66 : cyhc5g_nor.obj (.text)
                  8f393ea0    000003c0     nettool.ae66 : dhcppkt.oe66 (.text:dhcpPacketProcess)
                  8f394260    000003c0     nimu_pa_iface.obj (.text)
                  8f394620    000003a0     netctrl.ae66 : netctrl.oe66 (.text:NetScheduler)
                  8f3949c0    000003a0     stk6_ppp_pppoe.ae66 : sock.oe66 (.text:SockConnect)
                  8f394d60    000003a0     utils.ae66 : UTILS.obj (.text:ti_sdo_utils_NameServer_registerRemoteDriver__E)
                  8f395100    000003a0     sysbios.ae66 : BIOS.obj (.text:ti_sysbios_family_c66_Cache_startup__I)
                  8f3954a0    00000380     stk6_ppp_pppoe.ae66 : icmpv6_ndisc.oe66 (.text:ICMPv6RecvNS)
                  8f395820    00000380                         : sb.oe66 (.text:SBRead)
                  8f395ba0    00000380                         : sock6int.oe66 (.text:Sock6Notify)
                  8f395f20    00000380                         : sockint.oe66 (.text:SockNotify)
                  8f3962a0    00000380                         : tcp6.oe66 (.text:TCP6TimeoutCheck)
                  8f396620    00000380                         : tcp.oe66 (.text:TcpTimeoutCheck)
                  8f3969a0    00000380                         : auth.oe66 (.text:papInput)
                  8f396d20    00000360                         : icmpv6_ndisc.oe66 (.text:ICMPv6RecvRedirect)
                  8f397080    00000360                         : icmpv6in.oe66 (.text:ICMPv6RxPacket)
                  8f3973e0    00000360                         : icmpv6out.oe66 (.text:ICMPv6SendDstUnreachable)
                  8f397740    00000360                         : icmpv6out.oe66 (.text:ICMPv6SendTimeExceeded)
                  8f397aa0    00000360                         : nimupppoe.oe66 (.text:SendServerMsg)
                  8f397e00    00000360                         : nimupppoe.oe66 (.text:pppoeSI)
                  8f398160    00000360     utils.ae66 : UTILS.obj (.text:ti_sdo_utils_NameServer_isRegistered__E)
                  8f3984c0    00000360                : UTILS.obj (.text:ti_sdo_utils_NameServer_unregisterRemoteDriver__E)
                  8f398820    00000340     stk6_ppp_pppoe.ae66 : icmpv6out.oe66 (.text:ICMPv6SendParameterProblem)
                  8f398b60    00000340                         : igmp.oe66 (.text:IGMPInput)
                  8f398ea0    00000340                         : lliout.oe66 (.text:LLITxIpPacket)
                  8f3991e0    00000340                         : nimu.oe66 (.text:NIMUIoctl)
                  8f399520    00000340     cyhc.platform.5g.ae66 : cyhc5g_gpio.obj (.text)
                  8f399860    00000340     os.ae66 : mem.oe66 (.text:mmAlloc)
                  8f399ba0    00000340     nimu_osal.obj (.text)
                  8f399ee0    00000340     ipc.ae66 : Ipc.obj (.text:ti_sdo_ipc_gates_GatePeterson_Instance_init__E)
                  8f39a220    00000340     sysbios.ae66 : BIOS.obj (.text:ti_sysbios_family_c66_tci66xx_CpIntc_Module_startup__E)
                  8f39a560    00000320     nettool.ae66 : config.oe66 (.text:CfgAddEntry)
                  8f39a880    00000320     stk6_ppp_pppoe.ae66 : ipv6_frag.oe66 (.text:IPv6FragQEnqueueFrag)
                  8f39aba0    00000320                         : ipv6_frag.oe66 (.text:IPv6FragReasm)
                  8f39aec0    00000320     ti.drv.pa.ae66 : pa.oe66 (.text:Pa_resetControl)
                  8f39b1e0    00000320     rts6600_elf.lib : fputs.c.obj (.text:fputs)
                  8f39b500    00000320     nettool.ae66 : inetaddr.oe66 (.text:inet_aton)
                  8f39b820    00000320     sysbios.ae66 : BIOS.obj (.text:ti_sysbios_timers_timer64_Timer_deviceConfig__I)
                  8f39bb40    00000300     ti.drv.cppi.ae66 : cppi_drv.oe66 (.text:Cppi_open)
                  8f39be40    00000300     utils.ae66 : UTILS.obj (.text:NameServer_getLocal)
                  8f39c140    00000300     stk6_ppp_pppoe.ae66 : rtable.oe66 (.text:RtFind)
                  8f39c440    00000300     ti.transport.ndk.nimu.ae66 : nimu_eth.oe66 (.text:Setup_Rx)
                  8f39c740    00000300     stk6_ppp_pppoe.ae66 : sock6pcb.oe66 (.text:Sock6PcbBind)
                  8f39ca40    00000300                         : udp6.oe66 (.text:Udp6Input)
                  8f39cd40    00000300     nettool.ae66 : httpsend.oe66 (.text:httpSendErrorHTML)
                  8f39d040    00000300     stk6_ppp_pppoe.ae66 : nimuppp.oe66 (.text:pppInput)
                  8f39d340    00000300     ipc.ae66 : Ipc.obj (.text:ti_sdo_ipc_Notify_Instance_init__E)
                  8f39d640    00000300     sysbios.ae66 : BIOS.obj (.text:ti_sysbios_knl_Swi_runLoop__I)
                  8f39d940    000002e0     ti.transport.ndk.nimu.ae66 : nimu_eth.oe66 (.text:EmacSend$0)
                  8f39dc20    000002e0     ipc.ae66 : Ipc.obj (.text:ListMP_getHead)
                  8f39df00    000002e0     ti.drv.qmss.ae66 : qmss_drv.oe66 (.text:Qmss_internalRmStartIndex)
                  8f39e1e0    000002e0     stk6_ppp_pppoe.ae66 : route.oe66 (.text:RtCreate)
                  8f39e4c0    000002e0                         : sb6.oe66 (.text:SB6Read)
                  8f39e7a0    000002e0                         : nimupppoe.oe66 (.text:SendClientMsg)
                  8f39ea80    000002e0                         : sock6pcb.oe66 (.text:Sock6PcbResolve)
                  8f39ed60    000002e0                         : tcp6prot.oe66 (.text:TCP6PrSetOption)
                  8f39f040    000002e0                         : tcpprot.oe66 (.text:TcpPrSetOption)
                  8f39f320    000002e0                         : udp.oe66 (.text:UdpOutput)
                  8f39f600    000002e0     ti.transport.ndk.nimu.ae66 : nimu_eth.oe66 (.text:Verify_Init)
                  8f39f8e0    000002e0     ipc.ae66 : Ipc.obj (.text:ti_sdo_ipc_SharedRegion_reserveMemory__F)
                  8f39fbc0    000002e0     sysbios.ae66 : BIOS.obj (.text:ti_sysbios_heaps_HeapMem_Instance_init__E)
                  8f39fea0    000002c0     nettool.ae66 : dhcpmain.oe66 (.text:DHCPOpen)
                  8f3a0160    000002c0     stk6_ppp_pppoe.ae66 : ipv6_exthdrs.oe66 (.text:IPv6ParseExtnHeaders)
                  8f3a0420    000002c0                         : node.oe66 (.text:NodeAdd)
                  8f3a06e0    000002c0                         : route6.oe66 (.text:Rt6Find)
                  8f3a09a0    000002c0     ti.transport.ndk.nimu.ae66 : nimu_eth.oe66 (.text:Setup_Tx)
                  8f3a0c60    000002c0     stk6_ppp_pppoe.ae66 : sock6pcb.oe66 (.text:Sock6PcbFind)
                  8f3a0f20    000002c0     rts6600_elf.lib : _printfi.c.obj (.text:fcvt)
                  8f3a11e0    000002c0     ipc.ae66 : Ipc.obj (.text:ti_sdo_ipc_heaps_HeapMemMP_postInit__I)
                  8f3a14a0    000002c0     sysbios.ae66 : BIOS.obj (.text:ti_sysbios_knl_Clock_workFunc__E)
                  8f3a1760    000002c0     ti.targets.rts6000.ae66 : LoggerBuf.oe66 (.text:xdc_runtime_LoggerBuf_write8__E)
                  8f3a1a20    000002a0     stk6_ppp_pppoe.ae66 : bind.oe66 (.text:BindNew)
                  8f3a1cc0    000002a0     ti.transport.ndk.nimu.ae66 : nimu_eth.oe66 (.text:EMACInit_Core$0)
                  8f3a1f60    000002a0     stk6_ppp_pppoe.ae66 : icmp.oe66 (.text:ICMPGenPacket)
                  8f3a2200    000002a0                         : lli6.oe66 (.text:LLI6NeighUnreachStateMachine)
                  8f3a24a0    000002a0                         : lli6.oe66 (.text:LLI6TxIPPacket)
                  8f3a2740    000002a0                         : rawethsock.oe66 (.text:RawEthSockSet)
                  8f3a29e0    000002a0                         : route6.oe66 (.text:Rt6Free)
                  8f3a2c80    000002a0                         : sock.oe66 (.text:SockClose)
                  8f3a2f20    000002a0     rts6600_elf.lib : _printfi.c.obj (.text:_pconv_e)
                  8f3a31c0    000002a0     stk6_ppp_pppoe.ae66 : ipcp.oe66 (.text:ipcpSendCfg)
                  8f3a3460    000002a0                         : lcp.oe66 (.text:lcpSendCfg)
                  8f3a3700    000002a0     nettool.ae66 : telnetd.oe66 (.text:telnet_engine)
                  8f3a39a0    000002a0     ipc.ae66 : Ipc.obj (.text:ti_sdo_ipc_MessageQ_registerTransport__F)
                  8f3a3c40    000002a0              : Ipc.obj (.text:ti_sdo_ipc_MessageQ_unregisterTransport__F)
                  8f3a3ee0    000002a0     sysbios.ae66 : BIOS.obj (.text:ti_sysbios_knl_Clock_Instance_init__E)
                  8f3a4180    000002a0                  : BIOS.obj (.text:ti_sysbios_knl_Task_exit__E)
                  8f3a4420    00000280     nettool.ae66 : daemon.oe66 (.text:DaemonNew)
                  8f3a46a0    00000280     stk6_ppp_pppoe.ae66 : icmpv6in.oe66 (.text:ICMPv6RecvEchoRequest)
                  8f3a4920    00000280                         : icmpv6_ndisc.oe66 (.text:ICMPv6SendNS)
                  8f3a4ba0    00000280                         : ipv6in.oe66 (.text:IPv6RxPacket)
                  8f3a4e20    00000280     ti.drv.qmss.ae66 : qmss_drv.oe66 (.text:Qmss_internalQueueClose)
                  8f3a50a0    00000280     stk6_ppp_pppoe.ae66 : route6.oe66 (.text:Rt6Modify)
                  8f3a5320    00000280                         : sb6.oe66 (.text:SB6Write)
                  8f3a55a0    00000280                         : sb.oe66 (.text:SBWrite)
                  8f3a5820    00000280                         : sockpcb.oe66 (.text:SockPcbBind)
                  8f3a5aa0    00000280                         : sockpcb.oe66 (.text:SockPcbResolve)
                  8f3a5d20    00000280                         : udp6.oe66 (.text:Udp6Output)
                  8f3a5fa0    00000280     nettool.ae66 : dhcpsm.oe66 (.text:dhcpState)
                  8f3a6220    00000260     ti.drv.cppi.ae66 : cppi_drv.oe66 (.text:Cppi_channelClose)
                  8f3a6480    00000260     stk6_ppp_pppoe.ae66 : icmpv6_ndisc.oe66 (.text:ICMPv6RecvNA)
                  8f3a66e0    00000260                         : icmpv6_ndisc.oe66 (.text:ICMPv6SendNA)
                  8f3a6940    00000260                         : igmp.oe66 (.text:IGMPJoinHostGroup)
                  8f3a6ba0    00000260                         : nimu.oe66 (.text:NIMUReceivePacket)
                  8f3a6e00    00000260     ti.transport.ndk.nimu.ae66 : nimu_eth.oe66 (.text:NIMU_qmssQPop)
                  8f3a7060    00000260     stk6_ppp_pppoe.ae66 : sock6.oe66 (.text:Sock6Close)
                  8f3a72c0    00000260                         : tcp6out.oe66 (.text:TCP6GenPacket)
                  8f3a7520    00000260                         : tcpout.oe66 (.text:TcpGenPacket)
                  8f3a7780    00000260     nettool.ae66 : httppars.oe66 (.text:httpParseRecv)
                  8f3a79e0    00000260     sysbios.ae66 : BIOS.obj (.text:ti_sysbios_family_c64p_Hwi_dispatchCore__I)
                  8f3a7c40    00000260                  : BIOS.obj (.text:ti_sysbios_knl_Semaphore_post__E)
                  8f3a7ea0    00000260     ti.targets.rts6000.ae66 : Startup.oe66 (.text:xdc_runtime_Startup_startMods__I)
                  8f3a8100    00000240     stk6_ppp_pppoe.ae66 : bind6.oe66 (.text:Bind6Free)
                  8f3a8340    00000240                         : bind6.oe66 (.text:Bind6RunDAD)
                  8f3a8580    00000240     netctrl.ae66 : netctrl.oe66 (.text:NC_NetStart)
                  8f3a87c0    00000240     ti.transport.ndk.nimu.ae66 : nimu_eth.oe66 (.text:NIMU_qmssQPush)
                  8f3a8a00    00000240     ti.drv.pa.ae66 : pa.oe66 (.text:Pa_downloadImage)
                  8f3a8c40    00000240     stk6_ppp_pppoe.ae66 : pipe.oe66 (.text:PipeRecv)
                  8f3a8e80    00000240                         : rawethsock.oe66 (.text:RawEthSockNew)
                  8f3a90c0    00000240                         : raw.oe66 (.text:RawInput)
                  8f3a9300    00000240                         : sockpcb.oe66 (.text:SockPcbFind)
                  8f3a9540    00000240     rts6600_elf.lib : imath64.c.obj (.text:__c6xabi_divull)
                  8f3a9780    00000240     sysbios.ae66 : BIOS.obj (.text:clock_gettime)
                  8f3a99c0    00000240                  : BIOS.obj (.text:ti_sysbios_family_c64p_EventCombiner_dispatch__E)
                  8f3a9c00    00000240                  : BIOS.obj (.text:ti_sysbios_family_c64p_Exception_internalHandler__I)
                  8f3a9e40    00000240                  : BIOS.obj (.text:ti_sysbios_knl_Task_postInit__I)
                  8f3aa080    00000240     ti.targets.rts6000.ae66 : Core-mem.oe66 (.text:xdc_runtime_Core_createObject__I)
                  8f3aa2c0    00000220     stk6_ppp_pppoe.ae66 : igmp.oe66 (.text:IGMPSendReply)
                  8f3aa4e0    00000220     ipc.ae66 : Ipc.obj (.text:ListMP_putTail)
                  8f3aa700    00000220     stk6_ppp_pppoe.ae66 : socket.oe66 (.text:NDK_accept)
                  8f3aa920    00000220                         : raw6.oe66 (.text:Raw6Output)
                  8f3aab40    00000220     ipc.ae66 : Ipc.obj (.text:SharedRegion_getPtr)
                  8f3aad60    00000220              : Ipc.obj (.text:SharedRegion_getSRPtr)
                  8f3aaf80    00000220     nettool.ae66 : dhcpsm.oe66 (.text:dhcpIPAdd)
                  8f3ab1a0    00000220     sysbios.ae66 : BIOS.obj (.text:ti_sysbios_knl_Swi_run__I)
                  8f3ab3c0    00000220                  : BIOS.obj (.text:ti_sysbios_timers_timer64_Timer_setPeriodMicroSecs__E)
                  8f3ab5e0    00000220     ti.targets.rts6000.ae66 : Error.oe66 (.text:xdc_runtime_Error_policyDefault__E)
                  8f3ab800    00000200     ti.transport.ndk.nimu.ae66 : nimu_eth.oe66 (.text:EmacStop$0)
                  8f3aba00    00000200     ipc.ae66 : Ipc.obj (.text:GateMP_openByAddr)
                  8f3abc00    00000200              : Ipc.obj (.text:HeapMemMP_sharedMemReq)
                  8f3abe00    00000200     stk6_ppp_pppoe.ae66 : ipv6_exthdrs.oe66 (.text:IPv6ParseHopOptions)
                  8f3ac000    00000200     ipc.ae66 : Ipc.obj (.text:Ipc_start)
                  8f3ac200    00000200     stk6_ppp_pppoe.ae66 : lli6.oe66 (.text:LLI6New)
                  8f3ac400    00000200                         : socket.oe66 (.text:NDK_sendto)
                  8f3ac600    00000200     ipc.ae66 : Ipc.obj (.text:SharedRegion_getEntry)
                  8f3ac800    00000200     stk6_ppp_pppoe.ae66 : sock6pcb.oe66 (.text:Sock6PcbFindRaw)
                  8f3aca00    00000200                         : lli.oe66 (.text:_LLITimeoutCheck)
                  8f3acc00    00000200     sysbios.ae66 : c64p_Hwi_disp_always.obj (.text:_ti_sysbios_family_c64p_Hwi_dispatchAlways)
                  8f3ace00    00000200     ti.drv.cppi.ae66 : cppi_heap.oe66 (.text:cppi_internal_heap_add)
                  8f3ad000    00000200     nettool.ae66 : dhcppkt.oe66 (.text:dhcpVerifyMessage)
                  8f3ad200    00000200                  : httpclie.oe66 (.text:httpGetAuthParams)
                  8f3ad400    00000200     ipc.ae66 : Ipc.obj (.text:ti_sdo_ipc_SharedRegion_start__F)
                  8f3ad600    00000200              : Ipc.obj (.text:ti_sdo_ipc_nsremote_NameServerRemoteNotify_swiFxnRequest__I)
                  8f3ad800    000001e0              : Ipc.obj (.text:GateMP_sharedMemReq)
                  8f3ad9e0    000001e0     stk6_ppp_pppoe.ae66 : ipv6_frag.oe66 (.text:IPv6ParseFragHdr)
                  8f3adbc0    000001e0     ti.transport.ndk.nimu.ae66 : nimu_eth.oe66 (.text:Init_MAC)
                  8f3adda0    000001e0     ti.drv.qmss.ae66 : qmss_drv.oe66 (.text:Qmss_internaldownloadFirmware)
                  8f3adf80    000001e0     stk6_ppp_pppoe.ae66 : rtc.oe66 (.text:RTCReport)
                  8f3ae160    000001e0     netctrl.ae66 : netsrv.oe66 (.text:SPIpNet)
                  8f3ae340    000001e0     stk6_ppp_pppoe.ae66 : sockint.oe66 (.text:SockCreatePacket)
                  8f3ae520    000001e0                         : auth.oe66 (.text:chapSendMsg)
                  8f3ae700    000001e0     cyhc.platform.5g.ae66 : cyhc5g_uart.obj (.text)
                  8f3ae8e0    000001e0     nettool.ae66 : dhcpsock.oe66 (.text:dhcpSocketOpen)
                  8f3aeac0    000001e0     stk6_ppp_pppoe.ae66 : fileuser.oe66 (.text:fdClose)
                  8f3aeca0    000001e0                         : nimupppoe.oe66 (.text:pppoeCtrlMsg)
                  8f3aee80    000001e0     sysbios.ae66 : BIOS.obj (.text:ti_sysbios_family_c64p_EventCombiner_dispatchPlug__E)
                  8f3af060    000001e0                  : BIOS.obj (.text:ti_sysbios_gates_GateMutex_enter__E)
                  8f3af240    000001e0     ti.targets.rts6000.ae66 : Text.oe66 (.text:xdc_runtime_Text_putSite__E)
                  8f3af420    000001c0     stk6_ppp_pppoe.ae66 : bind6.oe66 (.text:Bind6Msg)
                  8f3af5e0    000001c0     nettool.ae66 : config.oe66 (.text:CfgExecute)
                  8f3af7a0    000001c0                  : config.oe66 (.text:CfgRemoveEntry)
                  8f3af960    000001c0     stk6_ppp_pppoe.ae66 : ip.oe66 (.text:IPGetRoute)
                  8f3afb20    000001c0                         : lliout.oe66 (.text:LLIGenArpPacket)
                  8f3afce0    000001c0                         : socket.oe66 (.text:NDK_getpeername)
                  8f3afea0    000001c0     utils.ae66 : UTILS.obj (.text:NameServer_getHandle)
                  8f3b0060    000001c0     stk6_ppp_pppoe.ae66 : route6.oe66 (.text:Route6LifetimeMgmt)
                  8f3b0220    000001c0                         : tcptime.oe66 (.text:TcpTimeoutRexmt)
                  8f3b03e0    000001c0     rts6600_elf.lib : imath40.c.obj (.text:__c6xabi_divul)
                  8f3b05a0    000001c0                     : _printfi.c.obj (.text:_ltostr)
                  8f3b0760    000001c0     nettool.ae66 : dhcpbild.oe66 (.text:dhcpBuildHeader)
                  8f3b0920    000001c0     rts6600_elf.lib : fputc.c.obj (.text:fputc)
                  8f3b0ae0    000001c0     stk6_ppp_pppoe.ae66 : udp6.oe66 (.text:processMulticast)
                  8f3b0ca0    000001c0     rts6600_elf.lib : setvbuf.c.obj (.text:setvbuf)
                  8f3b0e60    000001c0     ipc.ae66 : Ipc.obj (.text:ti_sdo_ipc_Ipc_procSyncStart__I)
                  8f3b1020    000001c0     sysbios.ae66 : BIOS.obj (.text:ti_sysbios_knl_Task_checkStacks__E)
                  8f3b11e0    000001c0                  : BIOS.obj (.text:ti_sysbios_timers_timer64_Timer_getFreq__E)
                  8f3b13a0    000001c0                  : BIOS.obj (.text:ti_sysbios_timers_timer64_Timer_start__E)
                  8f3b1560    000001c0     ti.targets.rts6000.ae66 : LoggerBuf.oe66 (.text:xdc_runtime_LoggerBuf_write4__E)
                  8f3b1720    000001a0     stk6_ppp_pppoe.ae66 : bind6.oe66 (.text:Bind6GetGlobalAddress)
                  8f3b18c0    000001a0     ti.transport.ndk.nimu.ae66 : nimu_eth.oe66 (.text:EmacStart$0)
                  8f3b1a60    000001a0     ipc.ae66 : Ipc.obj (.text:GateMP_enter)
                  8f3b1c00    000001a0              : Ipc.obj (.text:GateMP_leave)
                  8f3b1da0    000001a0     rts6600_elf.lib : hostrename.c.obj (.text:HOSTrename)
                  8f3b1f40    000001a0     stk6_ppp_pppoe.ae66 : icmpin.oe66 (.text:ICMPRevSrcRoute)
                  8f3b20e0    000001a0                         : socket.oe66 (.text:NDK_bind)
                  8f3b2280    000001a0                         : socket.oe66 (.text:NDK_setsockopt)
                  8f3b2420    000001a0                         : node.oe66 (.text:NodeTreeFree)
                  8f3b25c0    000001a0     ti.drv.qmss.ae66 : qmss_acc.oe66 (.text:Qmss_cfgAccumulatorCh)
                  8f3b2760    000001a0     stk6_ppp_pppoe.ae66 : raw6.oe66 (.text:Raw6Input)
                  8f3b2900    000001a0                         : sock6int.oe66 (.text:Sock6CreatePacket)
                  8f3b2aa0    000001a0     nettool.ae66 : dhcpsm.oe66 (.text:StateRenewRebind)
                  8f3b2c40    000001a0     rts6600_elf.lib : frexp.c.obj (.text:frexp)
                  8f3b2de0    000001a0     stk6_ppp_pppoe.ae66 : auth.oe66 (.text:papSendCfg)
                  8f3b2f80    000001a0     rts6600_elf.lib : s_scalbn.c.obj (.text:scalbn)
                  8f3b3120    000001a0     ipc.ae66 : Ipc.obj (.text:ti_sdo_ipc_transports_TransportShm_Instance_finalize__E)
                  8f3b32c0    000001a0              : Ipc.obj (.text:ti_sdo_ipc_transports_TransportShm_openByAddr__E)
                  8f3b3460    000001a0              : Ipc.obj (.text:ti_sdo_ipc_transports_TransportShm_put__E)
                  8f3b3600    000001a0     sysbios.ae66 : BIOS.obj (.text:ti_sysbios_family_c64p_EventCombiner_enableEvent__E)
                  8f3b37a0    000001a0                  : BIOS.obj (.text:ti_sysbios_family_c66_Cache_block__I)
                  8f3b3940    000001a0                  : BIOS.obj (.text:ti_sysbios_family_c66_Cache_getL2InitSize__I)
                  8f3b3ae0    000001a0                  : BIOS.obj (.text:ti_sysbios_knl_Task_schedule__I)
                  8f3b3c80    000001a0     ti.targets.rts6000.ae66 : Core-smem.oe66 (.text:xdc_runtime_Core_constructObject__I)
                  8f3b3e20    000001a0     app_pe66.oe66 (.text:xdc_runtime_System_printfExtend__I)
                  8f3b3fc0    00000180     stk6_ppp_pppoe.ae66 : igmp.oe66 (.text:IGMPJoin)
                  8f3b4140    00000180                         : igmp.oe66 (.text:IGMPMsg)
                  8f3b42c0    00000180                         : ipv6_exthdrs.oe66 (.text:IPv6ParseRoutingHdr)
                  8f3b4440    00000180     ti.transport.ndk.nimu.ae66 : nimu_eth.oe66 (.text:Init_Switch)
                  8f3b45c0    00000180     stk6_ppp_pppoe.ae66 : pbm.oe66 (.text:PBM_alloc)
                  8f3b4740    00000180                         : pipe.oe66 (.text:PipeSend)
                  8f3b48c0    00000180                         : raw.oe66 (.text:RawOutput)
                  8f3b4a40    00000180     netctrl.ae66 : netsrv.oe66 (.text:SPRoute)
                  8f3b4bc0    00000180                  : netsrv.oe66 (.text:ServiceScan)
                  8f3b4d40    00000180                  : netsrv.oe66 (.text:ServiceSpawn)
                  8f3b4ec0    00000180     stk6_ppp_pppoe.ae66 : sock6.oe66 (.text:Sock6Check)
                  8f3b5040    00000180                         : sock.oe66 (.text:SockCheck)
                  8f3b51c0    00000180     nettool.ae66 : dhcpsm.oe66 (.text:StateBound)
                  8f3b5340    00000180     stk6_ppp_pppoe.ae66 : tcptime.oe66 (.text:TcpTimeoutKeep)
                  8f3b54c0    00000180                         : auth.oe66 (.text:authInit)
                  8f3b5640    00000180     nettool.ae66 : dhcptags.oe66 (.text:dhcpBuildOptions)
                  8f3b57c0    00000180                  : dhcpbild.oe66 (.text:dhcpBuildRequest)
                  8f3b5940    00000180     stk6_ppp_pppoe.ae66 : file.oe66 (.text:fdint_lockfd)
                  8f3b5ac0    00000180                         : nimuppp.oe66 (.text:pppFree)
                  8f3b5c40    00000180     sysbios.ae66 : c64p_Exception_asm.obj (.text)
                  8f3b5dc0    00000180     ipc.ae66 : Ipc.obj (.text:ti_sdo_ipc_GateMP_attach__F)
                  8f3b5f40    00000180     utils.ae66 : UTILS.obj (.text:ti_sdo_utils_NameServer_removeLocal__I)
                  8f3b60c0    00000180     sysbios.ae66 : BIOS.obj (.text:ti_sysbios_knl_Swi_Instance_init__E)
                  8f3b6240    00000180                  : BIOS.obj (.text:ti_sysbios_knl_Task_startCore__E)
                  8f3b63c0    00000180                  : BIOS.obj (.text:ti_sysbios_syncs_SyncSem_Instance_init__E)
                  8f3b6540    00000160     stk6_ppp_pppoe.ae66 : exec.oe66 (.text:ExecOpen)
                  8f3b66a0    00000160                         : icmp.oe66 (.text:ICMPSendRtAdv)
                  8f3b6800    00000160                         : igmp.oe66 (.text:IGMPDoMCast)
                  8f3b6960    00000160                         : ipv6_frag.oe66 (.text:IPv6FragMsg)
                  8f3b6ac0    00000160     ipc.ae66 : Ipc.obj (.text:MessageQ_create)
                  8f3b6c20    00000160     stk6_ppp_pppoe.ae66 : socket.oe66 (.text:NDK_recv)
                  8f3b6d80    00000160                         : socket.oe66 (.text:NDK_send)
                  8f3b6ee0    00000160                         : nimu.oe66 (.text:NIMURegister)
                  8f3b7040    00000160                         : pbm.oe66 (.text:PBM_free)
                  8f3b71a0    00000160     ti.drv.qmss.ae66 : qmss_drv.oe66 (.text:Qmss_startSubSysCfg)
                  8f3b7300    00000160     stk6_ppp_pppoe.ae66 : rtable.oe66 (.text:RtFlush)
                  8f3b7460    00000160                         : rtable.oe66 (.text:RtTimeoutCheck)
                  8f3b75c0    00000160                         : rtable.oe66 (.text:RtWalkNext)
                  8f3b7720    00000160                         : sock6pcb.oe66 (.text:Sock6CleanPcb)
                  8f3b7880    00000160                         : sockpcb.oe66 (.text:SockCleanPcb)
                  8f3b79e0    00000160     nettool.ae66 : dhcpsm.oe66 (.text:StateRequesting)
                  8f3b7b40    00000160     stk6_ppp_pppoe.ae66 : tcp6time.oe66 (.text:TCP6TimeoutKeep)
                  8f3b7ca0    00000160                         : tcp6time.oe66 (.text:TCP6TimeoutRexmt)
                  8f3b7e00    00000160                         : auth.oe66 (.text:authGetPassword)
                  8f3b7f60    00000160     nettool.ae66 : httpclie.oe66 (.text:httpExtractTag)
                  8f3b80c0    00000160     stk6_ppp_pppoe.ae66 : sock6.oe66 (.text:joinGroup)
                  8f3b8220    00000160     os.ae66 : os_ll.oe66 (.text:llEnter)
                  8f3b8380    00000160     ti.transport.ndk.nimu.ae66 : nimu_eth.oe66 (.text:setup_rx_queue)
                  8f3b84e0    00000160     nettool.ae66 : telnetd.oe66 (.text:telnetClientProcess)
                  8f3b8640    00000160     ipc.ae66 : Ipc.obj (.text:ti_sdo_ipc_GateMP_openRegion0Reserved__F)
                  8f3b87a0    00000160              : Ipc.obj (.text:ti_sdo_ipc_MessageQ_Instance_finalize__E)
                  8f3b8900    00000160              : Ipc.obj (.text:ti_sdo_ipc_gates_GatePeterson_enter__E)
                  8f3b8a60    00000160     sysbios.ae66 : BIOS.obj (.text:ti_sysbios_family_c64p_Hwi_Module_startup__E)
                  8f3b8bc0    00000160                  : BIOS.obj (.text:ti_sysbios_knl_Swi_post__E)
                  8f3b8d20    00000160                  : BIOS.obj (.text:ti_sysbios_knl_Task_yield__E)
                  8f3b8e80    00000160     ti.targets.rts6000.ae66 : Text.oe66 (.text:xdc_runtime_Text_putMod__E)
                  8f3b8fe0    00000140     nettool.ae66 : config.oe66 (.text:CfgGetEntry)
                  8f3b9120    00000140                  : config.oe66 (.text:CfgGetNextEntry)
                  8f3b9260    00000140     stk6_ppp_pppoe.ae66 : ip.oe66 (.text:IPMsg)
                  8f3b93a0    00000140                         : ipin.oe66 (.text:IPRouteIP)
                  8f3b94e0    00000140                         : ipv6.oe66 (.text:IPv6DisplayIPAddress)
                  8f3b9620    00000140                         : icmpv6out.oe66 (.text:IsICMPv6ErrorPkt)
                  8f3b9760    00000140                         : lli6.oe66 (.text:LLI6Find)
                  8f3b98a0    00000140     ipc.ae66 : Ipc.obj (.text:ListMP_remove)
                  8f3b99e0    00000140              : Ipc.obj (.text:ListMP_sharedMemReq)
                  8f3b9b20    00000140     stk6_ppp_pppoe.ae66 : socket.oe66 (.text:NDK_socket)
                  8f3b9c60    00000140     ipc.ae66 : Ipc.obj (.text:Notify_intLineRegistered)
                  8f3b9da0    00000140     ti.drv.qmss.ae66 : qmss_drv.oe66 (.text:Qmss_rmServiceGroups)
                  8f3b9ee0    00000140     stk6_ppp_pppoe.ae66 : raweth.oe66 (.text:RawEthRxPacket)
                  8f3ba020    00000140                         : raweth.oe66 (.text:RawEthTxPacket)
                  8f3ba160    00000140                         : sb6.oe66 (.text:SB6New)
                  8f3ba2a0    00000140     netctrl.ae66 : netsrv.oe66 (.text:SPService)
                  8f3ba3e0    00000140     ipc.ae66 : Ipc.obj (.text:SharedRegion_getCacheLineSize)
                  8f3ba520    00000140              : Ipc.obj (.text:SharedRegion_getHeap)
                  8f3ba660    00000140              : Ipc.obj (.text:SharedRegion_isCacheEnabled)
                  8f3ba7a0    00000140     stk6_ppp_pppoe.ae66 : sock6.oe66 (.text:Sock6Accept)
                  8f3ba8e0    00000140                         : sock6.oe66 (.text:Sock6Listen)
                  8f3baa20    00000140                         : sock6pcb.oe66 (.text:Sock6PcbConnect)
                  8f3bab60    00000140                         : sock.oe66 (.text:SockAccept)
                  8f3baca0    00000140                         : sock.oe66 (.text:SockListen)
                  8f3bade0    00000140                         : sockpcb.oe66 (.text:SockPcbConnect)
                  8f3baf20    00000140                         : sockpcb.oe66 (.text:SockPcbCtlError)
                  8f3bb060    00000140                         : tcp6prot.oe66 (.text:TCP6PrAttach)
                  8f3bb1a0    00000140                         : tcpprot.oe66 (.text:TcpPrAttach)
                  8f3bb2e0    00000140     ti.drv.cppi.ae66 : cppi_listlib.oe66 (.text:cppi_list_remove_node)
                  8f3bb420    00000140     nettool.ae66 : dhcptags.oe66 (.text:dhcpDecodeType)
                  8f3bb560    00000140                  : httpsend.oe66 (.text:httpAuthenticationReq)
                  8f3bb6a0    00000140     main.obj (.text)
                  8f3bb7e0    00000140     os.ae66 : mem.oe66 (.text:mmCopy)
                  8f3bb920    00000140     stk6_ppp_pppoe.ae66 : nimuppp.oe66 (.text:pppAddClient)
                  8f3bba60    00000140     nettool.ae66 : telnetd.oe66 (.text:telnet_termdata)
                  8f3bbba0    00000140     ipc.ae66 : Ipc.obj (.text:ti_sdo_ipc_GateMP_createLocal__F)
                  8f3bbce0    00000140              : Ipc.obj (.text:ti_sdo_ipc_GateMP_getFreeResource__I)
                  8f3bbe20    00000140              : Ipc.obj (.text:ti_sdo_ipc_nsremote_NameServerRemoteNotify_attach__E)
                  8f3bbf60    00000140              : Ipc.obj (.text:ti_sdo_ipc_nsremote_NameServerRemoteNotify_cbFxn__I)
                  8f3bc0a0    00000140     utils.ae66 : UTILS.obj (.text:ti_sdo_utils_NameServer_Module_startup__E)
                  8f3bc1e0    00000140     sysbios.ae66 : BIOS.obj (.text:ti_sysbios_gates_GateSwi_enter__E)
                  8f3bc320    00000140                  : BIOS.obj (.text:ti_sysbios_knl_Semaphore_Instance_init__E)
                  8f3bc460    00000140                  : BIOS.obj (.text:ti_sysbios_knl_Task_Module_startup__E)
                  8f3bc5a0    00000140                  : BIOS.obj (.text:ti_sysbios_knl_Task_blockI__E)
                  8f3bc6e0    00000140     ti.targets.rts6000.ae66 : Core-mem.oe66 (.text:xdc_runtime_Core_deleteObject__I)
                  8f3bc820    00000140                             : LoggerBuf.oe66 (.text:xdc_runtime_LoggerBuf_setFilterLevel__E)
                  8f3bc960    00000120     stk6_ppp_pppoe.ae66 : bind6.oe66 (.text:Bind6DADCheck)
                  8f3bca80    00000120                         : bind6.oe66 (.text:Bind6LifetimeMgmt)
                  8f3bcba0    00000120                         : bind.oe66 (.text:BindFree)
                  8f3bccc0    00000120     ti.csl.ae66 : csl_chip.oe66 (.text:CSL_chipReadReg)
                  8f3bcde0    00000120     nettool.ae66 : config.oe66 (.text:CfgFree)
                  8f3bcf00    00000120                  : config.oe66 (.text:CfgNew)
                  8f3bd020    00000120                  : daemon.oe66 (.text:DaemonFree)
                  8f3bd140    00000120     os.ae66 : ossys.oe66 (.text:DbgPrintf)
                  8f3bd260    00000120     ipc.ae66 : Ipc.obj (.text:GateMP_close)
                  8f3bd380    00000120     stk6_ppp_pppoe.ae66 : icmp.oe66 (.text:ICMPChecksum)
                  8f3bd4a0    00000120                         : igmp.oe66 (.text:IGMPLeaveHostGroup)
                  8f3bd5c0    00000120                         : ipv6.oe66 (.text:IPv6Init)
                  8f3bd6e0    00000120                         : lli.oe66 (.text:LLINew)
                  8f3bd800    00000120                         : md5.oe66 (.text:MD5Update)
                  8f3bd920    00000120                         : mld.oe66 (.text:MLDJoinGroup)
                  8f3bda40    00000120     netctrl.ae66 : netctrl.oe66 (.text:NC_SystemOpen)
                  8f3bdb60    00000120     stk6_ppp_pppoe.ae66 : socket.oe66 (.text:NDK_listen)
                  8f3bdc80    00000120                         : nimu.oe66 (.text:NIMUAddEthernetHeader)
                  8f3bdda0    00000120                         : nimu.oe66 (.text:NIMUIoctlSpecialCmd)
                  8f3bdec0    00000120                         : node.oe66 (.text:NodeFind)
                  8f3bdfe0    00000120     ti.drv.qmss.ae66 : qmss_acc.oe66 (.text:Qmss_openAccumulatorChSubSys)
                  8f3be100    00000120                      : qmss_drv.oe66 (.text:Qmss_rmService)
                  8f3be220    00000120     stk6_ppp_pppoe.ae66 : sb.oe66 (.text:SBNew)
                  8f3be340    00000120     netctrl.ae66 : netsrv.oe66 (.text:SPConfig)
                  8f3be460    00000120                  : netsrv.oe66 (.text:ServiceKill)
                  8f3be580    00000120     stk6_ppp_pppoe.ae66 : sock6.oe66 (.text:Sock6Shutdown)
                  8f3be6a0    00000120                         : sockpcb.oe66 (.text:SockPcbFindRaw)
                  8f3be7c0    00000120                         : sock.oe66 (.text:SockShutdown)
                  8f3be8e0    00000120     os.ae66 : task.oe66 (.text:TaskSetEnv)
                  8f3bea00    00000120     nettool.ae66 : telnetd.oe66 (.text:TelnetOpen)
                  8f3beb20    00000120     stk6_ppp_pppoe.ae66 : rtable.oe66 (.text:_RtNodeInsert)
                  8f3bec40    00000120                         : rtable.oe66 (.text:_RtNodeRemove)
                  8f3bed60    00000120     boot.ae66 : autoinit.oe66 (.text:_auto_init_elf)
                  8f3bee80    00000120     os.ae66 : mem.oe66 (.text:_mmInit)
                  8f3befa0    00000120     rts6600_elf.lib : _printfi.c.obj (.text:_pconv_f)
                  8f3bf0c0    00000120     ti.drv.cppi.ae66 : cppi_drv.oe66 (.text:cppiRmService)
                  8f3bf1e0    00000120     nettool.ae66 : daemon.oe66 (.text:dchild)
                  8f3bf300    00000120     stk6_ppp_pppoe.ae66 : fileuser.oe66 (.text:fdOpenSession)
                  8f3bf420    00000120     rts6600_elf.lib : getdevice.c.obj (.text:getdevice)
                  8f3bf540    00000120     nettool.ae66 : http.oe66 (.text:httpOpen)
                  8f3bf660    00000120     stk6_ppp_pppoe.ae66 : lcp.oe66 (.text:lcpReject)
                  8f3bf780    00000120     ipc.ae66 : Ipc.obj (.text:ti_sdo_ipc_Notify_Module_startup__E)
                  8f3bf8a0    00000120     app_pe66.oe66 (.text:ti_sdo_ipc_Notify_create)
                  8f3bf9c0    00000120     ipc.ae66 : Ipc.obj (.text:ti_sdo_ipc_gates_GateHWSem_Instance_init__E)
                  8f3bfae0    00000120     sysbios.ae66 : BIOS.obj (.text:ti_sysbios_hal_SecondsClock_Module_startup__E)
                  8f3bfc00    00000120                  : BIOS.obj (.text:ti_sysbios_knl_Clock_start__E)
                  8f3bfd20    00000120                  : BIOS.obj (.text:ti_sysbios_knl_Swi_restoreHwi__E)
                  8f3bfe40    00000120     ti.targets.rts6000.ae66 : LoggerBuf.oe66 (.text:xdc_runtime_LoggerBuf_getFilterLevel__E)
                  8f3bff60    00000100     stk6_ppp_pppoe.ae66 : bind6.oe66 (.text:Bind6GetLinkLocalAddress)
                  8f3c0060    00000100     nettool.ae66 : config.oe66 (.text:CfgGetEntryCnt)
                  8f3c0160    00000100                  : config.oe66 (.text:CfgSetExecuteOrder)
                  8f3c0260    00000100     stk6_ppp_pppoe.ae66 : file.oe66 (.text:FdWaitEvent)
                  8f3c0360    00000100                         : icmpv6in.oe66 (.text:ICMPv6SocketErrorInterface)
                  8f3c0460    00000100                         : igmp.oe66 (.text:IGMPTimer)
                  8f3c0560    00000100                         : ipv6_frag.oe66 (.text:IPv6CreateFragQ)
                  8f3c0660    00000100                         : ipv6.oe66 (.text:IPv6GetSubnetMaskFromBits)
                  8f3c0760    00000100                         : mld.oe66 (.text:MLDFindMulticastNode)
                  8f3c0860    00000100                         : node.oe66 (.text:NodeTreeNew)
                  8f3c0960    00000100                         : node.oe66 (.text:NodeWalk)
                  8f3c0a60    00000100                         : rtc.oe66 (.text:RTCMsg)
                  8f3c0b60    00000100                         : rawethsock.oe66 (.text:RawEthSockCheck)
                  8f3c0c60    00000100                         : route6.oe66 (.text:Rt6FindDefaultRouter)
                  8f3c0d60    00000100                         : route.oe66 (.text:RtRedirect)
                  8f3c0e60    00000100                         : sockint.oe66 (.text:SockValidateRoute)
                  8f3c0f60    00000100     nettool.ae66 : dhcpsm.oe66 (.text:StateSelecting)
                  8f3c1060    00000100     stk6_ppp_pppoe.ae66 : tcp6prot.oe66 (.text:TCP6PrDisconnect)
                  8f3c1160    00000100                         : tcp6time.oe66 (.text:TCP6XmitTimer)
                  8f3c1260    00000100     os.ae66 : task.oe66 (.text:TaskCreate)
                  8f3c1360    00000100     stk6_ppp_pppoe.ae66 : tcpprot.oe66 (.text:TcpPrDisconnect)
                  8f3c1460    00000100                         : tcptime.oe66 (.text:TcpXmitTimer)
                  8f3c1560    00000100                         : vlan.oe66 (.text:VLANReceivePacket)
                  8f3c1660    00000100     nettool.ae66 : config.oe66 (.text:_CfgEntryScan)
                  8f3c1760    00000100     stk6_ppp_pppoe.ae66 : lli.oe66 (.text:_LLIExpListInsert)
                  8f3c1860    00000100                         : rtable.oe66 (.text:_RtExpListInsert)
                  8f3c1960    00000100     rts6600_elf.lib : fclose.c.obj (.text:__TI_closefile)
                  8f3c1a60    00000100                     : copy_decompress_rle.c.obj (.text:__TI_decompress_rle_core)
                  8f3c1b60    00000100                     : _printfi.c.obj (.text:_mcpy)
                  8f3c1c60    00000100                     : atoi.c.obj (.text:atoi)
                  8f3c1d60    00000100                     : fseek.c.obj (.text:fseek)
                  8f3c1e60    00000100     stk6_ppp_pppoe.ae66 : lcp.oe66 (.text:lcpOpen)
                  8f3c1f60    00000100     os.ae66 : mem.oe66 (.text:mmFree)
                  8f3c2060    00000100     ti.drv.pa.ae66 : pa.oe66 (.text:pa_rmService)
                  8f3c2160    00000100     ipc.ae66 : Ipc.obj (.text:ti_sdo_ipc_GateMP_start__F)
                  8f3c2260    00000100              : Ipc.obj (.text:ti_sdo_ipc_Ipc_procSyncFinish__I)
                  8f3c2360    00000100              : Ipc.obj (.text:ti_sdo_ipc_Notify_exec__F)
                  8f3c2460    00000100              : Ipc.obj (.text:ti_sdo_ipc_SharedRegion_attach__F)
                  8f3c2560    00000100              : Ipc.obj (.text:ti_sdo_ipc_gates_GateHWSem_enter__E)
                  8f3c2660    00000100              : Ipc.obj (.text:ti_sdo_ipc_heaps_HeapMemMP_getStats__E)
                  8f3c2760    00000100     sysbios.ae66 : BIOS.obj (.text:ti_sysbios_gates_GateMutexPri_leave__E)
                  8f3c2860    00000100                  : BIOS.obj (.text:ti_sysbios_knl_Mailbox_Module_startup__E)
                  8f3c2960    00000100                  : BIOS.obj (.text:ti_sysbios_knl_Task_unblockI__E)
                  8f3c2a60    00000100                  : BIOS.obj (.text:ti_sysbios_timers_timer64_Timer_initDevice__I)
                  8f3c2b60    00000100                  : BIOS.obj (.text:ti_sysbios_xdcruntime_GateThreadSupport_leave__E)
                  8f3c2c60    00000100     stk6_ppp_pppoe.ae66 : lliin.oe66 (.text:updateRtTable)
                  8f3c2d60    00000100     ti.targets.rts6000.ae66 : Error.oe66 (.text:xdc_runtime_Error_print__E)
                  8f3c2e60    00000100                             : Memory.oe66 (.text:xdc_runtime_Memory_alloc__E)
                  8f3c2f60    00000100                             : Startup.oe66 (.text:xdc_runtime_Startup_exec__E)
                  8f3c3060    000000e0     nettool.ae66 : dhcpmain.oe66 (.text:DHCPClose)
                  8f3c3140    000000e0     rts6600_elf.lib : hostlseek.c.obj (.text:HOSTlseek)
                  8f3c3220    000000e0                     : hostopen.c.obj (.text:HOSTopen)
                  8f3c3300    000000e0                     : hostwrite.c.obj (.text:HOSTwrite)
                  8f3c33e0    000000e0     ipc.ae66 : Ipc.obj (.text:HeapMemMP_openByAddr)
                  8f3c34c0    000000e0     stk6_ppp_pppoe.ae66 : igmp.oe66 (.text:IGMPLeave)
                  8f3c35a0    000000e0                         : ipv6_frag.oe66 (.text:IPv6FindFragQ)
                  8f3c3680    000000e0                         : ipv6.oe66 (.text:IPv6Layer4ComputeChecksum)
                  8f3c3760    000000e0     ti.transport.ndk.nimu.ae66 : nimu_eth.oe66 (.text:Init_Cpsw)
                  8f3c3840    000000e0     stk6_ppp_pppoe.ae66 : lli6.oe66 (.text:LLI6Msg)
                  8f3c3920    000000e0                         : lli6.oe66 (.text:LLI6Update)
                  8f3c3a00    000000e0     ipc.ae66 : Ipc.obj (.text:ListMP_openByAddr)
                  8f3c3ae0    000000e0              : Ipc.obj (.text:MessageQ_Params_init__S)
                  8f3c3bc0    000000e0     stk6_ppp_pppoe.ae66 : nimu.oe66 (.text:NIMUAllocateName)
                  8f3c3ca0    000000e0                         : nimu.oe66 (.text:NIMUUnregister)
                  8f3c3d80    000000e0                         : node.oe66 (.text:NodeNew)
                  8f3c3e60    000000e0                         : pbm.oe66 (.text:PBMQ_enq)
                  8f3c3f40    000000e0                         : pbm.oe66 (.text:PBM_copy)
                  8f3c4020    000000e0                         : nimuppp.oe66 (.text:PPPStop)
                  8f3c4100    000000e0     ti.drv.qmss.ae66 : qmss_drv.oe66 (.text:Qmss_rmNameService)
                  8f3c41e0    000000e0     stk6_ppp_pppoe.ae66 : rawethsock.oe66 (.text:RawEthSockNotify)
                  8f3c42c0    000000e0                         : rawethsock_pcb.oe66 (.text:RawEthSockPcbAttach)
                  8f3c43a0    000000e0                         : rawethsock.oe66 (.text:RawEthSockSend)
                  8f3c4480    000000e0                         : route6.oe66 (.text:Route6Msg)
                  8f3c4560    000000e0                         : route.oe66 (.text:RtRemove)
                  8f3c4640    000000e0                         : sb6.oe66 (.text:SB6SetMax)
                  8f3c4720    000000e0                         : sb.oe66 (.text:SBSetMax)
                  8f3c4800    000000e0                         : sock6.oe66 (.text:Sock6Disconnect)
                  8f3c48e0    000000e0                         : sock6int.oe66 (.text:Sock6SpawnAbort)
                  8f3c49c0    000000e0                         : sock6int.oe66 (.text:Sock6ValidateRoute)
                  8f3c4aa0    000000e0                         : sock.oe66 (.text:SockDisconnect)
                  8f3c4b80    000000e0                         : sockint.oe66 (.text:SockSpawnAbort)
                  8f3c4c60    000000e0                         : tcp6prot.oe66 (.text:TCP6PrDetach)
                  8f3c4d40    000000e0                         : tcp6prot.oe66 (.text:TCP6PrInherit)
                  8f3c4e20    000000e0                         : tcp6prot.oe66 (.text:TCP6ValidateMetrics)
                  8f3c4f00    000000e0                         : tcpprot.oe66 (.text:TcpPrDetach)
                  8f3c4fe0    000000e0                         : tcpprot.oe66 (.text:TcpPrInherit)
                  8f3c50c0    000000e0                         : tcpprot.oe66 (.text:TcpValidateMetrics)
                  8f3c51a0    000000e0                         : timer.oe66 (.text:TimerListInsert)
                  8f3c5280    000000e0                         : udp.oe66 (.text:UdpChecksum)
                  8f3c5360    000000e0                         : vlan.oe66 (.text:VLANDeinit)
                  8f3c5440    000000e0                         : bind6.oe66 (.text:_Bind6FindByHostInList)
                  8f3c5520    000000e0                         : bind6.oe66 (.text:_Bind6FindByNetInList)
                  8f3c5600    000000e0     rts6600_elf.lib : _io_perm.c.obj (.text:__TI_wrt_ok)
                  8f3c56e0    000000e0                     : close.c.obj (.text:close)
                  8f3c57c0    000000e0     os.ae66 : efs.oe66 (.text:efs_internal_remove)
                  8f3c58a0    000000e0     rts6600_elf.lib : exit.c.obj (.text:exit)
                  8f3c5980    000000e0     stk6_ppp_pppoe.ae66 : file.oe66 (.text:fdint_unlockfd)
                  8f3c5a60    000000e0     hal_timer.ae66 : lltimer.oe66 (.text:llTimerGetTime)
                  8f3c5b40    000000e0     rts6600_elf.lib : ltoa.c.obj (.text:ltoa)
                  8f3c5c20    000000e0                     : memset.c.obj (.text:memset)
                  8f3c5d00    000000e0     os.ae66 : mem.oe66 (.text:mmInitPage)
                  8f3c5de0    000000e0     rts6600_elf.lib : printf.c.obj (.text:printf)
                  8f3c5ec0    000000e0     ipc.ae66 : Ipc.obj (.text:ti_sdo_ipc_ListMP_Instance_finalize__E)
                  8f3c5fa0    000000e0              : Ipc.obj (.text:ti_sdo_ipc_MessageQ_Module_startup__E)
                  8f3c6080    000000e0              : Ipc.obj (.text:ti_sdo_ipc_Notify_Instance_finalize__E)
                  8f3c6160    000000e0              : Ipc.obj (.text:ti_sdo_ipc_SharedRegion_clearReservedMemory__F)
                  8f3c6240    000000e0              : Ipc.obj (.text:ti_sdo_ipc_gates_GateMPSupportNull_enter__E)
                  8f3c6320    000000e0              : Ipc.obj (.text:ti_sdo_ipc_gates_GateMPSupportNull_leave__E)
                  8f3c6400    000000e0              : Ipc.obj (.text:ti_sdo_ipc_heaps_HeapMemMP_Instance_finalize__E)
                  8f3c64e0    000000e0              : Ipc.obj (.text:ti_sdo_ipc_nsremote_NameServerRemoteNotify_Instance_finalize__E)
                  8f3c65c0    000000e0              : Ipc.obj (.text:ti_sdo_ipc_transports_TransportShmSetup_attach__E)
                  8f3c66a0    000000e0     sysbios.ae66 : BIOS.obj (.text:ti_sysbios_heaps_HeapMem_alloc__E)
                  8f3c6780    000000e0                  : BIOS.obj (.text:ti_sysbios_knl_Swi_Instance_finalize__E)
                  8f3c6860    000000e0                  : BIOS.obj (.text:ti_sysbios_timers_timer64_Timer_startup__E)
                  8f3c6940    000000e0     ti.targets.rts6000.ae66 : Text.oe66 (.text:xdc_runtime_Text_visitRope2__I)
                  8f3c6a20    000000c0     nettool.ae66 : config.oe66 (.text:CfgEntryDeRef)
                  8f3c6ae0    000000c0     rts6600_elf.lib : hostread.c.obj (.text:HOSTread)
                  8f3c6ba0    000000c0                     : hostunlink.c.obj (.text:HOSTunlink)
                  8f3c6c60    000000c0     stk6_ppp_pppoe.ae66 : icmpv6in.oe66 (.text:ICMPv6RecvDstUnreachable)
                  8f3c6d20    000000c0                         : ipv6_frag.oe66 (.text:IPv6ReasmTimeout)
                  8f3c6de0    000000c0                         : lli.oe66 (.text:LLIGetValidTime)
                  8f3c6ea0    000000c0                         : lli.oe66 (.text:LLIMsg)
                  8f3c6f60    000000c0                         : lliin.oe66 (.text:LLIValidateRoute)
                  8f3c7020    000000c0                         : nimu.oe66 (.text:NIMUFindByName)
                  8f3c70e0    000000c0     netctrl.ae66 : netsrv.oe66 (.text:NS_BootTask)
                  8f3c71a0    000000c0     stk6_ppp_pppoe.ae66 : node.oe66 (.text:NodeDeRef)
                  8f3c7260    000000c0                         : pbm.oe66 (.text:PBM_open)
                  8f3c7320    000000c0     ti.drv.pa.ae66 : painit.oe66 (.text:Pa_getBufferReq)
                  8f3c73e0    000000c0     ti.drv.qmss.ae66 : qmss_drv.oe66 (.text:Qmss_getMemRegQueueHandleSubSys)
                  8f3c74a0    000000c0                      : qmss_drv.oe66 (.text:Qmss_setEoiVector)
                  8f3c7560    000000c0     stk6_ppp_pppoe.ae66 : sb6.oe66 (.text:SB6Flush)
                  8f3c7620    000000c0                         : sb.oe66 (.text:SBFlush)
                  8f3c76e0    000000c0     ipc.ae66 : Ipc.obj (.text:SharedRegion_getId)
                  8f3c77a0    000000c0     stk6_ppp_pppoe.ae66 : sock6.oe66 (.text:Sock6IntAbort)
                  8f3c7860    000000c0                         : sock6pcb.oe66 (.text:Sock6PcbResolveChain)
                  8f3c7920    000000c0                         : sock6pcb.oe66 (.text:Sock6PcbRtChange)
                  8f3c79e0    000000c0                         : sock.oe66 (.text:SockIntAbort)
                  8f3c7aa0    000000c0                         : sockpcb.oe66 (.text:SockPcbRtChange)
                  8f3c7b60    000000c0                         : tcp6prot.oe66 (.text:TCP6Close)
                  8f3c7c20    000000c0                         : tcp6prot.oe66 (.text:TCP6Drop)
                  8f3c7ce0    000000c0                         : tcp6prot.oe66 (.text:TCP6PrSendOOB)
                  8f3c7da0    000000c0                         : tcp6time.oe66 (.text:TCP6TimeoutSackRexmt)
                  8f3c7e60    000000c0     os.ae66 : task.oe66 (.text:TaskGetEnv)
                  8f3c7f20    000000c0     stk6_ppp_pppoe.ae66 : tcp.oe66 (.text:TcpChecksum)
                  8f3c7fe0    000000c0                         : tcpprot.oe66 (.text:TcpClose)
                  8f3c80a0    000000c0                         : tcpprot.oe66 (.text:TcpDrop)
                  8f3c8160    000000c0                         : tcpprot.oe66 (.text:TcpPrSendOOB)
                  8f3c8220    000000c0                         : tcptime.oe66 (.text:TcpTimeoutSackRexmt)
                  8f3c82e0    000000c0     rts6600_elf.lib : fflush.c.obj (.text:__TI_doflush)
                  8f3c83a0    000000c0                     : divu.asm.obj (.text:__divu)
                  8f3c8460    000000c0                     : remi.asm.obj (.text:__remi)
                  8f3c8520    000000c0     sysbios.ae66 : BIOS.obj (.text:_pthread_cleanupFxn)
                  8f3c85e0    000000c0     stk6_ppp_pppoe.ae66 : auth.oe66 (.text:authStart)
                  8f3c86a0    000000c0     ti.drv.cppi.ae66 : cppi_listlib.oe66 (.text:cppi_list_cat)
                  8f3c8760    000000c0     os.ae66 : efs.oe66 (.text:efs_fopen)
                  8f3c8820    000000c0     stk6_ppp_pppoe.ae66 : fileuser.oe66 (.text:fdCloseSession)
                  8f3c88e0    000000c0     nettool.ae66 : httpsend.oe66 (.text:httpSendFullResponse)
                  8f3c89a0    000000c0     os.ae66 : os_ll.oe66 (.text:llExit)
[...]
8f3e7516  xdc_runtime_LoggerBuf_Module__id__C                                       
8f3e7518  xdc_runtime_LoggerBuf_filterByLevel__C                                    
8f3e751a  xdc_runtime_Memory_Module__id__C                                          
8f3e751c  xdc_runtime_SysMin_flushAtExit__C                                         
8f3e751e  xdc_runtime_Text_charCnt__C                                               
8f3e7520  xdc_runtime_Text_isLoaded__C                                              
8f3e7522  xdc_runtime_Text_registryModsLastId__C                                    
8f3e7524  xdc_runtime_Text_unnamedModsLastId__C                                     
8f3e7528  cppiGblCPDMACfgParams                                                     
8f3e7f00  ti_sdo_ipc_GateMP_Module_State_0_remoteCustom1Gates__A                    
8f3e8700  ti_sysbios_family_c66_tci66xx_CpIntc_Module_State_0_dispatchTab__A        
8f3e8c00  ti_sysbios_family_c64p_EventCombiner_Module__state__V                     
8f3e9000  qmssGblCfgParams                                                          
8f3e92d0  _ftable                                                                   
8f3e94b0  GlobalQmGroup0                                                            
8f3e963c  _lock                                                                     
8f3e9640  ti_sysbios_timers_timer64_Timer_Module_State_0_device__A                  
8f3e97c0  ti_sdo_utils_NameServer_Object__table__V                                  
8f3e98b0  ti_sysbios_knl_Task_Object__table__V                                      
8f3e9968  _ipcfg                                                                    
8f3e9a1c  _unlock                                                                   
8f3e9a20  _stream                                                                   
8f3e9ac0  ti_sysbios_family_c66_tci66xx_CpIntc_Module_State_0_hostIntToSysInt__A    
8f3e9b58  ti_sdo_ipc_SharedRegion_Module_State_0_regions__A                         
8f3e9be8  ti_sdo_ipc_GateMP_Module_State_0_remoteSystemGates__A                     
8f3e9c68  ti_sysbios_knl_Swi_Module_State_0_readyQ__A                               
8f3e9ce8  ti_sysbios_knl_Task_Module_State_0_readyQ__A                              
8f3e9d68  ti_sysbios_timers_timer64_Timer_Module_State_0_gctrl__A                   
8f3e9de8  ti_sysbios_timers_timer64_Timer_Module_State_0_handles__A                 
8f3e9e68  ti_sysbios_timers_timer64_Timer_Module_State_0_intFreqs__A                
8f3e9ee8  _device                                                                   
8f3e9f60  ti_sysbios_family_c64p_Hwi_Object__table__V                               
8f3e9fd8  ti_sysbios_family_c64p_Hwi_Module__state__V                               
8f3ea044  ti_sdo_ipc_MessageQ_Module__state__V                                      
8f3ea0ac  __TI_ft_end                                                               
8f3ea0b0  ti_sysbios_gates_GateMutex_Object__table__V                               
8f3ea160  ti_sdo_ipc_GateMP_Module__state__V                                        
8f3ea1b0  ti_sysbios_timers_timer64_Timer_Object__table__V                          
8f3ea24e  xdc_runtime_Error_Module__state__V                                        
8f3ea250  ti_sysbios_knl_Task_Module__state__V                                      
8f3ea298  xdc_runtime_LoggerBuf_Object__table__V                                    
8f3ea3e0  ti_sysbios_hal_SecondsClock_Module__state__V                              
8f3ea41c  __errno                                                                   
8f3ea41c  errno                                                                     
8f3ea454  ti_sdo_ipc_ListMP_Module__state__V                                        
8f3ea48c  ti_sysbios_family_c64p_Exception_Module__state__V                         
8f3ea4bc  ti_sdo_ipc_SharedRegion_Module__state__V                                  
8f3ea4c0  ti_sysbios_heaps_HeapMem_Object__table__V                                 
8f3ea4f0  ti_sysbios_knl_Swi_Object__table__V                                       
8f3ea520  ti_sysbios_knl_Clock_Module__state__V                                     
8f3ea54c  _oscfg                                                                    
8f3ea574  ti_sysbios_BIOS_Module__state__V                                          
8f3ea598  Qmss_highEoiVector                                                        
8f3ea5b8  pstrMsgName                                                               
8f3ea5d8  ti_sdo_ipc_MessageQ_Module_State_0_heaps__A                               
8f3ea5f8  xdc_runtime_Error_IgnoreBlock                                             
8f3ea618  ti_ndk_config_Global_Id2Size                                              
8f3ea634  ti_sysbios_knl_Swi_Module__state__V                                       
8f3ea650  ti_sysbios_gates_GateMutexPri_Object__table__V                            
8f3ea668  ti_sysbios_timers_timer64_Timer_Module__state__V                          
8f3ea680  cppiGblCfgParams                                                          
8f3ea694  cppiLObj                                                                  
8f3ea6bc  ti_sdo_ipc_heaps_HeapMemMP_Module__state__V                               
8f3ea6d4  ti_sdo_ipc_transports_TransportShmSetup_Module__state__V                  
8f3ea6d8  ti_sdo_ipc_Ipc_Module_State_0_procEntry__A                                
8f3ea6ec  ti_sysbios_rts_ti_ReentSupport_Module__state__V                           
8f3ea6f0  ti_sysbios_family_c66_tci66xx_CpIntc_Module_State_0_initSIER__A           
8f3ea704  xdc_runtime_Memory_Module__state__V                                       
8f3ea708  Qmss_lowEoiVector                                                         
8f3ea718  cpsgmiiPortBaseAddr                                                       
8f3ea728  ti_sysbios_family_c66_tci66xx_CpIntc_Module_State_0_controller__A         
8f3ea738  ti_sysbios_family_c66_tci66xx_CpIntc_Module__state__V                     
8f3ea748  ti_sysbios_gates_GateAll_Object__table__V                                 
8f3ea758  xdc_runtime_System_Module_State_0_atexitHandlers__A                       
8f3ea768  __TI_cleanup_ptr                                                          
8f3ea76c  __TI_dtors_ptr                                                            
8f3ea770  __TI_enable_exit_profile_output                                           
8f3ea774  ti_sdo_ipc_Ipc_Module__state__V                                           
8f3ea780  ti_sdo_utils_NameServer_Module__state__V                                  
8f3ea790  ti_sysbios_gates_GateSwi_Object__table__V                                 
8f3ea79c  xdc_runtime_SysMin_Module__state__V                                       
8f3ea7c8  NIMUDeviceTable                                                           
8f3ea7d0  rmUsrStats                                                                
8f3ea7d8  ti_sdo_ipc_GateMP_Module__root__V                                         
8f3ea7e0  ti_sdo_ipc_ListMP_Module__root__V                                         
8f3ea7e8  ti_sdo_ipc_MessageQ_Module_State_0_transports__A                          
8f3ea7f0  ti_sdo_ipc_MessageQ_Module__root__V                                       
8f3ea7f8  ti_sdo_ipc_Notify_Module__root__V                                         
8f3ea800  ti_sdo_ipc_Notify_Module__state__V                                        
8f3ea808  ti_sdo_ipc_gates_GateHWSem_Module__root__V                                
8f3ea810  ti_sdo_ipc_gates_GateMPSupportNull_Module__root__V                        
8f3ea818  ti_sdo_ipc_gates_GatePeterson_Module__root__V                             
8f3ea820  ti_sdo_ipc_heaps_HeapMemMP_Module__root__V                                
8f3ea828  ti_sdo_ipc_nsremote_NameServerRemoteNotify_Module__root__V                
8f3ea830  ti_sdo_ipc_transports_TransportShm_Module__root__V                        
8f3ea838  ti_sdo_utils_List_Module__root__V                                         
8f3ea840  ti_sdo_utils_MultiProc_Module__state__V                                   
8f3ea848  ti_sdo_utils_NameServer_Module__root__V                                   
8f3ea850  ti_sysbios_gates_GateAll_Module__root__V                                  
8f3ea858  ti_sysbios_gates_GateHwi_Module__root__V                                  
8f3ea860  ti_sysbios_gates_GateMutexPri_Module__root__V                             
8f3ea868  ti_sysbios_gates_GateMutex_Module__root__V                                
8f3ea870  ti_sysbios_gates_GateSwi_Module__root__V                                  
8f3ea878  ti_sysbios_hal_Hwi_Object__table__V                                       
8f3ea880  ti_sysbios_heaps_HeapMem_Module__root__V                                  
8f3ea888  ti_sysbios_knl_Clock_Module__root__V                                      
8f3ea890  ti_sysbios_knl_Queue_Module__root__V                                      
8f3ea898  ti_sysbios_knl_Semaphore_Module__root__V                                  
8f3ea8a0  ti_sysbios_knl_Swi_Module__root__V                                        
8f3ea8a8  ti_sysbios_knl_Task_Module__root__V                                       
8f3ea8b0  ti_sysbios_syncs_SyncSem_Module__root__V                                  
8f3ea8b8  ti_sysbios_xdcruntime_GateThreadSupport_Module__root__V                   
8f3ea8c0  xdc_runtime_GateNull_Module__root__V                                      
8f3ea8c8  xdc_runtime_LoggerBuf_Module__root__V                                     
8f3ea8d0  xdc_runtime_Registry_Module__state__V                                     
8f3ea8d8  xdc_runtime_Startup_Module__state__V                                      
8f3ea8e0  xdc_runtime_System_Module__state__V                                       
8f3ea8e8  xdc_runtime_knl_GateThread_Module__root__V                                
8f3ea8fe  xdc_runtime_LoggerBuf_Module__state__V                                    
8f3ea908  ti_sdo_ipc_Notify_Module_State_0_notifyHandles_0__A                       
8f3ea910  ti_sdo_ipc_Notify_Module_State_0_notifyHandles__A                         
8f3ea918  ti_sdo_ipc_transports_TransportShmSetup_Module_State_0_handles__A         
8f3ea920  ti_sdo_utils_NameServer_Module_State_0_nsRemoteHandle__A                  
8f3ea928  ti_sysbios_gates_GateHwi_Object__table__V                                 
8f3ea930  ti_sysbios_knl_Task_Module_State_0_idleTask__A                            
8f3ea938  xdc_runtime_GateNull_Object__table__V                                     
8f3ea940  Qmss_cdmaEoiVector                                                        
8f3ea948  ti_sdo_utils_MultiProc_Module_State_0_clusterProcList__A                  
8f3ead50  __TI_STATIC_BASE                                                          
8f3ead64  Ipc_sr0MemorySetup                                                        
8f3ead84  _IGMPInDiscard                                                            
8f3ead88  _IGMPInQuery                                                              
8f3ead8c  _IGMPInQueryGroup                                                         
8f3ead90  _IGMPInResponse                                                           
8f3ead94  _IGMPOutResponse                                                          
8f3ead98  cppiHnd                                                                   
8f3ead9c  freeQueHnd                                                                
8f3eada0  gTxCmdFreeQHnd                                                            
8f3eada4  gTxCmdReturnQHnd                                                          
8f3eadc0  rxChHnd                                                                   
8f3eadc4  rx_flowhnd                                                                
8f3eadcc  txChHnd                                                                   
8f3eadd0  txQueHnd                                                                  
8f3eadd4  CONTENT_TYPE_APPLET                                                       
8f3eadd8  CONTENT_TYPE_AU                                                           
8f3eaddc  CONTENT_TYPE_CSS                                                          
8f3eade0  CONTENT_TYPE_DOC                                                          
8f3eade4  CONTENT_TYPE_GIF                                                          
8f3eade8  CONTENT_TYPE_HTML                                                         
8f3eadec  CONTENT_TYPE_JPG                                                          
8f3eadf0  CONTENT_TYPE_MPEG                                                         
8f3eadf4  CONTENT_TYPE_PDF                                                          
8f3eadf8  CONTENT_TYPE_WAV                                                          
8f3eadfc  CONTENT_TYPE_ZIP                                                          
8f3eae00  CONTENT_TYPE                                                              
8f3eae04  CONTENT_LENGTH                                                            
8f3eae08  CRLF                                                                      
8f3eae0c  DEFAULT_NAME                                                              
8f3eae10  HTTP_VER                                                                  
8f3eae14  SPACE                                                                     
8f3eae58  HostName                                                                  
8f3eae5c  LocalIPAddr                                                               
8f3eae60  LocalIPMask                                                               
8f3eae64  GatewayIP                                                                 
8f3eae68  DomainName                                                                
8f3eae6c  DNSServer                                                                 
8f3eae70  qmssMallocCounter                                                         
8f3eae74  qmssFreeCounter                                                           
8f3eae78  cppiMallocCounter                                                         
8f3eae7c  cppiFreeCounter                                                           
8f3eae80  rmMallocCounter                                                           
8f3eae84  rmFreeCounter                                                             
8f3eaeec  _IGMPForceVersion1                                                        
8f3eaf00  platform_errno                                                            
8f3eaf04  platform_init_return_code                                                 
8f3eaf18  NDK_ICMPInErrors                                                          
8f3eaf1c  NDK_ICMPOutErrors                                                         
8f3eaf20  _IPExecuting                                                              
8f3eaf30  gFragQList                                                                
8f3eaf50  tcp_iss                                                                   
8f3eaf54  ptTimeFirst                                                               
8f3eaf58  pt6TimeFirst                                                              
8f3eaf5c  tcp6_iss                                                                  
8f3eaf7c  httpErrorResponseHook                                                     
8f3eaf88  _IPReasmPtr                                                               
8f3eaf94  gMLDNodeList                                                              
8f3eafa8  IPV6_MAX_MULTICAST_SOLICIT                                                
8f3eafac  IPV6_MAX_UNICAST_SOLICIT                                                  
8f3eafb0  IPV6_RETRANS_TIME                                                         
8f3eafb4  IPV6_DELAY_FIRST_PROBE_TIME                                               
8f3eafb8  IPV6_REACHABLE_TIME                                                       
8f3eafbc  IPV6_MAX_RTR_SOLICITATION_DELAY                                           
8f3eafc0  IPV6_RTR_SOLICITATION_INTERVAL                                            
8f3eafc4  IPV6_MAX_RTR_SOLICITATIONS                                                
8f3eafc8  INFINITE_LT                                                               
8f3eafcc  ti_ndk_config_Global_rawPageSize                                          
8f3eafd0  ti_ndk_config_Global_rawPageCount                                         
8f3eafd4  ti_ndk_config_Global_smallest                                             
8f3eafd8  ti_ndk_config_Global_largest                                              
8f3eafdc  ti_ndk_config_Global_numFrameBuf                                          
8f3eafe0  ti_ndk_config_Global_sizeFrameBuf                                         
8f3eafe4  core_name                                                                 
8f3eafe8  core_id                                                                   
8f3eb000  ti_sysbios_family_c64p_Hwi0                                               
8f3eb000  ti_sysbios_family_c64p_Hwi_int0                                           
8f3eb020  ti_sysbios_family_c64p_Hwi_int1                                           
8f3eb040  ti_sysbios_family_c64p_Hwi_int2                                           
8f3eb060  ti_sysbios_family_c64p_Hwi_int3                                           
8f3eb080  ti_sysbios_family_c64p_Hwi_int4                                           
8f3eb0a0  ti_sysbios_family_c64p_Hwi_int5                                           
8f3eb0c0  ti_sysbios_family_c64p_Hwi_int6                                           
8f3eb0e0  ti_sysbios_family_c64p_Hwi_int7                                           
8f3eb100  ti_sysbios_family_c64p_Hwi_int8                                           
8f3eb120  ti_sysbios_family_c64p_Hwi_int9                                           
8f3eb140  ti_sysbios_family_c64p_Hwi_int10                                          
8f3eb160  ti_sysbios_family_c64p_Hwi_int11                                          
8f3eb180  ti_sysbios_family_c64p_Hwi_int12                                          
8f3eb1a0  ti_sysbios_family_c64p_Hwi_int13                                          
8f3eb1c0  ti_sysbios_family_c64p_Hwi_int14                                          
8f3eb1e0  ti_sysbios_family_c64p_Hwi_int15                                          
8f3eb200  __CIOBUF_                                                                 
8f3ed174  __TI_Handler_Table_Base                                                   
8f3ed17c  __TI_Handler_Table_Limit                                                  
8f3ed180  __TI_CINIT_Base                                                           
8f3ed1f0  __TI_CINIT_Limit                                                          
ffffffff  __TI_pprof_out_hndl                                                       
ffffffff  __TI_prof_data_size                                                       
ffffffff  __TI_prof_data_start                                                      
ffffffff  __binit__                                                                 
ffffffff  __c_args__                                                                
ffffffff  binit                                                                     
UNDEFED   __TI_INITARRAY_Base                                                       
UNDEFED   __TI_INITARRAY_Limit                                                      
UNDEFED   __TI_TLS_INIT_Base                                                        
UNDEFED   __TI_TLS_INIT_Limit                                                       

[2296 symbols]
