******************************************************************************
               TMS320C6x Linker PC v8.3.2                      
******************************************************************************
>> Linked Wed Jul  3 09:11:27 2019

OUTPUT FILE NAME:   <basic_platform.out>
ENTRY POINT SYMBOL: "_c_int00"  address: 8282cf40


MEMORY CONFIGURATION

         name            origin    length      used     unused   attr    fill
----------------------  --------  ---------  --------  --------  ----  --------
  L2SRAM                00800000   00080000  0000a198  00075e68  RW X
  MSMCSRAM              0c000000   00400000  00207902  001f86fe  RW X
  SRIO                  80000000   02800800  00000000  02800800  RW X
  DDR                   82800800   057ff800  000509ca  057aee36  RW X
  CORE1DDR              88000000   08000000  00000000  08000000  RW X


SEGMENT ALLOCATION MAP

run origin  load origin   length   init length attrs members
----------  ----------- ---------- ----------- ----- -------
00800000    00800000    0000a198   00000000    rw-
  00800000    00800000    00006198   00000000    rw- .L2RAM
  00806198    00806198    00004000   00000000    rw- .stack
0c200000    0c200000    00006882   00000000    rw-
  0c200000    0c200000    00006882   00000000    rw- .qmss
0c206900    0c206900    00001080   00000000    rw-
  0c206900    0c206900    00000f80   00000000    rw- .cppi
  0c207880    0c207880    00000100   00000000    rw- .srioSharedMem
82800800    82800800    00033200   00033200    r-x
  82800800    82800800    00033200   00033200    r-x .text
82833a00    82833a00    000112c2   00000000    rw-
  82833a00    82833a00    000112c2   00000000    rw- .far
82844cc8    82844cc8    00005b00   00005b00    r--
  82844cc8    82844cc8    00005b00   00005b00    r-- .const
8284a7c8    8284a7c8    00004c2a   00000000    rw-
  8284a7c8    8284a7c8    00004c2a   00000000    rw- .fardata
8284f400    8284f400    00000334   00000334    r-x
  8284f400    8284f400    00000200   00000200    r-x .vecs
  8284f600    8284f600    00000134   00000134    r-- .switch
8284f738    8284f738    000001a4   00000000    rw-
  8284f738    8284f738    00000120   00000000    rw- .cio
  8284f858    8284f858    00000020   00000000    rw- .bss
  8284f878    8284f878    00000064   00000000    rw- .neardata
8284f8dc    8284f8dc    00000006   00000000    r--
  8284f8dc    8284f8dc    00000006   00000000    r-- .rodata
8284f8e8    8284f8e8    00001900   00001900    r--
  8284f8e8    8284f8e8    00001900   00001900    r-- .cinit


SECTION ALLOCATION MAP

 output                                  attributes/
section   page    origin      length       input sections
--------  ----  ----------  ----------   ----------------
ti.sdo.ipc.SharedRegion_0 
*          0    0c000000    00200000     NOLOAD SECTION
                  0c000000    00200000     --HOLE--

.L2RAM     0    00800000    00006198     UNINITIALIZED
                  00800000    00006000     qmss_init.obj (.L2RAM:uninit)
                  00806000    00000100     main.obj (.L2RAM)
                  00806100    00000070     core_2_core_interface.obj (.L2RAM)
                  00806170    00000018     qmss_init.obj (.L2RAM:init)
                  00806188    00000010     bb_interface.obj (.L2RAM)

.stack     0    00806198    00004000     UNINITIALIZED
                  00806198    00000008     boot.ae66 : boot.oe66 (.stack)
                  008061a0    00003ff8     --HOLE--

.bss       0    8284f858    00000020     UNINITIALIZED
                  8284f858    00000004     (.common:Ipc_sr0MemorySetup)
                  8284f85c    00000004     (.common:cppiHnd)
                  8284f860    00000004     (.common:freeQueHnd)
                  8284f864    00000004     (.common:hAppManagedSrioDrv)
                  8284f868    00000004     (.common:rxChHnd)
                  8284f86c    00000004     (.common:rx_flowhnd)
                  8284f870    00000004     (.common:txChHnd)
                  8284f874    00000004     (.common:txQueHnd)

.neardata 
*          0    8284f878    00000064     UNINITIALIZED
                  8284f878    0000002c     srio_init.obj (.neardata)
                  8284f8a4    00000018     qmss_osal.obj (.neardata)
                  8284f8bc    00000004     --HOLE--
                  8284f8c0    00000010     main.obj (.neardata)
                  8284f8d0    0000000c     srio_osal.obj (.neardata)

.rodata    0    8284f8dc    00000006     UNINITIALIZED
                  8284f8dc    00000006     main.obj (.rodata)

.cinit     0    8284f8e8    00001900     
                  8284f8e8    00001831     (.cinit..fardata.load) [load image, compression = rle]
                  82851119    0000002d     (.cinit..neardata.load) [load image, compression = rle]
                  82851146    0000000d     (.cinit..far.load) [load image, compression = rle]
                  82851153    0000000c     (.cinit..rodata.load) [load image, compression = rle]
                  8285115f    0000000b     (.cinit..L2RAM.load) [load image, compression = rle]
                  8285116a    0000000b     (.cinit..cppi.load) [load image, compression = rle]
                  82851175    0000000b     (.cinit..qmss.load) [load image, compression = rle]
                  82851180    0000000b     (.cinit..srioSharedMem.load) [load image, compression = rle]
                  8285118b    00000009     (.cinit..bss.load) [load image, compression = rle]
                  82851194    00000008     (__TI_handler_table)
                  8285119c    00000004     --HOLE-- [fill = 0]
                  828511a0    00000048     (__TI_cinit_table)

.init_array 
*          0    82800800    00000000     UNINITIALIZED

.qmss      0    0c200000    00006882     UNINITIALIZED
                  0c200000    00006880     ti.drv.qmss.ae66 : qmss_drv.oe66 (.qmss:uninit)
                  0c206880    00000002                      : qmss_drv.oe66 (.qmss:init)

.cppi      0    0c206900    00000f80     UNINITIALIZED
                  0c206900    00000f80     ti.drv.cppi.ae66 : cppi_drv.oe66 (.cppi)

.srioSharedMem 
*          0    0c207880    00000100     UNINITIALIZED
                  0c207880    00000100     ti.drv.srio.ae66 : srio_drv.oe66 (.srioSharedMem)

.vecs      0    8284f400    00000200     
                  8284f400    00000200     app_pe66.oe66 (.vecs)

xdc.meta   0    82800800    000000e8     COPY SECTION
                  82800800    000000e8     app_pe66.oe66 (xdc.meta)

.text      0    82800800    00033200     
                  82800800    00002700     srio_init.obj (.text)
                  82802f00    00001fe0     rts6600_elf.lib : _printfi.c.obj (.text:__TI_printfi)
                  82804ee0    00000ea0     ti.drv.qmss.ae66 : qmss_drv.oe66 (.text:Qmss_insertMemoryRegionSubSys)
                  82805d80    00000ce0     srio_laneconfig.obj (.text)
                  82806a60    00000ca0     core_2_core_interface.obj (.text)
                  82807700    00000c60     ipc.ae66 : Ipc.obj (.text:ti_sdo_ipc_GateMP_Instance_init__E)
                  82808360    00000c20     qmss_init.obj (.text)
                  82808f80    00000b80     ti.drv.srio.ae66 : srio_drv.oe66 (.text:Srio_processDrvConfig:Srio_processDrvConfig)
                  82809b00    00000960     ti.drv.qmss.ae66 : qmss_drv.oe66 (.text:Qmss_initSubSys)
                  8280a460    00000920     srio_osal.obj (.text)
                  8280ad80    000008c0     ti.drv.qmss.ae66 : qmss_drv.oe66 (.text:Qmss_internalQueueOpen)
                  8280b640    00000880     ti.targets.rts6000.ae66 : System.oe66 (.text:xdc_runtime_System_doPrint__I)
                  8280bec0    00000780     sysbios.ae66 : BIOS.obj (.text:ti_sysbios_family_c64p_Exception_handler__I)
                  8280c640    00000740     ipc.ae66 : Ipc.obj (.text:MessageQ_put)
                  8280cd80    00000740     ti.drv.srio.ae66 : srio_drv.oe66 (.text:Srio_processReceivedBD:Srio_processReceivedBD)
                  8280d4c0    00000740     sysbios.ae66 : BIOS.obj (.text:ti_sysbios_knl_Semaphore_pend__E)
                  8280dc00    00000720     ti.drv.cppi.ae66 : cppi_drv.oe66 (.text:Cppi_configureRxFlow)
                  8280e320    00000700     sysbios.ae66 : BIOS.obj (.text:ti_sysbios_timers_timer64_Timer_Module_startup__E)
                  8280ea20    000006c0     qmss_osal.obj (.text)
                  8280f0e0    00000640     ipc.ae66 : Ipc.obj (.text:Ipc_attach)
                  8280f720    00000640     rts6600_elf.lib : _printfi.c.obj (.text:_pconv_a)
                  8280fd60    00000620     ti.drv.srio.ae66 : srio_drv.oe66 (.text:Srio_sockSend_DIO:Srio_sockSend_DIO)
                  82810380    00000620     ipc.ae66 : Ipc.obj (.text:ti_sdo_ipc_heaps_HeapMemMP_alloc__E)
                  828109a0    00000620     sysbios.ae66 : BIOS.obj (.text:ti_sysbios_heaps_HeapMem_allocUnprotected__E)
                  82810fc0    00000600     ti.drv.cppi.ae66 : cppi_drv.oe66 (.text:Cppi_txChannelOpenWithHwCfg)
                  828115c0    00000600     rts6600_elf.lib : divd.c.obj (.text:__c6xabi_divd)
                  82811bc0    00000600     main.obj (.text)
                  828121c0    00000600     ipc.ae66 : Ipc.obj (.text:ti_sdo_ipc_GateMP_setRegion0Reserved__F)
                  828127c0    00000600              : Ipc.obj (.text:ti_sdo_ipc_transports_TransportShm_Instance_init__E)
                  82812dc0    000005c0     sysbios.ae66 : BIOS.obj (.text:ti_sysbios_heaps_HeapMem_freeUnprotected__E)
                  82813380    000005a0     ipc.ae66 : Ipc.obj (.text:ti_sdo_ipc_ListMP_Instance_init__E)
                  82813920    000005a0              : Ipc.obj (.text:ti_sdo_ipc_nsremote_NameServerRemoteNotify_Instance_init__E)
                  82813ec0    00000560              : Ipc.obj (.text:ti_sdo_ipc_GateMP_Instance_finalize__E)
                  82814420    00000540     ti.drv.cppi.ae66 : cppi_drv.oe66 (.text:Cppi_rxChannelOpen)
                  82814960    00000540     ipc.ae66 : Ipc.obj (.text:ti_sdo_ipc_heaps_HeapMemMP_free__E)
                  82814ea0    00000500     ti.drv.srio.ae66 : srio_drv.oe66 (.text:Srio_start:Srio_start)
                  828153a0    00000500     sysbios.ae66 : BIOS.obj (.text:ti_sysbios_knl_Task_Instance_finalize__E)
                  828158a0    000004c0     ipc.ae66 : Ipc.obj (.text:ti_sdo_ipc_heaps_HeapMemMP_Instance_init__E)
                  82815d60    000004a0     ti.drv.cppi.ae66 : cppi_desc.oe66 (.text:Cppi_initDescriptorSubSys)
                  82816200    000004a0     bb_interface.obj (.text)
                  828166a0    00000480     ti.drv.cppi.ae66 : cppi_drv.oe66 (.text:Cppi_init)
                  82816b20    00000480     ipc.ae66 : Ipc.obj (.text:NameServer_add)
                  82816fa0    00000480     sysbios.ae66 : BIOS.obj (.text:ti_sysbios_gates_GateMutexPri_enter__E)
                  82817420    00000460                  : BIOS.obj (.text:ti_sysbios_knl_Task_sleep__E)
                  82817880    00000440     ti.drv.srio.ae66 : srio_drv.oe66 (.text:Srio_sockBind_DIO:Srio_sockBind_DIO)
                  82817cc0    00000440     rts6600_elf.lib : _printfi.c.obj (.text:_pconv_g)
                  82818100    00000420     ipc.ae66 : Ipc.obj (.text:Notify_sendEvent)
                  82818520    00000420     sysbios.ae66 : BIOS.obj (.text:ti_sysbios_knl_Task_setPri__E)
                  82818940    00000400     ipc.ae66 : Ipc.obj (.text:Notify_registerEventSingle)
                  82818d40    00000400     ti.drv.srio.ae66 : srio_drv.oe66 (.text:Srio_sockOpen:Srio_sockOpen)
                  82819140    00000400     ipc.ae66 : Ipc.obj (.text:ti_sdo_ipc_nsremote_NameServerRemoteNotify_get__F)
                  82819540    000003e0              : Ipc.obj (.text:Notify_unregisterEventSingle)
                  82819920    000003e0              : Ipc.obj (.text:ti_sdo_ipc_MessageQ_Instance_init__E)
                  82819d00    000003c0     sysbios.ae66 : BIOS.obj (.text:ti_sysbios_knl_Task_Instance_init__E)
                  8281a0c0    000003a0                  : BIOS.obj (.text:ti_sysbios_family_c66_Cache_startup__I)
                  8281a460    00000340     ti.drv.srio.ae66 : srio_drv.oe66 (.text:Srio_initCfg)
                  8281a7a0    00000340     ipc.ae66 : Ipc.obj (.text:ti_sdo_ipc_gates_GatePeterson_Instance_init__E)
                  8281aae0    00000340     sysbios.ae66 : BIOS.obj (.text:ti_sysbios_family_c66_tci66xx_CpIntc_Module_startup__E)
                  8281ae20    00000320     ti.drv.cppi.ae66 : cppi_drv.oe66 (.text:Cppi_open)
                  8281b140    00000320     sysbios.ae66 : BIOS.obj (.text:ti_sysbios_timers_timer64_Timer_deviceConfig__I)
                  8281b460    00000300     ipc.ae66 : Ipc.obj (.text:ti_sdo_ipc_Notify_Instance_init__E)
                  8281b760    00000300     sysbios.ae66 : BIOS.obj (.text:ti_sysbios_knl_Swi_runLoop__I)
                  8281ba60    00000300                  : BIOS.obj (.text:ti_sysbios_knl_Task_Module_startup__E)
                  8281bd60    000002e0     ipc.ae66 : Ipc.obj (.text:ListMP_getHead)
                  8281c040    000002e0     ti.drv.qmss.ae66 : qmss_drv.oe66 (.text:Qmss_internalRmStartIndex)
                  8281c320    000002e0     ti.drv.srio.ae66 : srio_drv.oe66 (.text:Srio_sockBind_TYPE11:Srio_sockBind_TYPE11)
                  8281c600    000002e0                      : srio_drv.oe66 (.text:Srio_sockSend_TYPE9:Srio_sockSend_TYPE9)
                  8281c8e0    000002e0     ipc.ae66 : Ipc.obj (.text:ti_sdo_ipc_SharedRegion_reserveMemory__F)
                  8281cbc0    000002e0     sysbios.ae66 : BIOS.obj (.text:ti_sysbios_heaps_HeapMem_Instance_init__E)
                  8281cea0    000002c0     ti.drv.srio.ae66 : srio_drv.oe66 (.text:Srio_sockSend_TYPE11:Srio_sockSend_TYPE11)
                  8281d160    000002c0     rts6600_elf.lib : _printfi.c.obj (.text:fcvt)
                  8281d420    000002c0     ipc.ae66 : Ipc.obj (.text:ti_sdo_ipc_heaps_HeapMemMP_postInit__I)
                  8281d6e0    000002c0     sysbios.ae66 : BIOS.obj (.text:ti_sysbios_knl_Clock_workFunc__E)
                  8281d9a0    000002c0     ti.targets.rts6000.ae66 : LoggerBuf.oe66 (.text:xdc_runtime_LoggerBuf_write8__E)
                  8281dc60    000002a0     ti.drv.srio.ae66 : srio_drv.oe66 (.text:Srio_sockBind_TYPE9:Srio_sockBind_TYPE9)
                  8281df00    000002a0     rts6600_elf.lib : _printfi.c.obj (.text:_pconv_e)
                  8281e1a0    000002a0     ipc.ae66 : Ipc.obj (.text:ti_sdo_ipc_MessageQ_registerTransport__F)
                  8281e440    000002a0              : Ipc.obj (.text:ti_sdo_ipc_MessageQ_unregisterTransport__F)
                  8281e6e0    000002a0              : Ipc.obj (.text:ti_sdo_utils_NameServer_registerRemoteDriver__E)
                  8281e980    000002a0              : Ipc.obj (.text:ti_sdo_utils_NameServer_unregisterRemoteDriver__E)
                  8281ec20    00000280     ti.drv.qmss.ae66 : qmss_drv.oe66 (.text:Qmss_internalQueueClose)
                  8281eea0    00000280     rts6600_elf.lib : divf.c.obj (.text:__c6xabi_divf)
                  8281f120    00000280     ipc.ae66 : Ipc.obj (.text:ti_sdo_utils_NameServer_isRegistered__E)
                  8281f3a0    00000260     sysbios.ae66 : BIOS.obj (.text:ti_sysbios_family_c64p_Hwi_dispatchCore__I)
                  8281f600    00000260                  : BIOS.obj (.text:ti_sysbios_knl_Semaphore_post__E)
                  8281f860    00000260     ti.targets.rts6000.ae66 : Startup.oe66 (.text:xdc_runtime_Startup_startMods__I)
                  8281fac0    00000240     rts6600_elf.lib : imath64.c.obj (.text:__c6xabi_divull)
                  8281fd00    00000240     sysbios.ae66 : BIOS.obj (.text:ti_sysbios_family_c64p_Exception_internalHandler__I)
                  8281ff40    00000240     ti.targets.rts6000.ae66 : Core-mem.oe66 (.text:xdc_runtime_Core_createObject__I)
                  82820180    00000220     ipc.ae66 : Ipc.obj (.text:ListMP_putTail)
                  828203a0    00000220              : Ipc.obj (.text:SharedRegion_getPtr)
                  828205c0    00000220              : Ipc.obj (.text:SharedRegion_getSRPtr)
                  828207e0    00000220     sysbios.ae66 : BIOS.obj (.text:ti_sysbios_knl_Swi_run__I)
                  82820a00    00000220                  : BIOS.obj (.text:ti_sysbios_timers_timer64_Timer_setPeriodMicroSecs__E)
                  82820c20    00000220     ti.targets.rts6000.ae66 : Error.oe66 (.text:xdc_runtime_Error_policyDefault__E)
                  82820e40    00000200     ipc.ae66 : Ipc.obj (.text:GateMP_openByAddr)
                  82821040    00000200              : Ipc.obj (.text:HeapMemMP_sharedMemReq)
                  82821240    00000200              : Ipc.obj (.text:Ipc_start)
                  82821440    00000200              : Ipc.obj (.text:SharedRegion_getEntry)
                  82821640    00000200     ti.drv.srio.ae66 : srio_drv.oe66 (.text:Srio_dioCompletionIsr:Srio_dioCompletionIsr)
                  82821840    00000200                      : srio_drv.oe66 (.text:Srio_rxCompletionIsr:Srio_rxCompletionIsr)
                  82821a40    00000200     sysbios.ae66 : c64p_Hwi_disp_always.obj (.text:_ti_sysbios_family_c64p_Hwi_dispatchAlways)
                  82821c40    00000200     ti.drv.cppi.ae66 : cppi_heap.oe66 (.text:cppi_internal_heap_add)
                  82821e40    00000200     ipc.ae66 : Ipc.obj (.text:ti_sdo_ipc_SharedRegion_start__F)
                  82822040    00000200              : Ipc.obj (.text:ti_sdo_ipc_nsremote_NameServerRemoteNotify_swiFxnRequest__I)
                  82822240    000001e0              : Ipc.obj (.text:GateMP_sharedMemReq)
                  82822420    000001e0     ti.drv.qmss.ae66 : qmss_drv.oe66 (.text:Qmss_internaldownloadFirmware)
                  82822600    000001e0     sysbios.ae66 : BIOS.obj (.text:ti_sysbios_family_c64p_EventCombiner_dispatchPlug__E)
                  828227e0    000001e0                  : BIOS.obj (.text:ti_sysbios_gates_GateMutex_enter__E)
                  828229c0    000001e0     ti.targets.rts6000.ae66 : Text.oe66 (.text:xdc_runtime_Text_putSite__E)
                  82822ba0    000001c0     rts6600_elf.lib : imath40.c.obj (.text:__c6xabi_divul)
                  82822d60    000001c0                     : _printfi.c.obj (.text:_ltostr)
                  82822f20    000001c0     ipc.ae66 : Ipc.obj (.text:ti_sdo_ipc_Ipc_procSyncStart__I)
                  828230e0    000001c0     sysbios.ae66 : BIOS.obj (.text:ti_sysbios_family_c66_tci66xx_CpIntc_dispatch__E)
                  828232a0    000001c0                  : BIOS.obj (.text:ti_sysbios_knl_Task_checkStacks__E)
                  82823460    000001c0                  : BIOS.obj (.text:ti_sysbios_timers_timer64_Timer_getFreq__E)
                  82823620    000001c0                  : BIOS.obj (.text:ti_sysbios_timers_timer64_Timer_start__E)
                  828237e0    000001c0     ti.targets.rts6000.ae66 : LoggerBuf.oe66 (.text:xdc_runtime_LoggerBuf_write4__E)
                  828239a0    000001a0     ipc.ae66 : Ipc.obj (.text:GateMP_enter)
                  82823b40    000001a0              : Ipc.obj (.text:GateMP_leave)
                  82823ce0    000001a0              : Ipc.obj (.text:NameServer_getLocal)
                  82823e80    000001a0     ti.drv.qmss.ae66 : qmss_acc.oe66 (.text:Qmss_cfgAccumulatorCh)
                  82824020    000001a0     rts6600_elf.lib : frexp.c.obj (.text:frexp)
                  828241c0    000001a0                     : s_scalbn.c.obj (.text:scalbn)
                  82824360    000001a0     ipc.ae66 : Ipc.obj (.text:ti_sdo_ipc_transports_TransportShm_Instance_finalize__E)
                  82824500    000001a0              : Ipc.obj (.text:ti_sdo_ipc_transports_TransportShm_openByAddr__E)
                  828246a0    000001a0              : Ipc.obj (.text:ti_sdo_ipc_transports_TransportShm_put__E)
                  82824840    000001a0     sysbios.ae66 : BIOS.obj (.text:ti_sysbios_family_c64p_EventCombiner_enableEvent__E)
                  828249e0    000001a0                  : BIOS.obj (.text:ti_sysbios_family_c66_Cache_block__I)
                  82824b80    000001a0                  : BIOS.obj (.text:ti_sysbios_family_c66_Cache_getL2InitSize__I)
                  82824d20    000001a0                  : BIOS.obj (.text:ti_sysbios_knl_Task_schedule__I)
                  82824ec0    000001a0     ti.targets.rts6000.ae66 : Core-smem.oe66 (.text:xdc_runtime_Core_constructObject__I)
                  82825060    000001a0     app_pe66.oe66 (.text:xdc_runtime_System_printfExtend__I)
                  82825200    00000180     ipc.ae66 : Ipc.obj (.text:NameServer_getHandle)
                  82825380    00000180     sysbios.ae66 : c64p_Exception_asm.obj (.text)
                  82825500    00000180     ipc.ae66 : Ipc.obj (.text:ti_sdo_ipc_GateMP_attach__F)
                  82825680    00000180     sysbios.ae66 : BIOS.obj (.text:ti_sysbios_knl_Swi_Instance_init__E)
                  82825800    00000180                  : BIOS.obj (.text:ti_sysbios_knl_Task_exit__E)
                  82825980    00000180                  : BIOS.obj (.text:ti_sysbios_knl_Task_startCore__E)
                  82825b00    00000180                  : BIOS.obj (.text:ti_sysbios_syncs_SyncSem_Instance_init__E)
                  82825c80    00000160     ti.drv.qmss.ae66 : qmss_drv.oe66 (.text:Qmss_startSubSysCfg)
                  82825de0    00000160     ipc.ae66 : Ipc.obj (.text:ti_sdo_ipc_GateMP_openRegion0Reserved__F)
                  82825f40    00000160              : Ipc.obj (.text:ti_sdo_ipc_MessageQ_Instance_finalize__E)
                  828260a0    00000160     sysbios.ae66 : BIOS.obj (.text:ti_sysbios_family_c64p_Hwi_Module_startup__E)
                  82826200    00000160                  : BIOS.obj (.text:ti_sysbios_knl_Swi_post__E)
                  82826360    00000160     ti.targets.rts6000.ae66 : Text.oe66 (.text:xdc_runtime_Text_putMod__E)
                  828264c0    00000140     ipc.ae66 : Ipc.obj (.text:ListMP_remove)
                  82826600    00000140              : Ipc.obj (.text:ListMP_sharedMemReq)
                  82826740    00000140              : Ipc.obj (.text:MessageQ_create)
                  82826880    00000140              : Ipc.obj (.text:Notify_intLineRegistered)
                  828269c0    00000140     ti.drv.qmss.ae66 : qmss_drv.oe66 (.text:Qmss_rmServiceGroups)
                  82826b00    00000140     ipc.ae66 : Ipc.obj (.text:SharedRegion_getCacheLineSize)
                  82826c40    00000140              : Ipc.obj (.text:SharedRegion_getHeap)
                  82826d80    00000140              : Ipc.obj (.text:SharedRegion_isCacheEnabled)
                  82826ec0    00000140     ti.drv.srio.ae66 : srio_drv.oe66 (.text:Srio_rmService)
                  82827000    00000140                      : srio_drv.oe66 (.text:Srio_validateBindingId:Srio_validateBindingId)
                  82827140    00000140     ipc.ae66 : Ipc.obj (.text:ti_sdo_ipc_GateMP_createLocal__F)
                  82827280    00000140              : Ipc.obj (.text:ti_sdo_ipc_GateMP_getFreeResource__I)
                  828273c0    00000140              : Ipc.obj (.text:ti_sdo_ipc_gates_GatePeterson_enter__E)
                  82827500    00000140              : Ipc.obj (.text:ti_sdo_ipc_nsremote_NameServerRemoteNotify_attach__E)
                  82827640    00000140              : Ipc.obj (.text:ti_sdo_ipc_nsremote_NameServerRemoteNotify_cbFxn__I)
                  82827780    00000140     sysbios.ae66 : BIOS.obj (.text:ti_sysbios_gates_GateSwi_enter__E)
                  828278c0    00000140                  : BIOS.obj (.text:ti_sysbios_knl_Semaphore_Instance_init__E)
                  82827a00    00000140                  : BIOS.obj (.text:ti_sysbios_knl_Task_blockI__E)
                  82827b40    00000140                  : BIOS.obj (.text:ti_sysbios_knl_Task_postInit__I)
                  82827c80    00000140     ti.targets.rts6000.ae66 : Core-mem.oe66 (.text:xdc_runtime_Core_deleteObject__I)
                  82827dc0    00000140                             : LoggerBuf.oe66 (.text:xdc_runtime_LoggerBuf_setFilterLevel__E)
                  82827f00    00000120     ti.csl.ae66 : csl_chip.oe66 (.text:CSL_chipReadReg)
                  82828020    00000120     ipc.ae66 : Ipc.obj (.text:GateMP_close)
                  82828140    00000120     ti.drv.qmss.ae66 : qmss_drv.oe66 (.text:Qmss_getMemoryRegionCfg)
                  82828260    00000120                      : qmss_acc.oe66 (.text:Qmss_openAccumulatorChSubSys)
                  82828380    00000120                      : qmss_drv.oe66 (.text:Qmss_rmService)
                  828284a0    00000120     boot.ae66 : autoinit.oe66 (.text:_auto_init_elf)
                  828285c0    00000120     rts6600_elf.lib : _printfi.c.obj (.text:_pconv_f)
                  828286e0    00000120     ti.drv.cppi.ae66 : cppi_drv.oe66 (.text:cppiRmService)
                  82828800    00000120     ipc.ae66 : Ipc.obj (.text:ti_sdo_ipc_Notify_Module_startup__E)
                  82828920    00000120     app_pe66.oe66 (.text:ti_sdo_ipc_Notify_create)
                  82828a40    00000120     ipc.ae66 : Ipc.obj (.text:ti_sdo_ipc_gates_GateHWSem_Instance_init__E)
                  82828b60    00000120              : Ipc.obj (.text:ti_sdo_utils_NameServer_removeLocal__I)
                  82828c80    00000120     sysbios.ae66 : BIOS.obj (.text:ti_sysbios_knl_Swi_restoreHwi__E)
                  82828da0    00000120     ti.targets.rts6000.ae66 : LoggerBuf.oe66 (.text:xdc_runtime_LoggerBuf_getFilterLevel__E)
                  82828ec0    00000100     rts6600_elf.lib : copy_decompress_rle.c.obj (.text:__TI_decompress_rle_core)
                  82828fc0    00000100                     : _printfi.c.obj (.text:_mcpy)
                  828290c0    00000100                     : atoi.c.obj (.text:atoi)
                  828291c0    00000100     ipc.ae66 : Ipc.obj (.text:ti_sdo_ipc_Ipc_procSyncFinish__I)
                  828292c0    00000100              : Ipc.obj (.text:ti_sdo_ipc_Notify_exec__F)
                  828293c0    00000100              : Ipc.obj (.text:ti_sdo_ipc_SharedRegion_attach__F)
                  828294c0    00000100              : Ipc.obj (.text:ti_sdo_ipc_gates_GateHWSem_enter__E)
                  828295c0    00000100              : Ipc.obj (.text:ti_sdo_ipc_heaps_HeapMemMP_getStats__E)
                  828296c0    00000100     sysbios.ae66 : BIOS.obj (.text:ti_sysbios_gates_GateMutexPri_leave__E)
                  828297c0    00000100                  : BIOS.obj (.text:ti_sysbios_knl_Task_unblockI__E)
                  828298c0    00000100                  : BIOS.obj (.text:ti_sysbios_timers_timer64_Timer_initDevice__I)
                  828299c0    00000100                  : BIOS.obj (.text:ti_sysbios_xdcruntime_GateThreadSupport_leave__E)
                  82829ac0    00000100     ti.targets.rts6000.ae66 : Error.oe66 (.text:xdc_runtime_Error_print__E)
                  82829bc0    00000100                             : Memory.oe66 (.text:xdc_runtime_Memory_alloc__E)
                  82829cc0    00000100                             : Startup.oe66 (.text:xdc_runtime_Startup_exec__E)
                  82829dc0    000000e0     rts6600_elf.lib : hostwrite.c.obj (.text:HOSTwrite)
                  82829ea0    000000e0     ipc.ae66 : Ipc.obj (.text:HeapMemMP_openByAddr)
                  82829f80    000000e0              : Ipc.obj (.text:ListMP_openByAddr)
                  8282a060    000000e0              : Ipc.obj (.text:MessageQ_Params_init__S)
                  8282a140    000000e0     ti.drv.qmss.ae66 : qmss_drv.oe66 (.text:Qmss_rmNameService)
                  8282a220    000000e0     rts6600_elf.lib : exit.c.obj (.text:exit)
                  8282a300    000000e0                     : ltoa.c.obj (.text:ltoa)
                  8282a3e0    000000e0                     : memset.c.obj (.text:memset)
                  8282a4c0    000000e0     ipc.ae66 : Ipc.obj (.text:ti_sdo_ipc_GateMP_start__F)
                  8282a5a0    000000e0              : Ipc.obj (.text:ti_sdo_ipc_ListMP_Instance_finalize__E)
                  8282a680    000000e0              : Ipc.obj (.text:ti_sdo_ipc_MessageQ_Module_startup__E)
                  8282a760    000000e0              : Ipc.obj (.text:ti_sdo_ipc_Notify_Instance_finalize__E)
                  8282a840    000000e0              : Ipc.obj (.text:ti_sdo_ipc_SharedRegion_clearReservedMemory__F)
                  8282a920    000000e0              : Ipc.obj (.text:ti_sdo_ipc_gates_GateMPSupportNull_enter__E)
                  8282aa00    000000e0              : Ipc.obj (.text:ti_sdo_ipc_gates_GateMPSupportNull_leave__E)
                  8282aae0    000000e0              : Ipc.obj (.text:ti_sdo_ipc_heaps_HeapMemMP_Instance_finalize__E)
                  8282abc0    000000e0              : Ipc.obj (.text:ti_sdo_ipc_nsremote_NameServerRemoteNotify_Instance_finalize__E)
                  8282aca0    000000e0              : Ipc.obj (.text:ti_sdo_ipc_transports_TransportShmSetup_attach__E)
                  8282ad80    000000e0              : Ipc.obj (.text:ti_sdo_utils_NameServer_findLocal__I)
                  8282ae60    000000e0     sysbios.ae66 : BIOS.obj (.text:ti_sysbios_heaps_HeapMem_alloc__E)
                  8282af40    000000e0                  : BIOS.obj (.text:ti_sysbios_knl_Swi_Instance_finalize__E)
                  8282b020    000000e0                  : BIOS.obj (.text:ti_sysbios_timers_timer64_Timer_startup__E)
                  8282b100    000000e0     ti.targets.rts6000.ae66 : Text.oe66 (.text:xdc_runtime_Text_visitRope2__I)
                  8282b1e0    000000c0     ti.drv.qmss.ae66 : qmss_drv.oe66 (.text:Qmss_getMemRegQueueHandleSubSys)
                  8282b2a0    000000c0                      : qmss_drv.oe66 (.text:Qmss_setEoiVector)
                  8282b360    000000c0     ipc.ae66 : Ipc.obj (.text:SharedRegion_getId)
                  8282b420    000000c0     ti.drv.srio.ae66 : srio_drv.oe66 (.text:Srio_flushSockData:Srio_flushSockData)
                  8282b4e0    000000c0                      : srio_drv.oe66 (.text:Srio_getDescSize:Srio_getDescSize)
                  8282b5a0    000000c0                      : srio_drv.oe66 (.text:Srio_initSockData:Srio_initSockData)
                  8282b660    000000c0     rts6600_elf.lib : divu.asm.obj (.text:__divu)
                  8282b720    000000c0     ti.drv.cppi.ae66 : cppi_listlib.oe66 (.text:cppi_list_cat)
                  8282b7e0    000000c0     app_pe66.oe66 (.text:ti_sdo_ipc_GateMP_create)
                  8282b8a0    000000c0     ipc.ae66 : Ipc.obj (.text:ti_sdo_ipc_GateMP_getRegion0ReservedSize__F)
                  8282b960    000000c0     app_pe66.oe66 (.text:ti_sdo_ipc_ListMP_create)
                  8282ba20    000000c0     app_pe66.oe66 (.text:ti_sdo_ipc_MessageQ_create)
                  8282bae0    000000c0     ipc.ae66 : Ipc.obj (.text:ti_sdo_ipc_MessageQ_grow__I)
                  8282bba0    000000c0     app_pe66.oe66 (.text:ti_sdo_ipc_gates_GatePeterson_Object__create__S)
                  8282bc60    000000c0     app_pe66.oe66 (.text:ti_sdo_ipc_gates_GatePeterson_create)
                  8282bd20    000000c0     app_pe66.oe66 (.text:ti_sdo_ipc_heaps_HeapMemMP_Object__create__S)
                  8282bde0    000000c0     app_pe66.oe66 (.text:ti_sdo_ipc_heaps_HeapMemMP_create)
                  8282bea0    000000c0     app_pe66.oe66 (.text:ti_sdo_ipc_nsremote_NameServerRemoteNotify_Object__create__S)
                  8282bf60    000000c0     app_pe66.oe66 (.text:ti_sdo_ipc_nsremote_NameServerRemoteNotify_create)
                  8282c020    000000c0     app_pe66.oe66 (.text:ti_sdo_ipc_transports_TransportShm_Object__create__S)
                  8282c0e0    000000c0     app_pe66.oe66 (.text:ti_sdo_ipc_transports_TransportShm_create)
                  8282c1a0    000000c0     sysbios.ae66 : BIOS.obj (.text:ti_sysbios_gates_GateAll_leave__E)
                  8282c260    000000c0                  : BIOS.obj (.text:ti_sysbios_heaps_HeapMem_getStats__E)
                  8282c320    000000c0                  : BIOS.obj (.text:ti_sysbios_knl_Clock_logTick__E)
                  8282c3e0    000000c0                  : BIOS.obj (.text:ti_sysbios_knl_Swi_schedule__I)
                  8282c4a0    000000c0                  : BIOS.obj (.text:ti_sysbios_knl_Task_allBlockedFunction__I)
                  8282c560    000000c0     app_pe66.oe66 (.text:ti_sysbios_knl_Task_create)
                  8282c620    000000c0     app_pe66.oe66 (.text:ti_sysbios_syncs_SyncSem_Object__create__S)
                  8282c6e0    000000c0     app_pe66.oe66 (.text:ti_sysbios_syncs_SyncSem_create)
                  8282c7a0    000000c0     rts6600_elf.lib : tls.c.obj (.text:tls:init:__TI_tls_init)
                  8282c860    000000c0     ti.targets.rts6000.ae66 : Assert.oe66 (.text:xdc_runtime_Assert_raise__I)
                  8282c920    000000c0                             : Error.oe66 (.text:xdc_runtime_Error_setX__E)
                  8282c9e0    000000c0     app_pe66.oe66 (.text:xdc_runtime_LoggerBuf_Object__create__S)
                  8282caa0    000000c0     ti.targets.rts6000.ae66 : SysMin.oe66 (.text:xdc_runtime_SysMin_abort__E)
                  8282cb60    000000c0                             : SysMin.oe66 (.text:xdc_runtime_SysMin_flush__E)
                  8282cc20    000000a0     ti.drv.cppi.ae66 : cppi_drv.oe66 (.text:Cppi_channelEnable)
                  8282ccc0    000000a0                      : cppi_drv.oe66 (.text:Cppi_setCpdmaLoopback)
                  8282cd60    000000a0     ti.drv.qmss.ae66 : qmss_drv.oe66 (.text:Qmss_queueOpenSubSys)
                  8282ce00    000000a0     rts6600_elf.lib : fltullf.c.obj (.text:__c6xabi_fltullf)
                  8282cea0    000000a0                     : remu.asm.obj (.text:__remu)
                  8282cf40    000000a0     boot.ae66 : boot.oe66 (.text:_c_int00)
                  8282cfe0    000000a0     rts6600_elf.lib : _printfi.c.obj (.text:_ecpy)
                  8282d080    000000a0                     : memcpy64.asm.obj (.text:memcpy)
                  8282d120    000000a0     ipc.ae66 : Ipc.obj (.text:ti_sdo_ipc_gates_GatePeterson_leave__E)
                  8282d1c0    000000a0              : Ipc.obj (.text:ti_sdo_ipc_gates_GatePeterson_postInit__I)
                  8282d260    000000a0              : Ipc.obj (.text:ti_sdo_ipc_nsremote_NameServerRemoteNotify_detach__E)
                  8282d300    000000a0              : Ipc.obj (.text:ti_sdo_ipc_transports_TransportShm_sharedMemReq__E)
                  8282d3a0    000000a0              : Ipc.obj (.text:ti_sdo_utils_NameServer_Module_startup__E)
                  8282d440    000000a0              : Ipc.obj (.text:ti_sdo_utils_NameServer_postInit__I)
                  8282d4e0    000000a0     sysbios.ae66 : BIOS.obj (.text:ti_sysbios_family_c64p_Exception_Module_startup__E)
                  8282d580    000000a0                  : BIOS.obj (.text:ti_sysbios_family_c64p_Hwi_dispatchC__I)
                  8282d620    000000a0                  : BIOS.obj (.text:ti_sysbios_family_c64p_Hwi_getStackInfo__E)
                  8282d6c0    000000a0                  : BIOS.obj (.text:ti_sysbios_family_c66_tci66xx_CpIntc_mapSysIntToHostInt__E)
                  8282d760    000000a0                  : BIOS.obj (.text:ti_sysbios_gates_GateSwi_leave__E)
                  8282d800    000000a0     app_pe66.oe66 (.text:ti_sysbios_knl_Swi_construct)
                  8282d8a0    000000a0     sysbios.ae66 : BIOS.obj (.text:ti_sysbios_timers_timer64_Timer_stop__E)
                  8282d940    000000a0     ti.targets.rts6000.ae66 : Core-params.oe66 (.text:xdc_runtime_Core_assignParams__I)
                  8282d9e0    000000a0                             : SysMin.oe66 (.text:xdc_runtime_SysMin_putch__E)
                  8282da80    000000a0                             : System.oe66 (.text:xdc_runtime_System_formatNum__I)
                  8282db20    000000a0                             : System.oe66 (.text:xdc_runtime_System_putchar__I)
                  8282dbc0    000000a0                             : Text.oe66 (.text:xdc_runtime_Text_printVisFxn__I)
                  8282dc60    000000a0                             : Text.oe66 (.text:xdc_runtime_Text_xprintf__I)
                  8282dd00    000000a0     app_pe66.oe66 (.text:xdc_runtime_knl_GateThread_Object__create__S)
                  8282dda0    000000a0     app_pe66.oe66 (.text:xdc_runtime_knl_GateThread_create)
                  8282de40    00000080     ipc.ae66 : Ipc.obj (.text:HeapMemMP_restore)
                  8282dec0    00000080              : Ipc.obj (.text:ListMP_create)
                  8282df40    00000080     ti.drv.qmss.ae66 : qmss_drv.oe66 (.text:Qmss_queueOpen)
                  8282dfc0    00000080     ti.drv.srio.ae66 : srio_drv.oe66 (.text:Srio_freeRxDrvBuffer:Srio_freeRxDrvBuffer)
                  8282e040    00000080                      : srio_drv.oe66 (.text:Srio_sockBind:Srio_sockBind)
                  8282e0c0    00000080                      : srio_drv.oe66 (.text:Srio_sockSend:Srio_sockSend)
                  8282e140    00000080     rts6600_elf.lib : trgmsg.c.obj (.text:__TI_readmsg)
                  8282e1c0    00000080                     : fixdu.c.obj (.text:__c6xabi_fixdu)
                  8282e240    00000080                     : llshift.c.obj (.text:__c6xabi_llshl)
                  8282e2c0    00000080                     : snprintf.c.obj (.text:_outs)
                  8282e340    00000080     sysbios.ae66 : c62_TaskSupport_asm.obj (.text:_ti_sysbios_family_c62_TaskSupport_swap__E)
                  8282e3c0    00000080     ti.drv.cppi.ae66 : cppi_heap.oe66 (.text:cppi_internal_heap_cache_begin)
                  8282e440    00000080                      : cppi_heap.oe66 (.text:cppi_internal_heap_malloc)
                  8282e4c0    00000080                      : cppi_listlib.oe66 (.text:cppi_list_add)
                  8282e540    00000080                      : cppi_listlib.oe66 (.text:cppi_list_remove)
                  8282e5c0    00000080     init.obj (.text)
                  8282e640    00000080     rts6600_elf.lib : snprintf.c.obj (.text:snprintf)
                  8282e6c0    00000080     ipc.ae66 : Ipc.obj (.text:ti_sdo_ipc_Ipc_getMasterAddr__I)
                  8282e740    00000080              : Ipc.obj (.text:ti_sdo_ipc_gates_GateHWSem_Module_startup__E)
                  8282e7c0    00000080     app_pe66.oe66 (.text:ti_sdo_ipc_gates_GateHWSem_Object__create__S)
                  8282e840    00000080     app_pe66.oe66 (.text:ti_sdo_ipc_gates_GateHWSem_create)
                  8282e8c0    00000080     app_pe66.oe66 (.text:ti_sdo_ipc_gates_GateMPSupportNull_Object__create__S)
                  8282e940    00000080     app_pe66.oe66 (.text:ti_sdo_ipc_gates_GateMPSupportNull_create)
                  8282e9c0    00000080     ipc.ae66 : Ipc.obj (.text:ti_sdo_ipc_transports_TransportShm_swiFxn__I)
                  8282ea40    00000080     app_pe66.oe66 (.text:ti_sysbios_BIOS_atExitFunc__I)
                  8282eac0    00000080     app_pe66.oe66 (.text:ti_sysbios_BIOS_registerRTSLock__I)
                  8282eb40    00000080     sysbios.ae66 : BIOS.obj (.text:ti_sysbios_family_c66_tci66xx_CpIntc_getEventId__E)
                  8282ebc0    00000080     app_pe66.oe66 (.text:ti_sysbios_gates_GateAll_Object__create__S)
                  8282ec40    00000080     app_pe66.oe66 (.text:ti_sysbios_gates_GateHwi_Object__create__S)
                  8282ecc0    00000080     app_pe66.oe66 (.text:ti_sysbios_gates_GateMutexPri_Object__create__S)
                  8282ed40    00000080     app_pe66.oe66 (.text:ti_sysbios_gates_GateMutex_Object__create__S)
                  8282edc0    00000080     app_pe66.oe66 (.text:ti_sysbios_gates_GateSwi_Object__create__S)
                  8282ee40    00000080     sysbios.ae66 : BIOS.obj (.text:ti_sysbios_hal_Hwi_checkStack)
                  8282eec0    00000080                  : BIOS.obj (.text:ti_sysbios_hal_Hwi_initStack)
                  8282ef40    00000080     app_pe66.oe66 (.text:ti_sysbios_heaps_HeapMem_Object__create__S)
                  8282efc0    00000080     sysbios.ae66 : BIOS.obj (.text:ti_sysbios_heaps_HeapMem_init__I)
                  8282f040    00000080     app_pe66.oe66 (.text:ti_sysbios_knl_Clock_doTick__I)
                  8282f0c0    00000080     sysbios.ae66 : BIOS.obj (.text:ti_sysbios_knl_Idle_run__E)
                  8282f140    00000080     app_pe66.oe66 (.text:ti_sysbios_knl_Semaphore_create)
                  8282f1c0    00000080     sysbios.ae66 : BIOS.obj (.text:ti_sysbios_knl_Semaphore_pendTimeout__I)
                  8282f240    00000080                  : BIOS.obj (.text:ti_sysbios_knl_Swi_startup__E)
                  8282f2c0    00000080                  : BIOS.obj (.text:ti_sysbios_knl_Task_restore__E)
                  8282f340    00000080                  : BIOS.obj (.text:ti_sysbios_syncs_SyncSem_wait__E)
                  8282f3c0    00000080     app_pe66.oe66 (.text:ti_sysbios_xdcruntime_GateThreadSupport_create)
                  8282f440    00000080     ti.targets.rts6000.ae66 : Core-label.oe66 (.text:xdc_runtime_Core_assignLabel__I)
                  8282f4c0    00000080                             : LoggerBuf.oe66 (.text:xdc_runtime_LoggerBuf_Instance_init__E)
                  8282f540    00000080                             : LoggerBuf.oe66 (.text:xdc_runtime_LoggerBuf_Module_startup__E)
                  8282f5c0    00000080                             : LoggerBuf.oe66 (.text:xdc_runtime_LoggerBuf_filterOutEvent__I)
                  8282f640    00000080     app_pe66.oe66 (.text:xdc_runtime_SysMin_output__I)
                  8282f6c0    00000080     ti.targets.rts6000.ae66 : System.oe66 (.text:xdc_runtime_System_atexit__E)
                  8282f740    00000080                             : System.oe66 (.text:xdc_runtime_System_avprintf__E)
                  8282f7c0    00000080                             : System.oe66 (.text:xdc_runtime_System_processAtExit__E)
                  8282f840    00000080                             : System.oe66 (.text:xdc_runtime_System_vprintf__E)
                  8282f8c0    00000060     ipc.ae66 : Ipc.obj (.text:HeapMemMP_create)
                  8282f920    00000060              : Ipc.obj (.text:HeapMemMP_getRTSCParams$14)
                  8282f980    00000060     ti.drv.qmss.ae66 : qmss_drv.oe66 (.text:Qmss_ackInterrupt)
                  8282f9e0    00000060                      : qmss_acc.oe66 (.text:Qmss_programAccumulator)
                  8282fa40    00000060                      : qmss_drv.oe66 (.text:Qmss_setQueueThreshold)
                  8282faa0    00000060     ti.drv.srio.ae66 : listlib.oe66 (.text:Srio_listCat)
                  8282fb00    00000060     rts6600_elf.lib : frcmpyd_div.c.obj (.text:__TI_frcmpyd_div)
                  8282fb60    00000060                     : trgmsg.c.obj (.text:__TI_writemsg)
                  8282fbc0    00000060                     : llshift.c.obj (.text:__c6xabi_llshru)
                  8282fc20    00000060                     : imath64.c.obj (.text:_subcull)
                  8282fc80    00000060     sysbios.ae66 : c64p_Hwi_asm_switch.obj (.text:_ti_sysbios_family_c64p_Hwi_switchAndDispatch__I)
                  8282fce0    00000060                  : c64p_Hwi_asm_switch.obj (.text:_ti_sysbios_family_xxx_Hwi_switchAndRunFunc)
                  8282fd40    00000060     ti.drv.cppi.ae66 : cppi_listlib.oe66 (.text:cppi_list_cache_invalidate)
                  8282fda0    00000060     rts6600_elf.lib : memccpy.c.obj (.text:memccpy)
                  8282fe00    00000060                     : sprintf.c.obj (.text:sprintf)
                  8282fe60    00000060     app_pe66.oe66 (.text:ti_sdo_ipc_GateMP_Object__delete__S)
                  8282fec0    00000060     ipc.ae66 : Ipc.obj (.text:ti_sdo_ipc_Ipc_getSlaveAddr__I)
                  8282ff20    00000060              : Ipc.obj (.text:ti_sdo_ipc_Ipc_reservedSizePerProc__I)
                  8282ff80    00000060     app_pe66.oe66 (.text:ti_sdo_ipc_ListMP_Object__delete__S)
                  8282ffe0    00000060     ipc.ae66 : Ipc.obj (.text:ti_sdo_ipc_ListMP_elemClear__I)
                  82830040    00000060     app_pe66.oe66 (.text:ti_sdo_ipc_gates_GatePeterson_Object__delete__S)
                  828300a0    00000060     ipc.ae66 : Ipc.obj (.text:ti_sdo_ipc_gates_GatePeterson_sharedMemReq__E)
                  82830100    00000060     app_pe66.oe66 (.text:ti_sdo_ipc_heaps_HeapMemMP_Object__delete__S)
                  82830160    00000060     app_pe66.oe66 (.text:ti_sdo_ipc_nsremote_NameServerRemoteNotify_Object__delete__S)
                  828301c0    00000060     app_pe66.oe66 (.text:ti_sdo_ipc_transports_TransportShm_Object__delete__S)
                  82830220    00000060     app_pe66.oe66 (.text:ti_sdo_utils_List_construct)
                  82830280    00000060     app_pe66.oe66 (.text:ti_sysbios_BIOS_errorRaiseHook__I)
                  828302e0    00000060     app_pe66.oe66 (.text:ti_sysbios_BIOS_removeRTSLock__I)
                  82830340    00000060     app_pe66.oe66 (.text:ti_sysbios_BIOS_startFunc__I)
                  828303a0    00000060     sysbios.ae66 : BIOS.obj (.text:ti_sysbios_family_c62_TaskSupport_start__E)
                  82830400    00000060                  : BIOS.obj (.text:ti_sysbios_family_c64p_EventCombiner_Module_startup__E)
                  82830460    00000060                  : BIOS.obj (.text:ti_sysbios_family_c64p_EventCombiner_unused__E)
                  828304c0    00000060                  : BIOS.obj (.text:ti_sysbios_family_c66_Cache_Module_startup__E)
                  82830520    00000060                  : BIOS.obj (.text:ti_sysbios_family_c66_tci66xx_CpIntc_unused__E)
                  82830580    00000060                  : BIOS.obj (.text:ti_sysbios_gates_GateAll_enter__E)
                  828305e0    00000060     app_pe66.oe66 (.text:ti_sysbios_gates_GateMutexPri_Object__delete__S)
                  82830640    00000060     app_pe66.oe66 (.text:ti_sysbios_gates_GateMutexPri_construct)
                  828306a0    00000060     app_pe66.oe66 (.text:ti_sysbios_gates_GateMutex_Object__delete__S)
                  82830700    00000060     sysbios.ae66 : BIOS.obj (.text:ti_sysbios_heaps_HeapMem_free__E)
                  82830760    00000060                  : BIOS.obj (.text:ti_sysbios_knl_Clock_Module_startup__E)
                  828307c0    00000060     app_pe66.oe66 (.text:ti_sysbios_knl_Queue_construct)
                  82830820    00000060     app_pe66.oe66 (.text:ti_sysbios_knl_Semaphore_Object__delete__S)
                  82830880    00000060     app_pe66.oe66 (.text:ti_sysbios_knl_Semaphore_construct)
                  828308e0    00000060     sysbios.ae66 : BIOS.obj (.text:ti_sysbios_knl_Swi_Module_startup__E)
                  82830940    00000060                  : BIOS.obj (.text:ti_sysbios_knl_Task_enter__I)
                  828309a0    00000060     app_pe66.oe66 (.text:ti_sysbios_syncs_SyncSem_Object__delete__S)
                  82830a00    00000060     app_pe66.oe66 (.text:ti_sysbios_xdcruntime_GateThreadSupport_Object__delete__S)
                  82830a60    00000060     app_pe66.oe66 (.text:xdc_runtime_LoggerBuf_Object__delete__S)
                  82830ac0    00000060     ti.targets.rts6000.ae66 : LoggerBuf.oe66 (.text:xdc_runtime_LoggerBuf_reset__E)
                  82830b20    00000060                             : Memory.oe66 (.text:xdc_runtime_Memory_valloc__E)
                  82830b80    00000060                             : Text.oe66 (.text:xdc_runtime_Text_cordText__E)
                  82830be0    00000060     app_pe66.oe66 (.text:xdc_runtime_knl_GateThread_Object__delete__S)
                  82830c40    00000040     ipc.ae66 : Ipc.obj (.text:GateMP_Params_init)
                  82830c80    00000040              : Ipc.obj (.text:HeapMemMP_Params_init)
                  82830cc0    00000040              : Ipc.obj (.text:Notify_attach)
                  82830d00    00000040              : Ipc.obj (.text:Notify_sharedMemReq)
                  82830d40    00000040     ti.drv.qmss.ae66 : qmss_drv.oe66 (.text:Qmss_getMemRegDescSizeSubSys)
                  82830d80    00000040                      : qmss_drv.oe66 (.text:Qmss_internalVirtToPhy)
                  82830dc0    00000040                      : qmss_drv.oe66 (.text:Qmss_queueClose)
                  82830e00    00000040                      : qmss_drv.oe66 (.text:Qmss_start)
                  82830e40    00000040     ti.drv.srio.ae66 : listlib.oe66 (.text:Srio_listAdd)
                  82830e80    00000040                      : listlib.oe66 (.text:Srio_listRemove)
                  82830ec0    00000040     rts6600_elf.lib : isinf.c.obj (.text:__c6xabi_isinf)
                  82830f00    00000040                     : _printfi.c.obj (.text:__c6xabi_isnan)
                  82830f40    00000040                     : strasg.asm.obj (.text:__strasgi_64plus)
                  82830f80    00000040                     : args_main.c.obj (.text:_args_main)
                  82830fc0    00000040                     : snprintf.c.obj (.text:_outc)
                  82831000    00000040                     : sprintf.c.obj (.text:_outs)
                  82831040    00000040     sysbios.ae66 : c62_TaskSupport_asm.obj (.text:_ti_sysbios_family_c62_TaskSupport_buildTaskStack)
                  82831080    00000040     common.obj (.text)
                  828310c0    00000040     ipc.ae66 : Ipc.obj (.text:ti_sdo_ipc_Ipc_getRegion0ReservedSize__I)
                  82831100    00000040     app_pe66.oe66 (.text:ti_sdo_ipc_gates_GateHWSem_Handle__label__S)
                  82831140    00000040     app_pe66.oe66 (.text:ti_sdo_ipc_gates_GateHWSem_Object__delete__S)
                  82831180    00000040     ipc.ae66 : Ipc.obj (.text:ti_sdo_ipc_gates_GateHWSem_leave__E)
                  828311c0    00000040     app_pe66.oe66 (.text:ti_sdo_ipc_gates_GateMPSupportNull_Handle__label__S)
                  82831200    00000040     app_pe66.oe66 (.text:ti_sdo_ipc_gates_GateMPSupportNull_Object__delete__S)
                  82831240    00000040     app_pe66.oe66 (.text:ti_sdo_ipc_gates_GatePeterson_Handle__label__S)
                  82831280    00000040     ipc.ae66 : Ipc.obj (.text:ti_sdo_ipc_gates_GatePeterson_Instance_finalize__E)
                  828312c0    00000040     app_pe66.oe66 (.text:ti_sdo_ipc_heaps_HeapMemMP_Handle__label__S)
                  82831300    00000040     app_pe66.oe66 (.text:ti_sdo_ipc_nsremote_NameServerRemoteNotify_Handle__label__S)
                  82831340    00000040     ipc.ae66 : Ipc.obj (.text:ti_sdo_ipc_nsremote_NameServerRemoteNotify_swiFxnResponse__I)
                  82831380    00000040              : Ipc.obj (.text:ti_sdo_ipc_transports_TransportShmSetup_sharedMemReq__E)
                  828313c0    00000040     app_pe66.oe66 (.text:ti_sdo_ipc_transports_TransportShm_Handle__label__S)
                  82831400    00000040     ipc.ae66 : Ipc.obj (.text:ti_sdo_utils_List_dequeue__E)
                  82831440    00000040     app_pe66.oe66 (.text:ti_sdo_utils_NameServer_Object__get__S)
                  82831480    00000040     app_pe66.oe66 (.text:ti_sysbios_BIOS_exitFunc__I)
                  828314c0    00000040     app_pe66.oe66 (.text:ti_sysbios_BIOS_rtsLock__I)
                  82831500    00000040     app_pe66.oe66 (.text:ti_sysbios_BIOS_rtsUnlock__I)
                  82831540    00000040     sysbios.ae66 : BIOS.obj (.text:ti_sysbios_family_c64p_Hwi_disableInterrupt__E)
                  82831580    00000040                  : BIOS.obj (.text:ti_sysbios_family_c64p_Hwi_enableInterrupt__E)
                  828315c0    00000040                  : BIOS.obj (.text:ti_sysbios_family_c66_tci66xx_CpIntc_dispatchPlug__E)
                  82831600    00000040     app_pe66.oe66 (.text:ti_sysbios_gates_GateAll_Handle__label__S)
                  82831640    00000040     app_pe66.oe66 (.text:ti_sysbios_gates_GateAll_Object__delete__S)
                  82831680    00000040     app_pe66.oe66 (.text:ti_sysbios_gates_GateHwi_Handle__label__S)
                  828316c0    00000040     app_pe66.oe66 (.text:ti_sysbios_gates_GateHwi_Object__delete__S)
                  82831700    00000040     app_pe66.oe66 (.text:ti_sysbios_gates_GateMutexPri_Handle__label__S)
                  82831740    00000040     sysbios.ae66 : BIOS.obj (.text:ti_sysbios_gates_GateMutexPri_Instance_init__E)
                  82831780    00000040     app_pe66.oe66 (.text:ti_sysbios_gates_GateMutexPri_destruct)
                  828317c0    00000040     app_pe66.oe66 (.text:ti_sysbios_gates_GateMutex_Handle__label__S)
                  82831800    00000040     sysbios.ae66 : BIOS.obj (.text:ti_sysbios_gates_GateMutex_Instance_init__E)
                  82831840    00000040                  : BIOS.obj (.text:ti_sysbios_gates_GateMutex_leave__E)
                  82831880    00000040     app_pe66.oe66 (.text:ti_sysbios_gates_GateSwi_Handle__label__S)
                  828318c0    00000040     app_pe66.oe66 (.text:ti_sysbios_gates_GateSwi_Object__delete__S)
                  82831900    00000040     app_pe66.oe66 (.text:ti_sysbios_heaps_HeapMem_Handle__label__S)
                  82831940    00000040     app_pe66.oe66 (.text:ti_sysbios_heaps_HeapMem_Object__delete__S)
                  82831980    00000040     app_pe66.oe66 (.text:ti_sysbios_heaps_HeapMem_Object__get__S)
                  828319c0    00000040     app_pe66.oe66 (.text:ti_sysbios_knl_Semaphore_destruct)
                  82831a00    00000040     app_pe66.oe66 (.text:ti_sysbios_knl_Swi_Object__get__S)
                  82831a40    00000040     app_pe66.oe66 (.text:ti_sysbios_knl_Swi_destruct)
                  82831a80    00000040     app_pe66.oe66 (.text:ti_sysbios_knl_Task_Object__get__S)
                  82831ac0    00000040     sysbios.ae66 : BIOS.obj (.text:ti_sysbios_knl_Task_sleepTimeout__I)
                  82831b00    00000040     app_pe66.oe66 (.text:ti_sysbios_syncs_SyncSem_Handle__label__S)
                  82831b40    00000040     rts6600_elf.lib : wcslen.c.obj (.text:wcslen)
                  82831b80    00000040     ti.targets.rts6000.ae66 : Error.oe66 (.text:xdc_runtime_Error_check__E)
                  82831bc0    00000040                             : Error.oe66 (.text:xdc_runtime_Error_init__E)
                  82831c00    00000040     app_pe66.oe66 (.text:xdc_runtime_GateNull_Handle__label__S)
                  82831c40    00000040     app_pe66.oe66 (.text:xdc_runtime_GateNull_Object__create__S)
                  82831c80    00000040     app_pe66.oe66 (.text:xdc_runtime_GateNull_Object__delete__S)
                  82831cc0    00000040     app_pe66.oe66 (.text:xdc_runtime_LoggerBuf_Handle__label__S)
                  82831d00    00000040     ti.targets.rts6000.ae66 : LoggerBuf.oe66 (.text:xdc_runtime_LoggerBuf_Instance_finalize__E)
                  82831d40    00000040     app_pe66.oe66 (.text:xdc_runtime_LoggerBuf_Object__get__S)
                  82831d80    00000040     ti.targets.rts6000.ae66 : LoggerBuf.oe66 (.text:xdc_runtime_LoggerBuf_write0__E)
                  82831dc0    00000040                             : LoggerBuf.oe66 (.text:xdc_runtime_LoggerBuf_write1__E)
                  82831e00    00000040                             : LoggerBuf.oe66 (.text:xdc_runtime_LoggerBuf_write2__E)
                  82831e40    00000040                             : Registry.oe66 (.text:xdc_runtime_Registry_findById__E)
                  82831e80    00000040                             : SysMin.oe66 (.text:xdc_runtime_SysMin_Module_startup__E)
                  82831ec0    00000040                             : SysMin.oe66 (.text:xdc_runtime_SysMin_exit__E)
                  82831f00    00000040                             : System.oe66 (.text:xdc_runtime_System_abort__E)
                  82831f40    00000040     app_pe66.oe66 (.text:xdc_runtime_System_aprintf__E)
                  82831f80    00000040     ti.targets.rts6000.ae66 : System.oe66 (.text:xdc_runtime_System_exit__E)
                  82831fc0    00000040     app_pe66.oe66 (.text:xdc_runtime_System_printf__E)
                  82832000    00000040     app_pe66.oe66 (.text:xdc_runtime_knl_GateThread_Handle__label__S)
                  82832040    00000040     ti.targets.rts6000.ae66 : GateThread.oe66 (.text:xdc_runtime_knl_GateThread_Instance_init__E)
                  82832080    00000020     ti.csl.ae66 : csl_srioGetBaseAddress.oe66 (.text:CSL_SRIO_Open)
                  828320a0    00000020     ti.drv.cppi.ae66 : cppi_drv.oe66 (.text:Cppi_getChannelNumber)
                  828320c0    00000020                      : cppi_drv.oe66 (.text:Cppi_getFlowId)
                  828320e0    00000020                      : cppi_desc.oe66 (.text:Cppi_initDescriptor)
                  82832100    00000020                      : cppi_drv.oe66 (.text:Cppi_txChannelOpen)
                  82832120    00000020     ipc.ae66 : Ipc.obj (.text:GateMP_delete)
                  82832140    00000020              : Ipc.obj (.text:GateMP_getDefaultRemote)
                  82832160    00000020              : Ipc.obj (.text:GateMP_getSharedParams$4)
                  82832180    00000020              : Ipc.obj (.text:HeapMemMP_getSharedParams$14)
                  828321a0    00000020              : Ipc.obj (.text:ListMP_Params_init)
                  828321c0    00000020              : Ipc.obj (.text:ListMP_close)
                  828321e0    00000020              : Ipc.obj (.text:ListMP_delete)
                  82832200    00000020              : Ipc.obj (.text:MultiProc_getBaseIdOfCluster)
                  82832220    00000020              : Ipc.obj (.text:MultiProc_self)
                  82832240    00000020              : Ipc.obj (.text:NameServer_addUInt32)
                  82832260    00000020              : Ipc.obj (.text:NameServer_getLocalUInt32)
                  82832280    00000020              : Ipc.obj (.text:NameServer_removeEntry)
                  828322a0    00000020              : Ipc.obj (.text:Notify_numIntLines)
                  828322c0    00000020     ti.drv.qmss.ae66 : qmss_drv.oe66 (.text:Qmss_getQueueHandle)
                  828322e0    00000020                      : qmss_drv.oe66 (.text:Qmss_getQueueNumber)
                  82832300    00000020                      : qmss_drv.oe66 (.text:Qmss_init)
                  82832320    00000020                      : qmss_drv.oe66 (.text:Qmss_insertMemoryRegion)
                  82832340    00000020     ipc.ae66 : Ipc.obj (.text:SharedRegion_invalidSRPtr)
                  82832360    00000020     ti.drv.srio.ae66 : srio_drv.oe66 (.text:Srio_init:Srio_init)
                  82832380    00000020                      : listlib.oe66 (.text:Srio_listGetHead)
                  828323a0    00000020                      : listlib.oe66 (.text:Srio_listGetNext)
                  828323c0    00000020     app_pe66.oe66 (.text:_GateMP_virtToPhys)
                  828323e0    00000020     rts6600_elf.lib : errno.c.obj (.text:__c6xabi_errno_addr)
                  82832400    00000020                     : push.asm.obj (.text:__pop_rts)
                  82832420    00000020                     : push.asm.obj (.text:__push_rts)
                  82832440    00000020                     : _lock.c.obj (.text:_nop)
                  82832460    00000020                     : sprintf.c.obj (.text:_outc)
                  82832480    00000020                     : _lock.c.obj (.text:_register_lock)
                  828324a0    00000020                     : _data_synch.c.obj (.text:_register_synch_api)
                  828324c0    00000020                     : _lock.c.obj (.text:_register_unlock)
                  828324e0    00000020                     : signbit.c.obj (.text:_signbit)
                  82832500    00000020     sysbios.ae66 : c62_TaskSupport_asm.obj (.text:_ti_sysbios_family_c62_TaskSupport_glue)
                  82832520    00000020     rts6600_elf.lib : exit.c.obj (.text:abort)
                  82832540    00000020                     : s_copysign.c.obj (.text:copysign)
                  82832560    00000020     ti.drv.cppi.ae66 : cppi_listlib.oe66 (.text:cppi_list_get_head)
                  82832580    00000020                      : cppi_listlib.oe66 (.text:cppi_list_get_next)
                  828325a0    00000020     ti.csl.ae66 : csl_tsc.oe66 (.text:cslsys_section:tsc)
                  828325c0    00000020     rts6600_elf.lib : copy_decompress_none.c.obj (.text:decompress:none:__TI_decompress_none)
                  828325e0    00000020                     : copy_decompress_rle.c.obj (.text:decompress:rle24:__TI_decompress_rle24)
                  82832600    00000020     app_pe66.oe66 (.text:ti_sdo_ipc_GateMP_Params__init__S)
                  82832620    00000020     app_pe66.oe66 (.text:ti_sdo_ipc_GateMP_RemoteCustom1Proxy_Proxy__abstract__S)
                  82832640    00000020     app_pe66.oe66 (.text:ti_sdo_ipc_GateMP_RemoteCustom1Proxy_Proxy__delegate__S)
                  82832660    00000020     app_pe66.oe66 (.text:ti_sdo_ipc_GateMP_RemoteCustom1Proxy_create)
                  82832680    00000020     app_pe66.oe66 (.text:ti_sdo_ipc_GateMP_RemoteCustom1Proxy_delete)
                  828326a0    00000020     app_pe66.oe66 (.text:ti_sdo_ipc_GateMP_RemoteCustom2Proxy_Proxy__abstract__S)
                  828326c0    00000020     app_pe66.oe66 (.text:ti_sdo_ipc_GateMP_RemoteCustom2Proxy_Proxy__delegate__S)
                  828326e0    00000020     app_pe66.oe66 (.text:ti_sdo_ipc_GateMP_RemoteCustom2Proxy_create)
                  82832700    00000020     app_pe66.oe66 (.text:ti_sdo_ipc_GateMP_RemoteCustom2Proxy_delete)
                  82832720    00000020     app_pe66.oe66 (.text:ti_sdo_ipc_GateMP_RemoteSystemProxy_Proxy__abstract__S)
                  82832740    00000020     app_pe66.oe66 (.text:ti_sdo_ipc_GateMP_RemoteSystemProxy_Proxy__delegate__S)
                  82832760    00000020     app_pe66.oe66 (.text:ti_sdo_ipc_GateMP_RemoteSystemProxy_create)
                  82832780    00000020     app_pe66.oe66 (.text:ti_sdo_ipc_GateMP_RemoteSystemProxy_delete)
                  828327a0    00000020     app_pe66.oe66 (.text:ti_sdo_ipc_GateMP_delete)
                  828327c0    00000020     ipc.ae66 : Ipc.obj (.text:ti_sdo_ipc_GateMP_getSharedAddr__F)
                  828327e0    00000020              : Ipc.obj (.text:ti_sdo_ipc_GateMP_setDefaultRemote__F)
                  82832800    00000020     app_pe66.oe66 (.text:ti_sdo_ipc_ListMP_Params__init__S)
                  82832820    00000020     app_pe66.oe66 (.text:ti_sdo_ipc_ListMP_delete)
                  82832840    00000020     app_pe66.oe66 (.text:ti_sdo_ipc_MessageQ_Object__get__S)
                  82832860    00000020     app_pe66.oe66 (.text:ti_sdo_ipc_MessageQ_Params__init__S)
                  82832880    00000020     app_pe66.oe66 (.text:ti_sdo_ipc_Notify_Module_GateProxy_enter__E)
                  828328a0    00000020     app_pe66.oe66 (.text:ti_sdo_ipc_Notify_Module_GateProxy_leave__E)
                  828328c0    00000020     app_pe66.oe66 (.text:ti_sdo_ipc_gates_GateHWSem_Params__init__S)
                  828328e0    00000020     ipc.ae66 : Ipc.obj (.text:ti_sdo_ipc_gates_GateHWSem_getReservedMask__E)
                  82832900    00000020              : Ipc.obj (.text:ti_sdo_ipc_gates_GateHWSem_query__E)
                  82832920    00000020              : Ipc.obj (.text:ti_sdo_ipc_gates_GateHWSem_sharedMemReq__E)
                  82832940    00000020              : Ipc.obj (.text:ti_sdo_ipc_gates_GateMPSupportNull_Instance_init__E)
                  82832960    00000020     app_pe66.oe66 (.text:ti_sdo_ipc_gates_GateMPSupportNull_Params__init__S)
                  82832980    00000020     ipc.ae66 : Ipc.obj (.text:ti_sdo_ipc_gates_GateMPSupportNull_getReservedMask__E)
                  828329a0    00000020              : Ipc.obj (.text:ti_sdo_ipc_gates_GateMPSupportNull_query__E)
                  828329c0    00000020              : Ipc.obj (.text:ti_sdo_ipc_gates_GateMPSupportNull_sharedMemReq__E)
                  828329e0    00000020     app_pe66.oe66 (.text:ti_sdo_ipc_gates_GatePeterson_Params__init__S)
                  82832a00    00000020     ipc.ae66 : Ipc.obj (.text:ti_sdo_ipc_gates_GatePeterson_getReservedMask__E)
                  82832a20    00000020              : Ipc.obj (.text:ti_sdo_ipc_gates_GatePeterson_query__E)
                  82832a40    00000020     app_pe66.oe66 (.text:ti_sdo_ipc_heaps_HeapMemMP_Params__init__S)
                  82832a60    00000020     ipc.ae66 : Ipc.obj (.text:ti_sdo_ipc_heaps_HeapMemMP_isBlocking__E)
                  82832a80    00000020              : Ipc.obj (.text:ti_sdo_ipc_notifyDrivers_NotifySetupNull_attach__E)
                  82832aa0    00000020              : Ipc.obj (.text:ti_sdo_ipc_notifyDrivers_NotifySetupNull_numIntLines__E)
                  82832ac0    00000020              : Ipc.obj (.text:ti_sdo_ipc_notifyDrivers_NotifySetupNull_sharedMemReq__E)
                  82832ae0    00000020     app_pe66.oe66 (.text:ti_sdo_ipc_nsremote_NameServerRemoteNotify_Object__first__S)
                  82832b00    00000020     app_pe66.oe66 (.text:ti_sdo_ipc_nsremote_NameServerRemoteNotify_Object__next__S)
                  82832b20    00000020     app_pe66.oe66 (.text:ti_sdo_ipc_nsremote_NameServerRemoteNotify_Params__init__S)
                  82832b40    00000020     app_pe66.oe66 (.text:ti_sdo_ipc_nsremote_NameServerRemoteNotify_delete)
                  82832b60    00000020     ipc.ae66 : Ipc.obj (.text:ti_sdo_ipc_nsremote_NameServerRemoteNotify_sharedMemReq__E)
                  82832b80    00000020              : Ipc.obj (.text:ti_sdo_ipc_transports_TransportShmSetup_isRegistered__E)
                  82832ba0    00000020     app_pe66.oe66 (.text:ti_sdo_ipc_transports_TransportShm_Params__init__S)
                  82832bc0    00000020     ipc.ae66 : Ipc.obj (.text:ti_sdo_ipc_transports_TransportShm_control__E)
                  82832be0    00000020              : Ipc.obj (.text:ti_sdo_ipc_transports_TransportShm_getStatus__E)
                  82832c00    00000020              : Ipc.obj (.text:ti_sdo_ipc_transports_TransportShm_notifyFxn__I)
                  82832c20    00000020              : Ipc.obj (.text:ti_sdo_ipc_transports_TransportShm_setErrFxn__E)
                  82832c40    00000020              : Ipc.obj (.text:ti_sdo_utils_List_Instance_init__E)
                  82832c60    00000020     app_pe66.oe66 (.text:ti_sdo_utils_List_Object__get__S)
                  82832c80    00000020     app_pe66.oe66 (.text:ti_sdo_utils_List_destruct)
                  82832ca0    00000020     ipc.ae66 : Ipc.obj (.text:ti_sdo_utils_List_enqueueHead__E)
                  82832cc0    00000020              : Ipc.obj (.text:ti_sdo_utils_List_enqueue__E)
                  82832ce0    00000020              : Ipc.obj (.text:ti_sdo_utils_List_get__E)
                  82832d00    00000020              : Ipc.obj (.text:ti_sdo_utils_List_next__E)
                  82832d20    00000020              : Ipc.obj (.text:ti_sdo_utils_List_putHead__E)
                  82832d40    00000020              : Ipc.obj (.text:ti_sdo_utils_List_put__E)
                  82832d60    00000020              : Ipc.obj (.text:ti_sdo_utils_List_remove__E)
                  82832d80    00000020              : Ipc.obj (.text:ti_sdo_utils_MultiProc_getClusterId__F)
                  82832da0    00000020     app_pe66.oe66 (.text:ti_sdo_utils_NameServer_Module__startupDone__F)
                  82832dc0    00000020     app_pe66.oe66 (.text:ti_sdo_utils_NameServer_Object__first__S)
                  82832de0    00000020     app_pe66.oe66 (.text:ti_sdo_utils_NameServer_Object__next__S)
                  82832e00    00000020     app_pe66.oe66 (.text:ti_sysbios_BIOS_RtsGateProxy_enter__E)
                  82832e20    00000020     app_pe66.oe66 (.text:ti_sysbios_BIOS_RtsGateProxy_leave__E)
                  82832e40    00000020     sysbios.ae66 : BIOS.obj (.text:ti_sysbios_BIOS_exit__E)
                  82832e60    00000020                  : BIOS.obj (.text:ti_sysbios_BIOS_linkedWithIncorrectBootLibrary__E)
                  82832e80    00000020     app_pe66.oe66 (.text:ti_sysbios_BIOS_nullFunc__I)
                  82832ea0    00000020     sysbios.ae66 : BIOS.obj (.text:ti_sysbios_BIOS_setThreadType__E)
                  82832ec0    00000020                  : BIOS.obj (.text:ti_sysbios_BIOS_start__E)
                  82832ee0    00000020     app_pe66.oe66 (.text:ti_sysbios_family_c62_TaskSupport_Module__startupDone__S)
                  82832f00    00000020     sysbios.ae66 : BIOS.obj (.text:ti_sysbios_family_c62_TaskSupport_checkStack__E)
                  82832f20    00000020                  : BIOS.obj (.text:ti_sysbios_family_c62_TaskSupport_getStackAlignment__E)
                  82832f40    00000020     app_pe66.oe66 (.text:ti_sysbios_family_c64p_Hwi_Module__startupDone__F)
                  82832f60    00000020     sysbios.ae66 : BIOS.obj (.text:ti_sysbios_family_c64p_Hwi_clearInterrupt__E)
                  82832f80    00000020                  : BIOS.obj (.text:ti_sysbios_family_c64p_Hwi_startup__E)
                  82832fa0    00000020                  : BIOS.obj (.text:ti_sysbios_family_c64p_Hwi_switchFromBootStack__E)
                  82832fc0    00000020                  : BIOS.obj (.text:ti_sysbios_family_c64p_TimestampProvider_Module_startup__E)
                  82832fe0    00000020                  : BIOS.obj (.text:ti_sysbios_family_c64p_TimestampProvider_get64__E)
                  82833000    00000020                  : BIOS.obj (.text:ti_sysbios_family_c64p_tci6488_TimerSupport_enable__E)
                  82833020    00000020                  : BIOS.obj (.text:ti_sysbios_family_c66_Cache_RTSSynchInv__I)
                  82833040    00000020                  : BIOS.obj (.text:ti_sysbios_family_c66_Cache_RTSSynchWbInv__I)
                  82833060    00000020                  : BIOS.obj (.text:ti_sysbios_family_c66_Cache_RTSSynchWb__I)
                  82833080    00000020                  : BIOS.obj (.text:ti_sysbios_family_c66_Cache_inv__E)
                  828330a0    00000020                  : BIOS.obj (.text:ti_sysbios_family_c66_Cache_wait__E)
                  828330c0    00000020                  : BIOS.obj (.text:ti_sysbios_family_c66_Cache_wbInv__E)
                  828330e0    00000020                  : BIOS.obj (.text:ti_sysbios_family_c66_tci66xx_CpIntc_enableHostInt__E)
                  82833100    00000020                  : BIOS.obj (.text:ti_sysbios_gates_GateAll_Instance_init__E)
                  82833120    00000020                  : BIOS.obj (.text:ti_sysbios_gates_GateAll_query__E)
                  82833140    00000020                  : BIOS.obj (.text:ti_sysbios_gates_GateHwi_Instance_init__E)
                  82833160    00000020                  : BIOS.obj (.text:ti_sysbios_gates_GateHwi_enter__E)
                  82833180    00000020                  : BIOS.obj (.text:ti_sysbios_gates_GateHwi_leave__E)
                  828331a0    00000020                  : BIOS.obj (.text:ti_sysbios_gates_GateHwi_query__E)
                  828331c0    00000020                  : BIOS.obj (.text:ti_sysbios_gates_GateMutexPri_Instance_finalize__E)
                  828331e0    00000020                  : BIOS.obj (.text:ti_sysbios_gates_GateMutexPri_query__E)
                  82833200    00000020                  : BIOS.obj (.text:ti_sysbios_gates_GateMutex_Instance_finalize__E)
                  82833220    00000020                  : BIOS.obj (.text:ti_sysbios_gates_GateMutex_query__E)
                  82833240    00000020                  : BIOS.obj (.text:ti_sysbios_gates_GateSwi_Instance_init__E)
                  82833260    00000020                  : BIOS.obj (.text:ti_sysbios_gates_GateSwi_query__E)
                  82833280    00000020                  : BIOS.obj (.text:ti_sysbios_hal_Hwi_Module_startup__E)
                  828332a0    00000020     app_pe66.oe66 (.text:ti_sysbios_heaps_HeapMem_Module_GateProxy_enter__E)
                  828332c0    00000020     app_pe66.oe66 (.text:ti_sysbios_heaps_HeapMem_Module_GateProxy_leave__E)
                  828332e0    00000020     sysbios.ae66 : BIOS.obj (.text:ti_sysbios_heaps_HeapMem_isBlocking__E)
                  82833300    00000020     app_pe66.oe66 (.text:ti_sysbios_knl_Clock_TimerProxy_getMaxTicks__E)
                  82833320    00000020     sysbios.ae66 : BIOS.obj (.text:ti_sysbios_knl_Idle_loop__E)
                  82833340    00000020                  : BIOS.obj (.text:ti_sysbios_knl_Queue_Instance_init__E)
                  82833360    00000020     app_pe66.oe66 (.text:ti_sysbios_knl_Queue_Object__get__S)
                  82833380    00000020     app_pe66.oe66 (.text:ti_sysbios_knl_Queue_destruct)
                  828333a0    00000020     sysbios.ae66 : BIOS.obj (.text:ti_sysbios_knl_Queue_empty__E)
                  828333c0    00000020                  : BIOS.obj (.text:ti_sysbios_knl_Semaphore_Instance_finalize__E)
                  828333e0    00000020     app_pe66.oe66 (.text:ti_sysbios_knl_Semaphore_Params__init__S)
                  82833400    00000020     app_pe66.oe66 (.text:ti_sysbios_knl_Semaphore_delete)
                  82833420    00000020     app_pe66.oe66 (.text:ti_sysbios_knl_Swi_Params__init__S)
                  82833440    00000020     sysbios.ae66 : BIOS.obj (.text:ti_sysbios_knl_Swi_disable__E)
                  82833460    00000020                  : BIOS.obj (.text:ti_sysbios_knl_Task_disable__E)
                  82833480    00000020                  : BIOS.obj (.text:ti_sysbios_knl_Task_startup__E)
                  828334a0    00000020                  : BIOS.obj (.text:ti_sysbios_syncs_SyncSem_Instance_finalize__E)
                  828334c0    00000020     app_pe66.oe66 (.text:ti_sysbios_syncs_SyncSem_delete)
                  828334e0    00000020     sysbios.ae66 : BIOS.obj (.text:ti_sysbios_syncs_SyncSem_query__E)
                  82833500    00000020                  : BIOS.obj (.text:ti_sysbios_syncs_SyncSem_signal__E)
                  82833520    00000020     app_pe66.oe66 (.text:ti_sysbios_timers_timer64_Timer_Module__startupDone__F)
                  82833540    00000020     sysbios.ae66 : BIOS.obj (.text:ti_sysbios_timers_timer64_Timer_getMaxTicks__E)
                  82833560    00000020                  : BIOS.obj (.text:ti_sysbios_xdcruntime_GateThreadSupport_Instance_finalize__E)
                  82833580    00000020                  : BIOS.obj (.text:ti_sysbios_xdcruntime_GateThreadSupport_Instance_init__E)
                  828335a0    00000020                  : BIOS.obj (.text:ti_sysbios_xdcruntime_GateThreadSupport_enter__E)
                  828335c0    00000020     ti.targets.rts6000.ae66 : Error.oe66 (.text:xdc_runtime_Error_getSite__E)
                  828335e0    00000020                             : Error.oe66 (.text:xdc_runtime_Error_raiseX__E)
                  82833600    00000020                             : GateNull.oe66 (.text:xdc_runtime_GateNull_enter__E)
                  82833620    00000020                             : GateNull.oe66 (.text:xdc_runtime_GateNull_leave__E)
                  82833640    00000020                             : GateNull.oe66 (.text:xdc_runtime_GateNull_query__E)
                  82833660    00000020                             : Gate.oe66 (.text:xdc_runtime_Gate_enterSystem__E)
                  82833680    00000020                             : Gate.oe66 (.text:xdc_runtime_Gate_leaveSystem__E)
                  828336a0    00000020     app_pe66.oe66 (.text:xdc_runtime_IHeap_alloc)
                  828336c0    00000020     app_pe66.oe66 (.text:xdc_runtime_IHeap_free)
                  828336e0    00000020     app_pe66.oe66 (.text:xdc_runtime_LoggerBuf_Module_GateProxy_enter__E)
                  82833700    00000020     app_pe66.oe66 (.text:xdc_runtime_LoggerBuf_Module_GateProxy_leave__E)
                  82833720    00000020     ti.targets.rts6000.ae66 : LoggerBuf.oe66 (.text:xdc_runtime_LoggerBuf_disable__E)
                  82833740    00000020                             : LoggerBuf.oe66 (.text:xdc_runtime_LoggerBuf_enable__E)
                  82833760    00000020                             : Memory.oe66 (.text:xdc_runtime_Memory_calloc__E)
                  82833780    00000020                             : Memory.oe66 (.text:xdc_runtime_Memory_free__E)
                  828337a0    00000020                             : Memory.oe66 (.text:xdc_runtime_Memory_getMaxDefaultTypeAlign__E)
                  828337c0    00000020     app_pe66.oe66 (.text:xdc_runtime_Startup_Module__startupDone__S)
                  828337e0    00000020     app_pe66.oe66 (.text:xdc_runtime_Startup_exec__I)
                  82833800    00000020     ti.targets.rts6000.ae66 : Startup.oe66 (.text:xdc_runtime_Startup_rtsDone__E)
                  82833820    00000020                             : SysMin.oe66 (.text:xdc_runtime_SysMin_ready__E)
                  82833840    00000020     app_pe66.oe66 (.text:xdc_runtime_System_Module_GateProxy_enter__E)
                  82833860    00000020     app_pe66.oe66 (.text:xdc_runtime_System_Module_GateProxy_leave__E)
                  82833880    00000020     ti.targets.rts6000.ae66 : System.oe66 (.text:xdc_runtime_System_Module_startup__E)
                  828338a0    00000020                             : System.oe66 (.text:xdc_runtime_System_vsnprintf__E)
                  828338c0    00000020                             : Text.oe66 (.text:xdc_runtime_Text_ropeText__E)
                  828338e0    00000020     app_pe66.oe66 (.text:xdc_runtime_Text_visitRope__I)
                  82833900    00000020     ti.targets.rts6000.ae66 : GateThread.oe66 (.text:xdc_runtime_knl_GateThread_Instance_finalize__E)
                  82833920    00000020     app_pe66.oe66 (.text:xdc_runtime_knl_GateThread_Module__startupDone__S)
                  82833940    00000020     app_pe66.oe66 (.text:xdc_runtime_knl_GateThread_Proxy_create)
                  82833960    00000020     app_pe66.oe66 (.text:xdc_runtime_knl_GateThread_Proxy_delete)
                  82833980    00000020     app_pe66.oe66 (.text:xdc_runtime_knl_GateThread_Proxy_enter__E)
                  828339a0    00000020     app_pe66.oe66 (.text:xdc_runtime_knl_GateThread_Proxy_leave__E)
                  828339c0    00000020     ti.targets.rts6000.ae66 : GateThread.oe66 (.text:xdc_runtime_knl_GateThread_enter__E)
                  828339e0    00000020                             : GateThread.oe66 (.text:xdc_runtime_knl_GateThread_leave__E)

.far       0    82833a00    000112c2     UNINITIALIZED
                  82833a00    0000c800     (.common:ti_sysbios_heaps_HeapMem_Instance_State_0_buf__A)
                  82840200    00004000     app_pe66.oe66 (.far:taskStackSection)
                  82844200    000005a8     ti.drv.qmss.ae66 : qmss_drv.oe66 (.far:local:uninit)
                  828447a8    00000200     (.common:xdc_runtime_LoggerBuf_Instance_State_0_entryArr__A)
                  828449a8    00000200     (.common:xdc_runtime_SysMin_Module_State_0_outbuf__A)
                  82844ba8    000000f0     (.common:gDataBufferMemMgr)
                  82844c98    0000001c     (.common:rxQueHnd)
                  82844cb4    00000004     --HOLE--
[...]
8284a72c  xdc_runtime_Startup_sfxnTab__C                                            
8284a730  xdc_runtime_SysMin_bufSize__C                                             
8284a734  xdc_runtime_SysMin_outputFunc__C                                          
8284a738  xdc_runtime_System_Module__gateObj__C                                     
8284a73c  xdc_runtime_System_abortFxn__C                                            
8284a740  xdc_runtime_System_exitFxn__C                                             
8284a744  xdc_runtime_System_extendFxn__C                                           
8284a748  xdc_runtime_System_maxAtexitHandlers__C                                   
8284a74c  xdc_runtime_Text_charTab__C                                               
8284a750  xdc_runtime_Text_nameEmpty__C                                             
8284a754  xdc_runtime_Text_nameStatic__C                                            
8284a758  xdc_runtime_Text_nameUnknown__C                                           
8284a75c  xdc_runtime_Text_nodeTab__C                                               
8284a760  xdc_runtime_Text_visitRopeFxn__C                                          
8284a764  xdc_runtime_knl_ISync_Interface__BASE__C                                  
8284a768  ti_sdo_ipc_SharedRegion_numEntries__C                                     
8284a76a  ti_sdo_ipc_SharedRegion_translate__C                                      
8284a76c  ti_sdo_ipc_gates_GateHWSem_Module__id__C                                  
8284a76e  ti_sdo_ipc_gates_GateMPSupportNull_Module__id__C                          
8284a770  ti_sdo_ipc_gates_GatePeterson_Module__id__C                               
8284a772  ti_sdo_ipc_heaps_HeapMemMP_Module__id__C                                  
8284a774  ti_sdo_ipc_nsremote_NameServerRemoteNotify_Module__id__C                  
8284a776  ti_sdo_ipc_transports_TransportShm_Module__id__C                          
8284a778  ti_sdo_ipc_transports_TransportShm_notifyEventId__C                       
8284a77a  ti_sdo_utils_MultiProc_numProcessors__C                                   
8284a77c  ti_sdo_utils_MultiProc_numProcsInCluster__C                               
8284a77e  ti_sdo_utils_NameServer_Module__id__C                                     
8284a780  ti_sysbios_family_c64p_EventCombiner_Module__id__C                        
8284a782  ti_sysbios_family_c64p_Exception_Module__id__C                            
8284a784  ti_sysbios_family_c64p_Exception_useInternalBuffer__C                     
8284a786  ti_sysbios_family_c64p_Hwi_Module__id__C                                  
8284a788  ti_sysbios_family_c64p_Hwi_Module__loggerDefined__C                       
8284a78a  ti_sysbios_family_c66_Cache_Module__id__C                                 
8284a78c  ti_sysbios_family_c66_Cache_registerRTSSynch__C                           
8284a78e  ti_sysbios_family_c66_tci66xx_CpIntc_Module__id__C                        
8284a790  ti_sysbios_gates_GateMutexPri_Module__id__C                               
8284a792  ti_sysbios_gates_GateMutex_Module__id__C                                  
8284a794  ti_sysbios_gates_GateSwi_Module__id__C                                    
8284a796  ti_sysbios_hal_Hwi_Module__id__C                                          
8284a798  ti_sysbios_heaps_HeapMem_Module__id__C                                    
8284a79a  ti_sysbios_knl_Clock_Module__id__C                                        
8284a79c  ti_sysbios_knl_Clock_Module__loggerDefined__C                             
8284a79e  ti_sysbios_knl_Semaphore_Module__id__C                                    
8284a7a0  ti_sysbios_knl_Semaphore_Module__loggerDefined__C                         
8284a7a2  ti_sysbios_knl_Swi_Module__id__C                                          
8284a7a4  ti_sysbios_knl_Swi_Module__loggerDefined__C                               
8284a7a6  ti_sysbios_knl_Task_Module__id__C                                         
8284a7a8  ti_sysbios_knl_Task_Module__loggerDefined__C                              
8284a7aa  ti_sysbios_syncs_SyncSem_Module__id__C                                    
8284a7ac  ti_sysbios_timers_timer64_Timer_Module__id__C                             
8284a7ae  ti_sysbios_timers_timer64_Timer_startupNeeded__C                          
8284a7b0  ti_sysbios_timers_timer64_Timer_useTimer64pRegMap__C                      
8284a7b2  xdc_runtime_Core_Module__id__C                                            
8284a7b4  xdc_runtime_Error_Module__loggerDefined__C                                
8284a7b6  xdc_runtime_Error_maxDepth__C                                             
8284a7b8  xdc_runtime_LoggerBuf_Module__id__C                                       
8284a7ba  xdc_runtime_LoggerBuf_filterByLevel__C                                    
8284a7bc  xdc_runtime_Memory_Module__id__C                                          
8284a7be  xdc_runtime_SysMin_flushAtExit__C                                         
8284a7c0  xdc_runtime_Text_charCnt__C                                               
8284a7c2  xdc_runtime_Text_isLoaded__C                                              
8284a7c4  xdc_runtime_Text_registryModsLastId__C                                    
8284a7c6  xdc_runtime_Text_unnamedModsLastId__C                                     
8284a7c8  data                                                                      
8284c7c8  cppiGblCPDMACfgParams                                                     
8284d1a0  ti_sdo_ipc_GateMP_Module_State_0_remoteCustom1Gates__A                    
8284d9a0  ti_sysbios_family_c66_tci66xx_CpIntc_Module_State_0_dispatchTab__A        
8284dea0  ti_sysbios_family_c64p_EventCombiner_Module__state__V                     
8284e2a0  qmssGblCfgParams                                                          
8284e570  GlobalQmGroup0                                                            
8284e6fc  _lock                                                                     
8284e700  ti_sysbios_timers_timer64_Timer_Module_State_0_device__A                  
8284e880  ti_sdo_utils_NameServer_Object__table__V                                  
8284e970  ti_sysbios_family_c66_tci66xx_CpIntc_Module_State_0_hostIntToSysInt__A    
8284ea08  ti_sdo_ipc_SharedRegion_Module_State_0_regions__A                         
8284ea98  ti_sdo_ipc_GateMP_Module_State_0_remoteSystemGates__A                     
8284eb18  ti_sysbios_knl_Swi_Module_State_0_readyQ__A                               
8284eb98  ti_sysbios_knl_Task_Module_State_0_readyQ__A                              
8284ec18  ti_sysbios_timers_timer64_Timer_Module_State_0_gctrl__A                   
8284ec98  ti_sysbios_timers_timer64_Timer_Module_State_0_handles__A                 
8284ed18  ti_sysbios_timers_timer64_Timer_Module_State_0_intFreqs__A                
8284ed98  ti_sysbios_family_c64p_Hwi_Module__state__V                               
8284ee04  ti_sdo_ipc_MessageQ_Module__state__V                                      
8284ee6c  _unlock                                                                   
8284ee70  ti_sysbios_knl_Task_Object__table__V                                      
8284eecc  ti_sdo_ipc_GateMP_Module__state__V                                        
8284ef1c  __errno                                                                   
8284ef1c  errno                                                                     
8284ef20  ti_sysbios_timers_timer64_Timer_Object__table__V                          
8284ef70  ti_sysbios_knl_Task_Module__state__V                                      
8284efb8  ti_sysbios_gates_GateMutex_Object__table__V                               
8284eff8  ti_sysbios_family_c64p_Exception_Module__state__V                         
8284f028  ti_sysbios_knl_Swi_Object__table__V                                       
8284f058  ti_sysbios_knl_Clock_Module__state__V                                     
8284f084  ti_sysbios_BIOS_Module__state__V                                          
8284f0a8  xdc_runtime_LoggerBuf_Object__table__V                                    
8284f0cc  ti_sdo_ipc_ListMP_Module__state__V                                        
8284f0d0  Qmss_highEoiVector                                                        
8284f0f0  ti_sdo_ipc_MessageQ_Module_State_0_heaps__A                               
8284f110  xdc_runtime_Error_IgnoreBlock                                             
8284f130  ti_sysbios_knl_Swi_Module__state__V                                       
8284f14c  ti_sdo_ipc_SharedRegion_Module__state__V                                  
8284f150  ti_sysbios_family_c64p_Hwi_Object__table__V                               
8284f168  ti_sysbios_gates_GateMutexPri_Object__table__V                            
8284f180  ti_sysbios_heaps_HeapMem_Object__table__V                                 
8284f198  ti_sysbios_timers_timer64_Timer_Module__state__V                          
8284f1b0  cppiGblCfgParams                                                          
8284f1c4  cppiLObj                                                                  
8284f1d8  ti_sdo_ipc_Ipc_Module_State_0_procEntry__A                                
8284f1ec  ti_sdo_ipc_heaps_HeapMemMP_Module__state__V                               
8284f1f0  ti_sysbios_family_c66_tci66xx_CpIntc_Module_State_0_initSIER__A           
8284f204  ti_sdo_ipc_transports_TransportShmSetup_Module__state__V                  
8284f208  Qmss_lowEoiVector                                                         
8284f218  ti_sysbios_family_c66_tci66xx_CpIntc_Module_State_0_controller__A         
8284f228  ti_sysbios_family_c66_tci66xx_CpIntc_Module__state__V                     
8284f238  ti_sysbios_gates_GateAll_Object__table__V                                 
8284f248  xdc_runtime_System_Module_State_0_atexitHandlers__A                       
8284f258  __TI_cleanup_ptr                                                          
8284f25c  __TI_dtors_ptr                                                            
8284f260  __TI_enable_exit_profile_output                                           
8284f264  ti_sdo_ipc_Ipc_Module__state__V                                           
8284f270  ti_sdo_utils_NameServer_Module__state__V                                  
8284f27c  xdc_runtime_Memory_Module__state__V                                       
8284f280  ti_sysbios_gates_GateSwi_Object__table__V                                 
8284f28c  xdc_runtime_SysMin_Module__state__V                                       
8284f298  ti_sdo_ipc_GateMP_Module__root__V                                         
8284f2a0  ti_sdo_ipc_ListMP_Module__root__V                                         
8284f2a8  ti_sdo_ipc_MessageQ_Module_State_0_transports__A                          
8284f2b0  ti_sdo_ipc_MessageQ_Module__root__V                                       
8284f2b8  ti_sdo_ipc_Notify_Module__root__V                                         
8284f2c0  ti_sdo_ipc_Notify_Module__state__V                                        
8284f2c8  ti_sdo_ipc_gates_GateHWSem_Module__root__V                                
8284f2d0  ti_sdo_ipc_gates_GateMPSupportNull_Module__root__V                        
8284f2d8  ti_sdo_ipc_gates_GatePeterson_Module__root__V                             
8284f2e0  ti_sdo_ipc_heaps_HeapMemMP_Module__root__V                                
8284f2e8  ti_sdo_ipc_nsremote_NameServerRemoteNotify_Module__root__V                
8284f2f0  ti_sdo_ipc_transports_TransportShm_Module__root__V                        
8284f2f8  ti_sdo_utils_List_Module__root__V                                         
8284f300  ti_sdo_utils_MultiProc_Module__state__V                                   
8284f308  ti_sdo_utils_NameServer_Module__root__V                                   
8284f310  ti_sysbios_gates_GateAll_Module__root__V                                  
8284f318  ti_sysbios_gates_GateHwi_Module__root__V                                  
8284f320  ti_sysbios_gates_GateMutexPri_Module__root__V                             
8284f328  ti_sysbios_gates_GateMutex_Module__root__V                                
8284f330  ti_sysbios_gates_GateSwi_Module__root__V                                  
8284f338  ti_sysbios_hal_Hwi_Object__table__V                                       
8284f340  ti_sysbios_heaps_HeapMem_Module__root__V                                  
8284f348  ti_sysbios_knl_Queue_Module__root__V                                      
8284f350  ti_sysbios_knl_Semaphore_Module__root__V                                  
8284f358  ti_sysbios_knl_Swi_Module__root__V                                        
8284f360  ti_sysbios_knl_Task_Module__root__V                                       
8284f368  ti_sysbios_syncs_SyncSem_Module__root__V                                  
8284f370  ti_sysbios_xdcruntime_GateThreadSupport_Module__root__V                   
8284f378  xdc_runtime_GateNull_Module__root__V                                      
8284f380  xdc_runtime_LoggerBuf_Module__root__V                                     
8284f388  xdc_runtime_Registry_Module__state__V                                     
8284f390  xdc_runtime_Startup_Module__state__V                                      
8284f398  xdc_runtime_System_Module__state__V                                       
8284f3a0  xdc_runtime_knl_GateThread_Module__root__V                                
8284f3a8  xdc_runtime_LoggerBuf_Module__state__V                                    
8284f3ae  xdc_runtime_Error_Module__state__V                                        
8284f3b0  ti_sdo_ipc_Notify_Module_State_0_notifyHandles_0__A                       
8284f3b8  ti_sdo_ipc_Notify_Module_State_0_notifyHandles__A                         
8284f3c0  ti_sdo_ipc_transports_TransportShmSetup_Module_State_0_handles__A         
8284f3c8  ti_sdo_utils_NameServer_Module_State_0_nsRemoteHandle__A                  
8284f3d0  ti_sysbios_gates_GateHwi_Object__table__V                                 
8284f3d8  ti_sysbios_knl_Task_Module_State_0_idleTask__A                            
8284f3e0  xdc_runtime_GateNull_Object__table__V                                     
8284f3e8  Qmss_cdmaEoiVector                                                        
8284f3f0  ti_sdo_utils_MultiProc_Module_State_0_clusterProcList__A                  
8284f400  ti_sysbios_family_c64p_Hwi0                                               
8284f400  ti_sysbios_family_c64p_Hwi_int0                                           
8284f420  ti_sysbios_family_c64p_Hwi_int1                                           
8284f440  ti_sysbios_family_c64p_Hwi_int2                                           
8284f460  ti_sysbios_family_c64p_Hwi_int3                                           
8284f480  ti_sysbios_family_c64p_Hwi_int4                                           
8284f4a0  ti_sysbios_family_c64p_Hwi_int5                                           
8284f4c0  ti_sysbios_family_c64p_Hwi_int6                                           
8284f4e0  ti_sysbios_family_c64p_Hwi_int7                                           
8284f500  ti_sysbios_family_c64p_Hwi_int8                                           
8284f520  ti_sysbios_family_c64p_Hwi_int9                                           
8284f540  ti_sysbios_family_c64p_Hwi_int10                                          
8284f560  ti_sysbios_family_c64p_Hwi_int11                                          
8284f580  ti_sysbios_family_c64p_Hwi_int12                                          
8284f5a0  ti_sysbios_family_c64p_Hwi_int13                                          
8284f5c0  ti_sysbios_family_c64p_Hwi_int14                                          
8284f5e0  ti_sysbios_family_c64p_Hwi_int15                                          
8284f738  __CIOBUF_                                                                 
8284f858  Ipc_sr0MemorySetup                                                        
8284f858  __TI_STATIC_BASE                                                          
8284f85c  cppiHnd                                                                   
8284f860  freeQueHnd                                                                
8284f864  hAppManagedSrioDrv                                                        
8284f868  rxChHnd                                                                   
8284f86c  rx_flowhnd                                                                
8284f870  txChHnd                                                                   
8284f874  txQueHnd                                                                  
8284f878  srio_device_ID1                                                           
8284f87c  srio_device_ID2                                                           
8284f880  srio_device_ID3                                                           
8284f884  srio_work_mode                                                            
8284f888  srio_refClockMhz                                                          
8284f88c  srio_laneSpeedGbps                                                        
8284f890  srio_lanesMode                                                            
8284f894  srio_isBoardToBoard                                                       
8284f898  srio_usePolledMode                                                        
8284f89c  fpga0ControlSocket                                                        
8284f8a0  fpga1ControlSocket                                                        
8284f8a4  qmssMallocCounter                                                         
8284f8a8  qmssFreeCounter                                                           
8284f8ac  cppiMallocCounter                                                         
8284f8b0  cppiFreeCounter                                                           
8284f8b4  rmMallocCounter                                                           
8284f8b8  rmFreeCounter                                                             
8284f8c0  dataLen                                                                   
8284f8c8  TEST_TIME                                                                 
8284f8d0  gDataBufferMemMgrMaxSize                                                  
8284f8d4  malloc_counter                                                            
8284f8d8  free_counter                                                              
8284f8dc  core_name                                                                 
8284f8e0  core_id                                                                   
82851194  __TI_Handler_Table_Base                                                   
8285119c  __TI_Handler_Table_Limit                                                  
828511a0  __TI_CINIT_Base                                                           
828511e8  __TI_CINIT_Limit                                                          
ffffffff  __TI_pprof_out_hndl                                                       
ffffffff  __TI_prof_data_size                                                       
ffffffff  __TI_prof_data_start                                                      
ffffffff  __binit__                                                                 
ffffffff  __c_args__                                                                
ffffffff  binit                                                                     
UNDEFED   __TI_INITARRAY_Base                                                       
UNDEFED   __TI_INITARRAY_Limit                                                      
UNDEFED   __TI_TLS_INIT_Base                                                        
UNDEFED   __TI_TLS_INIT_Limit                                                       

[1514 symbols]
