******************************************************************************
               TMS320C6x Linker PC v8.3.2                      
******************************************************************************
>> Linked Fri Aug  9 16:55:47 2019

OUTPUT FILE NAME:   <5G_Yaffs2.out>
ENTRY POINT SYMBOL: "_c_int00"  address: 828b96c0


MEMORY CONFIGURATION

         name            origin    length      used     unused   attr    fill
----------------------  --------  ---------  --------  --------  ----  --------
  L2SRAM                00800000   00080000  00080000  00000000  RW X
  MSMCSRAM              0c000000   00400000  00000000  00400000  RW X
  SRIO                  80000000   02800800  00000000  02800800  RW X
  DDR                   82800800   017fd800  000c472e  017390d2  RW X
  CORE1DDR              84000000   04000000  00000000  04000000  RW X


SEGMENT ALLOCATION MAP

run origin  load origin   length   init length attrs members
----------  ----------- ---------- ----------- ----- -------
00800000    00800000    00080000   00000000    rw-
  00800000    00800000    00080000   00000000    rw- .stack
82800800    82800800    0008a6ac   00000000    rw-
  82800800    82800800    0008a6ac   00000000    rw- .far
8288aeb0    8288aeb0    00000010   00000010    r--
  8288aeb0    8288aeb0    00000010   00000010    r-- .const.1
8288aec0    8288aec0    00037836   00037836    r-x
  8288aec0    8288aec0    000322a0   000322a0    r-x .text
  828bd160    828bd160    00005596   00005596    r-- .const.2
828c26f8    828c26f8    00001cac   00000000    rw-
  828c26f8    828c26f8    000011a0   00000000    rw- platform_lib
  828c3898    828c3898    00000b0c   00000000    rw- .fardata
828c43a4    828c43a4    00000058   00000058    r--
  828c43a4    828c43a4    00000058   00000058    r-- .switch.1
828c4400    828c4400    00000308   00000308    r-x
  828c4400    828c4400    00000200   00000200    r-x .vecs
  828c4600    828c4600    00000108   00000108    r-- .switch.2
828c4708    828c4708    00000168   00000000    rw-
  828c4708    828c4708    00000120   00000000    rw- .cio
  828c4828    828c4828    00000020   00000000    rw- .bss
  828c4848    828c4848    00000028   00000000    rw- .neardata
828c4870    828c4870    000006c8   000006c8    r--
  828c4870    828c4870    000006c8   000006c8    r-- .cinit


SECTION ALLOCATION MAP

 output                                  attributes/
section   page    origin      length       input sections
--------  ----  ----------  ----------   ----------------
.stack     0    00800000    00080000     UNINITIALIZED
                  00800000    00000008     boot.ae66 : boot.oe66 (.stack)
                  00800008    0007fff8     --HOLE--

.bss       0    828c4828    00000020     UNINITIALIZED
                  828c4828    00000008     yaffs_tagscompat.obj (.bss)
                  828c4830    00000008     yaffsfs.obj (.bss)
                  828c4838    00000004     ti.platform.evm6678l.ae66 : cyhc5g_spi.obj (.bss)
                  828c483c    00000004     yaffs_osglue.obj (.bss)
                  828c4840    00000004     yaffs_verify.obj (.bss)
                  828c4844    00000004     (.common:yaffs_wr_attempts)

.neardata 
*          0    828c4848    00000028     UNINITIALIZED
                  828c4848    00000016     sysbios.ae66 : BIOS.obj (.neardata)
                  828c485e    00000002     --HOLE--
                  828c4860    00000008     ti.platform.evm6678l.ae66 : platform.obj (.neardata)
                  828c4868    00000004                               : cyhc5g_phy.obj (.neardata)
                  828c486c    00000004     yaffsfs.obj (.neardata)

.rodata    0    828c4870    00000000     UNINITIALIZED

.cinit     0    828c4870    000006c8     
                  828c4870    000005d5     (.cinit..fardata.load) [load image, compression = rle]
                  828c4e45    0000009f     (.cinit.platform_lib.load) [load image, compression = rle]
                  828c4ee4    0000000d     (.cinit..far.load) [load image, compression = rle]
                  828c4ef1    0000000d     (.cinit..neardata.load) [load image, compression = rle]
                  828c4efe    00000009     (.cinit..bss.load) [load image, compression = rle]
                  828c4f07    00000001     --HOLE-- [fill = 0]
                  828c4f08    00000008     (__TI_handler_table)
                  828c4f10    00000028     (__TI_cinit_table)

.init_array 
*          0    82800800    00000000     UNINITIALIZED

platform_lib 
*          0    828c26f8    000011a0     UNINITIALIZED
                  828c26f8    00000858     ti.platform.evm6678l.ae66 : platform.obj (platform_lib:uninit)
                  828c2f50    00000840                               : cyhc5g_nand.obj (platform_lib)
                  828c3790    00000108                               : platform.obj (platform_lib:init)

.vecs      0    828c4400    00000200     
                  828c4400    00000200     app_pe66.oe66 (.vecs)

xdc.meta   0    82800800    000000e0     COPY SECTION
                  82800800    000000e0     app_pe66.oe66 (xdc.meta)

.far       0    82800800    0008a6ac     UNINITIALIZED
                  82800800    00080000     (.common:ti_sysbios_heaps_HeapMem_Instance_State_0_buf__A)
                  82880800    00005000     app_pe66.oe66 (.far:taskStackSection)
                  82885800    00002b20     yaffsfs.obj (.far:yaffsfs_dsc)
                  82888320    00002000     (.common:xdc_runtime_SysMin_Module_State_0_outbuf__A)
                  8288a320    00000320     yaffsfs.obj (.far:yaffsfs_fd)
                  8288a640    00000320     yaffsfs.obj (.far:yaffsfs_inode)
                  8288a960    00000200     (.common:xdc_runtime_LoggerBuf_Instance_State_0_entryArr__A)
                  8288ab60    00000190     yaffsfs.obj (.far:yaffsfs_handle)
                  8288acf0    00000140     (.common:__TI_tmpnams)
                  8288ae30    00000044     (.common:gI2cBlock)
                  8288ae74    00000010     yaffs_tagscompat.obj (.far:spare_ff$1)
                  8288ae84    00000010     yaffs_tagscompat.obj (.far:spare_ff$3)
                  8288ae94    00000004     --HOLE--
                  8288ae98    00000008     (.common:parmbuf)
                  8288aea0    00000008     yaffsfs.obj (.far:search_contexts)
                  8288aea8    00000004     (.common:ti_sysbios_knl_Task_Instance_State_0_hookEnv__A)

.const.1   0    8288aeb0    00000010     
                  8288aeb0    00000008     ti.platform.evm6678l.ae66 : cyhc5g_nand.obj (.const)
                  8288aeb8    00000008                               : cyhc5g_spi.obj (.const)

.text      0    8288aec0    000322a0     
                  8288aec0    00009180     yaffs_guts.obj (.text)
                  82894040    000065c0     yaffsfs.obj (.text)
                  8289a600    000034c0     yaffs_yaffs2.obj (.text)
                  8289dac0    00001fe0     rts6600_elf.lib : _printfi.c.obj (.text:__TI_printfi)
                  8289faa0    00001a60     ti.platform.evm6678l.ae66 : platform.obj (.text)
                  828a1500    00001260     yaffs_verify.obj (.text)
                  828a2760    00001200     yaffs_checkptrw.obj (.text)
                  828a3960    00000c80     yaffs_yaffs1.obj (.text)
                  828a45e0    00000ba0     yaffs_tagscompat.obj (.text)
                  828a5180    00000b40     ti.platform.evm6678l.ae66 : cyhc5g_nand.obj (.text)
                  828a5cc0    000009a0                               : cyhc5g.obj (.text)
                  828a6660    00000960     yaffs_summary.obj (.text)
                  828a6fc0    000008c0     yaffs_allocator.obj (.text)
                  828a7880    00000880     ti.targets.rts6000.ae66 : System.oe66 (.text:xdc_runtime_System_doPrint__I)
                  828a8100    000007e0     ti.platform.evm6678l.ae66 : cyhc5g_i2c_eeprom.obj (.text)
                  828a88e0    000007e0     yaffs_ecc.obj (.text)
                  828a90c0    00000780     sysbios.ae66 : BIOS.obj (.text:ti_sysbios_family_c64p_Exception_handler__I)
                  828a9840    00000740                  : BIOS.obj (.text:ti_sysbios_knl_Semaphore_pend__E)
                  828a9f80    00000700                  : BIOS.obj (.text:ti_sysbios_timers_timer64_Timer_Module_startup__E)
                  828aa680    00000660     ti.platform.evm6678l.ae66 : cyhc5g_phy.obj (.text)
                  828aace0    00000640     rts6600_elf.lib : _printfi.c.obj (.text:_pconv_a)
                  828ab320    00000620     sysbios.ae66 : BIOS.obj (.text:ti_sysbios_heaps_HeapMem_allocUnprotected__E)
                  828ab940    00000620     yaffs_nameval.obj (.text)
                  828abf60    00000600     rts6600_elf.lib : divd.c.obj (.text:__c6xabi_divd)
                  828ac560    000005e0     yaffs_tagsmarshall.obj (.text)
                  828acb40    000005c0     sysbios.ae66 : BIOS.obj (.text:ti_sysbios_heaps_HeapMem_freeUnprotected__E)
                  828ad100    00000580                  : BIOS.obj (.text:ti_sysbios_knl_Task_Instance_finalize__E)
                  828ad680    000004e0     yaffs_packedtags2.obj (.text)
                  828adb60    00000460     ti.platform.evm6678l.ae66 : cyhc5g_spi.obj (.text)
                  828adfc0    00000460     sysbios.ae66 : BIOS.obj (.text:ti_sysbios_knl_Task_sleep__E)
                  828ae420    00000440     rts6600_elf.lib : _printfi.c.obj (.text:_pconv_g)
                  828ae860    00000420     sysbios.ae66 : BIOS.obj (.text:ti_sysbios_knl_Task_Instance_init__E)
                  828aec80    00000400     yaffs_endian.obj (.text)
                  828af080    000003e0     ti.platform.evm6678l.ae66 : cyhc5g_nor.obj (.text)
                  828af460    000003a0     yaffs_nand.obj (.text)
                  828af800    00000360     yaffs_bitmap.obj (.text)
                  828afb60    00000340     ti.platform.evm6678l.ae66 : cyhc5g_gpio.obj (.text)
                  828afea0    00000320     rts6600_elf.lib : fputs.c.obj (.text:fputs)
                  828b01c0    00000320     sysbios.ae66 : BIOS.obj (.text:ti_sysbios_timers_timer64_Timer_deviceConfig__I)
                  828b04e0    000002e0                  : BIOS.obj (.text:ti_sysbios_heaps_HeapMem_Instance_init__E)
                  828b07c0    000002c0     rts6600_elf.lib : _printfi.c.obj (.text:fcvt)
                  828b0a80    000002c0     sysbios.ae66 : BIOS.obj (.text:ti_sysbios_knl_Clock_workFunc__E)
                  828b0d40    000002c0     ti.targets.rts6000.ae66 : LoggerBuf.oe66 (.text:xdc_runtime_LoggerBuf_write8__E)
                  828b1000    000002a0     rts6600_elf.lib : _printfi.c.obj (.text:_pconv_e)
                  828b12a0    00000260     sysbios.ae66 : BIOS.obj (.text:ti_sysbios_family_c64p_Hwi_dispatchCore__I)
                  828b1500    00000260                  : BIOS.obj (.text:ti_sysbios_knl_Semaphore_post__E)
                  828b1760    00000260     ti.targets.rts6000.ae66 : Startup.oe66 (.text:xdc_runtime_Startup_startMods__I)
                  828b19c0    00000240     rts6600_elf.lib : imath64.c.obj (.text:__c6xabi_divull)
                  828b1c00    00000240     main.obj (.text)
                  828b1e40    00000240     rts6600_elf.lib : qsort.c.obj (.text:qsort)
                  828b2080    00000240     sysbios.ae66 : BIOS.obj (.text:ti_sysbios_family_c64p_Exception_internalHandler__I)
                  828b22c0    00000240                  : BIOS.obj (.text:ti_sysbios_knl_Task_postInit__I)
                  828b2500    00000240     ti.targets.rts6000.ae66 : Core-mem.oe66 (.text:xdc_runtime_Core_createObject__I)
                  828b2740    00000240     app_pe66.oe66 (.text:xdc_runtime_System_printfExtend__I)
                  828b2980    00000220     sysbios.ae66 : BIOS.obj (.text:ti_sysbios_knl_Swi_run__I)
                  828b2ba0    00000220                  : BIOS.obj (.text:ti_sysbios_timers_timer64_Timer_setPeriodMicroSecs__E)
                  828b2dc0    00000220     ti.targets.rts6000.ae66 : Error.oe66 (.text:xdc_runtime_Error_policyDefault__E)
                  828b2fe0    00000200     sysbios.ae66 : c64p_Hwi_disp_always.obj (.text:_ti_sysbios_family_c64p_Hwi_dispatchAlways)
                  828b31e0    000001e0     ti.platform.evm6678l.ae66 : cyhc5g_uart.obj (.text)
                  828b33c0    000001e0     sysbios.ae66 : BIOS.obj (.text:ti_sysbios_gates_GateMutex_enter__E)
                  828b35a0    000001e0     ti.targets.rts6000.ae66 : Text.oe66 (.text:xdc_runtime_Text_putSite__E)
                  828b3780    000001c0     rts6600_elf.lib : imath40.c.obj (.text:__c6xabi_divul)
                  828b3940    000001c0                     : _printfi.c.obj (.text:_ltostr)
                  828b3b00    000001c0                     : fputc.c.obj (.text:fputc)
                  828b3cc0    000001c0                     : setvbuf.c.obj (.text:setvbuf)
                  828b3e80    000001c0     sysbios.ae66 : BIOS.obj (.text:ti_sysbios_knl_Task_checkStacks__E)
                  828b4040    000001c0                  : BIOS.obj (.text:ti_sysbios_timers_timer64_Timer_getFreq__E)
                  828b4200    000001c0                  : BIOS.obj (.text:ti_sysbios_timers_timer64_Timer_start__E)
                  828b43c0    000001c0     ti.targets.rts6000.ae66 : LoggerBuf.oe66 (.text:xdc_runtime_LoggerBuf_write4__E)
                  828b4580    000001c0     yaffs_attribs.obj (.text)
                  828b4740    000001a0     rts6600_elf.lib : hostrename.c.obj (.text:HOSTrename)
                  828b48e0    000001a0                     : frexp.c.obj (.text:frexp)
                  828b4a80    000001a0                     : s_scalbn.c.obj (.text:scalbn)
                  828b4c20    000001a0     sysbios.ae66 : BIOS.obj (.text:ti_sysbios_family_c66_Cache_block__I)
                  828b4dc0    000001a0                  : BIOS.obj (.text:ti_sysbios_family_c66_Cache_getL2InitSize__I)
                  828b4f60    000001a0                  : BIOS.obj (.text:ti_sysbios_knl_Task_exit__E)
                  828b5100    000001a0                  : BIOS.obj (.text:ti_sysbios_knl_Task_schedule__I)
                  828b52a0    000001a0     ti.targets.rts6000.ae66 : Core-smem.oe66 (.text:xdc_runtime_Core_constructObject__I)
                  828b5440    00000180     sysbios.ae66 : c64p_Exception_asm.obj (.text)
                  828b55c0    00000180                  : BIOS.obj (.text:ti_sysbios_knl_Task_startCore__E)
                  828b5740    00000160                  : BIOS.obj (.text:ti_sysbios_family_c64p_Hwi_Module_startup__E)
                  828b58a0    00000160                  : BIOS.obj (.text:ti_sysbios_knl_Swi_post__E)
                  828b5a00    00000160     ti.targets.rts6000.ae66 : Text.oe66 (.text:xdc_runtime_Text_putMod__E)
                  828b5b60    00000140     sysbios.ae66 : BIOS.obj (.text:ti_sysbios_family_c66_Cache_getL1DInitSize__I)
                  828b5ca0    00000140                  : BIOS.obj (.text:ti_sysbios_family_c66_Cache_getL1PInitSize__I)
                  828b5de0    00000140                  : BIOS.obj (.text:ti_sysbios_knl_Semaphore_Instance_init__E)
                  828b5f20    00000140                  : BIOS.obj (.text:ti_sysbios_knl_Task_Module_startup__E)
                  828b6060    00000140                  : BIOS.obj (.text:ti_sysbios_knl_Task_blockI__E)
                  828b61a0    00000140     ti.targets.rts6000.ae66 : Core-mem.oe66 (.text:xdc_runtime_Core_deleteObject__I)
                  828b62e0    00000140                             : LoggerBuf.oe66 (.text:xdc_runtime_LoggerBuf_setFilterLevel__E)
                  828b6420    00000140                             : Text.oe66 (.text:xdc_runtime_Text_putLab__E)
                  828b6560    00000120     boot.ae66 : autoinit.oe66 (.text:_auto_init_elf)
                  828b6680    00000120     rts6600_elf.lib : _printfi.c.obj (.text:_pconv_f)
                  828b67a0    00000120                     : getdevice.c.obj (.text:getdevice)
                  828b68c0    00000120     sysbios.ae66 : BIOS.obj (.text:ti_sysbios_family_c66_Cache_startup__I)
                  828b69e0    00000120                  : BIOS.obj (.text:ti_sysbios_hal_SecondsClock_Module_startup__E)
                  828b6b00    00000120                  : BIOS.obj (.text:ti_sysbios_knl_Clock_start__E)
                  828b6c20    00000120                  : BIOS.obj (.text:ti_sysbios_knl_Swi_restoreHwi__E)
                  828b6d40    00000120     ti.targets.rts6000.ae66 : LoggerBuf.oe66 (.text:xdc_runtime_LoggerBuf_getFilterLevel__E)
                  828b6e60    00000100     rts6600_elf.lib : fclose.c.obj (.text:__TI_closefile)
                  828b6f60    00000100                     : copy_decompress_rle.c.obj (.text:__TI_decompress_rle_core)
                  828b7060    00000100                     : _printfi.c.obj (.text:_mcpy)
                  828b7160    00000100                     : atoi.c.obj (.text:atoi)
                  828b7260    00000100                     : fflush.c.obj (.text:fflush)
                  828b7360    00000100                     : fseek.c.obj (.text:fseek)
                  828b7460    00000100     sysbios.ae66 : BIOS.obj (.text:ti_sysbios_knl_Mailbox_Module_startup__E)
                  828b7560    00000100                  : BIOS.obj (.text:ti_sysbios_knl_Task_unblockI__E)
                  828b7660    00000100                  : BIOS.obj (.text:ti_sysbios_timers_timer64_Timer_initDevice__I)
                  828b7760    00000100     ti.targets.rts6000.ae66 : Error.oe66 (.text:xdc_runtime_Error_print__E)
                  828b7860    00000100                             : Memory.oe66 (.text:xdc_runtime_Memory_alloc__E)
                  828b7960    00000100                             : Startup.oe66 (.text:xdc_runtime_Startup_exec__E)
                  828b7a60    000000e0     rts6600_elf.lib : hostlseek.c.obj (.text:HOSTlseek)
                  828b7b40    000000e0                     : hostopen.c.obj (.text:HOSTopen)
                  828b7c20    000000e0                     : hostwrite.c.obj (.text:HOSTwrite)
                  828b7d00    000000e0                     : _io_perm.c.obj (.text:__TI_wrt_ok)
                  828b7de0    000000e0                     : close.c.obj (.text:close)
                  828b7ec0    000000e0                     : exit.c.obj (.text:exit)
                  828b7fa0    000000e0                     : ltoa.c.obj (.text:ltoa)
                  828b8080    000000e0                     : memset.c.obj (.text:memset)
                  828b8160    000000e0                     : printf.c.obj (.text:printf)
                  828b8240    000000e0     sysbios.ae66 : BIOS.obj (.text:ti_sysbios_heaps_HeapMem_alloc__E)
                  828b8320    000000e0                  : BIOS.obj (.text:ti_sysbios_knl_Swi_runLoop__I)
                  828b8400    000000e0                  : BIOS.obj (.text:ti_sysbios_timers_timer64_Timer_startup__E)
                  828b84e0    000000e0     ti.targets.rts6000.ae66 : Text.oe66 (.text:xdc_runtime_Text_visitRope2__I)
                  828b85c0    000000e0     yaffs_osglue.obj (.text)
                  828b86a0    000000c0     rts6600_elf.lib : hostread.c.obj (.text:HOSTread)
                  828b8760    000000c0                     : hostunlink.c.obj (.text:HOSTunlink)
                  828b8820    000000c0                     : fflush.c.obj (.text:__TI_doflush)
                  828b88e0    000000c0                     : divu.asm.obj (.text:__divu)
                  828b89a0    000000c0                     : remi.asm.obj (.text:__remi)
                  828b8a60    000000c0     sysbios.ae66 : BIOS.obj (.text:_pthread_cleanupFxn)
                  828b8b20    000000c0     platform_osal_function.obj (.text)
                  828b8be0    000000c0     sysbios.ae66 : BIOS.obj (.text:ti_sysbios_hal_SecondsClock_increment__I)
                  828b8ca0    000000c0                  : BIOS.obj (.text:ti_sysbios_heaps_HeapMem_getStats__E)
                  828b8d60    000000c0                  : BIOS.obj (.text:ti_sysbios_knl_Clock_logTick__E)
                  828b8e20    000000c0                  : BIOS.obj (.text:ti_sysbios_knl_Swi_schedule__I)
                  828b8ee0    000000c0                  : BIOS.obj (.text:ti_sysbios_knl_Task_allBlockedFunction__I)
                  828b8fa0    000000c0     app_pe66.oe66 (.text:ti_sysbios_knl_Task_create)
                  828b9060    000000c0     rts6600_elf.lib : tls.c.obj (.text:tls:init:__TI_tls_init)
                  828b9120    000000c0     ti.targets.rts6000.ae66 : Assert.oe66 (.text:xdc_runtime_Assert_raise__I)
                  828b91e0    000000c0                             : Error.oe66 (.text:xdc_runtime_Error_setX__E)
                  828b92a0    000000c0     app_pe66.oe66 (.text:xdc_runtime_LoggerBuf_Object__create__S)
                  828b9360    000000c0     ti.targets.rts6000.ae66 : SysMin.oe66 (.text:xdc_runtime_SysMin_abort__E)
                  828b9420    000000c0                             : SysMin.oe66 (.text:xdc_runtime_SysMin_flush__E)
                  828b94e0    000000a0     rts6600_elf.lib : hostclose.c.obj (.text:HOSTclose)
                  828b9580    000000a0                     : fopen.c.obj (.text:__TI_cleanup)
                  828b9620    000000a0                     : remu.asm.obj (.text:__remu)
                  828b96c0    000000a0     boot.ae66 : boot.oe66 (.text:_c_int00)
                  828b9760    000000a0     rts6600_elf.lib : _printfi.c.obj (.text:_ecpy)
                  828b9800    000000a0                     : getdevice.c.obj (.text:finddevice)
                  828b98a0    000000a0                     : memcpy64.asm.obj (.text:memcpy)
                  828b9940    000000a0     sysbios.ae66 : BIOS.obj (.text:ti_sysbios_family_c64p_Exception_Module_startup__E)
                  828b99e0    000000a0                  : BIOS.obj (.text:ti_sysbios_family_c64p_Hwi_dispatchC__I)
                  828b9a80    000000a0                  : BIOS.obj (.text:ti_sysbios_family_c64p_Hwi_getStackInfo__E)
                  828b9b20    000000a0                  : BIOS.obj (.text:ti_sysbios_timers_timer64_Timer_stop__E)
                  828b9bc0    000000a0     ti.targets.rts6000.ae66 : Core-params.oe66 (.text:xdc_runtime_Core_assignParams__I)
                  828b9c60    000000a0                             : SysMin.oe66 (.text:xdc_runtime_SysMin_putch__E)
                  828b9d00    000000a0                             : System.oe66 (.text:xdc_runtime_System_formatNum__I)
                  828b9da0    000000a0                             : System.oe66 (.text:xdc_runtime_System_putchar__I)
                  828b9e40    000000a0                             : Text.oe66 (.text:xdc_runtime_Text_printVisFxn__I)
                  828b9ee0    000000a0                             : Text.oe66 (.text:xdc_runtime_Text_xprintf__I)
                  828b9f80    00000080     rts6600_elf.lib : trgmsg.c.obj (.text:__TI_readmsg)
                  828ba000    00000080                     : llshift.c.obj (.text:__c6xabi_llshl)
                  828ba080    00000080     sysbios.ae66 : c62_TaskSupport_asm.obj (.text:_ti_sysbios_family_c62_TaskSupport_swap__E)
                  828ba100    00000080     rts6600_elf.lib : strcat.c.obj (.text:strcat)
                  828ba180    00000080                     : strncpy.c.obj (.text:strncpy)
                  828ba200    00000080     ti.platform.evm6678l.ae66 : cyhc5g_i2c.obj (.text)
                  828ba280    00000080     app_pe66.oe66 (.text:ti_sysbios_BIOS_atExitFunc__I)
                  828ba300    00000080     app_pe66.oe66 (.text:ti_sysbios_BIOS_registerRTSLock__I)
                  828ba380    00000080     app_pe66.oe66 (.text:ti_sysbios_gates_GateHwi_Object__create__S)
                  828ba400    00000080     app_pe66.oe66 (.text:ti_sysbios_gates_GateMutex_Object__create__S)
                  828ba480    00000080     sysbios.ae66 : BIOS.obj (.text:ti_sysbios_hal_Hwi_checkStack)
                  828ba500    00000080                  : BIOS.obj (.text:ti_sysbios_hal_Hwi_initStack)
                  828ba580    00000080     app_pe66.oe66 (.text:ti_sysbios_heaps_HeapMem_Object__create__S)
                  828ba600    00000080     sysbios.ae66 : BIOS.obj (.text:ti_sysbios_heaps_HeapMem_init__I)
                  828ba680    00000080     app_pe66.oe66 (.text:ti_sysbios_knl_Clock_doTick__I)
                  828ba700    00000080     sysbios.ae66 : BIOS.obj (.text:ti_sysbios_knl_Idle_run__E)
                  828ba780    00000080                  : BIOS.obj (.text:ti_sysbios_knl_Semaphore_pendTimeout__I)
                  828ba800    00000080                  : BIOS.obj (.text:ti_sysbios_knl_Swi_startup__E)
                  828ba880    00000080                  : BIOS.obj (.text:ti_sysbios_knl_Task_processVitalTaskFlag__I)
                  828ba900    00000080                  : BIOS.obj (.text:ti_sysbios_knl_Task_restore__E)
                  828ba980    00000080     app_pe66.oe66 (.text:ti_sysbios_rts_MemAlloc_alloc)
                  828baa00    00000080     sysbios.ae66 : BIOS.obj (.text:ti_sysbios_timers_timer64_Timer_getPeriod__E)
                  828baa80    00000080     rts6600_elf.lib : unlink.c.obj (.text:unlink)
                  828bab00    00000080     ti.targets.rts6000.ae66 : Core-label.oe66 (.text:xdc_runtime_Core_assignLabel__I)
                  828bab80    00000080                             : LoggerBuf.oe66 (.text:xdc_runtime_LoggerBuf_Instance_init__E)
                  828bac00    00000080                             : LoggerBuf.oe66 (.text:xdc_runtime_LoggerBuf_Module_startup__E)
                  828bac80    00000080                             : LoggerBuf.oe66 (.text:xdc_runtime_LoggerBuf_filterOutEvent__I)
                  828bad00    00000080     app_pe66.oe66 (.text:xdc_runtime_SysMin_output__I)
                  828bad80    00000080     ti.targets.rts6000.ae66 : System.oe66 (.text:xdc_runtime_System_atexit__E)
                  828bae00    00000080                             : System.oe66 (.text:xdc_runtime_System_avprintf__E)
                  828bae80    00000080                             : System.oe66 (.text:xdc_runtime_System_processAtExit__E)
                  828baf00    00000080                             : System.oe66 (.text:xdc_runtime_System_vprintf__E)
                  828baf80    00000080     yaffs_hweight.obj (.text)
                  828bb000    00000060     rts6600_elf.lib : frcmpyd_div.c.obj (.text:__TI_frcmpyd_div)
                  828bb060    00000060                     : trgmsg.c.obj (.text:__TI_writemsg)
                  828bb0c0    00000060                     : llshift.c.obj (.text:__c6xabi_llshru)
                  828bb120    00000060                     : imath64.c.obj (.text:_subcull)
                  828bb180    00000060     sysbios.ae66 : c64p_Hwi_asm_switch.obj (.text:_ti_sysbios_family_c64p_Hwi_switchAndDispatch__I)
                  828bb1e0    00000060                  : c64p_Hwi_asm_switch.obj (.text:_ti_sysbios_family_xxx_Hwi_switchAndRunFunc)
                  828bb240    00000060     rts6600_elf.lib : lseek.c.obj (.text:lseek)
                  828bb2a0    00000060                     : memccpy.c.obj (.text:memccpy)
                  828bb300    00000060                     : memcmp.c.obj (.text:memcmp)
                  828bb360    00000060                     : strcmp.c.obj (.text:strcmp)
                  828bb3c0    00000060                     : strcpy.c.obj (.text:strcpy)
                  828bb420    00000060                     : strncmp.c.obj (.text:strncmp)
                  828bb480    00000060     app_pe66.oe66 (.text:ti_sysbios_BIOS_errorRaiseHook__I)
                  828bb4e0    00000060     app_pe66.oe66 (.text:ti_sysbios_BIOS_removeRTSLock__I)
                  828bb540    00000060     app_pe66.oe66 (.text:ti_sysbios_BIOS_startFunc__I)
                  828bb5a0    00000060     sysbios.ae66 : BIOS.obj (.text:ti_sysbios_family_c62_TaskSupport_start__E)
                  828bb600    00000060                  : BIOS.obj (.text:ti_sysbios_family_c66_Cache_Module_startup__E)
                  828bb660    00000060     app_pe66.oe66 (.text:ti_sysbios_gates_GateMutex_Object__delete__S)
                  828bb6c0    00000060     sysbios.ae66 : BIOS.obj (.text:ti_sysbios_heaps_HeapMem_free__E)
                  828bb720    00000060                  : BIOS.obj (.text:ti_sysbios_knl_Clock_Module_startup__E)
                  828bb780    00000060     app_pe66.oe66 (.text:ti_sysbios_knl_Queue_construct)
                  828bb7e0    00000060     app_pe66.oe66 (.text:ti_sysbios_knl_Semaphore_construct)
                  828bb840    00000060     sysbios.ae66 : BIOS.obj (.text:ti_sysbios_knl_Swi_Module_startup__E)
                  828bb8a0    00000060     app_pe66.oe66 (.text:ti_sysbios_knl_Task_Object__delete__S)
                  828bb900    00000060     sysbios.ae66 : BIOS.obj (.text:ti_sysbios_knl_Task_enter__I)
                  828bb960    00000060     rts6600_elf.lib : write.c.obj (.text:write)
                  828bb9c0    00000060     app_pe66.oe66 (.text:xdc_runtime_LoggerBuf_Object__delete__S)
                  828bba20    00000060     ti.targets.rts6000.ae66 : LoggerBuf.oe66 (.text:xdc_runtime_LoggerBuf_reset__E)
                  828bba80    00000060                             : Memory.oe66 (.text:xdc_runtime_Memory_valloc__E)
                  828bbae0    00000060                             : Text.oe66 (.text:xdc_runtime_Text_cordText__E)
                  828bbb40    00000040     rts6600_elf.lib : assert.c.obj (.text:__c6xabi_abort_msg)
                  828bbb80    00000040                     : isinf.c.obj (.text:__c6xabi_isinf)
                  828bbbc0    00000040                     : _printfi.c.obj (.text:__c6xabi_isnan)
                  828bbc00    00000040                     : call_stub.asm.obj (.text:__call_stub)
                  828bbc40    00000040                     : args_main.c.obj (.text:_args_main)
                  828bbc80    00000040                     : vsprintf.c.obj (.text:_outs)
                  828bbcc0    00000040     sysbios.ae66 : c62_TaskSupport_asm.obj (.text:_ti_sysbios_family_c62_TaskSupport_buildTaskStack)
                  828bbd00    00000040     app_pe66.oe66 (.text:free)
                  828bbd40    00000040     ti.platform.evm6678l.ae66 : cyhc5g_led.obj (.text)
                  828bbd80    00000040     app_pe66.oe66 (.text:ti_sysbios_BIOS_exitFunc__I)
                  828bbdc0    00000040     app_pe66.oe66 (.text:ti_sysbios_BIOS_rtsLock__I)
                  828bbe00    00000040     app_pe66.oe66 (.text:ti_sysbios_BIOS_rtsUnlock__I)
                  828bbe40    00000040     sysbios.ae66 : BIOS.obj (.text:ti_sysbios_family_c64p_Hwi_disableInterrupt__E)
                  828bbe80    00000040                  : BIOS.obj (.text:ti_sysbios_family_c64p_Hwi_enableInterrupt__E)
                  828bbec0    00000040     app_pe66.oe66 (.text:ti_sysbios_gates_GateHwi_Handle__label__S)
                  828bbf00    00000040     app_pe66.oe66 (.text:ti_sysbios_gates_GateHwi_Object__delete__S)
                  828bbf40    00000040     app_pe66.oe66 (.text:ti_sysbios_gates_GateMutex_Handle__label__S)
                  828bbf80    00000040     sysbios.ae66 : BIOS.obj (.text:ti_sysbios_gates_GateMutex_Instance_init__E)
                  828bbfc0    00000040                  : BIOS.obj (.text:ti_sysbios_gates_GateMutex_leave__E)
                  828bc000    00000040     app_pe66.oe66 (.text:ti_sysbios_heaps_HeapMem_Handle__label__S)
                  828bc040    00000040     app_pe66.oe66 (.text:ti_sysbios_heaps_HeapMem_Object__delete__S)
                  828bc080    00000040     app_pe66.oe66 (.text:ti_sysbios_heaps_HeapMem_Object__get__S)
                  828bc0c0    00000040     app_pe66.oe66 (.text:ti_sysbios_knl_Semaphore_destruct)
                  828bc100    00000040     app_pe66.oe66 (.text:ti_sysbios_knl_Swi_Object__get__S)
                  828bc140    00000040     app_pe66.oe66 (.text:ti_sysbios_knl_Task_Object__get__S)
                  828bc180    00000040     sysbios.ae66 : BIOS.obj (.text:ti_sysbios_knl_Task_sleepTimeout__I)
                  828bc1c0    00000040     app_pe66.oe66 (.text:time)
                  828bc200    00000040     rts6600_elf.lib : vsprintf.c.obj (.text:vsprintf)
                  828bc240    00000040                     : wcslen.c.obj (.text:wcslen)
                  828bc280    00000040     ti.targets.rts6000.ae66 : Error.oe66 (.text:xdc_runtime_Error_check__E)
                  828bc2c0    00000040                             : Error.oe66 (.text:xdc_runtime_Error_init__E)
                  828bc300    00000040     app_pe66.oe66 (.text:xdc_runtime_LoggerBuf_Handle__label__S)
                  828bc340    00000040     ti.targets.rts6000.ae66 : LoggerBuf.oe66 (.text:xdc_runtime_LoggerBuf_Instance_finalize__E)
                  828bc380    00000040     app_pe66.oe66 (.text:xdc_runtime_LoggerBuf_Object__get__S)
                  828bc3c0    00000040     ti.targets.rts6000.ae66 : LoggerBuf.oe66 (.text:xdc_runtime_LoggerBuf_write0__E)
                  828bc400    00000040                             : LoggerBuf.oe66 (.text:xdc_runtime_LoggerBuf_write1__E)
                  828bc440    00000040                             : LoggerBuf.oe66 (.text:xdc_runtime_LoggerBuf_write2__E)
                  828bc480    00000040                             : Registry.oe66 (.text:xdc_runtime_Registry_findById__E)
                  828bc4c0    00000040                             : SysMin.oe66 (.text:xdc_runtime_SysMin_Module_startup__E)
                  828bc500    00000040                             : SysMin.oe66 (.text:xdc_runtime_SysMin_exit__E)
                  828bc540    00000040                             : System.oe66 (.text:xdc_runtime_System_abort__E)
                  828bc580    00000040     app_pe66.oe66 (.text:xdc_runtime_System_aprintf__E)
                  828bc5c0    00000040     ti.targets.rts6000.ae66 : System.oe66 (.text:xdc_runtime_System_exit__E)
                  828bc600    00000040     app_pe66.oe66 (.text:xdc_runtime_System_printf__E)
                  828bc640    00000020     ti.csl.ae66 : csl_gpioGetBaseAddress.oe66 (.text:CSL_GPIO_open)
                  828bc660    00000020     rts6600_elf.lib : errno.c.obj (.text:__c6xabi_errno_addr)
                  828bc680    00000020                     : push.asm.obj (.text:__pop_rts)
                  828bc6a0    00000020                     : push.asm.obj (.text:__push_rts)
                  828bc6c0    00000020                     : _lock.c.obj (.text:_nop)
                  828bc6e0    00000020                     : printf.c.obj (.text:_outc)
                  828bc700    00000020                     : vsprintf.c.obj (.text:_outc)
                  828bc720    00000020                     : printf.c.obj (.text:_outs)
                  828bc740    00000020                     : _lock.c.obj (.text:_register_lock)
                  828bc760    00000020                     : _data_synch.c.obj (.text:_register_synch_api)
                  828bc780    00000020                     : _lock.c.obj (.text:_register_unlock)
                  828bc7a0    00000020                     : signbit.c.obj (.text:_signbit)
                  828bc7c0    00000020     sysbios.ae66 : c62_TaskSupport_asm.obj (.text:_ti_sysbios_family_c62_TaskSupport_glue)
                  828bc7e0    00000020     rts6600_elf.lib : exit.c.obj (.text:abort)
                  828bc800    00000020                     : s_copysign.c.obj (.text:copysign)
                  828bc820    00000020                     : copy_decompress_none.c.obj (.text:decompress:none:__TI_decompress_none)
                  828bc840    00000020                     : copy_decompress_rle.c.obj (.text:decompress:rle24:__TI_decompress_rle24)
                  828bc860    00000020     app_pe66.oe66 (.text:ti_sysbios_BIOS_RtsGateProxy_enter__E)
                  828bc880    00000020     app_pe66.oe66 (.text:ti_sysbios_BIOS_RtsGateProxy_leave__E)
                  828bc8a0    00000020     sysbios.ae66 : BIOS.obj (.text:ti_sysbios_BIOS_exit__E)
                  828bc8c0    00000020                  : BIOS.obj (.text:ti_sysbios_BIOS_linkedWithIncorrectBootLibrary__E)
                  828bc8e0    00000020     app_pe66.oe66 (.text:ti_sysbios_BIOS_nullFunc__I)
                  828bc900    00000020     sysbios.ae66 : BIOS.obj (.text:ti_sysbios_BIOS_setThreadType__E)
                  828bc920    00000020                  : BIOS.obj (.text:ti_sysbios_BIOS_start__E)
                  828bc940    00000020     app_pe66.oe66 (.text:ti_sysbios_family_c62_TaskSupport_Module__startupDone__S)
                  828bc960    00000020     sysbios.ae66 : BIOS.obj (.text:ti_sysbios_family_c62_TaskSupport_checkStack__E)
                  828bc980    00000020                  : BIOS.obj (.text:ti_sysbios_family_c62_TaskSupport_getStackAlignment__E)
                  828bc9a0    00000020     app_pe66.oe66 (.text:ti_sysbios_family_c64p_Hwi_Module__startupDone__F)
                  828bc9c0    00000020     sysbios.ae66 : BIOS.obj (.text:ti_sysbios_family_c64p_Hwi_clearInterrupt__E)
                  828bc9e0    00000020                  : BIOS.obj (.text:ti_sysbios_family_c64p_Hwi_startup__E)
                  828bca00    00000020                  : BIOS.obj (.text:ti_sysbios_family_c64p_Hwi_switchFromBootStack__E)
                  828bca20    00000020                  : BIOS.obj (.text:ti_sysbios_family_c64p_TimestampProvider_Module_startup__E)
                  828bca40    00000020                  : BIOS.obj (.text:ti_sysbios_family_c64p_TimestampProvider_get64__E)
                  828bca60    00000020                  : BIOS.obj (.text:ti_sysbios_family_c64p_tci6488_TimerSupport_enable__E)
                  828bca80    00000020                  : BIOS.obj (.text:ti_sysbios_family_c66_Cache_RTSSynchInv__I)
                  828bcaa0    00000020                  : BIOS.obj (.text:ti_sysbios_family_c66_Cache_RTSSynchWbInv__I)
                  828bcac0    00000020                  : BIOS.obj (.text:ti_sysbios_family_c66_Cache_RTSSynchWb__I)
                  828bcae0    00000020                  : BIOS.obj (.text:ti_sysbios_family_c66_Cache_wait__E)
                  828bcb00    00000020                  : BIOS.obj (.text:ti_sysbios_gates_GateHwi_Instance_init__E)
                  828bcb20    00000020                  : BIOS.obj (.text:ti_sysbios_gates_GateHwi_enter__E)
                  828bcb40    00000020                  : BIOS.obj (.text:ti_sysbios_gates_GateHwi_leave__E)
                  828bcb60    00000020                  : BIOS.obj (.text:ti_sysbios_gates_GateHwi_query__E)
                  828bcb80    00000020                  : BIOS.obj (.text:ti_sysbios_gates_GateMutex_Instance_finalize__E)
                  828bcba0    00000020                  : BIOS.obj (.text:ti_sysbios_gates_GateMutex_query__E)
                  828bcbc0    00000020                  : BIOS.obj (.text:ti_sysbios_hal_Hwi_Module_startup__E)
                  828bcbe0    00000020                  : BIOS.obj (.text:ti_sysbios_hal_SecondsClock_get__E)
                  828bcc00    00000020     app_pe66.oe66 (.text:ti_sysbios_heaps_HeapMem_Module_GateProxy_enter__E)
                  828bcc20    00000020     app_pe66.oe66 (.text:ti_sysbios_heaps_HeapMem_Module_GateProxy_leave__E)
                  828bcc40    00000020     sysbios.ae66 : BIOS.obj (.text:ti_sysbios_heaps_HeapMem_isBlocking__E)
                  828bcc60    00000020     app_pe66.oe66 (.text:ti_sysbios_knl_Clock_Module__startupDone__F)
                  828bcc80    00000020     app_pe66.oe66 (.text:ti_sysbios_knl_Clock_TimerProxy_getFreq__E)
                  828bcca0    00000020     app_pe66.oe66 (.text:ti_sysbios_knl_Clock_TimerProxy_getMaxTicks__E)
                  828bccc0    00000020     app_pe66.oe66 (.text:ti_sysbios_knl_Clock_TimerProxy_getPeriod__E)
                  828bcce0    00000020     sysbios.ae66 : BIOS.obj (.text:ti_sysbios_knl_Idle_loop__E)
                  828bcd00    00000020     app_pe66.oe66 (.text:ti_sysbios_knl_Mailbox_Object__get__S)
                  828bcd20    00000020     sysbios.ae66 : BIOS.obj (.text:ti_sysbios_knl_Queue_Instance_init__E)
                  828bcd40    00000020     app_pe66.oe66 (.text:ti_sysbios_knl_Queue_Object__get__S)
                  828bcd60    00000020     app_pe66.oe66 (.text:ti_sysbios_knl_Queue_destruct)
                  828bcd80    00000020     sysbios.ae66 : BIOS.obj (.text:ti_sysbios_knl_Queue_empty__E)
                  828bcda0    00000020                  : BIOS.obj (.text:ti_sysbios_knl_Semaphore_Instance_finalize__E)
                  828bcdc0    00000020                  : BIOS.obj (.text:ti_sysbios_knl_Swi_disable__E)
                  828bcde0    00000020     app_pe66.oe66 (.text:ti_sysbios_knl_Task_delete)
                  828bce00    00000020     sysbios.ae66 : BIOS.obj (.text:ti_sysbios_knl_Task_disable__E)
                  828bce20    00000020                  : BIOS.obj (.text:ti_sysbios_knl_Task_startup__E)
                  828bce40    00000020                  : BIOS.obj (.text:ti_sysbios_rts_ti_ReentSupport_taskRegHook__I)
                  828bce60    00000020     app_pe66.oe66 (.text:ti_sysbios_timers_timer64_Timer_Module__startupDone__F)
                  828bce80    00000020     sysbios.ae66 : BIOS.obj (.text:ti_sysbios_timers_timer64_Timer_getMaxTicks__E)
                  828bcea0    00000020     ti.targets.rts6000.ae66 : Error.oe66 (.text:xdc_runtime_Error_getSite__E)
                  828bcec0    00000020                             : Error.oe66 (.text:xdc_runtime_Error_raiseX__E)
                  828bcee0    00000020                             : Gate.oe66 (.text:xdc_runtime_Gate_enterSystem__E)
                  828bcf00    00000020                             : Gate.oe66 (.text:xdc_runtime_Gate_leaveSystem__E)
                  828bcf20    00000020     app_pe66.oe66 (.text:xdc_runtime_IHeap_alloc)
                  828bcf40    00000020     app_pe66.oe66 (.text:xdc_runtime_IHeap_free)
                  828bcf60    00000020     app_pe66.oe66 (.text:xdc_runtime_LoggerBuf_Module_GateProxy_enter__E)
                  828bcf80    00000020     app_pe66.oe66 (.text:xdc_runtime_LoggerBuf_Module_GateProxy_leave__E)
                  828bcfa0    00000020     ti.targets.rts6000.ae66 : LoggerBuf.oe66 (.text:xdc_runtime_LoggerBuf_disable__E)
                  828bcfc0    00000020                             : LoggerBuf.oe66 (.text:xdc_runtime_LoggerBuf_enable__E)
                  828bcfe0    00000020                             : Memory.oe66 (.text:xdc_runtime_Memory_calloc__E)
                  828bd000    00000020                             : Memory.oe66 (.text:xdc_runtime_Memory_free__E)
                  828bd020    00000020                             : Memory.oe66 (.text:xdc_runtime_Memory_getMaxDefaultTypeAlign__E)
                  828bd040    00000020     app_pe66.oe66 (.text:xdc_runtime_Startup_exec__I)
                  828bd060    00000020     ti.targets.rts6000.ae66 : Startup.oe66 (.text:xdc_runtime_Startup_rtsDone__E)
                  828bd080    00000020                             : SysMin.oe66 (.text:xdc_runtime_SysMin_ready__E)
                  828bd0a0    00000020     app_pe66.oe66 (.text:xdc_runtime_System_Module_GateProxy_enter__E)
                  828bd0c0    00000020     app_pe66.oe66 (.text:xdc_runtime_System_Module_GateProxy_leave__E)
                  828bd0e0    00000020     ti.targets.rts6000.ae66 : System.oe66 (.text:xdc_runtime_System_Module_startup__E)
                  828bd100    00000020                             : System.oe66 (.text:xdc_runtime_System_vsnprintf__E)
                  828bd120    00000020                             : Text.oe66 (.text:xdc_runtime_Text_ropeText__E)
                  828bd140    00000020     app_pe66.oe66 (.text:xdc_runtime_Text_visitRope__I)

.const.2   0    828bd160    00005596     
                  828bd160    000019f8     app_pe66.oe66 (.const:xdc_runtime_Text_charTab__A)
                  828beb58    00000c54     yaffs_guts.obj (.const:.string)
                  828bf7ac    000007a8     yaffs_yaffs2.obj (.const:.string)
                  828bff54    00000678     yaffs_verify.obj (.const:.string)
                  828c05cc    000005e8     sysbios.ae66 : BIOS.obj (.const:.string)
                  828c0bb4    00000004     ti.targets.rts6000.ae66 : Assert.oe66 (.const:.string)
                  828c0bb8    00000400     app_pe66.oe66 (.const:ti_sysbios_family_c66_Cache_marvalues__C)
                  828c0fb8    000002a4     yaffs_checkptrw.obj (.const:.string)
                  828c125c    000001b0     yaffs_yaffs1.obj (.const:.string)
                  828c140c    00000158     yaffs_tagscompat.obj (.const:.string)
                  828c1564    00000104     yaffs_tagsmarshall.obj (.const:.string)
                  828c1668    00000101     rts6600_elf.lib : ctype.c.obj (.const:.string:_ctypes_)
                  828c1769    00000001     app_pe66.oe66 (.const:ti_sysbios_timers_timer64_Timer_localTimerBaseId__C)
                  828c176a    00000002     app_pe66.oe66 (.const:ti_sysbios_family_c64p_Exception_Module__id__C)
                  828c176c    00000004     ti.platform.evm6678l.ae66 : cyhc5g_gpio.obj (.const)
                  828c1770    00000100     yaffs_ecc.obj (.const:.string:column_parity_table)
                  828c1870    00000100     yaffs_hweight.obj (.const:.string:yaffs_count_bits_table)
                  828c1970    000000ec     app_pe66.oe66 (.const:xdc_runtime_Text_nodeTab__A)
                  828c1a5c    000000b4     yaffs_allocator.obj (.const:.string)
                  828c1b10    000000b0     main.obj (.const:.string)
                  828c1bc0    000000b0     yaffs_nand.obj (.const:.string)
                  828c1c70    00000090     yaffs_packedtags2.obj (.const:.string)
                  828c1d00    00000080     app_pe66.oe66 (.const:.string)
                  828c1d80    00000070     ti.platform.evm6678l.ae66 : platform.obj (.const)
                  828c1df0    00000064     yaffs_bitmap.obj (.const:.string)
                  828c1e54    0000005c     ti.platform.evm6678l.ae66 : platform.obj (.const:.string)
                  828c1eb0    0000005c     yaffs_osglue.obj (.const:.string)
                  828c1f0c    00000058     ti.targets.rts6000.ae66 : Error.oe66 (.const:.string)
                  828c1f64    00000058     yaffs_summary.obj (.const:.string)
                  828c1fbc    00000044     app_pe66.oe66 (.const:ti_sysbios_knl_Task_Object__PARAMS__C)
                  828c2000    00000040     ti.targets.rts6000.ae66 : Text.oe66 (.const:.string)
                  828c2040    0000003c     app_pe66.oe66 (.const:xdc_runtime_LoggerBuf_Module__FXNS__C)
                  828c207c    00000004     ti.platform.evm6678l.ae66 : cyhc5g_i2c_eeprom.obj (.const)
                  828c2080    00000038     app_pe66.oe66 (.const:xdc_runtime_Startup_sfxnTab__A)
                  828c20b8    0000002c     ti.targets.rts6000.ae66 : Startup.oe66 (.const:.string)
                  828c20e4    00000004     ti.platform.evm6678l.ae66 : cyhc5g_phy.obj (.const)
                  828c20e8    00000028                               : cyhc5g_nand.obj (.const:.string:rbl_eccLoc)
                  828c2110    00000028     yaffsfs.obj (.const:.string)
                  828c2138    00000028     yaffs_verify.obj (.const:block_state_name)
                  828c2160    00000028     app_pe66.oe66 (.const:ti_sysbios_heaps_HeapMem_Module__FXNS__C)
                  828c2188    00000028     app_pe66.oe66 (.const:xdc_runtime_LoggerBuf_Object__PARAMS__C)
                  828c21b0    00000024     rts6600_elf.lib : _printfi.c.obj (.const:.string)
                  828c21d4    00000024     app_pe66.oe66 (.const:ti_sysbios_gates_GateHwi_Module__FXNS__C)
                  828c21f8    00000024     app_pe66.oe66 (.const:ti_sysbios_gates_GateMutex_Module__FXNS__C)
                  828c221c    00000024     app_pe66.oe66 (.const:ti_sysbios_heaps_HeapMem_Object__PARAMS__C)
                  828c2240    00000024     app_pe66.oe66 (.const:ti_sysbios_knl_Semaphore_Object__PARAMS__C)
                  828c2264    00000020     app_pe66.oe66 (.const:ti_sysbios_gates_GateHwi_Object__DESC__C)
                  828c2284    00000020     app_pe66.oe66 (.const:ti_sysbios_gates_GateMutex_Object__DESC__C)
                  828c22a4    00000020     app_pe66.oe66 (.const:ti_sysbios_heaps_HeapMem_Object__DESC__C)
                  828c22c4    00000020     app_pe66.oe66 (.const:ti_sysbios_knl_Queue_Object__DESC__C)
                  828c22e4    00000020     app_pe66.oe66 (.const:ti_sysbios_knl_Semaphore_Object__DESC__C)
                  828c2304    00000020     app_pe66.oe66 (.const:ti_sysbios_knl_Task_Object__DESC__C)
                  828c2324    00000020     app_pe66.oe66 (.const:xdc_runtime_LoggerBuf_Object__DESC__C)
                  828c2344    0000001c     ti.platform.evm6678l.ae66 : cyhc5g_phy.obj (.const:.string)
                  828c2360    0000001c     yaffs_endian.obj (.const:.string)
                  828c237c    00000004     ti.platform.evm6678l.ae66 : cyhc5g_uart.obj (.const)
                  828c2380    0000001c     app_pe66.oe66 (.const:xdc_runtime_Startup_sfxnRts__A)
                  828c239c    00000018     ti.targets.rts6000.ae66 : System.oe66 (.const:.string)
                  828c23b4    00000018     app_pe66.oe66 (.const:ti_sysbios_gates_GateHwi_Object__PARAMS__C)
                  828c23cc    00000018     app_pe66.oe66 (.const:ti_sysbios_gates_GateMutex_Object__PARAMS__C)
                  828c23e4    00000018     app_pe66.oe66 (.const:ti_sysbios_knl_Queue_Object__PARAMS__C)
                  828c23fc    00000004     app_pe66.oe66 (.const:ti_sysbios_family_c62_TaskSupport_stackAlignment__C)
                  828c2400    00000018     app_pe66.oe66 (.const:ti_sysbios_knl_Task_hooks__A)
                  828c2418    00000014     ti.platform.evm6678l.ae66 : cyhc5g_nor.obj (.const)
                  828c242c    00000004     app_pe66.oe66 (.const:ti_sysbios_family_c64p_Exception_E_exceptionMax__C)
                  828c2430    00000008     app_pe66.oe66 (.const:ti_sysbios_knl_Idle_funcList__A)
                  828c2438    00000008     app_pe66.oe66 (.const:ti_sysbios_knl_Idle_funcList__C)
                  828c2440    00000008     app_pe66.oe66 (.const:ti_sysbios_knl_Task_hooks__C)
                  828c2448    00000008     app_pe66.oe66 (.const:xdc_runtime_Startup_firstFxns__A)
                  828c2450    00000008     app_pe66.oe66 (.const:xdc_runtime_Startup_firstFxns__C)
                  828c2458    00000008     app_pe66.oe66 (.const:xdc_runtime_Startup_lastFxns__C)
                  828c2460    00000006     main.obj (.const:.string:$P$T0$1)
                  828c2466    00000002     app_pe66.oe66 (.const:ti_sysbios_family_c64p_Exception_useInternalBuffer__C)
                  828c2468    00000004     app_pe66.oe66 (.const:ti_sysbios_family_c64p_Exception_exceptionHook__C)
                  828c246c    00000004     app_pe66.oe66 (.const:ti_sysbios_family_c64p_Exception_externalHook__C)
                  828c2470    00000004     app_pe66.oe66 (.const:ti_sysbios_family_c64p_Exception_internalHook__C)
                  828c2474    00000004     app_pe66.oe66 (.const:ti_sysbios_family_c64p_Exception_nmiHook__C)
                  828c2478    00000004     app_pe66.oe66 (.const:ti_sysbios_family_c64p_Hwi_INTRMUX1Address__C)
                  828c247c    00000004     app_pe66.oe66 (.const:ti_sysbios_family_c64p_Hwi_LD_end__C)
                  828c2480    00000004     app_pe66.oe66 (.const:ti_sysbios_family_c64p_Hwi_LM_begin__C)
                  828c2484    00000004     app_pe66.oe66 (.const:ti_sysbios_family_c64p_Hwi_Module__diagsEnabled__C)
                  828c2488    00000004     app_pe66.oe66 (.const:ti_sysbios_family_c64p_Hwi_Module__diagsIncluded__C)
                  828c248c    00000004     app_pe66.oe66 (.const:ti_sysbios_family_c64p_Hwi_Module__diagsMask__C)
                  828c2490    00000004     app_pe66.oe66 (.const:ti_sysbios_family_c64p_Hwi_Module__loggerFxn1__C)
                  828c2494    00000004     app_pe66.oe66 (.const:ti_sysbios_family_c64p_Hwi_Module__loggerFxn8__C)
                  828c2498    00000004     app_pe66.oe66 (.const:ti_sysbios_family_c64p_Hwi_Module__loggerObj__C)
                  828c249c    00000004     app_pe66.oe66 (.const:ti_sysbios_family_c66_Cache_E_invalidL1CacheSize__C)
                  828c24a0    00000004     app_pe66.oe66 (.const:ti_sysbios_family_c66_Cache_E_invalidL2CacheSize__C)
                  828c24a4    00000004     app_pe66.oe66 (.const:ti_sysbios_family_c66_Cache_atomicBlockSize__C)
                  828c24a8    00000004     app_pe66.oe66 (.const:ti_sysbios_gates_GateMutex_A_badContext__C)
                  828c24ac    00000004     app_pe66.oe66 (.const:ti_sysbios_gates_GateMutex_Instance_State_sem__O)
                  828c24b0    00000004     app_pe66.oe66 (.const:ti_sysbios_gates_GateMutex_Module__diagsEnabled__C)
                  828c24b4    00000004     app_pe66.oe66 (.const:ti_sysbios_gates_GateMutex_Module__diagsIncluded__C)
                  828c24b8    00000004     app_pe66.oe66 (.const:ti_sysbios_gates_GateMutex_Module__diagsMask__C)
                  828c24bc    00000004     app_pe66.oe66 (.const:ti_sysbios_hal_Hwi_E_stackOverflow__C)
                  828c24c0    00000004     app_pe66.oe66 (.const:ti_sysbios_hal_SecondsClock_Module_State_clock__O)
                  828c24c4    00000004     app_pe66.oe66 (.const:ti_sysbios_heaps_HeapMem_A_align__C)
                  828c24c8    00000004     app_pe66.oe66 (.const:ti_sysbios_heaps_HeapMem_A_heapSize__C)
                  828c24cc    00000004     app_pe66.oe66 (.const:ti_sysbios_heaps_HeapMem_A_invalidFree__C)
                  828c24d0    00000004     app_pe66.oe66 (.const:ti_sysbios_heaps_HeapMem_A_zeroBlock__C)
                  828c24d4    00000004     app_pe66.oe66 (.const:ti_sysbios_heaps_HeapMem_E_memory__C)
                  828c24d8    00000004     app_pe66.oe66 (.const:ti_sysbios_heaps_HeapMem_Module__diagsEnabled__C)
                  828c24dc    00000004     app_pe66.oe66 (.const:ti_sysbios_heaps_HeapMem_Module__diagsIncluded__C)
                  828c24e0    00000004     app_pe66.oe66 (.const:ti_sysbios_heaps_HeapMem_Module__diagsMask__C)
                  828c24e4    00000004     app_pe66.oe66 (.const:ti_sysbios_heaps_HeapMem_Module__gateObj__C)
                  828c24e8    00000004     app_pe66.oe66 (.const:ti_sysbios_heaps_HeapMem_Object__count__C)
                  828c24ec    00000004     app_pe66.oe66 (.const:ti_sysbios_heaps_HeapMem_reqAlign__C)
                  828c24f0    00000004     app_pe66.oe66 (.const:ti_sysbios_knl_Clock_LM_begin__C)
                  828c24f4    00000004     app_pe66.oe66 (.const:ti_sysbios_knl_Clock_LM_tick__C)
                  828c24f8    00000004     app_pe66.oe66 (.const:ti_sysbios_knl_Clock_LW_delayed__C)
                  828c24fc    00000004     app_pe66.oe66 (.const:ti_sysbios_knl_Clock_Module_State_clockQ__O)
                  828c2500    00000004     app_pe66.oe66 (.const:ti_sysbios_knl_Clock_Module__diagsEnabled__C)
                  828c2504    00000004     app_pe66.oe66 (.const:ti_sysbios_knl_Clock_Module__diagsIncluded__C)
                  828c2508    00000004     app_pe66.oe66 (.const:ti_sysbios_knl_Clock_Module__diagsMask__C)
                  828c250c    00000004     app_pe66.oe66 (.const:ti_sysbios_knl_Clock_Module__loggerFxn1__C)
                  828c2510    00000004     app_pe66.oe66 (.const:ti_sysbios_knl_Clock_Module__loggerFxn2__C)
                  828c2514    00000004     app_pe66.oe66 (.const:ti_sysbios_knl_Clock_Module__loggerObj__C)
                  828c2518    00000004     app_pe66.oe66 (.const:ti_sysbios_knl_Clock_tickPeriod__C)
                  828c251c    00000004     app_pe66.oe66 (.const:ti_sysbios_knl_Mailbox_Instance_State_freeQue__O)
                  828c2520    00000004     app_pe66.oe66 (.const:ti_sysbios_knl_Mailbox_Object__count__C)
                  828c2524    00000004     app_pe66.oe66 (.const:ti_sysbios_knl_Mailbox_maxTypeAlign__C)
                  828c2528    00000004     app_pe66.oe66 (.const:ti_sysbios_knl_Semaphore_A_badContext__C)
                  828c252c    00000004     app_pe66.oe66 (.const:ti_sysbios_knl_Semaphore_A_noEvents__C)
                  828c2530    00000004     app_pe66.oe66 (.const:ti_sysbios_knl_Semaphore_A_overflow__C)
                  828c2534    00000004     app_pe66.oe66 (.const:ti_sysbios_knl_Semaphore_A_pendTaskDisabled__C)
                  828c2538    00000004     app_pe66.oe66 (.const:ti_sysbios_knl_Semaphore_Instance_State_pendQ__O)
                  828c253c    00000004     app_pe66.oe66 (.const:ti_sysbios_knl_Semaphore_LM_pend__C)
                  828c2540    00000004     app_pe66.oe66 (.const:ti_sysbios_knl_Semaphore_LM_post__C)
                  828c2544    00000004     app_pe66.oe66 (.const:ti_sysbios_knl_Semaphore_Module__diagsEnabled__C)
                  828c2548    00000004     app_pe66.oe66 (.const:ti_sysbios_knl_Semaphore_Module__diagsIncluded__C)
                  828c254c    00000004     app_pe66.oe66 (.const:ti_sysbios_knl_Semaphore_Module__diagsMask__C)
                  828c2550    00000004     app_pe66.oe66 (.const:ti_sysbios_knl_Semaphore_Module__loggerFxn2__C)
                  828c2554    00000004     app_pe66.oe66 (.const:ti_sysbios_knl_Semaphore_Module__loggerFxn4__C)
                  828c2558    00000004     app_pe66.oe66 (.const:ti_sysbios_knl_Semaphore_Module__loggerObj__C)
                  828c255c    00000004     app_pe66.oe66 (.const:ti_sysbios_knl_Swi_LD_end__C)
                  828c2560    00000004     app_pe66.oe66 (.const:ti_sysbios_knl_Swi_LM_begin__C)
                  828c2564    00000004     app_pe66.oe66 (.const:ti_sysbios_knl_Swi_LM_post__C)
                  828c2568    00000004     app_pe66.oe66 (.const:ti_sysbios_knl_Swi_Module__diagsEnabled__C)
                  828c256c    00000004     app_pe66.oe66 (.const:ti_sysbios_knl_Swi_Module__diagsIncluded__C)
                  828c2570    00000004     app_pe66.oe66 (.const:ti_sysbios_knl_Swi_Module__diagsMask__C)
                  828c2574    00000004     app_pe66.oe66 (.const:ti_sysbios_knl_Swi_Module__loggerFxn1__C)
                  828c2578    00000004     app_pe66.oe66 (.const:ti_sysbios_knl_Swi_Module__loggerFxn4__C)
                  828c257c    00000004     app_pe66.oe66 (.const:ti_sysbios_knl_Swi_Module__loggerObj__C)
                  828c2580    00000004     app_pe66.oe66 (.const:ti_sysbios_knl_Swi_Object__count__C)
                  828c2584    00000004     app_pe66.oe66 (.const:ti_sysbios_knl_Task_A_badPriority__C)
                  828c2588    00000004     app_pe66.oe66 (.const:ti_sysbios_knl_Task_A_badTaskState__C)
                  828c258c    00000004     app_pe66.oe66 (.const:ti_sysbios_knl_Task_A_badThreadType__C)
                  828c2590    00000004     app_pe66.oe66 (.const:ti_sysbios_knl_Task_A_badTimeout__C)
                  828c2594    00000004     app_pe66.oe66 (.const:ti_sysbios_knl_Task_A_noPendElem__C)
                  828c2598    00000004     app_pe66.oe66 (.const:ti_sysbios_knl_Task_A_sleepTaskDisabled__C)
                  828c259c    00000004     app_pe66.oe66 (.const:ti_sysbios_knl_Task_E_spOutOfBounds__C)
                  828c25a0    00000004     app_pe66.oe66 (.const:ti_sysbios_knl_Task_E_stackOverflow__C)
                  828c25a4    00000004     app_pe66.oe66 (.const:ti_sysbios_knl_Task_LD_block__C)
                  828c25a8    00000004     app_pe66.oe66 (.const:ti_sysbios_knl_Task_LD_exit__C)
                  828c25ac    00000004     app_pe66.oe66 (.const:ti_sysbios_knl_Task_LD_ready__C)
                  828c25b0    00000004     app_pe66.oe66 (.const:ti_sysbios_knl_Task_LM_sleep__C)
                  828c25b4    00000004     app_pe66.oe66 (.const:ti_sysbios_knl_Task_LM_switch__C)
                  828c25b8    00000004     app_pe66.oe66 (.const:ti_sysbios_knl_Task_Module_State_inactiveQ__O)
                  828c25bc    00000004     app_pe66.oe66 (.const:ti_sysbios_knl_Task_Module__diagsEnabled__C)
                  828c25c0    00000004     app_pe66.oe66 (.const:ti_sysbios_knl_Task_Module__diagsIncluded__C)
                  828c25c4    00000004     app_pe66.oe66 (.const:ti_sysbios_knl_Task_Module__diagsMask__C)
                  828c25c8    00000004     app_pe66.oe66 (.const:ti_sysbios_knl_Task_Module__loggerFxn2__C)
                  828c25cc    00000004     app_pe66.oe66 (.const:ti_sysbios_knl_Task_Module__loggerFxn4__C)
                  828c25d0    00000004     app_pe66.oe66 (.const:ti_sysbios_knl_Task_Module__loggerObj__C)
                  828c25d4    00000004     app_pe66.oe66 (.const:ti_sysbios_knl_Task_Object__count__C)
                  828c25d8    00000004     app_pe66.oe66 (.const:ti_sysbios_knl_Task_Object__heap__C)
                  828c25dc    00000004     app_pe66.oe66 (.const:ti_sysbios_knl_Task_allBlockedFunc__C)
                  828c25e0    00000004     app_pe66.oe66 (.const:ti_sysbios_knl_Task_defaultStackHeap__C)
                  828c25e4    00000004     app_pe66.oe66 (.const:ti_sysbios_knl_Task_defaultStackSize__C)
                  828c25e8    00000004     app_pe66.oe66 (.const:ti_sysbios_knl_Task_numConstructedTasks__C)
                  828c25ec    00000004     app_pe66.oe66 (.const:ti_sysbios_timers_timer64_Timer_A_notAvailable__C)
                  828c25f0    00000004     app_pe66.oe66 (.const:ti_sysbios_timers_timer64_Timer_E_cannotSupport__C)
                  828c25f4    00000004     app_pe66.oe66 (.const:ti_sysbios_timers_timer64_Timer_Module__diagsEnabled__C)
                  828c25f8    00000004     app_pe66.oe66 (.const:ti_sysbios_timers_timer64_Timer_Module__diagsIncluded__C)
                  828c25fc    00000004     app_pe66.oe66 (.const:ti_sysbios_timers_timer64_Timer_Module__diagsMask__C)
                  828c2600    00000004     app_pe66.oe66 (.const:ti_sysbios_timers_timer64_Timer_anyMaskHigh__C)
                  828c2604    00000004     app_pe66.oe66 (.const:ti_sysbios_timers_timer64_Timer_anyMask__C)
                  828c2608    00000004     app_pe66.oe66 (.const:ti_sysbios_timers_timer64_Timer_freqDivisor__C)
                  828c260c    00000004     app_pe66.oe66 (.const:ti_sysbios_timers_timer64_Timer_numLocalTimers__C)
                  828c2610    00000004     app_pe66.oe66 (.const:ti_sysbios_timers_timer64_Timer_numTimerDevices__C)
                  828c2614    00000004     app_pe66.oe66 (.const:xdc_runtime_Assert_E_assertFailed__C)
                  828c2618    00000004     app_pe66.oe66 (.const:xdc_runtime_Core_A_initializedParams__C)
                  828c261c    00000004     app_pe66.oe66 (.const:xdc_runtime_Core_Module__diagsEnabled__C)
                  828c2620    00000004     app_pe66.oe66 (.const:xdc_runtime_Core_Module__diagsIncluded__C)
                  828c2624    00000004     app_pe66.oe66 (.const:xdc_runtime_Core_Module__diagsMask__C)
                  828c2628    00000004     app_pe66.oe66 (.const:xdc_runtime_Error_E_memory__C)
                  828c262c    00000004     app_pe66.oe66 (.const:xdc_runtime_Error_Module__diagsEnabled__C)
                  828c2630    00000004     app_pe66.oe66 (.const:xdc_runtime_Error_Module__diagsIncluded__C)
                  828c2634    00000004     app_pe66.oe66 (.const:xdc_runtime_Error_Module__diagsMask__C)
                  828c2638    00000004     app_pe66.oe66 (.const:xdc_runtime_Error_Module__loggerFxn8__C)
                  828c263c    00000004     app_pe66.oe66 (.const:xdc_runtime_Error_Module__loggerObj__C)
                  828c2640    00000004     app_pe66.oe66 (.const:xdc_runtime_Error_policyFxn__C)
                  828c2644    00000004     app_pe66.oe66 (.const:xdc_runtime_Error_policy__C)
                  828c2648    00000004     app_pe66.oe66 (.const:xdc_runtime_Error_raiseHook__C)
                  828c264c    00000004     app_pe66.oe66 (.const:xdc_runtime_IFilterLogger_Interface__BASE__C)
                  828c2650    00000004     app_pe66.oe66 (.const:xdc_runtime_IGateProvider_Interface__BASE__C)
                  828c2654    00000004     app_pe66.oe66 (.const:xdc_runtime_IHeap_Interface__BASE__C)
                  828c2658    00000004     app_pe66.oe66 (.const:xdc_runtime_ILogger_Interface__BASE__C)
                  828c265c    00000004     app_pe66.oe66 (.const:xdc_runtime_IModule_Interface__BASE__C)
                  828c2660    00000004     app_pe66.oe66 (.const:xdc_runtime_Log_L_error__C)
                  828c2664    00000004     app_pe66.oe66 (.const:xdc_runtime_LoggerBuf_E_badLevel__C)
                  828c2668    00000004     app_pe66.oe66 (.const:xdc_runtime_LoggerBuf_Module__gateObj__C)
                  828c266c    00000004     app_pe66.oe66 (.const:xdc_runtime_LoggerBuf_Object__count__C)
                  828c2670    00000004     app_pe66.oe66 (.const:xdc_runtime_LoggerBuf_statusLogger__C)
                  828c2674    00000004     app_pe66.oe66 (.const:xdc_runtime_Memory_defaultHeapInstance__C)
                  828c2678    00000004     app_pe66.oe66 (.const:xdc_runtime_Startup_execImpl__C)
                  828c267c    00000004     app_pe66.oe66 (.const:xdc_runtime_Startup_maxPasses__C)
                  828c2680    00000004     app_pe66.oe66 (.const:xdc_runtime_Startup_sfxnRts__C)
                  828c2684    00000004     app_pe66.oe66 (.const:xdc_runtime_Startup_sfxnTab__C)
                  828c2688    00000004     app_pe66.oe66 (.const:xdc_runtime_SysMin_bufSize__C)
                  828c268c    00000004     app_pe66.oe66 (.const:xdc_runtime_SysMin_outputFunc__C)
                  828c2690    00000004     app_pe66.oe66 (.const:xdc_runtime_System_Module__gateObj__C)
                  828c2694    00000004     app_pe66.oe66 (.const:xdc_runtime_System_abortFxn__C)
                  828c2698    00000004     app_pe66.oe66 (.const:xdc_runtime_System_exitFxn__C)
                  828c269c    00000004     app_pe66.oe66 (.const:xdc_runtime_System_extendFxn__C)
                  828c26a0    00000004     app_pe66.oe66 (.const:xdc_runtime_System_maxAtexitHandlers__C)
                  828c26a4    00000004     app_pe66.oe66 (.const:xdc_runtime_Text_charTab__C)
                  828c26a8    00000004     app_pe66.oe66 (.const:xdc_runtime_Text_nameEmpty__C)
                  828c26ac    00000004     app_pe66.oe66 (.const:xdc_runtime_Text_nameStatic__C)
                  828c26b0    00000004     app_pe66.oe66 (.const:xdc_runtime_Text_nameUnknown__C)
                  828c26b4    00000004     app_pe66.oe66 (.const:xdc_runtime_Text_nodeTab__C)
                  828c26b8    00000004     app_pe66.oe66 (.const:xdc_runtime_Text_visitRopeFxn__C)
                  828c26bc    00000002     app_pe66.oe66 (.const:ti_sysbios_family_c64p_Hwi_Module__id__C)
                  828c26be    00000002     app_pe66.oe66 (.const:ti_sysbios_family_c64p_Hwi_Module__loggerDefined__C)
                  828c26c0    00000002     app_pe66.oe66 (.const:ti_sysbios_family_c66_Cache_Module__id__C)
                  828c26c2    00000002     app_pe66.oe66 (.const:ti_sysbios_family_c66_Cache_registerRTSSynch__C)
                  828c26c4    00000002     app_pe66.oe66 (.const:ti_sysbios_gates_GateMutex_Module__id__C)
                  828c26c6    00000002     app_pe66.oe66 (.const:ti_sysbios_hal_Hwi_Module__id__C)
                  828c26c8    00000002     app_pe66.oe66 (.const:ti_sysbios_heaps_HeapMem_Module__id__C)
                  828c26ca    00000002     app_pe66.oe66 (.const:ti_sysbios_knl_Clock_Module__id__C)
                  828c26cc    00000002     app_pe66.oe66 (.const:ti_sysbios_knl_Clock_Module__loggerDefined__C)
                  828c26ce    00000002     app_pe66.oe66 (.const:ti_sysbios_knl_Semaphore_Module__id__C)
                  828c26d0    00000002     app_pe66.oe66 (.const:ti_sysbios_knl_Semaphore_Module__loggerDefined__C)
                  828c26d2    00000002     app_pe66.oe66 (.const:ti_sysbios_knl_Swi_Module__id__C)
                  828c26d4    00000002     app_pe66.oe66 (.const:ti_sysbios_knl_Swi_Module__loggerDefined__C)
                  828c26d6    00000002     app_pe66.oe66 (.const:ti_sysbios_knl_Task_Module__id__C)
                  828c26d8    00000002     app_pe66.oe66 (.const:ti_sysbios_knl_Task_Module__loggerDefined__C)
                  828c26da    00000002     app_pe66.oe66 (.const:ti_sysbios_timers_timer64_Timer_Module__id__C)
                  828c26dc    00000002     app_pe66.oe66 (.const:ti_sysbios_timers_timer64_Timer_startupNeeded__C)
                  828c26de    00000002     app_pe66.oe66 (.const:ti_sysbios_timers_timer64_Timer_useTimer64pRegMap__C)
                  828c26e0    00000002     app_pe66.oe66 (.const:xdc_runtime_Core_Module__id__C)
                  828c26e2    00000002     app_pe66.oe66 (.const:xdc_runtime_Error_Module__loggerDefined__C)
                  828c26e4    00000002     app_pe66.oe66 (.const:xdc_runtime_Error_maxDepth__C)
                  828c26e6    00000002     app_pe66.oe66 (.const:xdc_runtime_LoggerBuf_Module__id__C)
                  828c26e8    00000002     app_pe66.oe66 (.const:xdc_runtime_LoggerBuf_filterByLevel__C)
                  828c26ea    00000002     app_pe66.oe66 (.const:xdc_runtime_Memory_Module__id__C)
                  828c26ec    00000002     app_pe66.oe66 (.const:xdc_runtime_SysMin_flushAtExit__C)
                  828c26ee    00000002     app_pe66.oe66 (.const:xdc_runtime_Text_charCnt__C)
                  828c26f0    00000002     app_pe66.oe66 (.const:xdc_runtime_Text_isLoaded__C)
                  828c26f2    00000002     app_pe66.oe66 (.const:xdc_runtime_Text_registryModsLastId__C)
                  828c26f4    00000002     app_pe66.oe66 (.const:xdc_runtime_Text_unnamedModsLastId__C)

.fardata   0    828c3898    00000b0c     UNINITIALIZED
                  828c3898    000001e0     rts6600_elf.lib : defs.c.obj (.fardata:_ftable)
                  828c3a78    00000180     app_pe66.oe66 (.fardata:ti_sysbios_timers_timer64_Timer_Module_State_0_device__A)
                  828c3bf8    000000a0     rts6600_elf.lib : write.c.obj (.fardata:_stream)
                  828c3c98    00000080     app_pe66.oe66 (.fardata:ti_sysbios_knl_Swi_Module_State_0_readyQ__A)
                  828c3d18    00000080     app_pe66.oe66 (.fardata:ti_sysbios_knl_Task_Module_State_0_readyQ__A)
                  828c3d98    00000080     app_pe66.oe66 (.fardata:ti_sysbios_timers_timer64_Timer_Module_State_0_gctrl__A)
                  828c3e18    00000080     app_pe66.oe66 (.fardata:ti_sysbios_timers_timer64_Timer_Module_State_0_handles__A)
                  828c3e98    00000080     app_pe66.oe66 (.fardata:ti_sysbios_timers_timer64_Timer_Module_State_0_intFreqs__A)
                  828c3f18    00000078     rts6600_elf.lib : write.c.obj (.fardata:_device)
                  828c3f90    0000006c     app_pe66.oe66 (.fardata:ti_sysbios_family_c64p_Hwi_Module__state__V)
                  828c3ffc    00000004     rts6600_elf.lib : _lock.c.obj (.fardata:_lock)
                  828c4000    00000060     app_pe66.oe66 (.fardata:ti_sysbios_gates_GateMutex_Object__table__V)
                  828c4060    0000005c     app_pe66.oe66 (.fardata:ti_sysbios_knl_Task_Object__table__V)
                  828c40bc    00000004     rts6600_elf.lib : _lock.c.obj (.fardata:_unlock)
                  828c40c0    00000050     app_pe66.oe66 (.fardata:ti_sysbios_timers_timer64_Timer_Object__table__V)
                  828c4110    00000048     app_pe66.oe66 (.fardata:ti_sysbios_knl_Task_Module__state__V)
                  828c4158    0000003c     app_pe66.oe66 (.fardata:ti_sysbios_hal_SecondsClock_Module__state__V)
                  828c4194    00000030     app_pe66.oe66 (.fardata:ti_sysbios_family_c64p_Exception_Module__state__V)
                  828c41c4    00000004     rts6600_elf.lib : defs.c.obj (.fardata)
                  828c41c8    00000030     app_pe66.oe66 (.fardata:ti_sysbios_knl_Swi_Object__table__V)
                  828c41f8    0000002c     app_pe66.oe66 (.fardata:ti_sysbios_knl_Clock_Module__state__V)
                  828c4224    00000024     app_pe66.oe66 (.fardata:ti_sysbios_BIOS_Module__state__V)
                  828c4248    00000024     app_pe66.oe66 (.fardata:xdc_runtime_LoggerBuf_Object__table__V)
                  828c426c    00000020     app_pe66.oe66 (.fardata:xdc_runtime_Error_IgnoreBlock)
                  828c428c    0000001c     app_pe66.oe66 (.fardata:ti_sysbios_knl_Swi_Module__state__V)
                  828c42a8    00000018     app_pe66.oe66 (.fardata:ti_sysbios_family_c64p_Hwi_Object__table__V)
                  828c42c0    00000018     app_pe66.oe66 (.fardata:ti_sysbios_heaps_HeapMem_Object__table__V)
                  828c42d8    00000018     app_pe66.oe66 (.fardata:ti_sysbios_timers_timer64_Timer_Module__state__V)
                  828c42f0    00000010     ti.csl.ae66 : csl_cpsgmii.oe66 (.fardata:cpsgmiiPortBaseAddr)
                  828c4300    00000010     app_pe66.oe66 (.fardata:xdc_runtime_System_Module_State_0_atexitHandlers__A)
                  828c4310    0000000c     rts6600_elf.lib : exit.c.obj (.fardata)
                  828c431c    0000000c     app_pe66.oe66 (.fardata:xdc_runtime_SysMin_Module__state__V)
                  828c4328    00000008     app_pe66.oe66 (.fardata:ti_sysbios_gates_GateHwi_Module__root__V)
                  828c4330    00000008     app_pe66.oe66 (.fardata:ti_sysbios_gates_GateMutex_Module__root__V)
                  828c4338    00000008     app_pe66.oe66 (.fardata:ti_sysbios_hal_Hwi_Object__table__V)
                  828c4340    00000008     app_pe66.oe66 (.fardata:ti_sysbios_heaps_HeapMem_Module__root__V)
                  828c4348    00000008     app_pe66.oe66 (.fardata:ti_sysbios_knl_Queue_Module__root__V)
                  828c4350    00000008     app_pe66.oe66 (.fardata:ti_sysbios_knl_Semaphore_Module__root__V)
                  828c4358    00000008     app_pe66.oe66 (.fardata:ti_sysbios_knl_Task_Module__root__V)
                  828c4360    00000008     app_pe66.oe66 (.fardata:xdc_runtime_LoggerBuf_Module__root__V)
                  828c4368    00000008     app_pe66.oe66 (.fardata:xdc_runtime_Registry_Module__state__V)
                  828c4370    00000008     app_pe66.oe66 (.fardata:xdc_runtime_Startup_Module__state__V)
                  828c4378    00000008     app_pe66.oe66 (.fardata:xdc_runtime_System_Module__state__V)
                  828c4380    00000008     yaffsfs.obj (.fardata:yaffsfs_deviceList)
                  828c4388    00000006     app_pe66.oe66 (.fardata:xdc_runtime_LoggerBuf_Module__state__V)
                  828c438e    00000002     app_pe66.oe66 (.fardata:xdc_runtime_Error_Module__state__V)
                  828c4390    00000004     rts6600_elf.lib : errno.c.obj (.fardata)
                  828c4394    00000004     app_pe66.oe66 (.fardata:ti_sysbios_rts_ti_ReentSupport_Module__state__V)
                  828c4398    00000004     app_pe66.oe66 (.fardata:ti_sysbios_gates_GateHwi_Object__table__V)
                  828c439c    00000004     app_pe66.oe66 (.fardata:xdc_runtime_Memory_Module__state__V)
                  828c43a0    00000004     app_pe66.oe66 (.fardata:ti_sysbios_knl_Task_Module_State_0_idleTask__A)

.switch.1 
*          0    828c43a4    00000058     
                  828c43a4    00000038     rts6600_elf.lib : _printfi.c.obj (.switch:__TI_printfi)
                  828c43dc    00000020     yaffs_guts.obj (.switch:yaffs_retype_obj)

.switch.2 
*          0    828c4600    00000108     
                  828c4600    0000001c     ti.platform.evm6678l.ae66 : platform.obj (.switch:platform_internal_memory_test)
                  828c461c    00000018     yaffs_yaffs1.obj (.switch:yaffs1_scan)
                  828c4634    00000018     yaffs_yaffs2.obj (.switch:yaffs2_scan_chunk)
                  828c464c    00000018     yaffs_guts.obj (.switch:yaffs_count_free_chunks)
                  828c4664    00000018     yaffs_guts.obj (.switch:yaffs_create_obj)
                  828c467c    00000018     yaffs_guts.obj (.switch:yaffs_del_obj)
                  828c4694    00000018     yaffs_guts.obj (.switch:yaffs_new_obj)
                  828c46ac    00000018     yaffs_guts.obj (.switch:yaffs_unlink_worker)
                  828c46c4    00000018     yaffs_guts.obj (.switch:yaffs_update_oh)
                  828c46dc    00000018     yaffs_verify.obj (.switch:yaffs_verify_obj)
                  828c46f4    00000014     yaffs_guts.obj (.switch:yaffs_get_obj_type)

.cio       0    828c4708    00000120     UNINITIALIZED
                  828c4708    00000120     rts6600_elf.lib : trgmsg.c.obj (.cio)

MODULE SUMMARY

       Module                        code     ro data   rw data
       ------                        ----     -------   -------
    .\
       main.obj                      576      182       0      
       platform_osal_function.obj    192      0         0      
    +--+-----------------------------+--------+---------+---------+
       Total:                        768      182       0      
                                                               
    .\yaffs2\
       yaffs_guts.obj                37248    3352      0      
       yaffsfs.obj                   26048    40        13072  
       yaffs_yaffs2.obj              13504    1984      0      
       yaffs_verify.obj              4704     1720      4      
       yaffs_checkptrw.obj           4608     676       0      
       yaffs_yaffs1.obj              3200     456       0      
       yaffs_tagscompat.obj          2976     344       40     
       yaffs_summary.obj             2400     88        0      
       yaffs_allocator.obj           2240     180       0      
       yaffs_ecc.obj                 2016     256       0      
       yaffs_tagsmarshall.obj        1504     260       0      
       yaffs_nameval.obj             1568     0         0      
       yaffs_packedtags2.obj         1248     144       0      
       yaffs_nand.obj                928      176       0      
       yaffs_endian.obj              1024     28        0      
       yaffs_bitmap.obj              864      100       0      
       yaffs_attribs.obj             448      0         0      
       yaffs_hweight.obj             128      256       0      
       yaffs_osglue.obj              224      92        4      
    +--+-----------------------------+--------+---------+---------+
       Total:                        106880   10152     13120  
                                                               
    D:\pxqwork\project\5G-DSP\5G_Yaffs2\Debug\configPkg\package\cfg\
       app_pe66.oe66                 5184     9507      555492 
    +--+-----------------------------+--------+---------+---------+
       Total:                        5184     9507      555492 
                                                               
    C:\ti\ccs901\ccs\tools\compiler\ti-cgt-c6000_8.3.2\lib\rts6600_elf.lib
       _printfi.c.obj                13440    92        0      
       divd.c.obj                    1536     0         0      
       defs.c.obj                    0        0         804    
       fputs.c.obj                   800      0         0      
       imath64.c.obj                 672      0         0      
       qsort.c.obj                   576      0         0      
       trgmsg.c.obj                  224      0         288    
       fflush.c.obj                  448      0         0      
[...]
828c23fc  ti_sysbios_family_c62_TaskSupport_stackAlignment__C        
828c2400  ti_sysbios_knl_Task_hooks__A                               
828c242c  ti_sysbios_family_c64p_Exception_E_exceptionMax__C         
828c2430  ti_sysbios_knl_Idle_funcList__A                            
828c2438  ti_sysbios_knl_Idle_funcList__C                            
828c2440  ti_sysbios_knl_Task_hooks__C                               
828c2448  xdc_runtime_Startup_firstFxns__A                           
828c2450  xdc_runtime_Startup_firstFxns__C                           
828c2458  xdc_runtime_Startup_lastFxns__C                            
828c2466  ti_sysbios_family_c64p_Exception_useInternalBuffer__C      
828c2468  ti_sysbios_family_c64p_Exception_exceptionHook__C          
828c246c  ti_sysbios_family_c64p_Exception_externalHook__C           
828c2470  ti_sysbios_family_c64p_Exception_internalHook__C           
828c2474  ti_sysbios_family_c64p_Exception_nmiHook__C                
828c2478  ti_sysbios_family_c64p_Hwi_INTRMUX1Address__C              
828c247c  ti_sysbios_family_c64p_Hwi_LD_end__C                       
828c2480  ti_sysbios_family_c64p_Hwi_LM_begin__C                     
828c2484  ti_sysbios_family_c64p_Hwi_Module__diagsEnabled__C         
828c2488  ti_sysbios_family_c64p_Hwi_Module__diagsIncluded__C        
828c248c  ti_sysbios_family_c64p_Hwi_Module__diagsMask__C            
828c2490  ti_sysbios_family_c64p_Hwi_Module__loggerFxn1__C           
828c2494  ti_sysbios_family_c64p_Hwi_Module__loggerFxn8__C           
828c2498  ti_sysbios_family_c64p_Hwi_Module__loggerObj__C            
828c249c  ti_sysbios_family_c66_Cache_E_invalidL1CacheSize__C        
828c24a0  ti_sysbios_family_c66_Cache_E_invalidL2CacheSize__C        
828c24a4  ti_sysbios_family_c66_Cache_atomicBlockSize__C             
828c24a8  ti_sysbios_gates_GateMutex_A_badContext__C                 
828c24ac  ti_sysbios_gates_GateMutex_Instance_State_sem__O           
828c24b0  ti_sysbios_gates_GateMutex_Module__diagsEnabled__C         
828c24b4  ti_sysbios_gates_GateMutex_Module__diagsIncluded__C        
828c24b8  ti_sysbios_gates_GateMutex_Module__diagsMask__C            
828c24bc  ti_sysbios_hal_Hwi_E_stackOverflow__C                      
828c24c0  ti_sysbios_hal_SecondsClock_Module_State_clock__O          
828c24c4  ti_sysbios_heaps_HeapMem_A_align__C                        
828c24c8  ti_sysbios_heaps_HeapMem_A_heapSize__C                     
828c24cc  ti_sysbios_heaps_HeapMem_A_invalidFree__C                  
828c24d0  ti_sysbios_heaps_HeapMem_A_zeroBlock__C                    
828c24d4  ti_sysbios_heaps_HeapMem_E_memory__C                       
828c24d8  ti_sysbios_heaps_HeapMem_Module__diagsEnabled__C           
828c24dc  ti_sysbios_heaps_HeapMem_Module__diagsIncluded__C          
828c24e0  ti_sysbios_heaps_HeapMem_Module__diagsMask__C              
828c24e4  ti_sysbios_heaps_HeapMem_Module__gateObj__C                
828c24e8  ti_sysbios_heaps_HeapMem_Object__count__C                  
828c24ec  ti_sysbios_heaps_HeapMem_reqAlign__C                       
828c24f0  ti_sysbios_knl_Clock_LM_begin__C                           
828c24f4  ti_sysbios_knl_Clock_LM_tick__C                            
828c24f8  ti_sysbios_knl_Clock_LW_delayed__C                         
828c24fc  ti_sysbios_knl_Clock_Module_State_clockQ__O                
828c2500  ti_sysbios_knl_Clock_Module__diagsEnabled__C               
828c2504  ti_sysbios_knl_Clock_Module__diagsIncluded__C              
828c2508  ti_sysbios_knl_Clock_Module__diagsMask__C                  
828c250c  ti_sysbios_knl_Clock_Module__loggerFxn1__C                 
828c2510  ti_sysbios_knl_Clock_Module__loggerFxn2__C                 
828c2514  ti_sysbios_knl_Clock_Module__loggerObj__C                  
828c2518  ti_sysbios_knl_Clock_tickPeriod__C                         
828c251c  ti_sysbios_knl_Mailbox_Instance_State_freeQue__O           
828c2520  ti_sysbios_knl_Mailbox_Object__count__C                    
828c2524  ti_sysbios_knl_Mailbox_maxTypeAlign__C                     
828c2528  ti_sysbios_knl_Semaphore_A_badContext__C                   
828c252c  ti_sysbios_knl_Semaphore_A_noEvents__C                     
828c2530  ti_sysbios_knl_Semaphore_A_overflow__C                     
828c2534  ti_sysbios_knl_Semaphore_A_pendTaskDisabled__C             
828c2538  ti_sysbios_knl_Semaphore_Instance_State_pendQ__O           
828c253c  ti_sysbios_knl_Semaphore_LM_pend__C                        
828c2540  ti_sysbios_knl_Semaphore_LM_post__C                        
828c2544  ti_sysbios_knl_Semaphore_Module__diagsEnabled__C           
828c2548  ti_sysbios_knl_Semaphore_Module__diagsIncluded__C          
828c254c  ti_sysbios_knl_Semaphore_Module__diagsMask__C              
828c2550  ti_sysbios_knl_Semaphore_Module__loggerFxn2__C             
828c2554  ti_sysbios_knl_Semaphore_Module__loggerFxn4__C             
828c2558  ti_sysbios_knl_Semaphore_Module__loggerObj__C              
828c255c  ti_sysbios_knl_Swi_LD_end__C                               
828c2560  ti_sysbios_knl_Swi_LM_begin__C                             
828c2564  ti_sysbios_knl_Swi_LM_post__C                              
828c2568  ti_sysbios_knl_Swi_Module__diagsEnabled__C                 
828c256c  ti_sysbios_knl_Swi_Module__diagsIncluded__C                
828c2570  ti_sysbios_knl_Swi_Module__diagsMask__C                    
828c2574  ti_sysbios_knl_Swi_Module__loggerFxn1__C                   
828c2578  ti_sysbios_knl_Swi_Module__loggerFxn4__C                   
828c257c  ti_sysbios_knl_Swi_Module__loggerObj__C                    
828c2580  ti_sysbios_knl_Swi_Object__count__C                        
828c2584  ti_sysbios_knl_Task_A_badPriority__C                       
828c2588  ti_sysbios_knl_Task_A_badTaskState__C                      
828c258c  ti_sysbios_knl_Task_A_badThreadType__C                     
828c2590  ti_sysbios_knl_Task_A_badTimeout__C                        
828c2594  ti_sysbios_knl_Task_A_noPendElem__C                        
828c2598  ti_sysbios_knl_Task_A_sleepTaskDisabled__C                 
828c259c  ti_sysbios_knl_Task_E_spOutOfBounds__C                     
828c25a0  ti_sysbios_knl_Task_E_stackOverflow__C                     
828c25a4  ti_sysbios_knl_Task_LD_block__C                            
828c25a8  ti_sysbios_knl_Task_LD_exit__C                             
828c25ac  ti_sysbios_knl_Task_LD_ready__C                            
828c25b0  ti_sysbios_knl_Task_LM_sleep__C                            
828c25b4  ti_sysbios_knl_Task_LM_switch__C                           
828c25b8  ti_sysbios_knl_Task_Module_State_inactiveQ__O              
828c25bc  ti_sysbios_knl_Task_Module__diagsEnabled__C                
828c25c0  ti_sysbios_knl_Task_Module__diagsIncluded__C               
828c25c4  ti_sysbios_knl_Task_Module__diagsMask__C                   
828c25c8  ti_sysbios_knl_Task_Module__loggerFxn2__C                  
828c25cc  ti_sysbios_knl_Task_Module__loggerFxn4__C                  
828c25d0  ti_sysbios_knl_Task_Module__loggerObj__C                   
828c25d4  ti_sysbios_knl_Task_Object__count__C                       
828c25d8  ti_sysbios_knl_Task_Object__heap__C                        
828c25dc  ti_sysbios_knl_Task_allBlockedFunc__C                      
828c25e0  ti_sysbios_knl_Task_defaultStackHeap__C                    
828c25e4  ti_sysbios_knl_Task_defaultStackSize__C                    
828c25e8  ti_sysbios_knl_Task_numConstructedTasks__C                 
828c25ec  ti_sysbios_timers_timer64_Timer_A_notAvailable__C          
828c25f0  ti_sysbios_timers_timer64_Timer_E_cannotSupport__C         
828c25f4  ti_sysbios_timers_timer64_Timer_Module__diagsEnabled__C    
828c25f8  ti_sysbios_timers_timer64_Timer_Module__diagsIncluded__C   
828c25fc  ti_sysbios_timers_timer64_Timer_Module__diagsMask__C       
828c2600  ti_sysbios_timers_timer64_Timer_anyMaskHigh__C             
828c2604  ti_sysbios_timers_timer64_Timer_anyMask__C                 
828c2608  ti_sysbios_timers_timer64_Timer_freqDivisor__C             
828c260c  ti_sysbios_timers_timer64_Timer_numLocalTimers__C          
828c2610  ti_sysbios_timers_timer64_Timer_numTimerDevices__C         
828c2614  xdc_runtime_Assert_E_assertFailed__C                       
828c2618  xdc_runtime_Core_A_initializedParams__C                    
828c261c  xdc_runtime_Core_Module__diagsEnabled__C                   
828c2620  xdc_runtime_Core_Module__diagsIncluded__C                  
828c2624  xdc_runtime_Core_Module__diagsMask__C                      
828c2628  xdc_runtime_Error_E_memory__C                              
828c262c  xdc_runtime_Error_Module__diagsEnabled__C                  
828c2630  xdc_runtime_Error_Module__diagsIncluded__C                 
828c2634  xdc_runtime_Error_Module__diagsMask__C                     
828c2638  xdc_runtime_Error_Module__loggerFxn8__C                    
828c263c  xdc_runtime_Error_Module__loggerObj__C                     
828c2640  xdc_runtime_Error_policyFxn__C                             
828c2644  xdc_runtime_Error_policy__C                                
828c2648  xdc_runtime_Error_raiseHook__C                             
828c264c  xdc_runtime_IFilterLogger_Interface__BASE__C               
828c2650  xdc_runtime_IGateProvider_Interface__BASE__C               
828c2654  xdc_runtime_IHeap_Interface__BASE__C                       
828c2658  xdc_runtime_ILogger_Interface__BASE__C                     
828c265c  xdc_runtime_IModule_Interface__BASE__C                     
828c2660  xdc_runtime_Log_L_error__C                                 
828c2664  xdc_runtime_LoggerBuf_E_badLevel__C                        
828c2668  xdc_runtime_LoggerBuf_Module__gateObj__C                   
828c266c  xdc_runtime_LoggerBuf_Object__count__C                     
828c2670  xdc_runtime_LoggerBuf_statusLogger__C                      
828c2674  xdc_runtime_Memory_defaultHeapInstance__C                  
828c2678  xdc_runtime_Startup_execImpl__C                            
828c267c  xdc_runtime_Startup_maxPasses__C                           
828c2680  xdc_runtime_Startup_sfxnRts__C                             
828c2684  xdc_runtime_Startup_sfxnTab__C                             
828c2688  xdc_runtime_SysMin_bufSize__C                              
828c268c  xdc_runtime_SysMin_outputFunc__C                           
828c2690  xdc_runtime_System_Module__gateObj__C                      
828c2694  xdc_runtime_System_abortFxn__C                             
828c2698  xdc_runtime_System_exitFxn__C                              
828c269c  xdc_runtime_System_extendFxn__C                            
828c26a0  xdc_runtime_System_maxAtexitHandlers__C                    
828c26a4  xdc_runtime_Text_charTab__C                                
828c26a8  xdc_runtime_Text_nameEmpty__C                              
828c26ac  xdc_runtime_Text_nameStatic__C                             
828c26b0  xdc_runtime_Text_nameUnknown__C                            
828c26b4  xdc_runtime_Text_nodeTab__C                                
828c26b8  xdc_runtime_Text_visitRopeFxn__C                           
828c26bc  ti_sysbios_family_c64p_Hwi_Module__id__C                   
828c26be  ti_sysbios_family_c64p_Hwi_Module__loggerDefined__C        
828c26c0  ti_sysbios_family_c66_Cache_Module__id__C                  
828c26c2  ti_sysbios_family_c66_Cache_registerRTSSynch__C            
828c26c4  ti_sysbios_gates_GateMutex_Module__id__C                   
828c26c6  ti_sysbios_hal_Hwi_Module__id__C                           
828c26c8  ti_sysbios_heaps_HeapMem_Module__id__C                     
828c26ca  ti_sysbios_knl_Clock_Module__id__C                         
828c26cc  ti_sysbios_knl_Clock_Module__loggerDefined__C              
828c26ce  ti_sysbios_knl_Semaphore_Module__id__C                     
828c26d0  ti_sysbios_knl_Semaphore_Module__loggerDefined__C          
828c26d2  ti_sysbios_knl_Swi_Module__id__C                           
828c26d4  ti_sysbios_knl_Swi_Module__loggerDefined__C                
828c26d6  ti_sysbios_knl_Task_Module__id__C                          
828c26d8  ti_sysbios_knl_Task_Module__loggerDefined__C               
828c26da  ti_sysbios_timers_timer64_Timer_Module__id__C              
828c26dc  ti_sysbios_timers_timer64_Timer_startupNeeded__C           
828c26de  ti_sysbios_timers_timer64_Timer_useTimer64pRegMap__C       
828c26e0  xdc_runtime_Core_Module__id__C                             
828c26e2  xdc_runtime_Error_Module__loggerDefined__C                 
828c26e4  xdc_runtime_Error_maxDepth__C                              
828c26e6  xdc_runtime_LoggerBuf_Module__id__C                        
828c26e8  xdc_runtime_LoggerBuf_filterByLevel__C                     
828c26ea  xdc_runtime_Memory_Module__id__C                           
828c26ec  xdc_runtime_SysMin_flushAtExit__C                          
828c26ee  xdc_runtime_Text_charCnt__C                                
828c26f0  xdc_runtime_Text_isLoaded__C                               
828c26f2  xdc_runtime_Text_registryModsLastId__C                     
828c26f4  xdc_runtime_Text_unnamedModsLastId__C                      
828c2750  gDeviceNandBBlist                                          
828c37ac  gDeviceNand                                                
828c37e4  gDeviceNor                                                 
828c381c  gDeviceEeprom0                                             
828c3854  gDeviceEeprom1                                             
828c3890  emac_port_mode                                             
828c3898  _ftable                                                    
828c3a78  ti_sysbios_timers_timer64_Timer_Module_State_0_device__A   
828c3bf8  _stream                                                    
828c3c98  ti_sysbios_knl_Swi_Module_State_0_readyQ__A                
828c3d18  ti_sysbios_knl_Task_Module_State_0_readyQ__A               
828c3d98  ti_sysbios_timers_timer64_Timer_Module_State_0_gctrl__A    
828c3e18  ti_sysbios_timers_timer64_Timer_Module_State_0_handles__A  
828c3e98  ti_sysbios_timers_timer64_Timer_Module_State_0_intFreqs__A 
828c3f18  _device                                                    
828c3f90  ti_sysbios_family_c64p_Hwi_Module__state__V                
828c3ffc  _lock                                                      
828c4000  ti_sysbios_gates_GateMutex_Object__table__V                
828c4060  ti_sysbios_knl_Task_Object__table__V                       
828c40bc  _unlock                                                    
828c40c0  ti_sysbios_timers_timer64_Timer_Object__table__V           
828c4110  ti_sysbios_knl_Task_Module__state__V                       
828c4158  ti_sysbios_hal_SecondsClock_Module__state__V               
828c4194  ti_sysbios_family_c64p_Exception_Module__state__V          
828c41c4  __TI_ft_end                                                
828c41c8  ti_sysbios_knl_Swi_Object__table__V                        
828c41f8  ti_sysbios_knl_Clock_Module__state__V                      
828c4224  ti_sysbios_BIOS_Module__state__V                           
828c4248  xdc_runtime_LoggerBuf_Object__table__V                     
828c426c  xdc_runtime_Error_IgnoreBlock                              
828c428c  ti_sysbios_knl_Swi_Module__state__V                        
828c42a8  ti_sysbios_family_c64p_Hwi_Object__table__V                
828c42c0  ti_sysbios_heaps_HeapMem_Object__table__V                  
828c42d8  ti_sysbios_timers_timer64_Timer_Module__state__V           
828c42f0  cpsgmiiPortBaseAddr                                        
828c4300  xdc_runtime_System_Module_State_0_atexitHandlers__A        
828c4310  __TI_cleanup_ptr                                           
828c4314  __TI_dtors_ptr                                             
828c4318  __TI_enable_exit_profile_output                            
828c431c  xdc_runtime_SysMin_Module__state__V                        
828c4328  ti_sysbios_gates_GateHwi_Module__root__V                   
828c4330  ti_sysbios_gates_GateMutex_Module__root__V                 
828c4338  ti_sysbios_hal_Hwi_Object__table__V                        
828c4340  ti_sysbios_heaps_HeapMem_Module__root__V                   
828c4348  ti_sysbios_knl_Queue_Module__root__V                       
828c4350  ti_sysbios_knl_Semaphore_Module__root__V                   
828c4358  ti_sysbios_knl_Task_Module__root__V                        
828c4360  xdc_runtime_LoggerBuf_Module__root__V                      
828c4368  xdc_runtime_Registry_Module__state__V                      
828c4370  xdc_runtime_Startup_Module__state__V                       
828c4378  xdc_runtime_System_Module__state__V                        
828c4380  yaffsfs_deviceList                                         
828c4388  xdc_runtime_LoggerBuf_Module__state__V                     
828c438e  xdc_runtime_Error_Module__state__V                         
828c4390  __errno                                                    
828c4390  errno                                                      
828c4394  ti_sysbios_rts_ti_ReentSupport_Module__state__V            
828c4398  ti_sysbios_gates_GateHwi_Object__table__V                  
828c439c  xdc_runtime_Memory_Module__state__V                        
828c43a0  ti_sysbios_knl_Task_Module_State_0_idleTask__A             
828c4400  ti_sysbios_family_c64p_Hwi0                                
828c4400  ti_sysbios_family_c64p_Hwi_int0                            
828c4420  ti_sysbios_family_c64p_Hwi_int1                            
828c4440  ti_sysbios_family_c64p_Hwi_int2                            
828c4460  ti_sysbios_family_c64p_Hwi_int3                            
828c4480  ti_sysbios_family_c64p_Hwi_int4                            
828c44a0  ti_sysbios_family_c64p_Hwi_int5                            
828c44c0  ti_sysbios_family_c64p_Hwi_int6                            
828c44e0  ti_sysbios_family_c64p_Hwi_int7                            
828c4500  ti_sysbios_family_c64p_Hwi_int8                            
828c4520  ti_sysbios_family_c64p_Hwi_int9                            
828c4540  ti_sysbios_family_c64p_Hwi_int10                           
828c4560  ti_sysbios_family_c64p_Hwi_int11                           
828c4580  ti_sysbios_family_c64p_Hwi_int12                           
828c45a0  ti_sysbios_family_c64p_Hwi_int13                           
828c45c0  ti_sysbios_family_c64p_Hwi_int14                           
828c45e0  ti_sysbios_family_c64p_Hwi_int15                           
828c4708  __CIOBUF_                                                  
828c4828  __TI_STATIC_BASE                                           
828c4844  yaffs_wr_attempts                                          
828c4860  platform_errno                                             
828c4864  platform_init_return_code                                  
828c486c  yaffs_trace_mask                                           
828c4f08  __TI_Handler_Table_Base                                    
828c4f10  __TI_CINIT_Base                                            
828c4f10  __TI_Handler_Table_Limit                                   
828c4f38  __TI_CINIT_Limit                                           
ffffffff  __TI_pprof_out_hndl                                        
ffffffff  __TI_prof_data_size                                        
ffffffff  __TI_prof_data_start                                       
ffffffff  __binit__                                                  
ffffffff  __c_args__                                                 
ffffffff  binit                                                      
UNDEFED   __TI_INITARRAY_Base                                        
UNDEFED   __TI_INITARRAY_Limit                                       
UNDEFED   __TI_TLS_INIT_Base                                         
UNDEFED   __TI_TLS_INIT_Limit                                        

[1125 symbols]
