******************************************************************************
               TMS320C6x Linker PC v8.3.2                      
******************************************************************************
>> Linked Thu Jul 11 09:49:13 2019

OUTPUT FILE NAME:   <5G_platform_test6.out>
ENTRY POINT SYMBOL: "_c_int00"  address: 9404bfc0


MEMORY CONFIGURATION

         name            origin    length      used     unused   attr    fill
----------------------  --------  ---------  --------  --------  ----  --------
  L1PSRAM               00e00000   00007fff  00000000  00007fff  RW X
  L1DSRAM               00f00000   00007fff  00000000  00007fff  RW X
  MSMCSRAM              0c000000   00200000  00000000  00200000  RW X
  L2SRAM                10800000   00100000  0000a120  000f5ee0  RW X
  DDR3                  94000000   04000000  0004e2c0  03fb1d40  RW X


SEGMENT ALLOCATION MAP

run origin  load origin   length   init length attrs members
----------  ----------- ---------- ----------- ----- -------
10800000    10800000    0000a120   00000000    rw-
  10800000    10800000    0000a000   00000000    rw- .stack
  1080a000    1080a000    00000120   00000000    rw- .cio
94000000    94000000    00041000   00000000    rw-
  94000000    94000000    00041000   00000000    rw- .sysmem
94041000    94041000    0000b840   0000b840    r-x
  94041000    94041000    0000b840   0000b840    r-x .text
9404c840    9404c840    000014cc   00000000    rw-
  9404c840    9404c840    000011a0   00000000    rw- platform_lib
  9404d9e0    9404d9e0    0000032c   00000000    rw- .fardata
9404dd10    9404dd10    0000024c   0000024c    r--
  9404dd10    9404dd10    0000024c   0000024c    r-- .const
9404df60    9404df60    00000190   00000000    rw-
  9404df60    9404df60    00000190   00000000    rw- .far
9404e0f0    9404e0f0    00000054   00000054    r--
  9404e0f0    9404e0f0    00000054   00000054    r-- .switch
9404e144    9404e144    00000014   00000000    rw-
  9404e144    9404e144    0000000d   00000000    rw- .neardata
  9404e154    9404e154    00000004   00000000    rw- .bss
9404e158    9404e158    00000170   00000170    r--
  9404e158    9404e158    00000170   00000170    r-- .cinit


SECTION ALLOCATION MAP

 output                                  attributes/
section   page    origin      length       input sections
--------  ----  ----------  ----------   ----------------
.stack     0    10800000    0000a000     UNINITIALIZED
                  10800000    00000008     rts6600_elf.lib : boot.c.obj (.stack)
                  10800008    00009ff8     --HOLE--

.cio       0    1080a000    00000120     UNINITIALIZED
                  1080a000    00000120     rts6600_elf.lib : trgmsg.c.obj (.cio)

.sysmem    0    94000000    00041000     UNINITIALIZED
                  94000000    00000008     rts6600_elf.lib : memory.c.obj (.sysmem)
                  94000008    00040ff8     --HOLE--

.text      0    94041000    0000b840     
                  94041000    00001fe0     rts6600_elf.lib : _printfi.c.obj (.text:__TI_printfi)
                  94042fe0    00001a60     ti.platform.evm6678l.ae66 : platform.obj (.text)
                  94044a40    00000b40                               : cyhc5g_nand.obj (.text)
                  94045580    000009a0                               : cyhc5g.obj (.text)
                  94045f20    000007e0                               : cyhc5g_i2c_eeprom.obj (.text)
                  94046700    00000640     rts6600_elf.lib : _printfi.c.obj (.text:_pconv_a)
                  94046d40    00000600                     : divd.c.obj (.text:__c6xabi_divd)
                  94047340    00000460     ti.platform.evm6678l.ae66 : cyhc5g_spi.obj (.text)
                  940477a0    00000440     rts6600_elf.lib : _printfi.c.obj (.text:_pconv_g)
                  94047be0    000003e0     ti.platform.evm6678l.ae66 : cyhc5g_nor.obj (.text)
                  94047fc0    000003c0     rts6600_elf.lib : memory.c.obj (.text:free)
                  94048380    00000340     ti.platform.evm6678l.ae66 : cyhc5g_gpio.obj (.text)
                  940486c0    00000320     rts6600_elf.lib : fputs.c.obj (.text:fputs)
                  940489e0    00000300     ti.platform.evm6678l.ae66 : cyhc5g_phy.obj (.text)
                  94048ce0    000002c0     rts6600_elf.lib : _printfi.c.obj (.text:fcvt)
                  94048fa0    000002a0                     : _printfi.c.obj (.text:_pconv_e)
                  94049240    00000240                     : imath64.c.obj (.text:__c6xabi_divull)
                  94049480    000001e0     main.obj (.text)
                  94049660    000001e0     ti.platform.evm6678l.ae66 : cyhc5g_uart.obj (.text)
                  94049840    000001c0     rts6600_elf.lib : imath40.c.obj (.text:__c6xabi_divul)
                  94049a00    000001c0                     : _printfi.c.obj (.text:_ltostr)
                  94049bc0    000001c0                     : fputc.c.obj (.text:fputc)
                  94049d80    000001c0                     : memory.c.obj (.text:malloc)
                  94049f40    000001c0                     : setvbuf.c.obj (.text:setvbuf)
                  9404a100    000001a0                     : hostrename.c.obj (.text:HOSTrename)
                  9404a2a0    000001a0                     : frexp.c.obj (.text:frexp)
                  9404a440    000001a0                     : s_scalbn.c.obj (.text:scalbn)
                  9404a5e0    00000120                     : _printfi.c.obj (.text:_pconv_f)
                  9404a700    00000120                     : getdevice.c.obj (.text:getdevice)
                  9404a820    00000100                     : fclose.c.obj (.text:__TI_closefile)
                  9404a920    00000100                     : copy_decompress_rle.c.obj (.text:__TI_decompress_rle_core)
                  9404aa20    00000100                     : _printfi.c.obj (.text:_mcpy)
                  9404ab20    00000100                     : atoi.c.obj (.text:atoi)
                  9404ac20    00000100                     : fseek.c.obj (.text:fseek)
                  9404ad20    000000e0                     : hostlseek.c.obj (.text:HOSTlseek)
                  9404ae00    000000e0                     : hostopen.c.obj (.text:HOSTopen)
                  9404aee0    000000e0                     : hostwrite.c.obj (.text:HOSTwrite)
                  9404afc0    000000e0                     : _io_perm.c.obj (.text:__TI_wrt_ok)
                  9404b0a0    000000e0                     : close.c.obj (.text:close)
                  9404b180    000000e0                     : exit.c.obj (.text:exit)
                  9404b260    000000e0                     : ltoa.c.obj (.text:ltoa)
                  9404b340    000000e0                     : memset.c.obj (.text:memset)
                  9404b420    000000e0                     : printf.c.obj (.text:printf)
                  9404b500    000000c0                     : hostread.c.obj (.text:HOSTread)
                  9404b5c0    000000c0                     : hostunlink.c.obj (.text:HOSTunlink)
                  9404b680    000000c0                     : autoinit.c.obj (.text:__TI_auto_init_nobinit_nopinit:__TI_auto_init_nobinit_nopinit)
                  9404b740    000000c0                     : fflush.c.obj (.text:__TI_doflush)
                  9404b800    000000c0                     : divu.asm.obj (.text:__divu)
                  9404b8c0    000000c0                     : memory.c.obj (.text:minsert)
                  9404b980    000000c0                     : memory.c.obj (.text:mremove)
                  9404ba40    000000c0                     : tls.c.obj (.text:tls:init:__TI_tls_init)
                  9404bb00    000000a0                     : hostclose.c.obj (.text:HOSTclose)
                  9404bba0    000000a0                     : fopen.c.obj (.text:__TI_cleanup)
                  9404bc40    000000a0                     : remu.asm.obj (.text:__remu)
                  9404bce0    000000a0                     : _printfi.c.obj (.text:_ecpy)
                  9404bd80    000000a0                     : getdevice.c.obj (.text:finddevice)
                  9404be20    000000a0                     : memcpy64.asm.obj (.text:memcpy)
                  9404bec0    00000080                     : trgmsg.c.obj (.text:__TI_readmsg)
                  9404bf40    00000080                     : llshift.c.obj (.text:__c6xabi_llshl)
                  9404bfc0    00000080                     : boot.c.obj (.text:_c_int00)
                  9404c040    00000080     platform_osal_function.obj (.text)
                  9404c0c0    00000080     ti.platform.evm6678l.ae66 : cyhc5g_i2c.obj (.text)
                  9404c140    00000080     rts6600_elf.lib : unlink.c.obj (.text:unlink)
                  9404c1c0    00000060                     : frcmpyd_div.c.obj (.text:__TI_frcmpyd_div)
                  9404c220    00000060                     : trgmsg.c.obj (.text:__TI_writemsg)
                  9404c280    00000060                     : llshift.c.obj (.text:__c6xabi_llshru)
                  9404c2e0    00000060                     : imath64.c.obj (.text:_subcull)
                  9404c340    00000060                     : lseek.c.obj (.text:lseek)
                  9404c3a0    00000060                     : memccpy.c.obj (.text:memccpy)
                  9404c400    00000060                     : write.c.obj (.text:write)
                  9404c460    00000040                     : isinf.c.obj (.text:__c6xabi_isinf)
                  9404c4a0    00000040                     : _printfi.c.obj (.text:__c6xabi_isnan)
                  9404c4e0    00000040                     : call_stub.asm.obj (.text:__call_stub)
                  9404c520    00000040                     : args_main.c.obj (.text:_args_main)
                  9404c560    00000040                     : vsprintf.c.obj (.text:_outs)
                  9404c5a0    00000040     ti.platform.evm6678l.ae66 : cyhc5g_led.obj (.text)
                  9404c5e0    00000040     rts6600_elf.lib : vsprintf.c.obj (.text:vsprintf)
                  9404c620    00000040                     : wcslen.c.obj (.text:wcslen)
                  9404c660    00000020     ti.csl.ae66 : csl_gpioGetBaseAddress.oe66 (.text:CSL_GPIO_open)
                  9404c680    00000020     rts6600_elf.lib : errno.c.obj (.text:__c6xabi_errno_addr)
                  9404c6a0    00000020                     : push.asm.obj (.text:__pop_rts)
                  9404c6c0    00000020                     : push.asm.obj (.text:__push_rts)
                  9404c6e0    00000020                     : _lock.c.obj (.text:_nop)
                  9404c700    00000020                     : printf.c.obj (.text:_outc)
                  9404c720    00000020                     : vsprintf.c.obj (.text:_outc)
                  9404c740    00000020                     : printf.c.obj (.text:_outs)
                  9404c760    00000020                     : signbit.c.obj (.text:_signbit)
                  9404c780    00000020                     : startup.c.obj (.text:_system_post_cinit)
                  9404c7a0    00000020                     : pre_init.c.obj (.text:_system_pre_init)
                  9404c7c0    00000020                     : exit.c.obj (.text:abort)
                  9404c7e0    00000020                     : s_copysign.c.obj (.text:copysign)
                  9404c800    00000020                     : copy_decompress_none.c.obj (.text:decompress:none:__TI_decompress_none)
                  9404c820    00000020                     : copy_decompress_rle.c.obj (.text:decompress:rle24:__TI_decompress_rle24)

platform_lib 
*          0    9404c840    000011a0     UNINITIALIZED
                  9404c840    00000858     ti.platform.evm6678l.ae66 : platform.obj (platform_lib:uninit)
                  9404d098    00000840                               : cyhc5g_nand.obj (platform_lib)
                  9404d8d8    00000108                               : platform.obj (platform_lib:init)

.const     0    9404dd10    0000024c     
                  9404dd10    00000101     rts6600_elf.lib : ctype.c.obj (.const:.string:_ctypes_)
                  9404de11    00000003     --HOLE-- [fill = 0]
                  9404de14    00000070     ti.platform.evm6678l.ae66 : platform.obj (.const)
                  9404de84    0000005c                               : platform.obj (.const:.string)
                  9404dee0    00000028                               : cyhc5g_nand.obj (.const:.string:rbl_eccLoc)
                  9404df08    00000024     rts6600_elf.lib : _printfi.c.obj (.const:.string)
                  9404df2c    00000014     ti.platform.evm6678l.ae66 : cyhc5g_nor.obj (.const)
                  9404df40    00000008                               : cyhc5g_nand.obj (.const)
                  9404df48    00000008                               : cyhc5g_spi.obj (.const)
                  9404df50    00000004                               : cyhc5g_gpio.obj (.const)
                  9404df54    00000004                               : cyhc5g_i2c_eeprom.obj (.const)
                  9404df58    00000004                               : cyhc5g_uart.obj (.const)

.far       0    9404df60    00000190     UNINITIALIZED
                  9404df60    00000140     (.common:__TI_tmpnams)
                  9404e0a0    00000044     (.common:gI2cBlock)
                  9404e0e4    00000004     --HOLE--
                  9404e0e8    00000008     (.common:parmbuf)

.neardata 
*          0    9404e144    0000000d     UNINITIALIZED
                  9404e144    00000008     ti.platform.evm6678l.ae66 : platform.obj (.neardata)
                  9404e14c    00000005     main.obj (.neardata)

.rodata    0    9404e151    00000000     UNINITIALIZED

.bss       0    9404e154    00000004     UNINITIALIZED
                  9404e154    00000004     ti.platform.evm6678l.ae66 : cyhc5g_spi.obj (.bss)

.cinit     0    9404e158    00000170     
                  9404e158    0000009f     (.cinit.platform_lib.load) [load image, compression = rle]
                  9404e1f7    0000007e     (.cinit..fardata.load) [load image, compression = rle]
                  9404e275    0000000b     (.cinit..far.load) [load image, compression = rle]
                  9404e280    00000009     (.cinit..bss.load) [load image, compression = rle]
                  9404e289    00000009     (.cinit..neardata.load) [load image, compression = rle]
                  9404e292    00000002     --HOLE-- [fill = 0]
                  9404e294    00000008     (__TI_handler_table)
                  9404e29c    00000004     --HOLE-- [fill = 0]
                  9404e2a0    00000028     (__TI_cinit_table)

.switch    0    9404e0f0    00000054     
                  9404e0f0    00000038     rts6600_elf.lib : _printfi.c.obj (.switch:__TI_printfi)
                  9404e128    0000001c     ti.platform.evm6678l.ae66 : platform.obj (.switch:platform_internal_memory_test)

.fardata   0    9404d9e0    0000032c     UNINITIALIZED
                  9404d9e0    000001e0     rts6600_elf.lib : defs.c.obj (.fardata:_ftable)
                  9404dbc0    000000a0                     : write.c.obj (.fardata:_stream)
                  9404dc60    00000078                     : write.c.obj (.fardata:_device)
                  9404dcd8    00000010     ti.csl.ae66 : csl_cpsgmii.oe66 (.fardata:cpsgmiiPortBaseAddr)
                  9404dce8    0000000c     rts6600_elf.lib : exit.c.obj (.fardata)
                  9404dcf4    00000008                     : memory.c.obj (.fardata)
                  9404dcfc    00000004                     : _lock.c.obj (.fardata:_lock)
                  9404dd00    00000004                     : _lock.c.obj (.fardata:_unlock)
                  9404dd04    00000004                     : defs.c.obj (.fardata)
                  9404dd08    00000004                     : errno.c.obj (.fardata)

MODULE SUMMARY

       Module                        code    ro data   rw data
       ------                        ----    -------   -------
    .\
       main.obj                      480     0         5      
       platform_osal_function.obj    128     0         0      
    +--+-----------------------------+-------+---------+---------+
       Total:                        608     0         5      
                                                              
    C:/ti/pdk/6678/pdk_c667x_2_0_13/packages/ti/csl/lib/c6678/c66/release/ti.csl.ae66
       csl_gpioGetBaseAddress.oe66   32      0         0      
       csl_cpsgmii.oe66              0       0         16     
    +--+-----------------------------+-------+---------+---------+
       Total:                        32      0         16     
                                                              
    C:\ti\ccs901\ccs\tools\compiler\ti-cgt-c6000_8.3.2\lib\rts6600_elf.lib
       _printfi.c.obj                13440   92        0      
       memory.c.obj                  1792    0         8      
       divd.c.obj                    1536    0         0      
       defs.c.obj                    0       0         804    
       fputs.c.obj                   800     0         0      
       imath64.c.obj                 672     0         0      
       trgmsg.c.obj                  224     0         288    
       fputc.c.obj                   448     0         0      
       getdevice.c.obj               448     0         0      
       imath40.c.obj                 448     0         0      
       setvbuf.c.obj                 448     0         0      
       frexp.c.obj                   416     0         0      
       hostrename.c.obj              416     0         0      
       s_scalbn.c.obj                416     0         0      
       write.c.obj                   96      0         280    
       copy_decompress_rle.c.obj     288     0         0      
       printf.c.obj                  288     0         0      
       exit.c.obj                    256     0         12     
       ctype.c.obj                   0       257       0      
       atoi.c.obj                    256     0         0      
       fclose.c.obj                  256     0         0      
       fseek.c.obj                   256     0         0      
       hostopen.c.obj                224     0         8      
       _io_perm.c.obj                224     0         0      
       close.c.obj                   224     0         0      
       hostlseek.c.obj               224     0         0      
       hostwrite.c.obj               224     0         0      
       llshift.c.obj                 224     0         0      
       ltoa.c.obj                    224     0         0      
       memset.c.obj                  224     0         0      
       autoinit.c.obj                192     0         0      
       divu.asm.obj                  192     0         0      
       fflush.c.obj                  192     0         0      
       hostread.c.obj                192     0         0      
       hostunlink.c.obj              192     0         0      
       tls.c.obj                     192     0         0      
       fopen.c.obj                   160     0         0      
       hostclose.c.obj               160     0         0      
       memcpy64.asm.obj              160     0         0      
       remu.asm.obj                  160     0         0      
       vsprintf.c.obj                160     0         0      
       boot.c.obj                    128     0         0      
       unlink.c.obj                  128     0         0      
       frcmpyd_div.c.obj             96      0         0      
       lseek.c.obj                   96      0         0      
       memccpy.c.obj                 96      0         0      
       args_main.c.obj               64      0         0      
       call_stub.asm.obj             64      0         0      
       isinf.c.obj                   64      0         0      
       push.asm.obj                  64      0         0      
       wcslen.c.obj                  64      0         0      
       _lock.c.obj                   32      0         8      
       errno.c.obj                   32      0         4      
       copy_decompress_none.c.obj    32      0         0      
       pre_init.c.obj                32      0         0      
       s_copysign.c.obj              32      0         0      
       signbit.c.obj                 32      0         0      
       startup.c.obj                 32      0         0      
    +--+-----------------------------+-------+---------+---------+
       Total:                        28032   349       1412   
                                                              
    D:/pxqwork/project/5G-DSP/platform_lib_evmc6678l/lib/debug/ti.platform.evm6678l.ae66
       platform.obj                  6752    232       2408   
       cyhc5g_nand.obj               2880    48        2112   
       cyhc5g.obj                    2464    0         0      
       cyhc5g_i2c_eeprom.obj         2016    4         68     
       cyhc5g_spi.obj                1120    8         4      
       cyhc5g_nor.obj                992     20        0      
       cyhc5g_gpio.obj               832     4         0      
       cyhc5g_phy.obj                768     0         0      
       cyhc5g_uart.obj               480     4         0      
       cyhc5g_i2c.obj                128     0         0      
       cyhc5g_led.obj                64      0         0      
    +--+-----------------------------+-------+---------+---------+
       Total:                        18496   320       4592   
                                                              
       Heap:                         0       0         266240 
       Stack:                        0       0         40960  
       Linker Generated:             0       362       0      
    +--+-----------------------------+-------+---------+---------+
       Grand Total:                  47168   1031      313225 


LINKER GENERATED COPY TABLES

__TI_cinit_table @ 9404e2a0 records: 5, size/record: 8, table size: 40
	platform_lib: load addr=9404e158, load size=0000009f bytes, run addr=9404c840, run size=000011a0 bytes, compression=rle
	.fardata: load addr=9404e1f7, load size=0000007e bytes, run addr=9404d9e0, run size=0000032c bytes, compression=rle
	.far: load addr=9404e275, load size=0000000b bytes, run addr=9404df60, run size=00000190 bytes, compression=rle
	.bss: load addr=9404e280, load size=00000009 bytes, run addr=9404e154, run size=00000004 bytes, compression=rle
	.neardata: load addr=9404e289, load size=00000009 bytes, run addr=9404e144, run size=0000000d bytes, compression=rle


LINKER GENERATED HANDLER TABLE

__TI_handler_table @ 9404e294 records: 2, size/record: 4, table size: 8
	index: 0, handler: __TI_decompress_rle24
	index: 1, handler: __TI_decompress_none


GLOBAL SYMBOLS: SORTED ALPHABETICALLY BY Name 

address   name                            
-------   ----                            
9404c7c0  C$$EXIT                         
9404c278  C$$IO$$                         
9404c660  CSL_GPIO_open                   
940449d8  Convert_CoreLocal2GlobalAddr    
94045e40  CorePllcGetHwSetup              
94045c14  CorePllcHwSetup                 
940459b8  DDR3Init                        
9404bb00  HOSTclose                       
9404ad20  HOSTlseek                       
9404ae00  HOSTopen                        
9404b500  HOSTread                        
9404a100  HOSTrename                      
9404b5c0  HOSTunlink                      
9404aee0  HOSTwrite                       
94048b44  Init_SGMII                      
940454b0  NandGetDetails                  
94044b10  NandReadSpareArea               
94044bb0  NandWriteDataBytes              
94044d08  NandWriteSpareArea              
9404c098  Osal_platformFree               
9404c090  Osal_platformMalloc             
9404c050  Osal_platformSpiCsEnter         
9404c040  Osal_platformSpiCsExit          
940458c4  PowerUpDomains                  
940457a8  SetDDR3PllConfig                
94045688  SetPaPllConfig                  
9404972c  UartInit                        
9404970c  UartIsDataReady                 
940496d8  UartReadBaudRate                
940496c8  UartReadData                    
940496a0  UartSetBaudRate                 
94049660  UartWriteData                   
1080a000  __CIOBUF_                       
9404e2a0  __TI_CINIT_Base                 
9404e2c8  __TI_CINIT_Limit                
9404e294  __TI_Handler_Table_Base         
9404e29c  __TI_Handler_Table_Limit        
1080a000  __TI_STACK_END                  
0000a000  __TI_STACK_SIZE                 
9404e144  __TI_STATIC_BASE                
00041000  __TI_SYSMEM_SIZE                
UNDEFED   __TI_TLS_INIT_Base              
UNDEFED   __TI_TLS_INIT_Limit             
9404b680  __TI_auto_init_nobinit_nopinit  
9404bba0  __TI_cleanup                    
9404dce8  __TI_cleanup_ptr                
9404a820  __TI_closefile                  
9404c800  __TI_decompress_none            
9404c820  __TI_decompress_rle24           
9404b740  __TI_doflush                    
9404dcec  __TI_dtors_ptr                  
9404dcf0  __TI_enable_exit_profile_output 
9404c1c0  __TI_frcmpyd_div                
9404dd04  __TI_ft_end                     
ffffffff  __TI_pprof_out_hndl             
94041000  __TI_printfi                    
ffffffff  __TI_prof_data_size             
ffffffff  __TI_prof_data_start            
9404bec0  __TI_readmsg                    
9404ba40  __TI_tls_init                   
9404df60  __TI_tmpnams                    
9404c220  __TI_writemsg                   
9404afc0  __TI_wrt_ok                     
ffffffff  __binit__                       
9404c4e0  __c6xabi_call_stub              
94046d40  __c6xabi_divd                   
9404b800  __c6xabi_divu                   
94049840  __c6xabi_divul                  
94049240  __c6xabi_divull                 
9404c680  __c6xabi_errno_addr             
9404c460  __c6xabi_isinf                  
9404bf40  __c6xabi_llshl                  
9404c280  __c6xabi_llshru                 
9404c6a0  __c6xabi_pop_rts                
9404c6c0  __c6xabi_push_rts               
9404bc40  __c6xabi_remu                   
ffffffff  __c_args__                      
9404c4e0  __call_stub                     
9404b800  __divu                          
9404dd08  __errno                         
9404c6a0  __pop_rts                       
9404c6c0  __push_rts                      
9404bc40  __remu                          
9404c520  _args_main                      
9404bfc0  _c_int00                        
9404dd10  _ctypes_                        
9404dc60  _device                         
9404d9e0  _ftable                         
9404dcfc  _lock                           
9404c6e0  _nop                            
9404c760  _signbit                        
10800000  _stack                          
9404dbc0  _stream                         
9404c2e0  _subcull                        
94000000  _sys_memory                     
9404c780  _system_post_cinit              
9404c7a0  _system_pre_init                
9404dd00  _unlock                         
9404c7c0  abort                           
9404ab20  atoi                            
ffffffff  binit                           
9404b0a0  close                           
940489e0  configSerdes                    
9404c7e0  copysign                        
9404c7e0  copysignl                       
9404e150  core_id                         
9404dcd8  cpsgmiiPortBaseAddr             
94049518  delay_ms                        
9404c5a0  dspControlUserLEDs              
9404d9d8  emac_port_mode                  
9404dd08  errno                           
9404c0c0  evmI2CInit                      
9404b180  exit                            
9404e14c  ext_buf_flag                    
9404bd80  finddevice                      
94049bc0  fputc                           
940486c0  fputs                           
94047fc0  free                            
9404a2a0  frexp                           
9404a2a0  frexpl                          
9404ac20  fseek                           
9404d964  gDeviceEeprom0                  
9404d99c  gDeviceEeprom1                  
9404d8f4  gDeviceNand                     
9404c898  gDeviceNandBBlist               
9404d92c  gDeviceNor                      
9404e0a0  gI2cBlock                       
9404a700  getdevice                       
94048674  gpioClearFallingEdgeInterrupt   
94048640  gpioClearOutput                 
9404860c  gpioClearRisingEdgeInterrupt    
940485f0  gpioDisableGlobalInterrupt      
940485d8  gpioEnableGlobalInterrupt       
94048578  gpioInit                        
94048538  gpioReadInput                   
940484c0  gpioSetDataBusDirection         
94048440  gpioSetDirection                
940483f8  gpioSetFallingEdgeInterrupt     
940483c4  gpioSetOutput                   
94048380  gpioSetRisingEdgeInterrupt      
94046514  i2cEepromMacRead                
940463c4  i2cEepromMacWrite               
940462b8  i2cEepromRead                   
940461f4  i2cEepromWrite                  
94045f40  i2cEepromWriteBlock             
940460ec  i2cEepromWriteByteAddr          
9404a440  ldexp                           
9404a440  ldexpl                          
9404c340  lseek                           
9404b260  ltoa                            
94049560  main                            
94049d80  malloc                          
9404c3a0  memccpy                         
9404be20  memcpy                          
9404b340  memset                          
940494cc  mygpioClearOutput               
94049480  mygpioSetOutput                 
9404540c  nandFlashBlockErase             
94045398  nandInit                        
94047ed4  nor_erase                       
94047e68  nor_get_details                 
94047e00  nor_init                        
94047d84  nor_read                        
94047c60  nor_write                       
9404e0e8  parmbuf                         
940442e4  platform_blocknpage_to_offset   
94043190  platform_delay                  
940449b0  platform_delaycycles            
94043d58  platform_device_close           
94044920  platform_device_erase_block     
94044828  platform_device_mark_block_bad  
94043b34  platform_device_open            
94043c30  platform_device_read            
940447b4  platform_device_read_spare_data 
94044378  platform_device_write           
94044270  platform_device_write_spare_data
9404e144  platform_errno                  
940440e4  platform_external_memory_test   
940433b8  platform_get_coreid             
9404408c  platform_get_emac_info          
94043e48  platform_get_info               
94043ae4  platform_get_macaddr            
94043260  platform_get_phy_addr           
94043ae0  platform_get_switch_state       
94043808  platform_init                   
9404e148  platform_init_return_code       
940433c4  platform_internal_memory_test   
9404338c  platform_led                    
940432b4  platform_offset_to_blocknpage   
94043264  platform_phy_link_status        
94043244  platform_uart_init              
940431d0  platform_uart_read              
94043168  platform_uart_set_baudrate      
94043054  platform_uart_write             
94043068  platform_write                  
94043040  platform_write_configure        
9404b420  printf                          
94045598  prog_pll1_values                
94049bc0  putc                            
94045110  readNandPage                    
9404c140  remove                          
9404a440  scalbn                          
9404a440  scalbnl                         
94042fe0  serial_num_isvalid              
94049f40  setvbuf                         
94047640  spi_claim                       
940475f4  spi_cmd                         
940475b8  spi_cmd_read                    
94047580  spi_cmd_write                   
94047510  spi_read_word                   
940474f4  spi_release                     
94047494  spi_write_word                  
94047340  spi_xfer                        
9404c140  unlink                          
9404c5e0  vsprintf                        
9404c620  wcslen                          
9404c400  write                           
94044da8  writeNandPage                   
94045580  xmc_setup                       


GLOBAL SYMBOLS: SORTED BY Symbol Address 

address   name                            
-------   ----                            
0000a000  __TI_STACK_SIZE                 
00041000  __TI_SYSMEM_SIZE                
10800000  _stack                          
1080a000  __CIOBUF_                       
1080a000  __TI_STACK_END                  
94000000  _sys_memory                     
94041000  __TI_printfi                    
94042fe0  serial_num_isvalid              
94043040  platform_write_configure        
94043054  platform_uart_write             
94043068  platform_write                  
94043168  platform_uart_set_baudrate      
94043190  platform_delay                  
940431d0  platform_uart_read              
94043244  platform_uart_init              
94043260  platform_get_phy_addr           
94043264  platform_phy_link_status        
940432b4  platform_offset_to_blocknpage   
9404338c  platform_led                    
940433b8  platform_get_coreid             
940433c4  platform_internal_memory_test   
94043808  platform_init                   
94043ae0  platform_get_switch_state       
94043ae4  platform_get_macaddr            
94043b34  platform_device_open            
94043c30  platform_device_read            
94043d58  platform_device_close           
94043e48  platform_get_info               
9404408c  platform_get_emac_info          
940440e4  platform_external_memory_test   
94044270  platform_device_write_spare_data
940442e4  platform_blocknpage_to_offset   
94044378  platform_device_write           
940447b4  platform_device_read_spare_data 
94044828  platform_device_mark_block_bad  
94044920  platform_device_erase_block     
940449b0  platform_delaycycles            
940449d8  Convert_CoreLocal2GlobalAddr    
94044b10  NandReadSpareArea               
94044bb0  NandWriteDataBytes              
94044d08  NandWriteSpareArea              
94044da8  writeNandPage                   
94045110  readNandPage                    
94045398  nandInit                        
9404540c  nandFlashBlockErase             
940454b0  NandGetDetails                  
94045580  xmc_setup                       
94045598  prog_pll1_values                
94045688  SetPaPllConfig                  
940457a8  SetDDR3PllConfig                
940458c4  PowerUpDomains                  
940459b8  DDR3Init                        
94045c14  CorePllcHwSetup                 
94045e40  CorePllcGetHwSetup              
94045f40  i2cEepromWriteBlock             
940460ec  i2cEepromWriteByteAddr          
940461f4  i2cEepromWrite                  
940462b8  i2cEepromRead                   
940463c4  i2cEepromMacWrite               
94046514  i2cEepromMacRead                
94046d40  __c6xabi_divd                   
94047340  spi_xfer                        
94047494  spi_write_word                  
940474f4  spi_release                     
94047510  spi_read_word                   
94047580  spi_cmd_write                   
940475b8  spi_cmd_read                    
940475f4  spi_cmd                         
94047640  spi_claim                       
94047c60  nor_write                       
94047d84  nor_read                        
94047e00  nor_init                        
94047e68  nor_get_details                 
94047ed4  nor_erase                       
94047fc0  free                            
94048380  gpioSetRisingEdgeInterrupt      
940483c4  gpioSetOutput                   
940483f8  gpioSetFallingEdgeInterrupt     
94048440  gpioSetDirection                
940484c0  gpioSetDataBusDirection         
94048538  gpioReadInput                   
94048578  gpioInit                        
940485d8  gpioEnableGlobalInterrupt       
940485f0  gpioDisableGlobalInterrupt      
9404860c  gpioClearRisingEdgeInterrupt    
94048640  gpioClearOutput                 
94048674  gpioClearFallingEdgeInterrupt   
940486c0  fputs                           
940489e0  configSerdes                    
94048b44  Init_SGMII                      
94049240  __c6xabi_divull                 
94049480  mygpioSetOutput                 
940494cc  mygpioClearOutput               
94049518  delay_ms                        
94049560  main                            
94049660  UartWriteData                   
940496a0  UartSetBaudRate                 
940496c8  UartReadData                    
940496d8  UartReadBaudRate                
9404970c  UartIsDataReady                 
9404972c  UartInit                        
94049840  __c6xabi_divul                  
94049bc0  fputc                           
94049bc0  putc                            
94049d80  malloc                          
94049f40  setvbuf                         
9404a100  HOSTrename                      
9404a2a0  frexp                           
9404a2a0  frexpl                          
9404a440  ldexp                           
9404a440  ldexpl                          
9404a440  scalbn                          
9404a440  scalbnl                         
9404a700  getdevice                       
9404a820  __TI_closefile                  
9404ab20  atoi                            
9404ac20  fseek                           
9404ad20  HOSTlseek                       
9404ae00  HOSTopen                        
9404aee0  HOSTwrite                       
9404afc0  __TI_wrt_ok                     
9404b0a0  close                           
9404b180  exit                            
9404b260  ltoa                            
9404b340  memset                          
9404b420  printf                          
9404b500  HOSTread                        
9404b5c0  HOSTunlink                      
9404b680  __TI_auto_init_nobinit_nopinit  
9404b740  __TI_doflush                    
9404b800  __c6xabi_divu                   
9404b800  __divu                          
9404ba40  __TI_tls_init                   
9404bb00  HOSTclose                       
9404bba0  __TI_cleanup                    
9404bc40  __c6xabi_remu                   
9404bc40  __remu                          
9404bd80  finddevice                      
9404be20  memcpy                          
9404bec0  __TI_readmsg                    
9404bf40  __c6xabi_llshl                  
9404bfc0  _c_int00                        
9404c040  Osal_platformSpiCsExit          
9404c050  Osal_platformSpiCsEnter         
9404c090  Osal_platformMalloc             
9404c098  Osal_platformFree               
9404c0c0  evmI2CInit                      
9404c140  remove                          
9404c140  unlink                          
9404c1c0  __TI_frcmpyd_div                
9404c220  __TI_writemsg                   
9404c278  C$$IO$$                         
9404c280  __c6xabi_llshru                 
9404c2e0  _subcull                        
9404c340  lseek                           
9404c3a0  memccpy                         
9404c400  write                           
9404c460  __c6xabi_isinf                  
9404c4e0  __c6xabi_call_stub              
9404c4e0  __call_stub                     
9404c520  _args_main                      
9404c5a0  dspControlUserLEDs              
9404c5e0  vsprintf                        
9404c620  wcslen                          
9404c660  CSL_GPIO_open                   
9404c680  __c6xabi_errno_addr             
9404c6a0  __c6xabi_pop_rts                
9404c6a0  __pop_rts                       
9404c6c0  __c6xabi_push_rts               
9404c6c0  __push_rts                      
9404c6e0  _nop                            
9404c760  _signbit                        
9404c780  _system_post_cinit              
9404c7a0  _system_pre_init                
9404c7c0  C$$EXIT                         
9404c7c0  abort                           
9404c7e0  copysign                        
9404c7e0  copysignl                       
9404c800  __TI_decompress_none            
9404c820  __TI_decompress_rle24           
9404c898  gDeviceNandBBlist               
9404d8f4  gDeviceNand                     
9404d92c  gDeviceNor                      
9404d964  gDeviceEeprom0                  
9404d99c  gDeviceEeprom1                  
9404d9d8  emac_port_mode                  
9404d9e0  _ftable                         
9404dbc0  _stream                         
9404dc60  _device                         
9404dcd8  cpsgmiiPortBaseAddr             
9404dce8  __TI_cleanup_ptr                
9404dcec  __TI_dtors_ptr                  
9404dcf0  __TI_enable_exit_profile_output 
9404dcfc  _lock                           
9404dd00  _unlock                         
9404dd04  __TI_ft_end                     
9404dd08  __errno                         
9404dd08  errno                           
9404dd10  _ctypes_                        
9404df60  __TI_tmpnams                    
9404e0a0  gI2cBlock                       
9404e0e8  parmbuf                         
9404e144  __TI_STATIC_BASE                
9404e144  platform_errno                  
9404e148  platform_init_return_code       
9404e14c  ext_buf_flag                    
9404e150  core_id                         
9404e294  __TI_Handler_Table_Base         
9404e29c  __TI_Handler_Table_Limit        
9404e2a0  __TI_CINIT_Base                 
9404e2c8  __TI_CINIT_Limit                
ffffffff  __TI_pprof_out_hndl             
ffffffff  __TI_prof_data_size             
ffffffff  __TI_prof_data_start            
ffffffff  __binit__                       
ffffffff  __c_args__                      
ffffffff  binit                           
UNDEFED   __TI_TLS_INIT_Base              
UNDEFED   __TI_TLS_INIT_Limit             

[219 symbols]
