******************************************************************************
               TMS320C6x Linker PC v8.3.2                      
******************************************************************************
>> Linked Fri Jul 12 16:14:44 2019

OUTPUT FILE NAME:   <5G_Boot_Test_Core7.out>
ENTRY POINT SYMBOL: "_c_int00"  address: 9c014fa0


MEMORY CONFIGURATION

         name            origin    length      used     unused   attr    fill
----------------------  --------  ---------  --------  --------  ----  --------
  L2SRAM                00800000   00080000  000051a0  0007ae60  RW X
  MSMCSRAM              0c000000   00400000  00200000  00200000  RW X
  DDR                   9c000000   04000000  0003058c  03fcfa74  RW X


SEGMENT ALLOCATION MAP

run origin  load origin   length   init length attrs members
----------  ----------- ---------- ----------- ----- -------
00800000    00800000    000051a0   00000000    rw-
  00800000    00800000    00004000   00000000    rw- .stack
  00804000    00804000    000011a0   00000000    rw- platform_lib
9c000000    9c000000    00019000   00019000    r-x
  9c000000    9c000000    00019000   00019000    r-x .text
9c019000    9c019000    00010d90   00000000    rw-
  9c019000    9c019000    00010d90   00000000    rw- .far
9c029d90    9c029d90    00004572   00004572    r--
  9c029d90    9c029d90    00004572   00004572    r-- .const
9c02e308    9c02e308    00001368   00000000    rw-
  9c02e308    9c02e308    00001242   00000000    rw- .fardata
  9c02f550    9c02f550    00000120   00000000    rw- .cio
9c02f670    9c02f670    00000054   00000054    r--
  9c02f670    9c02f670    00000054   00000054    r-- .switch
9c02f6c4    9c02f6c4    0000000c   00000000    rw-
  9c02f6c4    9c02f6c4    00000004   00000000    rw- .bss
  9c02f6c8    9c02f6c8    00000008   00000000    rw- .neardata
9c02f800    9c02f800    00000ec8   00000ec8    r-x
  9c02f800    9c02f800    00000200   00000200    r-x .vecs
  9c02fa00    9c02fa00    00000cc8   00000cc8    r-- .cinit


SECTION ALLOCATION MAP

 output                                  attributes/
section   page    origin      length       input sections
--------  ----  ----------  ----------   ----------------
ti.sdo.ipc.SharedRegion_0 
*          0    0c000000    00200000     NOLOAD SECTION
                  0c000000    00200000     --HOLE--

.stack     0    00800000    00004000     UNINITIALIZED
                  00800000    00000008     boot.ae66 : boot.oe66 (.stack)
                  00800008    00003ff8     --HOLE--

.bss       0    9c02f6c4    00000004     UNINITIALIZED
                  9c02f6c4    00000004     ti.platform.evm6678l.ae66 : cyhc5g_spi.obj (.bss)

.neardata 
*          0    9c02f6c8    00000008     UNINITIALIZED
                  9c02f6c8    00000008     ti.platform.evm6678l.ae66 : platform.obj (.neardata)

.rodata    0    9c02f6d0    00000000     UNINITIALIZED

.cinit     0    9c02fa00    00000cc8     
                  9c02fa00    00000bd7     (.cinit..fardata.load) [load image, compression = rle]
                  9c0305d7    0000009f     (.cinit.platform_lib.load) [load image, compression = rle]
                  9c030676    0000000d     (.cinit..far.load) [load image, compression = rle]
                  9c030683    00000009     (.cinit..bss.load) [load image, compression = rle]
                  9c03068c    00000009     (.cinit..neardata.load) [load image, compression = rle]
                  9c030695    00000003     --HOLE-- [fill = 0]
                  9c030698    00000008     (__TI_handler_table)
                  9c0306a0    00000028     (__TI_cinit_table)

.init_array 
*          0    9c000000    00000000     UNINITIALIZED

platform_lib 
*          0    00804000    000011a0     UNINITIALIZED
                  00804000    00000858     ti.platform.evm6678l.ae66 : platform.obj (platform_lib:uninit)
                  00804858    00000840                               : cyhc5g_nand.obj (platform_lib)
                  00805098    00000108                               : platform.obj (platform_lib:init)

.vecs      0    9c02f800    00000200     
                  9c02f800    00000200     app_pe66.oe66 (.vecs)

xdc.meta   0    9c000000    000000e8     COPY SECTION
                  9c000000    000000e8     app_pe66.oe66 (xdc.meta)

.text      0    9c000000    00019000     
                  9c000000    00001fe0     rts6600_elf.lib : _printfi.c.obj (.text:__TI_printfi)
                  9c001fe0    00001a60     ti.platform.evm6678l.ae66 : platform.obj (.text)
                  9c003a40    00000b40                               : cyhc5g_nand.obj (.text)
                  9c004580    000009a0                               : cyhc5g.obj (.text)
                  9c004f20    00000880     ti.targets.rts6000.ae66 : System.oe66 (.text:xdc_runtime_System_doPrint__I)
                  9c0057a0    000007e0     ti.platform.evm6678l.ae66 : cyhc5g_i2c_eeprom.obj (.text)
                  9c005f80    00000780     sysbios.ae66 : BIOS.obj (.text:ti_sysbios_family_c64p_Exception_handler__I)
                  9c006700    00000740                  : BIOS.obj (.text:ti_sysbios_knl_Semaphore_pend__E)
                  9c006e40    00000700                  : BIOS.obj (.text:ti_sysbios_timers_timer64_Timer_Module_startup__E)
                  9c007540    00000640     rts6600_elf.lib : _printfi.c.obj (.text:_pconv_a)
                  9c007b80    00000620     sysbios.ae66 : BIOS.obj (.text:ti_sysbios_heaps_HeapMem_allocUnprotected__E)
                  9c0081a0    00000600     rts6600_elf.lib : divd.c.obj (.text:__c6xabi_divd)
                  9c0087a0    000005c0     sysbios.ae66 : BIOS.obj (.text:ti_sysbios_heaps_HeapMem_freeUnprotected__E)
                  9c008d60    00000500                  : BIOS.obj (.text:ti_sysbios_knl_Task_Instance_finalize__E)
                  9c009260    00000480                  : BIOS.obj (.text:ti_sysbios_gates_GateMutexPri_enter__E)
                  9c0096e0    00000460     ti.platform.evm6678l.ae66 : cyhc5g_spi.obj (.text)
                  9c009b40    00000460     sysbios.ae66 : BIOS.obj (.text:ti_sysbios_knl_Task_sleep__E)
                  9c009fa0    00000440     rts6600_elf.lib : _printfi.c.obj (.text:_pconv_g)
                  9c00a3e0    00000420     sysbios.ae66 : BIOS.obj (.text:ti_sysbios_knl_Task_setPri__E)
                  9c00a800    000003e0     ti.platform.evm6678l.ae66 : cyhc5g_nor.obj (.text)
                  9c00abe0    000003c0     sysbios.ae66 : BIOS.obj (.text:ti_sysbios_knl_Task_Instance_init__E)
                  9c00afa0    000003a0                  : BIOS.obj (.text:ti_sysbios_family_c66_Cache_startup__I)
                  9c00b340    00000340     ti.platform.evm6678l.ae66 : cyhc5g_gpio.obj (.text)
                  9c00b680    00000340     sysbios.ae66 : BIOS.obj (.text:ti_sysbios_family_c66_tci66xx_CpIntc_Module_startup__E)
                  9c00b9c0    00000320     rts6600_elf.lib : fputs.c.obj (.text:fputs)
                  9c00bce0    00000320     sysbios.ae66 : BIOS.obj (.text:ti_sysbios_timers_timer64_Timer_deviceConfig__I)
                  9c00c000    00000300     ti.platform.evm6678l.ae66 : cyhc5g_phy.obj (.text)
                  9c00c300    00000300     ipc.ae66 : Ipc.obj (.text:ti_sdo_ipc_Notify_Instance_init__E)
                  9c00c600    00000300     sysbios.ae66 : BIOS.obj (.text:ti_sysbios_knl_Swi_runLoop__I)
                  9c00c900    00000300                  : BIOS.obj (.text:ti_sysbios_knl_Task_Module_startup__E)
                  9c00cc00    000002e0                  : BIOS.obj (.text:ti_sysbios_heaps_HeapMem_Instance_init__E)
                  9c00cee0    000002c0     rts6600_elf.lib : _printfi.c.obj (.text:fcvt)
                  9c00d1a0    000002c0     sysbios.ae66 : BIOS.obj (.text:ti_sysbios_knl_Clock_workFunc__E)
                  9c00d460    000002c0     ti.targets.rts6000.ae66 : LoggerBuf.oe66 (.text:xdc_runtime_LoggerBuf_write8__E)
                  9c00d720    000002a0     rts6600_elf.lib : _printfi.c.obj (.text:_pconv_e)
                  9c00d9c0    00000260     sysbios.ae66 : BIOS.obj (.text:ti_sysbios_family_c64p_Hwi_dispatchCore__I)
                  9c00dc20    00000260                  : BIOS.obj (.text:ti_sysbios_knl_Semaphore_post__E)
                  9c00de80    00000260     ti.targets.rts6000.ae66 : Startup.oe66 (.text:xdc_runtime_Startup_startMods__I)
                  9c00e0e0    00000240     rts6600_elf.lib : imath64.c.obj (.text:__c6xabi_divull)
                  9c00e320    00000240     sysbios.ae66 : BIOS.obj (.text:ti_sysbios_family_c64p_Exception_internalHandler__I)
                  9c00e560    00000240     ti.targets.rts6000.ae66 : Core-mem.oe66 (.text:xdc_runtime_Core_createObject__I)
                  9c00e7a0    00000220     main.obj (.text)
                  9c00e9c0    00000220     sysbios.ae66 : BIOS.obj (.text:ti_sysbios_knl_Swi_run__I)
                  9c00ebe0    00000220                  : BIOS.obj (.text:ti_sysbios_timers_timer64_Timer_setPeriodMicroSecs__E)
                  9c00ee00    00000220     ti.targets.rts6000.ae66 : Error.oe66 (.text:xdc_runtime_Error_policyDefault__E)
                  9c00f020    00000200     sysbios.ae66 : c64p_Hwi_disp_always.obj (.text:_ti_sysbios_family_c64p_Hwi_dispatchAlways)
                  9c00f220    000001e0     ti.platform.evm6678l.ae66 : cyhc5g_uart.obj (.text)
                  9c00f400    000001e0     sysbios.ae66 : BIOS.obj (.text:ti_sysbios_gates_GateMutex_enter__E)
                  9c00f5e0    000001e0     ti.targets.rts6000.ae66 : Text.oe66 (.text:xdc_runtime_Text_putSite__E)
                  9c00f7c0    000001c0     rts6600_elf.lib : imath40.c.obj (.text:__c6xabi_divul)
                  9c00f980    000001c0                     : _printfi.c.obj (.text:_ltostr)
                  9c00fb40    000001c0                     : fputc.c.obj (.text:fputc)
                  9c00fd00    000001c0                     : setvbuf.c.obj (.text:setvbuf)
                  9c00fec0    000001c0     sysbios.ae66 : BIOS.obj (.text:ti_sysbios_knl_Task_checkStacks__E)
                  9c010080    000001c0                  : BIOS.obj (.text:ti_sysbios_timers_timer64_Timer_getFreq__E)
                  9c010240    000001c0                  : BIOS.obj (.text:ti_sysbios_timers_timer64_Timer_start__E)
                  9c010400    000001c0     ti.targets.rts6000.ae66 : LoggerBuf.oe66 (.text:xdc_runtime_LoggerBuf_write4__E)
                  9c0105c0    000001a0     rts6600_elf.lib : hostrename.c.obj (.text:HOSTrename)
                  9c010760    000001a0                     : frexp.c.obj (.text:frexp)
                  9c010900    000001a0                     : s_scalbn.c.obj (.text:scalbn)
                  9c010aa0    000001a0     sysbios.ae66 : BIOS.obj (.text:ti_sysbios_family_c66_Cache_block__I)
                  9c010c40    000001a0                  : BIOS.obj (.text:ti_sysbios_family_c66_Cache_getL2InitSize__I)
                  9c010de0    000001a0                  : BIOS.obj (.text:ti_sysbios_knl_Task_schedule__I)
                  9c010f80    000001a0     ti.targets.rts6000.ae66 : Core-smem.oe66 (.text:xdc_runtime_Core_constructObject__I)
                  9c011120    000001a0     app_pe66.oe66 (.text:xdc_runtime_System_printfExtend__I)
                  9c0112c0    00000180     sysbios.ae66 : c64p_Exception_asm.obj (.text)
                  9c011440    00000180                  : BIOS.obj (.text:ti_sysbios_knl_Task_exit__E)
                  9c0115c0    00000180                  : BIOS.obj (.text:ti_sysbios_knl_Task_startCore__E)
                  9c011740    00000160                  : BIOS.obj (.text:ti_sysbios_family_c64p_Hwi_Module_startup__E)
                  9c0118a0    00000160                  : BIOS.obj (.text:ti_sysbios_knl_Swi_post__E)
                  9c011a00    00000160     ti.targets.rts6000.ae66 : Text.oe66 (.text:xdc_runtime_Text_putMod__E)
                  9c011b60    00000140     sysbios.ae66 : BIOS.obj (.text:ti_sysbios_knl_Semaphore_Instance_init__E)
                  9c011ca0    00000140                  : BIOS.obj (.text:ti_sysbios_knl_Task_blockI__E)
                  9c011de0    00000140                  : BIOS.obj (.text:ti_sysbios_knl_Task_postInit__I)
                  9c011f20    00000140     ti.targets.rts6000.ae66 : Core-mem.oe66 (.text:xdc_runtime_Core_deleteObject__I)
                  9c012060    00000140                             : LoggerBuf.oe66 (.text:xdc_runtime_LoggerBuf_setFilterLevel__E)
                  9c0121a0    00000120     boot.ae66 : autoinit.oe66 (.text:_auto_init_elf)
                  9c0122c0    00000120     rts6600_elf.lib : _printfi.c.obj (.text:_pconv_f)
                  9c0123e0    00000120                     : getdevice.c.obj (.text:getdevice)
                  9c012500    00000120     ipc.ae66 : Ipc.obj (.text:ti_sdo_ipc_Notify_Module_startup__E)
                  9c012620    00000120     app_pe66.oe66 (.text:ti_sdo_ipc_Notify_create)
                  9c012740    00000120     sysbios.ae66 : BIOS.obj (.text:ti_sysbios_knl_Swi_restoreHwi__E)
                  9c012860    00000120     ti.targets.rts6000.ae66 : LoggerBuf.oe66 (.text:xdc_runtime_LoggerBuf_getFilterLevel__E)
                  9c012980    00000100     rts6600_elf.lib : fclose.c.obj (.text:__TI_closefile)
                  9c012a80    00000100                     : copy_decompress_rle.c.obj (.text:__TI_decompress_rle_core)
                  9c012b80    00000100                     : _printfi.c.obj (.text:_mcpy)
                  9c012c80    00000100                     : atoi.c.obj (.text:atoi)
                  9c012d80    00000100                     : fseek.c.obj (.text:fseek)
                  9c012e80    00000100     sysbios.ae66 : BIOS.obj (.text:ti_sysbios_gates_GateMutexPri_leave__E)
                  9c012f80    00000100                  : BIOS.obj (.text:ti_sysbios_knl_Task_unblockI__E)
                  9c013080    00000100                  : BIOS.obj (.text:ti_sysbios_timers_timer64_Timer_initDevice__I)
                  9c013180    00000100                  : BIOS.obj (.text:ti_sysbios_xdcruntime_GateThreadSupport_leave__E)
                  9c013280    00000100     ti.targets.rts6000.ae66 : Error.oe66 (.text:xdc_runtime_Error_print__E)
                  9c013380    00000100                             : Memory.oe66 (.text:xdc_runtime_Memory_alloc__E)
                  9c013480    00000100                             : Startup.oe66 (.text:xdc_runtime_Startup_exec__E)
                  9c013580    000000e0     rts6600_elf.lib : hostlseek.c.obj (.text:HOSTlseek)
                  9c013660    000000e0                     : hostopen.c.obj (.text:HOSTopen)
                  9c013740    000000e0                     : hostwrite.c.obj (.text:HOSTwrite)
                  9c013820    000000e0                     : _io_perm.c.obj (.text:__TI_wrt_ok)
                  9c013900    000000e0                     : close.c.obj (.text:close)
                  9c0139e0    000000e0                     : exit.c.obj (.text:exit)
                  9c013ac0    000000e0                     : ltoa.c.obj (.text:ltoa)
                  9c013ba0    000000e0                     : memset.c.obj (.text:memset)
                  9c013c80    000000e0                     : printf.c.obj (.text:printf)
                  9c013d60    000000e0     ipc.ae66 : Ipc.obj (.text:ti_sdo_ipc_MessageQ_Module_startup__E)
                  9c013e40    000000e0              : Ipc.obj (.text:ti_sdo_ipc_Notify_Instance_finalize__E)
                  9c013f20    000000e0     sysbios.ae66 : BIOS.obj (.text:ti_sysbios_heaps_HeapMem_alloc__E)
                  9c014000    000000e0                  : BIOS.obj (.text:ti_sysbios_timers_timer64_Timer_startup__E)
                  9c0140e0    000000e0     ti.targets.rts6000.ae66 : Text.oe66 (.text:xdc_runtime_Text_visitRope2__I)
                  9c0141c0    000000c0     rts6600_elf.lib : hostread.c.obj (.text:HOSTread)
                  9c014280    000000c0                     : hostunlink.c.obj (.text:HOSTunlink)
                  9c014340    000000c0                     : fflush.c.obj (.text:__TI_doflush)
                  9c014400    000000c0                     : divu.asm.obj (.text:__divu)
                  9c0144c0    000000c0     platform_osal_function.obj (.text)
                  9c014580    000000c0     sysbios.ae66 : BIOS.obj (.text:ti_sysbios_heaps_HeapMem_getStats__E)
                  9c014640    000000c0                  : BIOS.obj (.text:ti_sysbios_knl_Clock_logTick__E)
                  9c014700    000000c0                  : BIOS.obj (.text:ti_sysbios_knl_Swi_schedule__I)
                  9c0147c0    000000c0                  : BIOS.obj (.text:ti_sysbios_knl_Task_allBlockedFunction__I)
                  9c014880    000000c0     app_pe66.oe66 (.text:ti_sysbios_knl_Task_create)
                  9c014940    000000c0     rts6600_elf.lib : tls.c.obj (.text:tls:init:__TI_tls_init)
                  9c014a00    000000c0     ti.targets.rts6000.ae66 : Assert.oe66 (.text:xdc_runtime_Assert_raise__I)
                  9c014ac0    000000c0                             : Error.oe66 (.text:xdc_runtime_Error_setX__E)
                  9c014b80    000000c0     app_pe66.oe66 (.text:xdc_runtime_LoggerBuf_Object__create__S)
                  9c014c40    000000c0     ti.targets.rts6000.ae66 : SysMin.oe66 (.text:xdc_runtime_SysMin_abort__E)
                  9c014d00    000000c0                             : SysMin.oe66 (.text:xdc_runtime_SysMin_flush__E)
                  9c014dc0    000000a0     rts6600_elf.lib : hostclose.c.obj (.text:HOSTclose)
                  9c014e60    000000a0                     : fopen.c.obj (.text:__TI_cleanup)
                  9c014f00    000000a0                     : remu.asm.obj (.text:__remu)
                  9c014fa0    000000a0     boot.ae66 : boot.oe66 (.text:_c_int00)
                  9c015040    000000a0     rts6600_elf.lib : _printfi.c.obj (.text:_ecpy)
                  9c0150e0    000000a0                     : getdevice.c.obj (.text:finddevice)
                  9c015180    000000a0                     : memcpy64.asm.obj (.text:memcpy)
                  9c015220    000000a0     ipc.ae66 : Ipc.obj (.text:ti_sdo_utils_NameServer_Module_startup__E)
                  9c0152c0    000000a0              : Ipc.obj (.text:ti_sdo_utils_NameServer_postInit__I)
                  9c015360    000000a0     sysbios.ae66 : BIOS.obj (.text:ti_sysbios_family_c64p_Exception_Module_startup__E)
                  9c015400    000000a0                  : BIOS.obj (.text:ti_sysbios_family_c64p_Hwi_dispatchC__I)
                  9c0154a0    000000a0                  : BIOS.obj (.text:ti_sysbios_family_c64p_Hwi_getStackInfo__E)
                  9c015540    000000a0                  : BIOS.obj (.text:ti_sysbios_timers_timer64_Timer_stop__E)
                  9c0155e0    000000a0     ti.targets.rts6000.ae66 : Core-params.oe66 (.text:xdc_runtime_Core_assignParams__I)
                  9c015680    000000a0                             : SysMin.oe66 (.text:xdc_runtime_SysMin_putch__E)
                  9c015720    000000a0                             : System.oe66 (.text:xdc_runtime_System_formatNum__I)
                  9c0157c0    000000a0                             : System.oe66 (.text:xdc_runtime_System_putchar__I)
                  9c015860    000000a0                             : Text.oe66 (.text:xdc_runtime_Text_printVisFxn__I)
                  9c015900    000000a0                             : Text.oe66 (.text:xdc_runtime_Text_xprintf__I)
                  9c0159a0    000000a0     app_pe66.oe66 (.text:xdc_runtime_knl_GateThread_Object__create__S)
                  9c015a40    000000a0     app_pe66.oe66 (.text:xdc_runtime_knl_GateThread_create)
                  9c015ae0    00000080     rts6600_elf.lib : trgmsg.c.obj (.text:__TI_readmsg)
                  9c015b60    00000080                     : fixdu.c.obj (.text:__c6xabi_fixdu)
                  9c015be0    00000080                     : llshift.c.obj (.text:__c6xabi_llshl)
                  9c015c60    00000080     sysbios.ae66 : c62_TaskSupport_asm.obj (.text:_ti_sysbios_family_c62_TaskSupport_swap__E)
                  9c015ce0    00000080     ti.platform.evm6678l.ae66 : cyhc5g_i2c.obj (.text)
                  9c015d60    00000080     ipc.ae66 : Ipc.obj (.text:ti_sdo_ipc_gates_GateHWSem_Module_startup__E)
                  9c015de0    00000080     app_pe66.oe66 (.text:ti_sysbios_BIOS_atExitFunc__I)
                  9c015e60    00000080     app_pe66.oe66 (.text:ti_sysbios_BIOS_registerRTSLock__I)
                  9c015ee0    00000080     app_pe66.oe66 (.text:ti_sysbios_gates_GateHwi_Object__create__S)
                  9c015f60    00000080     app_pe66.oe66 (.text:ti_sysbios_gates_GateMutexPri_Object__create__S)
                  9c015fe0    00000080     app_pe66.oe66 (.text:ti_sysbios_gates_GateMutex_Object__create__S)
                  9c016060    00000080     sysbios.ae66 : BIOS.obj (.text:ti_sysbios_hal_Hwi_checkStack)
                  9c0160e0    00000080                  : BIOS.obj (.text:ti_sysbios_hal_Hwi_initStack)
                  9c016160    00000080     app_pe66.oe66 (.text:ti_sysbios_heaps_HeapMem_Object__create__S)
                  9c0161e0    00000080     sysbios.ae66 : BIOS.obj (.text:ti_sysbios_heaps_HeapMem_init__I)
                  9c016260    00000080     app_pe66.oe66 (.text:ti_sysbios_knl_Clock_doTick__I)
                  9c0162e0    00000080     sysbios.ae66 : BIOS.obj (.text:ti_sysbios_knl_Idle_run__E)
                  9c016360    00000080                  : BIOS.obj (.text:ti_sysbios_knl_Semaphore_pendTimeout__I)
                  9c0163e0    00000080                  : BIOS.obj (.text:ti_sysbios_knl_Swi_startup__E)
                  9c016460    00000080                  : BIOS.obj (.text:ti_sysbios_knl_Task_restore__E)
                  9c0164e0    00000080     app_pe66.oe66 (.text:ti_sysbios_rts_MemAlloc_alloc)
                  9c016560    00000080     app_pe66.oe66 (.text:ti_sysbios_xdcruntime_GateThreadSupport_create)
                  9c0165e0    00000080     rts6600_elf.lib : unlink.c.obj (.text:unlink)
                  9c016660    00000080     ti.targets.rts6000.ae66 : Core-label.oe66 (.text:xdc_runtime_Core_assignLabel__I)
                  9c0166e0    00000080                             : LoggerBuf.oe66 (.text:xdc_runtime_LoggerBuf_Instance_init__E)
                  9c016760    00000080                             : LoggerBuf.oe66 (.text:xdc_runtime_LoggerBuf_Module_startup__E)
                  9c0167e0    00000080                             : LoggerBuf.oe66 (.text:xdc_runtime_LoggerBuf_filterOutEvent__I)
                  9c016860    00000080     app_pe66.oe66 (.text:xdc_runtime_SysMin_output__I)
                  9c0168e0    00000080     ti.targets.rts6000.ae66 : System.oe66 (.text:xdc_runtime_System_atexit__E)
                  9c016960    00000080                             : System.oe66 (.text:xdc_runtime_System_avprintf__E)
                  9c0169e0    00000080                             : System.oe66 (.text:xdc_runtime_System_processAtExit__E)
                  9c016a60    00000080                             : System.oe66 (.text:xdc_runtime_System_vprintf__E)
                  9c016ae0    00000060     rts6600_elf.lib : frcmpyd_div.c.obj (.text:__TI_frcmpyd_div)
                  9c016b40    00000060                     : trgmsg.c.obj (.text:__TI_writemsg)
                  9c016ba0    00000060                     : llshift.c.obj (.text:__c6xabi_llshru)
                  9c016c00    00000060                     : imath64.c.obj (.text:_subcull)
                  9c016c60    00000060     sysbios.ae66 : c64p_Hwi_asm_switch.obj (.text:_ti_sysbios_family_c64p_Hwi_switchAndDispatch__I)
                  9c016cc0    00000060                  : c64p_Hwi_asm_switch.obj (.text:_ti_sysbios_family_xxx_Hwi_switchAndRunFunc)
                  9c016d20    00000060     rts6600_elf.lib : lseek.c.obj (.text:lseek)
                  9c016d80    00000060                     : memccpy.c.obj (.text:memccpy)
                  9c016de0    00000060     app_pe66.oe66 (.text:ti_sdo_utils_List_construct)
                  9c016e40    00000060     app_pe66.oe66 (.text:ti_sysbios_BIOS_errorRaiseHook__I)
                  9c016ea0    00000060     app_pe66.oe66 (.text:ti_sysbios_BIOS_removeRTSLock__I)
                  9c016f00    00000060     app_pe66.oe66 (.text:ti_sysbios_BIOS_startFunc__I)
                  9c016f60    00000060     sysbios.ae66 : BIOS.obj (.text:ti_sysbios_family_c62_TaskSupport_start__E)
                  9c016fc0    00000060                  : BIOS.obj (.text:ti_sysbios_family_c64p_EventCombiner_Module_startup__E)
                  9c017020    00000060                  : BIOS.obj (.text:ti_sysbios_family_c66_Cache_Module_startup__E)
                  9c017080    00000060                  : BIOS.obj (.text:ti_sysbios_family_c66_tci66xx_CpIntc_unused__E)
                  9c0170e0    00000060     app_pe66.oe66 (.text:ti_sysbios_gates_GateMutexPri_Object__delete__S)
                  9c017140    00000060     app_pe66.oe66 (.text:ti_sysbios_gates_GateMutexPri_construct)
                  9c0171a0    00000060     app_pe66.oe66 (.text:ti_sysbios_gates_GateMutex_Object__delete__S)
                  9c017200    00000060     sysbios.ae66 : BIOS.obj (.text:ti_sysbios_heaps_HeapMem_free__E)
                  9c017260    00000060                  : BIOS.obj (.text:ti_sysbios_knl_Clock_Module_startup__E)
                  9c0172c0    00000060     app_pe66.oe66 (.text:ti_sysbios_knl_Queue_construct)
                  9c017320    00000060     app_pe66.oe66 (.text:ti_sysbios_knl_Semaphore_construct)
                  9c017380    00000060     sysbios.ae66 : BIOS.obj (.text:ti_sysbios_knl_Swi_Module_startup__E)
                  9c0173e0    00000060                  : BIOS.obj (.text:ti_sysbios_knl_Task_enter__I)
                  9c017440    00000060     app_pe66.oe66 (.text:ti_sysbios_xdcruntime_GateThreadSupport_Object__delete__S)
                  9c0174a0    00000060     rts6600_elf.lib : write.c.obj (.text:write)
                  9c017500    00000060     app_pe66.oe66 (.text:xdc_runtime_LoggerBuf_Object__delete__S)
                  9c017560    00000060     ti.targets.rts6000.ae66 : LoggerBuf.oe66 (.text:xdc_runtime_LoggerBuf_reset__E)
                  9c0175c0    00000060                             : Memory.oe66 (.text:xdc_runtime_Memory_valloc__E)
                  9c017620    00000060                             : Text.oe66 (.text:xdc_runtime_Text_cordText__E)
                  9c017680    00000060     app_pe66.oe66 (.text:xdc_runtime_knl_GateThread_Object__delete__S)
                  9c0176e0    00000040     rts6600_elf.lib : isinf.c.obj (.text:__c6xabi_isinf)
                  9c017720    00000040                     : _printfi.c.obj (.text:__c6xabi_isnan)
                  9c017760    00000040                     : call_stub.asm.obj (.text:__call_stub)
                  9c0177a0    00000040                     : args_main.c.obj (.text:_args_main)
                  9c0177e0    00000040                     : vsprintf.c.obj (.text:_outs)
                  9c017820    00000040     sysbios.ae66 : c62_TaskSupport_asm.obj (.text:_ti_sysbios_family_c62_TaskSupport_buildTaskStack)
                  9c017860    00000040     app_pe66.oe66 (.text:free)
                  9c0178a0    00000040     ti.platform.evm6678l.ae66 : cyhc5g_led.obj (.text)
                  9c0178e0    00000040     app_pe66.oe66 (.text:ti_sdo_utils_NameServer_Object__get__S)
                  9c017920    00000040     app_pe66.oe66 (.text:ti_sysbios_BIOS_exitFunc__I)
                  9c017960    00000040     app_pe66.oe66 (.text:ti_sysbios_BIOS_rtsLock__I)
                  9c0179a0    00000040     app_pe66.oe66 (.text:ti_sysbios_BIOS_rtsUnlock__I)
                  9c0179e0    00000040     sysbios.ae66 : BIOS.obj (.text:ti_sysbios_family_c64p_Hwi_disableInterrupt__E)
                  9c017a20    00000040                  : BIOS.obj (.text:ti_sysbios_family_c64p_Hwi_enableInterrupt__E)
                  9c017a60    00000040     app_pe66.oe66 (.text:ti_sysbios_gates_GateHwi_Handle__label__S)
                  9c017aa0    00000040     app_pe66.oe66 (.text:ti_sysbios_gates_GateHwi_Object__delete__S)
                  9c017ae0    00000040     app_pe66.oe66 (.text:ti_sysbios_gates_GateMutexPri_Handle__label__S)
                  9c017b20    00000040     sysbios.ae66 : BIOS.obj (.text:ti_sysbios_gates_GateMutexPri_Instance_init__E)
                  9c017b60    00000040     app_pe66.oe66 (.text:ti_sysbios_gates_GateMutexPri_destruct)
                  9c017ba0    00000040     app_pe66.oe66 (.text:ti_sysbios_gates_GateMutex_Handle__label__S)
                  9c017be0    00000040     sysbios.ae66 : BIOS.obj (.text:ti_sysbios_gates_GateMutex_Instance_init__E)
                  9c017c20    00000040                  : BIOS.obj (.text:ti_sysbios_gates_GateMutex_leave__E)
                  9c017c60    00000040     app_pe66.oe66 (.text:ti_sysbios_heaps_HeapMem_Handle__label__S)
                  9c017ca0    00000040     app_pe66.oe66 (.text:ti_sysbios_heaps_HeapMem_Object__delete__S)
                  9c017ce0    00000040     app_pe66.oe66 (.text:ti_sysbios_heaps_HeapMem_Object__get__S)
                  9c017d20    00000040     app_pe66.oe66 (.text:ti_sysbios_knl_Semaphore_destruct)
                  9c017d60    00000040     app_pe66.oe66 (.text:ti_sysbios_knl_Swi_Object__get__S)
                  9c017da0    00000040     app_pe66.oe66 (.text:ti_sysbios_knl_Task_Object__get__S)
                  9c017de0    00000040     sysbios.ae66 : BIOS.obj (.text:ti_sysbios_knl_Task_sleepTimeout__I)
                  9c017e20    00000040     rts6600_elf.lib : vsprintf.c.obj (.text:vsprintf)
                  9c017e60    00000040                     : wcslen.c.obj (.text:wcslen)
                  9c017ea0    00000040     ti.targets.rts6000.ae66 : Error.oe66 (.text:xdc_runtime_Error_check__E)
                  9c017ee0    00000040                             : Error.oe66 (.text:xdc_runtime_Error_init__E)
                  9c017f20    00000040     app_pe66.oe66 (.text:xdc_runtime_LoggerBuf_Handle__label__S)
                  9c017f60    00000040     ti.targets.rts6000.ae66 : LoggerBuf.oe66 (.text:xdc_runtime_LoggerBuf_Instance_finalize__E)
                  9c017fa0    00000040     app_pe66.oe66 (.text:xdc_runtime_LoggerBuf_Object__get__S)
                  9c017fe0    00000040     ti.targets.rts6000.ae66 : LoggerBuf.oe66 (.text:xdc_runtime_LoggerBuf_write0__E)
                  9c018020    00000040                             : LoggerBuf.oe66 (.text:xdc_runtime_LoggerBuf_write1__E)
                  9c018060    00000040                             : LoggerBuf.oe66 (.text:xdc_runtime_LoggerBuf_write2__E)
                  9c0180a0    00000040                             : Registry.oe66 (.text:xdc_runtime_Registry_findById__E)
                  9c0180e0    00000040                             : SysMin.oe66 (.text:xdc_runtime_SysMin_Module_startup__E)
                  9c018120    00000040                             : SysMin.oe66 (.text:xdc_runtime_SysMin_exit__E)
                  9c018160    00000040                             : System.oe66 (.text:xdc_runtime_System_abort__E)
                  9c0181a0    00000040     app_pe66.oe66 (.text:xdc_runtime_System_aprintf__E)
                  9c0181e0    00000040     ti.targets.rts6000.ae66 : System.oe66 (.text:xdc_runtime_System_exit__E)
                  9c018220    00000040     app_pe66.oe66 (.text:xdc_runtime_System_printf__E)
                  9c018260    00000040     app_pe66.oe66 (.text:xdc_runtime_knl_GateThread_Handle__label__S)
                  9c0182a0    00000040     ti.targets.rts6000.ae66 : GateThread.oe66 (.text:xdc_runtime_knl_GateThread_Instance_init__E)
                  9c0182e0    00000020     ti.csl.ae66 : csl_gpioGetBaseAddress.oe66 (.text:CSL_GPIO_open)
                  9c018300    00000020     ipc.ae66 : Ipc.obj (.text:MultiProc_self)
                  9c018320    00000020     rts6600_elf.lib : errno.c.obj (.text:__c6xabi_errno_addr)
                  9c018340    00000020                     : push.asm.obj (.text:__pop_rts)
                  9c018360    00000020                     : push.asm.obj (.text:__push_rts)
                  9c018380    00000020                     : _lock.c.obj (.text:_nop)
                  9c0183a0    00000020                     : printf.c.obj (.text:_outc)
                  9c0183c0    00000020                     : vsprintf.c.obj (.text:_outc)
                  9c0183e0    00000020                     : printf.c.obj (.text:_outs)
                  9c018400    00000020                     : _lock.c.obj (.text:_register_lock)
                  9c018420    00000020                     : _data_synch.c.obj (.text:_register_synch_api)
                  9c018440    00000020                     : _lock.c.obj (.text:_register_unlock)
                  9c018460    00000020                     : signbit.c.obj (.text:_signbit)
                  9c018480    00000020     sysbios.ae66 : c62_TaskSupport_asm.obj (.text:_ti_sysbios_family_c62_TaskSupport_glue)
                  9c0184a0    00000020     rts6600_elf.lib : exit.c.obj (.text:abort)
                  9c0184c0    00000020                     : s_copysign.c.obj (.text:copysign)
                  9c0184e0    00000020                     : copy_decompress_none.c.obj (.text:decompress:none:__TI_decompress_none)
                  9c018500    00000020                     : copy_decompress_rle.c.obj (.text:decompress:rle24:__TI_decompress_rle24)
                  9c018520    00000020     app_pe66.oe66 (.text:ti_sdo_ipc_MessageQ_Object__get__S)
                  9c018540    00000020     ipc.ae66 : Ipc.obj (.text:ti_sdo_utils_List_Instance_init__E)
                  9c018560    00000020     app_pe66.oe66 (.text:ti_sdo_utils_List_Object__get__S)
                  9c018580    00000020     app_pe66.oe66 (.text:ti_sdo_utils_List_destruct)
                  9c0185a0    00000020     ipc.ae66 : Ipc.obj (.text:ti_sdo_utils_List_enqueue__E)
                  9c0185c0    00000020              : Ipc.obj (.text:ti_sdo_utils_List_put__E)
                  9c0185e0    00000020              : Ipc.obj (.text:ti_sdo_utils_MultiProc_getClusterId__F)
                  9c018600    00000020     app_pe66.oe66 (.text:ti_sdo_utils_NameServer_Module__startupDone__F)
                  9c018620    00000020     app_pe66.oe66 (.text:ti_sysbios_BIOS_RtsGateProxy_enter__E)
                  9c018640    00000020     app_pe66.oe66 (.text:ti_sysbios_BIOS_RtsGateProxy_leave__E)
                  9c018660    00000020     sysbios.ae66 : BIOS.obj (.text:ti_sysbios_BIOS_exit__E)
                  9c018680    00000020                  : BIOS.obj (.text:ti_sysbios_BIOS_linkedWithIncorrectBootLibrary__E)
                  9c0186a0    00000020     app_pe66.oe66 (.text:ti_sysbios_BIOS_nullFunc__I)
                  9c0186c0    00000020     sysbios.ae66 : BIOS.obj (.text:ti_sysbios_BIOS_setThreadType__E)
                  9c0186e0    00000020                  : BIOS.obj (.text:ti_sysbios_BIOS_start__E)
                  9c018700    00000020     app_pe66.oe66 (.text:ti_sysbios_family_c62_TaskSupport_Module__startupDone__S)
                  9c018720    00000020     sysbios.ae66 : BIOS.obj (.text:ti_sysbios_family_c62_TaskSupport_checkStack__E)
                  9c018740    00000020                  : BIOS.obj (.text:ti_sysbios_family_c62_TaskSupport_getStackAlignment__E)
                  9c018760    00000020     app_pe66.oe66 (.text:ti_sysbios_family_c64p_Hwi_Module__startupDone__F)
                  9c018780    00000020     sysbios.ae66 : BIOS.obj (.text:ti_sysbios_family_c64p_Hwi_clearInterrupt__E)
                  9c0187a0    00000020                  : BIOS.obj (.text:ti_sysbios_family_c64p_Hwi_startup__E)
                  9c0187c0    00000020                  : BIOS.obj (.text:ti_sysbios_family_c64p_Hwi_switchFromBootStack__E)
                  9c0187e0    00000020                  : BIOS.obj (.text:ti_sysbios_family_c64p_TimestampProvider_Module_startup__E)
                  9c018800    00000020                  : BIOS.obj (.text:ti_sysbios_family_c64p_TimestampProvider_get64__E)
                  9c018820    00000020                  : BIOS.obj (.text:ti_sysbios_family_c64p_tci6488_TimerSupport_enable__E)
                  9c018840    00000020                  : BIOS.obj (.text:ti_sysbios_family_c66_Cache_RTSSynchInv__I)
                  9c018860    00000020                  : BIOS.obj (.text:ti_sysbios_family_c66_Cache_RTSSynchWbInv__I)
                  9c018880    00000020                  : BIOS.obj (.text:ti_sysbios_family_c66_Cache_RTSSynchWb__I)
                  9c0188a0    00000020                  : BIOS.obj (.text:ti_sysbios_family_c66_Cache_wait__E)
                  9c0188c0    00000020                  : BIOS.obj (.text:ti_sysbios_gates_GateHwi_Instance_init__E)
                  9c0188e0    00000020                  : BIOS.obj (.text:ti_sysbios_gates_GateHwi_enter__E)
                  9c018900    00000020                  : BIOS.obj (.text:ti_sysbios_gates_GateHwi_leave__E)
                  9c018920    00000020                  : BIOS.obj (.text:ti_sysbios_gates_GateHwi_query__E)
                  9c018940    00000020                  : BIOS.obj (.text:ti_sysbios_gates_GateMutexPri_Instance_finalize__E)
                  9c018960    00000020                  : BIOS.obj (.text:ti_sysbios_gates_GateMutexPri_query__E)
                  9c018980    00000020                  : BIOS.obj (.text:ti_sysbios_gates_GateMutex_Instance_finalize__E)
                  9c0189a0    00000020                  : BIOS.obj (.text:ti_sysbios_gates_GateMutex_query__E)
                  9c0189c0    00000020                  : BIOS.obj (.text:ti_sysbios_hal_Hwi_Module_startup__E)
                  9c0189e0    00000020     app_pe66.oe66 (.text:ti_sysbios_heaps_HeapMem_Module_GateProxy_enter__E)
                  9c018a00    00000020     app_pe66.oe66 (.text:ti_sysbios_heaps_HeapMem_Module_GateProxy_leave__E)
                  9c018a20    00000020     sysbios.ae66 : BIOS.obj (.text:ti_sysbios_heaps_HeapMem_isBlocking__E)
                  9c018a40    00000020     app_pe66.oe66 (.text:ti_sysbios_knl_Clock_TimerProxy_getMaxTicks__E)
                  9c018a60    00000020     sysbios.ae66 : BIOS.obj (.text:ti_sysbios_knl_Idle_loop__E)
                  9c018a80    00000020                  : BIOS.obj (.text:ti_sysbios_knl_Queue_Instance_init__E)
                  9c018aa0    00000020     app_pe66.oe66 (.text:ti_sysbios_knl_Queue_Object__get__S)
                  9c018ac0    00000020     app_pe66.oe66 (.text:ti_sysbios_knl_Queue_destruct)
                  9c018ae0    00000020     sysbios.ae66 : BIOS.obj (.text:ti_sysbios_knl_Queue_empty__E)
                  9c018b00    00000020                  : BIOS.obj (.text:ti_sysbios_knl_Semaphore_Instance_finalize__E)
                  9c018b20    00000020                  : BIOS.obj (.text:ti_sysbios_knl_Swi_disable__E)
                  9c018b40    00000020                  : BIOS.obj (.text:ti_sysbios_knl_Task_disable__E)
                  9c018b60    00000020                  : BIOS.obj (.text:ti_sysbios_knl_Task_startup__E)
                  9c018b80    00000020     app_pe66.oe66 (.text:ti_sysbios_timers_timer64_Timer_Module__startupDone__F)
                  9c018ba0    00000020     sysbios.ae66 : BIOS.obj (.text:ti_sysbios_timers_timer64_Timer_getMaxTicks__E)
                  9c018bc0    00000020                  : BIOS.obj (.text:ti_sysbios_xdcruntime_GateThreadSupport_Instance_finalize__E)
                  9c018be0    00000020                  : BIOS.obj (.text:ti_sysbios_xdcruntime_GateThreadSupport_Instance_init__E)
                  9c018c00    00000020                  : BIOS.obj (.text:ti_sysbios_xdcruntime_GateThreadSupport_enter__E)
                  9c018c20    00000020     ti.targets.rts6000.ae66 : Error.oe66 (.text:xdc_runtime_Error_getSite__E)
                  9c018c40    00000020                             : Error.oe66 (.text:xdc_runtime_Error_raiseX__E)
                  9c018c60    00000020                             : Gate.oe66 (.text:xdc_runtime_Gate_enterSystem__E)
                  9c018c80    00000020                             : Gate.oe66 (.text:xdc_runtime_Gate_leaveSystem__E)
                  9c018ca0    00000020     app_pe66.oe66 (.text:xdc_runtime_IHeap_alloc)
                  9c018cc0    00000020     app_pe66.oe66 (.text:xdc_runtime_IHeap_free)
                  9c018ce0    00000020     app_pe66.oe66 (.text:xdc_runtime_LoggerBuf_Module_GateProxy_enter__E)
                  9c018d00    00000020     app_pe66.oe66 (.text:xdc_runtime_LoggerBuf_Module_GateProxy_leave__E)
                  9c018d20    00000020     ti.targets.rts6000.ae66 : LoggerBuf.oe66 (.text:xdc_runtime_LoggerBuf_disable__E)
                  9c018d40    00000020                             : LoggerBuf.oe66 (.text:xdc_runtime_LoggerBuf_enable__E)
                  9c018d60    00000020                             : Memory.oe66 (.text:xdc_runtime_Memory_calloc__E)
                  9c018d80    00000020                             : Memory.oe66 (.text:xdc_runtime_Memory_free__E)
                  9c018da0    00000020                             : Memory.oe66 (.text:xdc_runtime_Memory_getMaxDefaultTypeAlign__E)
                  9c018dc0    00000020     app_pe66.oe66 (.text:xdc_runtime_Startup_Module__startupDone__S)
                  9c018de0    00000020     app_pe66.oe66 (.text:xdc_runtime_Startup_exec__I)
                  9c018e00    00000020     ti.targets.rts6000.ae66 : Startup.oe66 (.text:xdc_runtime_Startup_rtsDone__E)
                  9c018e20    00000020                             : SysMin.oe66 (.text:xdc_runtime_SysMin_ready__E)
                  9c018e40    00000020     app_pe66.oe66 (.text:xdc_runtime_System_Module_GateProxy_enter__E)
                  9c018e60    00000020     app_pe66.oe66 (.text:xdc_runtime_System_Module_GateProxy_leave__E)
                  9c018e80    00000020     ti.targets.rts6000.ae66 : System.oe66 (.text:xdc_runtime_System_Module_startup__E)
                  9c018ea0    00000020                             : System.oe66 (.text:xdc_runtime_System_vsnprintf__E)
                  9c018ec0    00000020                             : Text.oe66 (.text:xdc_runtime_Text_ropeText__E)
                  9c018ee0    00000020     app_pe66.oe66 (.text:xdc_runtime_Text_visitRope__I)
                  9c018f00    00000020     ti.targets.rts6000.ae66 : GateThread.oe66 (.text:xdc_runtime_knl_GateThread_Instance_finalize__E)
                  9c018f20    00000020     app_pe66.oe66 (.text:xdc_runtime_knl_GateThread_Module__startupDone__S)
                  9c018f40    00000020     app_pe66.oe66 (.text:xdc_runtime_knl_GateThread_Proxy_create)
                  9c018f60    00000020     app_pe66.oe66 (.text:xdc_runtime_knl_GateThread_Proxy_delete)
                  9c018f80    00000020     app_pe66.oe66 (.text:xdc_runtime_knl_GateThread_Proxy_enter__E)
                  9c018fa0    00000020     app_pe66.oe66 (.text:xdc_runtime_knl_GateThread_Proxy_leave__E)
                  9c018fc0    00000020     ti.targets.rts6000.ae66 : GateThread.oe66 (.text:xdc_runtime_knl_GateThread_enter__E)
                  9c018fe0    00000020                             : GateThread.oe66 (.text:xdc_runtime_knl_GateThread_leave__E)

.far       0    9c019000    00010d90     UNINITIALIZED
                  9c019000    0000c800     (.common:ti_sysbios_heaps_HeapMem_Instance_State_0_buf__A)
                  9c025800    00004000     app_pe66.oe66 (.far:taskStackSection)
                  9c029800    00000200     (.common:xdc_runtime_LoggerBuf_Instance_State_0_entryArr__A)
                  9c029a00    00000200     (.common:xdc_runtime_SysMin_Module_State_0_outbuf__A)
                  9c029c00    00000140     (.common:__TI_tmpnams)
                  9c029d40    00000044     (.common:gI2cBlock)
                  9c029d84    00000004     --HOLE--
                  9c029d88    00000008     (.common:parmbuf)

.const     0    9c029d90    00004572     
                  9c029d90    00002dac     app_pe66.oe66 (.const:xdc_runtime_Text_charTab__A)
                  9c02cb3c    00000518     sysbios.ae66 : BIOS.obj (.const:.string)
                  9c02d054    00000004     ti.targets.rts6000.ae66 : Assert.oe66 (.const:.string)
                  9c02d058    00000400     app_pe66.oe66 (.const:ti_sysbios_family_c66_Cache_marvalues__C)
                  9c02d458    00000188     app_pe66.oe66 (.const:xdc_runtime_Text_nodeTab__A)
                  9c02d5e0    00000140     app_pe66.oe66 (.const:ti_sysbios_family_c66_tci66xx_CpIntc_sysIntToHostInt__A)
                  9c02d720    00000101     rts6600_elf.lib : ctype.c.obj (.const:.string:_ctypes_)
                  9c02d821    00000001     app_pe66.oe66 (.const:ti_sysbios_timers_timer64_Timer_localTimerBaseId__C)
                  9c02d822    00000002     app_pe66.oe66 (.const:ti_sdo_ipc_Notify_Module__id__C)
                  9c02d824    000000d4     app_pe66.oe66 (.const:.string)
                  9c02d8f8    00000070     ti.platform.evm6678l.ae66 : platform.obj (.const)
                  9c02d968    00000064     main.obj (.const:.string)
                  9c02d9cc    0000005c     ti.platform.evm6678l.ae66 : platform.obj (.const:.string)
                  9c02da28    00000058     ti.targets.rts6000.ae66 : Error.oe66 (.const:.string)
                  9c02da80    00000048     app_pe66.oe66 (.const:xdc_runtime_Startup_sfxnTab__A)
                  9c02dac8    00000044     app_pe66.oe66 (.const:ti_sysbios_knl_Task_Object__PARAMS__C)
                  9c02db0c    00000040     ti.targets.rts6000.ae66 : Text.oe66 (.const:.string)
                  9c02db4c    0000003c     app_pe66.oe66 (.const:xdc_runtime_LoggerBuf_Module__FXNS__C)
                  9c02db88    0000002c     ti.targets.rts6000.ae66 : Startup.oe66 (.const:.string)
                  9c02dbb4    00000004     ti.platform.evm6678l.ae66 : cyhc5g_gpio.obj (.const)
                  9c02dbb8    00000028                               : cyhc5g_nand.obj (.const:.string:rbl_eccLoc)
                  9c02dbe0    00000028     app_pe66.oe66 (.const:ti_sysbios_heaps_HeapMem_Module__FXNS__C)
                  9c02dc08    00000028     app_pe66.oe66 (.const:xdc_runtime_LoggerBuf_Object__PARAMS__C)
                  9c02dc30    00000024     rts6600_elf.lib : _printfi.c.obj (.const:.string)
                  9c02dc54    00000024     app_pe66.oe66 (.const:ti_sysbios_gates_GateHwi_Module__FXNS__C)
                  9c02dc78    00000024     app_pe66.oe66 (.const:ti_sysbios_gates_GateMutexPri_Module__FXNS__C)
                  9c02dc9c    00000024     app_pe66.oe66 (.const:ti_sysbios_gates_GateMutex_Module__FXNS__C)
                  9c02dcc0    00000024     app_pe66.oe66 (.const:ti_sysbios_heaps_HeapMem_Object__PARAMS__C)
                  9c02dce4    00000024     app_pe66.oe66 (.const:ti_sysbios_knl_Semaphore_Object__PARAMS__C)
                  9c02dd08    00000024     app_pe66.oe66 (.const:xdc_runtime_Startup_sfxnRts__A)
                  9c02dd2c    00000024     app_pe66.oe66 (.const:xdc_runtime_knl_GateThread_Module__FXNS__C)
                  9c02dd50    00000020     app_pe66.oe66 (.const:ti_sdo_ipc_Notify_Object__DESC__C)
                  9c02dd70    00000020     app_pe66.oe66 (.const:ti_sdo_utils_List_Object__DESC__C)
                  9c02dd90    00000020     app_pe66.oe66 (.const:ti_sysbios_gates_GateHwi_Object__DESC__C)
                  9c02ddb0    00000020     app_pe66.oe66 (.const:ti_sysbios_gates_GateMutexPri_Object__DESC__C)
                  9c02ddd0    00000020     app_pe66.oe66 (.const:ti_sysbios_gates_GateMutex_Object__DESC__C)
                  9c02ddf0    00000020     app_pe66.oe66 (.const:ti_sysbios_heaps_HeapMem_Object__DESC__C)
                  9c02de10    00000020     app_pe66.oe66 (.const:ti_sysbios_knl_Queue_Object__DESC__C)
                  9c02de30    00000020     app_pe66.oe66 (.const:ti_sysbios_knl_Semaphore_Object__DESC__C)
                  9c02de50    00000020     app_pe66.oe66 (.const:ti_sysbios_knl_Task_Object__DESC__C)
                  9c02de70    00000020     app_pe66.oe66 (.const:ti_sysbios_xdcruntime_GateThreadSupport_Object__DESC__C)
                  9c02de90    00000020     app_pe66.oe66 (.const:xdc_runtime_LoggerBuf_Object__DESC__C)
                  9c02deb0    00000020     app_pe66.oe66 (.const:xdc_runtime_knl_GateThread_Object__DESC__C)
                  9c02ded0    00000018     ti.targets.rts6000.ae66 : System.oe66 (.const:.string)
                  9c02dee8    00000018     app_pe66.oe66 (.const:ti_sdo_ipc_Notify_Object__PARAMS__C)
                  9c02df00    00000018     app_pe66.oe66 (.const:ti_sdo_utils_List_Object__PARAMS__C)
                  9c02df18    00000018     app_pe66.oe66 (.const:ti_sysbios_gates_GateHwi_Object__PARAMS__C)
                  9c02df30    00000018     app_pe66.oe66 (.const:ti_sysbios_gates_GateMutexPri_Object__PARAMS__C)
                  9c02df48    00000018     app_pe66.oe66 (.const:ti_sysbios_gates_GateMutex_Object__PARAMS__C)
                  9c02df60    00000018     app_pe66.oe66 (.const:ti_sysbios_knl_Queue_Object__PARAMS__C)
                  9c02df78    00000018     app_pe66.oe66 (.const:ti_sysbios_xdcruntime_GateThreadSupport_Object__PARAMS__C)
                  9c02df90    00000018     app_pe66.oe66 (.const:xdc_runtime_knl_GateThread_Object__PARAMS__C)
                  9c02dfa8    00000014     ti.platform.evm6678l.ae66 : cyhc5g_nor.obj (.const)
                  9c02dfbc    00000004                               : cyhc5g_i2c_eeprom.obj (.const)
                  9c02dfc0    00000010     app_pe66.oe66 (.const:ti_sysbios_family_c64p_EventCombiner_EVTMASK__C)
                  9c02dfd0    00000008     ti.platform.evm6678l.ae66 : cyhc5g_nand.obj (.const)
                  9c02dfd8    00000008                               : cyhc5g_spi.obj (.const)
                  9c02dfe0    00000008     app_pe66.oe66 (.const:ti_sysbios_knl_Idle_funcList__C)
                  9c02dfe8    00000008     app_pe66.oe66 (.const:xdc_runtime_Startup_firstFxns__A)
                  9c02dff0    00000008     app_pe66.oe66 (.const:xdc_runtime_Startup_firstFxns__C)
                  9c02dff8    00000008     app_pe66.oe66 (.const:xdc_runtime_Startup_lastFxns__C)
                  9c02e000    00000004     ti.platform.evm6678l.ae66 : cyhc5g_uart.obj (.const)
                  9c02e004    00000004     app_pe66.oe66 (.const:ti_sdo_ipc_MessageQ_Object__count__C)
                  9c02e008    00000004     app_pe66.oe66 (.const:ti_sdo_ipc_Notify_A_alreadyRegistered__C)
                  9c02e00c    00000004     app_pe66.oe66 (.const:ti_sdo_ipc_Notify_A_invArgument__C)
                  9c02e010    00000004     app_pe66.oe66 (.const:ti_sdo_ipc_Notify_Module__diagsEnabled__C)
                  9c02e014    00000004     app_pe66.oe66 (.const:ti_sdo_ipc_Notify_Module__diagsIncluded__C)
                  9c02e018    00000004     app_pe66.oe66 (.const:ti_sdo_ipc_Notify_Module__diagsMask__C)
                  9c02e01c    00000004     app_pe66.oe66 (.const:ti_sdo_ipc_Notify_Object__heap__C)
                  9c02e020    00000004     app_pe66.oe66 (.const:ti_sdo_ipc_Notify_numEvents__C)
                  9c02e024    00000004     app_pe66.oe66 (.const:ti_sdo_ipc_gates_GateHWSem_baseAddr__C)
                  9c02e028    00000004     app_pe66.oe66 (.const:ti_sdo_ipc_gates_GateHWSem_numSems__C)
                  9c02e02c    00000004     app_pe66.oe66 (.const:ti_sdo_ipc_gates_GateHWSem_reservedMaskArr__C)
                  9c02e030    00000004     app_pe66.oe66 (.const:ti_sdo_ipc_gates_GateHWSem_reservedMaskArr__A)
                  9c02e034    00000004     app_pe66.oe66 (.const:ti_sdo_utils_MultiProc_A_invalidMultiProcId__C)
                  9c02e038    00000004     app_pe66.oe66 (.const:ti_sdo_utils_NameServer_Instance_State_freeList__O)
                  9c02e03c    00000004     app_pe66.oe66 (.const:ti_sdo_utils_NameServer_Object__count__C)
                  9c02e040    00000004     app_pe66.oe66 (.const:ti_sysbios_family_c62_TaskSupport_stackAlignment__C)
                  9c02e044    00000004     app_pe66.oe66 (.const:ti_sysbios_family_c64p_EventCombiner_EVTRegs__C)
                  9c02e048    00000004     app_pe66.oe66 (.const:ti_sysbios_family_c64p_Exception_E_exceptionMax__C)
                  9c02e04c    00000004     app_pe66.oe66 (.const:ti_sysbios_family_c64p_Exception_exceptionHook__C)
                  9c02e050    00000004     app_pe66.oe66 (.const:ti_sysbios_family_c64p_Exception_externalHook__C)
                  9c02e054    00000004     app_pe66.oe66 (.const:ti_sysbios_family_c64p_Exception_internalHook__C)
                  9c02e058    00000004     app_pe66.oe66 (.const:ti_sysbios_family_c64p_Exception_nmiHook__C)
                  9c02e05c    00000004     app_pe66.oe66 (.const:ti_sysbios_family_c64p_Hwi_INTRMUX1Address__C)
                  9c02e060    00000004     app_pe66.oe66 (.const:ti_sysbios_family_c64p_Hwi_LD_end__C)
                  9c02e064    00000004     app_pe66.oe66 (.const:ti_sysbios_family_c64p_Hwi_LM_begin__C)
                  9c02e068    00000004     app_pe66.oe66 (.const:ti_sysbios_family_c64p_Hwi_Module__diagsEnabled__C)
                  9c02e06c    00000004     app_pe66.oe66 (.const:ti_sysbios_family_c64p_Hwi_Module__diagsIncluded__C)
                  9c02e070    00000004     app_pe66.oe66 (.const:ti_sysbios_family_c64p_Hwi_Module__diagsMask__C)
                  9c02e074    00000004     app_pe66.oe66 (.const:ti_sysbios_family_c64p_Hwi_Module__loggerFxn1__C)
                  9c02e078    00000004     app_pe66.oe66 (.const:ti_sysbios_family_c64p_Hwi_Module__loggerFxn8__C)
                  9c02e07c    00000004     app_pe66.oe66 (.const:ti_sysbios_family_c64p_Hwi_Module__loggerObj__C)
                  9c02e080    00000004     app_pe66.oe66 (.const:ti_sysbios_family_c66_Cache_E_invalidL1CacheSize__C)
                  9c02e084    00000004     app_pe66.oe66 (.const:ti_sysbios_family_c66_Cache_E_invalidL2CacheSize__C)
                  9c02e088    00000004     app_pe66.oe66 (.const:ti_sysbios_family_c66_Cache_atomicBlockSize__C)
                  9c02e08c    00000004     app_pe66.oe66 (.const:ti_sysbios_family_c66_tci66xx_CpIntc_E_unpluggedSysInt__C)
                  9c02e090    00000004     app_pe66.oe66 (.const:ti_sysbios_family_c66_tci66xx_CpIntc_numStatusRegs__C)
                  9c02e094    00000004     app_pe66.oe66 (.const:ti_sysbios_family_c66_tci66xx_CpIntc_numSysInts__C)
                  9c02e098    00000004     app_pe66.oe66 (.const:ti_sysbios_family_c66_tci66xx_CpIntc_sysIntToHostInt__C)
                  9c02e09c    00000004     app_pe66.oe66 (.const:ti_sysbios_gates_GateMutexPri_A_badContext__C)
                  9c02e0a0    00000004     app_pe66.oe66 (.const:ti_sysbios_gates_GateMutexPri_A_enterTaskDisabled__C)
                  9c02e0a4    00000004     app_pe66.oe66 (.const:ti_sysbios_gates_GateMutexPri_Instance_State_pendQ__O)
                  9c02e0a8    00000004     app_pe66.oe66 (.const:ti_sysbios_gates_GateMutexPri_Module__diagsEnabled__C)
                  9c02e0ac    00000004     app_pe66.oe66 (.const:ti_sysbios_gates_GateMutexPri_Module__diagsIncluded__C)
                  9c02e0b0    00000004     app_pe66.oe66 (.const:ti_sysbios_gates_GateMutexPri_Module__diagsMask__C)
                  9c02e0b4    00000004     app_pe66.oe66 (.const:ti_sysbios_gates_GateMutex_A_badContext__C)
                  9c02e0b8    00000004     app_pe66.oe66 (.const:ti_sysbios_gates_GateMutex_Instance_State_sem__O)
                  9c02e0bc    00000004     app_pe66.oe66 (.const:ti_sysbios_gates_GateMutex_Module__diagsEnabled__C)
                  9c02e0c0    00000004     app_pe66.oe66 (.const:ti_sysbios_gates_GateMutex_Module__diagsIncluded__C)
                  9c02e0c4    00000004     app_pe66.oe66 (.const:ti_sysbios_gates_GateMutex_Module__diagsMask__C)
                  9c02e0c8    00000004     app_pe66.oe66 (.const:ti_sysbios_hal_Hwi_E_stackOverflow__C)
                  9c02e0cc    00000004     app_pe66.oe66 (.const:ti_sysbios_heaps_HeapMem_A_align__C)
                  9c02e0d0    00000004     app_pe66.oe66 (.const:ti_sysbios_heaps_HeapMem_A_heapSize__C)
                  9c02e0d4    00000004     app_pe66.oe66 (.const:ti_sysbios_heaps_HeapMem_A_invalidFree__C)
                  9c02e0d8    00000004     app_pe66.oe66 (.const:ti_sysbios_heaps_HeapMem_A_zeroBlock__C)
                  9c02e0dc    00000004     app_pe66.oe66 (.const:ti_sysbios_heaps_HeapMem_E_memory__C)
                  9c02e0e0    00000004     app_pe66.oe66 (.const:ti_sysbios_heaps_HeapMem_Module__diagsEnabled__C)
                  9c02e0e4    00000004     app_pe66.oe66 (.const:ti_sysbios_heaps_HeapMem_Module__diagsIncluded__C)
                  9c02e0e8    00000004     app_pe66.oe66 (.const:ti_sysbios_heaps_HeapMem_Module__diagsMask__C)
                  9c02e0ec    00000004     app_pe66.oe66 (.const:ti_sysbios_heaps_HeapMem_Module__gateObj__C)
                  9c02e0f0    00000004     app_pe66.oe66 (.const:ti_sysbios_heaps_HeapMem_Object__count__C)
                  9c02e0f4    00000004     app_pe66.oe66 (.const:ti_sysbios_heaps_HeapMem_reqAlign__C)
                  9c02e0f8    00000004     app_pe66.oe66 (.const:ti_sysbios_knl_Clock_LM_begin__C)
                  9c02e0fc    00000004     app_pe66.oe66 (.const:ti_sysbios_knl_Clock_LM_tick__C)
                  9c02e100    00000004     app_pe66.oe66 (.const:ti_sysbios_knl_Clock_LW_delayed__C)
                  9c02e104    00000004     app_pe66.oe66 (.const:ti_sysbios_knl_Clock_Module_State_clockQ__O)
                  9c02e108    00000004     app_pe66.oe66 (.const:ti_sysbios_knl_Clock_Module__diagsEnabled__C)
                  9c02e10c    00000004     app_pe66.oe66 (.const:ti_sysbios_knl_Clock_Module__diagsIncluded__C)
                  9c02e110    00000004     app_pe66.oe66 (.const:ti_sysbios_knl_Clock_Module__diagsMask__C)
                  9c02e114    00000004     app_pe66.oe66 (.const:ti_sysbios_knl_Clock_Module__loggerFxn1__C)
                  9c02e118    00000004     app_pe66.oe66 (.const:ti_sysbios_knl_Clock_Module__loggerFxn2__C)
                  9c02e11c    00000004     app_pe66.oe66 (.const:ti_sysbios_knl_Clock_Module__loggerObj__C)
                  9c02e120    00000004     app_pe66.oe66 (.const:ti_sysbios_knl_Idle_funcList__A)
                  9c02e124    00000004     app_pe66.oe66 (.const:ti_sysbios_knl_Semaphore_A_badContext__C)
                  9c02e128    00000004     app_pe66.oe66 (.const:ti_sysbios_knl_Semaphore_A_noEvents__C)
                  9c02e12c    00000004     app_pe66.oe66 (.const:ti_sysbios_knl_Semaphore_A_overflow__C)
                  9c02e130    00000004     app_pe66.oe66 (.const:ti_sysbios_knl_Semaphore_A_pendTaskDisabled__C)
                  9c02e134    00000004     app_pe66.oe66 (.const:ti_sysbios_knl_Semaphore_Instance_State_pendQ__O)
                  9c02e138    00000004     app_pe66.oe66 (.const:ti_sysbios_knl_Semaphore_LM_pend__C)
                  9c02e13c    00000004     app_pe66.oe66 (.const:ti_sysbios_knl_Semaphore_LM_post__C)
                  9c02e140    00000004     app_pe66.oe66 (.const:ti_sysbios_knl_Semaphore_Module__diagsEnabled__C)
                  9c02e144    00000004     app_pe66.oe66 (.const:ti_sysbios_knl_Semaphore_Module__diagsIncluded__C)
                  9c02e148    00000004     app_pe66.oe66 (.const:ti_sysbios_knl_Semaphore_Module__diagsMask__C)
                  9c02e14c    00000004     app_pe66.oe66 (.const:ti_sysbios_knl_Semaphore_Module__loggerFxn2__C)
                  9c02e150    00000004     app_pe66.oe66 (.const:ti_sysbios_knl_Semaphore_Module__loggerFxn4__C)
                  9c02e154    00000004     app_pe66.oe66 (.const:ti_sysbios_knl_Semaphore_Module__loggerObj__C)
                  9c02e158    00000004     app_pe66.oe66 (.const:ti_sysbios_knl_Swi_LD_end__C)
                  9c02e15c    00000004     app_pe66.oe66 (.const:ti_sysbios_knl_Swi_LM_begin__C)
                  9c02e160    00000004     app_pe66.oe66 (.const:ti_sysbios_knl_Swi_LM_post__C)
                  9c02e164    00000004     app_pe66.oe66 (.const:ti_sysbios_knl_Swi_Module__diagsEnabled__C)
                  9c02e168    00000004     app_pe66.oe66 (.const:ti_sysbios_knl_Swi_Module__diagsIncluded__C)
                  9c02e16c    00000004     app_pe66.oe66 (.const:ti_sysbios_knl_Swi_Module__diagsMask__C)
                  9c02e170    00000004     app_pe66.oe66 (.const:ti_sysbios_knl_Swi_Module__loggerFxn1__C)
                  9c02e174    00000004     app_pe66.oe66 (.const:ti_sysbios_knl_Swi_Module__loggerFxn4__C)
                  9c02e178    00000004     app_pe66.oe66 (.const:ti_sysbios_knl_Swi_Module__loggerObj__C)
                  9c02e17c    00000004     app_pe66.oe66 (.const:ti_sysbios_knl_Swi_Object__count__C)
                  9c02e180    00000004     app_pe66.oe66 (.const:ti_sysbios_knl_Task_A_badPriority__C)
                  9c02e184    00000004     app_pe66.oe66 (.const:ti_sysbios_knl_Task_A_badTaskState__C)
                  9c02e188    00000004     app_pe66.oe66 (.const:ti_sysbios_knl_Task_A_badThreadType__C)
                  9c02e18c    00000004     app_pe66.oe66 (.const:ti_sysbios_knl_Task_A_badTimeout__C)
                  9c02e190    00000004     app_pe66.oe66 (.const:ti_sysbios_knl_Task_A_noPendElem__C)
                  9c02e194    00000004     app_pe66.oe66 (.const:ti_sysbios_knl_Task_A_sleepTaskDisabled__C)
                  9c02e198    00000004     app_pe66.oe66 (.const:ti_sysbios_knl_Task_E_spOutOfBounds__C)
                  9c02e19c    00000004     app_pe66.oe66 (.const:ti_sysbios_knl_Task_E_stackOverflow__C)
                  9c02e1a0    00000004     app_pe66.oe66 (.const:ti_sysbios_knl_Task_LD_block__C)
                  9c02e1a4    00000004     app_pe66.oe66 (.const:ti_sysbios_knl_Task_LD_exit__C)
                  9c02e1a8    00000004     app_pe66.oe66 (.const:ti_sysbios_knl_Task_LD_ready__C)
                  9c02e1ac    00000004     app_pe66.oe66 (.const:ti_sysbios_knl_Task_LM_setPri__C)
                  9c02e1b0    00000004     app_pe66.oe66 (.const:ti_sysbios_knl_Task_LM_sleep__C)
                  9c02e1b4    00000004     app_pe66.oe66 (.const:ti_sysbios_knl_Task_LM_switch__C)
                  9c02e1b8    00000004     app_pe66.oe66 (.const:ti_sysbios_knl_Task_Module_State_inactiveQ__O)
                  9c02e1bc    00000004     app_pe66.oe66 (.const:ti_sysbios_knl_Task_Module__diagsEnabled__C)
                  9c02e1c0    00000004     app_pe66.oe66 (.const:ti_sysbios_knl_Task_Module__diagsIncluded__C)
                  9c02e1c4    00000004     app_pe66.oe66 (.const:ti_sysbios_knl_Task_Module__diagsMask__C)
                  9c02e1c8    00000004     app_pe66.oe66 (.const:ti_sysbios_knl_Task_Module__loggerFxn2__C)
                  9c02e1cc    00000004     app_pe66.oe66 (.const:ti_sysbios_knl_Task_Module__loggerFxn4__C)
                  9c02e1d0    00000004     app_pe66.oe66 (.const:ti_sysbios_knl_Task_Module__loggerObj__C)
                  9c02e1d4    00000004     app_pe66.oe66 (.const:ti_sysbios_knl_Task_Object__count__C)
                  9c02e1d8    00000004     app_pe66.oe66 (.const:ti_sysbios_knl_Task_allBlockedFunc__C)
                  9c02e1dc    00000004     app_pe66.oe66 (.const:ti_sysbios_knl_Task_defaultStackHeap__C)
                  9c02e1e0    00000004     app_pe66.oe66 (.const:ti_sysbios_knl_Task_defaultStackSize__C)
                  9c02e1e4    00000004     app_pe66.oe66 (.const:ti_sysbios_knl_Task_numConstructedTasks__C)
                  9c02e1e8    00000004     app_pe66.oe66 (.const:ti_sysbios_timers_timer64_Timer_A_notAvailable__C)
                  9c02e1ec    00000004     app_pe66.oe66 (.const:ti_sysbios_timers_timer64_Timer_E_cannotSupport__C)
                  9c02e1f0    00000004     app_pe66.oe66 (.const:ti_sysbios_timers_timer64_Timer_Module__diagsEnabled__C)
                  9c02e1f4    00000004     app_pe66.oe66 (.const:ti_sysbios_timers_timer64_Timer_Module__diagsIncluded__C)
                  9c02e1f8    00000004     app_pe66.oe66 (.const:ti_sysbios_timers_timer64_Timer_Module__diagsMask__C)
                  9c02e1fc    00000004     app_pe66.oe66 (.const:ti_sysbios_timers_timer64_Timer_anyMaskHigh__C)
                  9c02e200    00000004     app_pe66.oe66 (.const:ti_sysbios_timers_timer64_Timer_anyMask__C)
                  9c02e204    00000004     app_pe66.oe66 (.const:ti_sysbios_timers_timer64_Timer_freqDivisor__C)
                  9c02e208    00000004     app_pe66.oe66 (.const:ti_sysbios_timers_timer64_Timer_numLocalTimers__C)
                  9c02e20c    00000004     app_pe66.oe66 (.const:ti_sysbios_timers_timer64_Timer_numTimerDevices__C)
                  9c02e210    00000004     app_pe66.oe66 (.const:ti_sysbios_xdcruntime_GateThreadSupport_Instance_State_gate__O)
                  9c02e214    00000004     app_pe66.oe66 (.const:xdc_runtime_Assert_E_assertFailed__C)
                  9c02e218    00000004     app_pe66.oe66 (.const:xdc_runtime_Core_A_initializedParams__C)
                  9c02e21c    00000004     app_pe66.oe66 (.const:xdc_runtime_Core_Module__diagsEnabled__C)
                  9c02e220    00000004     app_pe66.oe66 (.const:xdc_runtime_Core_Module__diagsIncluded__C)
                  9c02e224    00000004     app_pe66.oe66 (.const:xdc_runtime_Core_Module__diagsMask__C)
                  9c02e228    00000004     app_pe66.oe66 (.const:xdc_runtime_Error_E_memory__C)
                  9c02e22c    00000004     app_pe66.oe66 (.const:xdc_runtime_Error_Module__diagsEnabled__C)
                  9c02e230    00000004     app_pe66.oe66 (.const:xdc_runtime_Error_Module__diagsIncluded__C)
                  9c02e234    00000004     app_pe66.oe66 (.const:xdc_runtime_Error_Module__diagsMask__C)
                  9c02e238    00000004     app_pe66.oe66 (.const:xdc_runtime_Error_Module__loggerFxn8__C)
                  9c02e23c    00000004     app_pe66.oe66 (.const:xdc_runtime_Error_Module__loggerObj__C)
                  9c02e240    00000004     app_pe66.oe66 (.const:xdc_runtime_Error_policyFxn__C)
                  9c02e244    00000004     app_pe66.oe66 (.const:xdc_runtime_Error_policy__C)
                  9c02e248    00000004     app_pe66.oe66 (.const:xdc_runtime_Error_raiseHook__C)
                  9c02e24c    00000004     app_pe66.oe66 (.const:xdc_runtime_IFilterLogger_Interface__BASE__C)
                  9c02e250    00000004     app_pe66.oe66 (.const:xdc_runtime_IGateProvider_Interface__BASE__C)
                  9c02e254    00000004     app_pe66.oe66 (.const:xdc_runtime_IHeap_Interface__BASE__C)
                  9c02e258    00000004     app_pe66.oe66 (.const:xdc_runtime_ILogger_Interface__BASE__C)
                  9c02e25c    00000004     app_pe66.oe66 (.const:xdc_runtime_IModule_Interface__BASE__C)
                  9c02e260    00000004     app_pe66.oe66 (.const:xdc_runtime_Log_L_error__C)
                  9c02e264    00000004     app_pe66.oe66 (.const:xdc_runtime_LoggerBuf_E_badLevel__C)
                  9c02e268    00000004     app_pe66.oe66 (.const:xdc_runtime_LoggerBuf_Module__gateObj__C)
                  9c02e26c    00000004     app_pe66.oe66 (.const:xdc_runtime_LoggerBuf_Object__count__C)
                  9c02e270    00000004     app_pe66.oe66 (.const:xdc_runtime_LoggerBuf_statusLogger__C)
                  9c02e274    00000004     app_pe66.oe66 (.const:xdc_runtime_Memory_defaultHeapInstance__C)
                  9c02e278    00000004     app_pe66.oe66 (.const:xdc_runtime_Startup_execImpl__C)
                  9c02e27c    00000004     app_pe66.oe66 (.const:xdc_runtime_Startup_maxPasses__C)
                  9c02e280    00000004     app_pe66.oe66 (.const:xdc_runtime_Startup_sfxnRts__C)
                  9c02e284    00000004     app_pe66.oe66 (.const:xdc_runtime_Startup_sfxnTab__C)
                  9c02e288    00000004     app_pe66.oe66 (.const:xdc_runtime_SysMin_bufSize__C)
                  9c02e28c    00000004     app_pe66.oe66 (.const:xdc_runtime_SysMin_outputFunc__C)
                  9c02e290    00000004     app_pe66.oe66 (.const:xdc_runtime_System_Module__gateObj__C)
                  9c02e294    00000004     app_pe66.oe66 (.const:xdc_runtime_System_abortFxn__C)
                  9c02e298    00000004     app_pe66.oe66 (.const:xdc_runtime_System_exitFxn__C)
                  9c02e29c    00000004     app_pe66.oe66 (.const:xdc_runtime_System_extendFxn__C)
                  9c02e2a0    00000004     app_pe66.oe66 (.const:xdc_runtime_System_maxAtexitHandlers__C)
                  9c02e2a4    00000004     app_pe66.oe66 (.const:xdc_runtime_Text_charTab__C)
                  9c02e2a8    00000004     app_pe66.oe66 (.const:xdc_runtime_Text_nameEmpty__C)
                  9c02e2ac    00000004     app_pe66.oe66 (.const:xdc_runtime_Text_nameStatic__C)
                  9c02e2b0    00000004     app_pe66.oe66 (.const:xdc_runtime_Text_nameUnknown__C)
                  9c02e2b4    00000004     app_pe66.oe66 (.const:xdc_runtime_Text_nodeTab__C)
                  9c02e2b8    00000004     app_pe66.oe66 (.const:xdc_runtime_Text_visitRopeFxn__C)
                  9c02e2bc    00000002     app_pe66.oe66 (.const:ti_sdo_ipc_Notify_numLines__C)
                  9c02e2be    00000002     app_pe66.oe66 (.const:ti_sdo_utils_MultiProc_numProcessors__C)
                  9c02e2c0    00000002     app_pe66.oe66 (.const:ti_sysbios_family_c64p_Exception_Module__id__C)
                  9c02e2c2    00000002     app_pe66.oe66 (.const:ti_sysbios_family_c64p_Exception_useInternalBuffer__C)
                  9c02e2c4    00000002     app_pe66.oe66 (.const:ti_sysbios_family_c64p_Hwi_Module__id__C)
                  9c02e2c6    00000002     app_pe66.oe66 (.const:ti_sysbios_family_c64p_Hwi_Module__loggerDefined__C)
                  9c02e2c8    00000002     app_pe66.oe66 (.const:ti_sysbios_family_c66_Cache_Module__id__C)
                  9c02e2ca    00000002     app_pe66.oe66 (.const:ti_sysbios_family_c66_Cache_registerRTSSynch__C)
                  9c02e2cc    00000002     app_pe66.oe66 (.const:ti_sysbios_family_c66_tci66xx_CpIntc_Module__id__C)
                  9c02e2ce    00000002     app_pe66.oe66 (.const:ti_sysbios_gates_GateMutexPri_Module__id__C)
                  9c02e2d0    00000002     app_pe66.oe66 (.const:ti_sysbios_gates_GateMutex_Module__id__C)
                  9c02e2d2    00000002     app_pe66.oe66 (.const:ti_sysbios_hal_Hwi_Module__id__C)
                  9c02e2d4    00000002     app_pe66.oe66 (.const:ti_sysbios_heaps_HeapMem_Module__id__C)
                  9c02e2d6    00000002     app_pe66.oe66 (.const:ti_sysbios_knl_Clock_Module__id__C)
                  9c02e2d8    00000002     app_pe66.oe66 (.const:ti_sysbios_knl_Clock_Module__loggerDefined__C)
                  9c02e2da    00000002     app_pe66.oe66 (.const:ti_sysbios_knl_Semaphore_Module__id__C)
                  9c02e2dc    00000002     app_pe66.oe66 (.const:ti_sysbios_knl_Semaphore_Module__loggerDefined__C)
                  9c02e2de    00000002     app_pe66.oe66 (.const:ti_sysbios_knl_Swi_Module__id__C)
                  9c02e2e0    00000002     app_pe66.oe66 (.const:ti_sysbios_knl_Swi_Module__loggerDefined__C)
                  9c02e2e2    00000002     app_pe66.oe66 (.const:ti_sysbios_knl_Task_Module__id__C)
                  9c02e2e4    00000002     app_pe66.oe66 (.const:ti_sysbios_knl_Task_Module__loggerDefined__C)
                  9c02e2e6    00000002     app_pe66.oe66 (.const:ti_sysbios_timers_timer64_Timer_Module__id__C)
                  9c02e2e8    00000002     app_pe66.oe66 (.const:ti_sysbios_timers_timer64_Timer_startupNeeded__C)
                  9c02e2ea    00000002     app_pe66.oe66 (.const:ti_sysbios_timers_timer64_Timer_useTimer64pRegMap__C)
                  9c02e2ec    00000002     app_pe66.oe66 (.const:xdc_runtime_Core_Module__id__C)
                  9c02e2ee    00000002     app_pe66.oe66 (.const:xdc_runtime_Error_Module__loggerDefined__C)
                  9c02e2f0    00000002     app_pe66.oe66 (.const:xdc_runtime_Error_maxDepth__C)
                  9c02e2f2    00000002     app_pe66.oe66 (.const:xdc_runtime_LoggerBuf_Module__id__C)
                  9c02e2f4    00000002     app_pe66.oe66 (.const:xdc_runtime_LoggerBuf_filterByLevel__C)
                  9c02e2f6    00000002     app_pe66.oe66 (.const:xdc_runtime_Memory_Module__id__C)
                  9c02e2f8    00000002     app_pe66.oe66 (.const:xdc_runtime_SysMin_flushAtExit__C)
                  9c02e2fa    00000002     app_pe66.oe66 (.const:xdc_runtime_Text_charCnt__C)
                  9c02e2fc    00000002     app_pe66.oe66 (.const:xdc_runtime_Text_isLoaded__C)
                  9c02e2fe    00000002     app_pe66.oe66 (.const:xdc_runtime_Text_registryModsLastId__C)
                  9c02e300    00000002     app_pe66.oe66 (.const:xdc_runtime_Text_unnamedModsLastId__C)

.fardata   0    9c02e308    00001242     UNINITIALIZED
                  9c02e308    00000500     app_pe66.oe66 (.fardata:ti_sysbios_family_c66_tci66xx_CpIntc_Module_State_0_dispatchTab__A)
                  9c02e808    000001e0     rts6600_elf.lib : defs.c.obj (.fardata:_ftable)
                  9c02e9e8    00000180     app_pe66.oe66 (.fardata:ti_sysbios_timers_timer64_Timer_Module_State_0_device__A)
                  9c02eb68    000000f0     app_pe66.oe66 (.fardata:ti_sdo_utils_NameServer_Object__table__V)
                  9c02ec58    000000a0     rts6600_elf.lib : write.c.obj (.fardata:_stream)
                  9c02ecf8    00000098     app_pe66.oe66 (.fardata:ti_sysbios_family_c66_tci66xx_CpIntc_Module_State_0_hostIntToSysInt__A)
                  9c02ed90    00000080     app_pe66.oe66 (.fardata:ti_sysbios_knl_Swi_Module_State_0_readyQ__A)
                  9c02ee10    00000080     app_pe66.oe66 (.fardata:ti_sysbios_knl_Task_Module_State_0_readyQ__A)
                  9c02ee90    00000080     app_pe66.oe66 (.fardata:ti_sysbios_timers_timer64_Timer_Module_State_0_gctrl__A)
                  9c02ef10    00000080     app_pe66.oe66 (.fardata:ti_sysbios_timers_timer64_Timer_Module_State_0_handles__A)
                  9c02ef90    00000080     app_pe66.oe66 (.fardata:ti_sysbios_timers_timer64_Timer_Module_State_0_intFreqs__A)
                  9c02f010    00000078     rts6600_elf.lib : write.c.obj (.fardata:_device)
                  9c02f088    0000006c     app_pe66.oe66 (.fardata:ti_sysbios_family_c64p_Hwi_Module__state__V)
                  9c02f0f4    00000068     app_pe66.oe66 (.fardata:ti_sdo_ipc_MessageQ_Module__state__V)
                  9c02f15c    00000004     rts6600_elf.lib : _lock.c.obj (.fardata:_lock)
                  9c02f160    0000005c     app_pe66.oe66 (.fardata:ti_sysbios_knl_Task_Object__table__V)
                  9c02f1bc    00000004     rts6600_elf.lib : _lock.c.obj (.fardata:_unlock)
                  9c02f1c0    00000050     app_pe66.oe66 (.fardata:ti_sysbios_timers_timer64_Timer_Object__table__V)
                  9c02f210    00000048     app_pe66.oe66 (.fardata:ti_sysbios_knl_Task_Module__state__V)
                  9c02f258    00000040     app_pe66.oe66 (.fardata:ti_sysbios_gates_GateMutex_Object__table__V)
                  9c02f298    00000030     app_pe66.oe66 (.fardata:ti_sysbios_family_c64p_Exception_Module__state__V)
                  9c02f2c8    00000030     app_pe66.oe66 (.fardata:ti_sysbios_knl_Swi_Object__table__V)
                  9c02f2f8    0000002c     app_pe66.oe66 (.fardata:ti_sysbios_knl_Clock_Module__state__V)
                  9c02f324    00000024     app_pe66.oe66 (.fardata:ti_sysbios_BIOS_Module__state__V)
                  9c02f348    00000024     app_pe66.oe66 (.fardata:xdc_runtime_LoggerBuf_Object__table__V)
                  9c02f36c    00000004     rts6600_elf.lib : defs.c.obj (.fardata)
                  9c02f370    00000020     app_pe66.oe66 (.fardata:ti_sdo_ipc_MessageQ_Module_State_0_heaps__A)
                  9c02f390    00000020     app_pe66.oe66 (.fardata:xdc_runtime_Error_IgnoreBlock)
                  9c02f3b0    0000001c     app_pe66.oe66 (.fardata:ti_sysbios_knl_Swi_Module__state__V)
                  9c02f3cc    00000004     rts6600_elf.lib : errno.c.obj (.fardata)
                  9c02f3d0    00000018     app_pe66.oe66 (.fardata:ti_sysbios_family_c64p_Hwi_Object__table__V)
                  9c02f3e8    00000018     app_pe66.oe66 (.fardata:ti_sysbios_heaps_HeapMem_Object__table__V)
                  9c02f400    00000018     app_pe66.oe66 (.fardata:ti_sysbios_timers_timer64_Timer_Module__state__V)
                  9c02f418    00000014     app_pe66.oe66 (.fardata:ti_sysbios_family_c66_tci66xx_CpIntc_Module_State_0_initSIER__A)
                  9c02f42c    00000004     app_pe66.oe66 (.fardata:xdc_runtime_Memory_Module__state__V)
                  9c02f430    00000010     ti.csl.ae66 : csl_cpsgmii.oe66 (.fardata:cpsgmiiPortBaseAddr)
                  9c02f440    00000010     app_pe66.oe66 (.fardata:ti_sysbios_family_c66_tci66xx_CpIntc_Module_State_0_controller__A)
                  9c02f450    00000010     app_pe66.oe66 (.fardata:ti_sysbios_family_c66_tci66xx_CpIntc_Module__state__V)
                  9c02f460    00000010     app_pe66.oe66 (.fardata:xdc_runtime_System_Module_State_0_atexitHandlers__A)
                  9c02f470    0000000c     rts6600_elf.lib : exit.c.obj (.fardata)
                  9c02f47c    0000000c     app_pe66.oe66 (.fardata:xdc_runtime_SysMin_Module__state__V)
                  9c02f488    00000008     app_pe66.oe66 (.fardata:ti_sdo_ipc_MessageQ_Module_State_0_transports__A)
                  9c02f490    00000008     app_pe66.oe66 (.fardata:ti_sdo_ipc_Notify_Module__root__V)
                  9c02f498    00000008     app_pe66.oe66 (.fardata:ti_sdo_ipc_Notify_Module__state__V)
                  9c02f4a0    00000008     app_pe66.oe66 (.fardata:ti_sdo_utils_List_Module__root__V)
                  9c02f4a8    00000008     app_pe66.oe66 (.fardata:ti_sdo_utils_MultiProc_Module__state__V)
                  9c02f4b0    00000008     app_pe66.oe66 (.fardata:ti_sysbios_gates_GateHwi_Module__root__V)
                  9c02f4b8    00000008     app_pe66.oe66 (.fardata:ti_sysbios_gates_GateMutexPri_Module__root__V)
                  9c02f4c0    00000008     app_pe66.oe66 (.fardata:ti_sysbios_gates_GateMutex_Module__root__V)
                  9c02f4c8    00000008     app_pe66.oe66 (.fardata:ti_sysbios_hal_Hwi_Object__table__V)
                  9c02f4d0    00000008     app_pe66.oe66 (.fardata:ti_sysbios_heaps_HeapMem_Module__root__V)
                  9c02f4d8    00000008     app_pe66.oe66 (.fardata:ti_sysbios_knl_Queue_Module__root__V)
                  9c02f4e0    00000008     app_pe66.oe66 (.fardata:ti_sysbios_knl_Semaphore_Module__root__V)
                  9c02f4e8    00000008     app_pe66.oe66 (.fardata:ti_sysbios_knl_Task_Module__root__V)
                  9c02f4f0    00000008     app_pe66.oe66 (.fardata:ti_sysbios_xdcruntime_GateThreadSupport_Module__root__V)
                  9c02f4f8    00000008     app_pe66.oe66 (.fardata:xdc_runtime_LoggerBuf_Module__root__V)
                  9c02f500    00000008     app_pe66.oe66 (.fardata:xdc_runtime_Registry_Module__state__V)
                  9c02f508    00000008     app_pe66.oe66 (.fardata:xdc_runtime_Startup_Module__state__V)
                  9c02f510    00000008     app_pe66.oe66 (.fardata:xdc_runtime_System_Module__state__V)
                  9c02f518    00000008     app_pe66.oe66 (.fardata:xdc_runtime_knl_GateThread_Module__root__V)
                  9c02f520    00000006     app_pe66.oe66 (.fardata:xdc_runtime_LoggerBuf_Module__state__V)
                  9c02f526    00000002     app_pe66.oe66 (.fardata:xdc_runtime_Error_Module__state__V)
[...]
9c02e114  ti_sysbios_knl_Clock_Module__loggerFxn1__C                            
9c02e118  ti_sysbios_knl_Clock_Module__loggerFxn2__C                            
9c02e11c  ti_sysbios_knl_Clock_Module__loggerObj__C                             
9c02e120  ti_sysbios_knl_Idle_funcList__A                                       
9c02e124  ti_sysbios_knl_Semaphore_A_badContext__C                              
9c02e128  ti_sysbios_knl_Semaphore_A_noEvents__C                                
9c02e12c  ti_sysbios_knl_Semaphore_A_overflow__C                                
9c02e130  ti_sysbios_knl_Semaphore_A_pendTaskDisabled__C                        
9c02e134  ti_sysbios_knl_Semaphore_Instance_State_pendQ__O                      
9c02e138  ti_sysbios_knl_Semaphore_LM_pend__C                                   
9c02e13c  ti_sysbios_knl_Semaphore_LM_post__C                                   
9c02e140  ti_sysbios_knl_Semaphore_Module__diagsEnabled__C                      
9c02e144  ti_sysbios_knl_Semaphore_Module__diagsIncluded__C                     
9c02e148  ti_sysbios_knl_Semaphore_Module__diagsMask__C                         
9c02e14c  ti_sysbios_knl_Semaphore_Module__loggerFxn2__C                        
9c02e150  ti_sysbios_knl_Semaphore_Module__loggerFxn4__C                        
9c02e154  ti_sysbios_knl_Semaphore_Module__loggerObj__C                         
9c02e158  ti_sysbios_knl_Swi_LD_end__C                                          
9c02e15c  ti_sysbios_knl_Swi_LM_begin__C                                        
9c02e160  ti_sysbios_knl_Swi_LM_post__C                                         
9c02e164  ti_sysbios_knl_Swi_Module__diagsEnabled__C                            
9c02e168  ti_sysbios_knl_Swi_Module__diagsIncluded__C                           
9c02e16c  ti_sysbios_knl_Swi_Module__diagsMask__C                               
9c02e170  ti_sysbios_knl_Swi_Module__loggerFxn1__C                              
9c02e174  ti_sysbios_knl_Swi_Module__loggerFxn4__C                              
9c02e178  ti_sysbios_knl_Swi_Module__loggerObj__C                               
9c02e17c  ti_sysbios_knl_Swi_Object__count__C                                   
9c02e180  ti_sysbios_knl_Task_A_badPriority__C                                  
9c02e184  ti_sysbios_knl_Task_A_badTaskState__C                                 
9c02e188  ti_sysbios_knl_Task_A_badThreadType__C                                
9c02e18c  ti_sysbios_knl_Task_A_badTimeout__C                                   
9c02e190  ti_sysbios_knl_Task_A_noPendElem__C                                   
9c02e194  ti_sysbios_knl_Task_A_sleepTaskDisabled__C                            
9c02e198  ti_sysbios_knl_Task_E_spOutOfBounds__C                                
9c02e19c  ti_sysbios_knl_Task_E_stackOverflow__C                                
9c02e1a0  ti_sysbios_knl_Task_LD_block__C                                       
9c02e1a4  ti_sysbios_knl_Task_LD_exit__C                                        
9c02e1a8  ti_sysbios_knl_Task_LD_ready__C                                       
9c02e1ac  ti_sysbios_knl_Task_LM_setPri__C                                      
9c02e1b0  ti_sysbios_knl_Task_LM_sleep__C                                       
9c02e1b4  ti_sysbios_knl_Task_LM_switch__C                                      
9c02e1b8  ti_sysbios_knl_Task_Module_State_inactiveQ__O                         
9c02e1bc  ti_sysbios_knl_Task_Module__diagsEnabled__C                           
9c02e1c0  ti_sysbios_knl_Task_Module__diagsIncluded__C                          
9c02e1c4  ti_sysbios_knl_Task_Module__diagsMask__C                              
9c02e1c8  ti_sysbios_knl_Task_Module__loggerFxn2__C                             
9c02e1cc  ti_sysbios_knl_Task_Module__loggerFxn4__C                             
9c02e1d0  ti_sysbios_knl_Task_Module__loggerObj__C                              
9c02e1d4  ti_sysbios_knl_Task_Object__count__C                                  
9c02e1d8  ti_sysbios_knl_Task_allBlockedFunc__C                                 
9c02e1dc  ti_sysbios_knl_Task_defaultStackHeap__C                               
9c02e1e0  ti_sysbios_knl_Task_defaultStackSize__C                               
9c02e1e4  ti_sysbios_knl_Task_numConstructedTasks__C                            
9c02e1e8  ti_sysbios_timers_timer64_Timer_A_notAvailable__C                     
9c02e1ec  ti_sysbios_timers_timer64_Timer_E_cannotSupport__C                    
9c02e1f0  ti_sysbios_timers_timer64_Timer_Module__diagsEnabled__C               
9c02e1f4  ti_sysbios_timers_timer64_Timer_Module__diagsIncluded__C              
9c02e1f8  ti_sysbios_timers_timer64_Timer_Module__diagsMask__C                  
9c02e1fc  ti_sysbios_timers_timer64_Timer_anyMaskHigh__C                        
9c02e200  ti_sysbios_timers_timer64_Timer_anyMask__C                            
9c02e204  ti_sysbios_timers_timer64_Timer_freqDivisor__C                        
9c02e208  ti_sysbios_timers_timer64_Timer_numLocalTimers__C                     
9c02e20c  ti_sysbios_timers_timer64_Timer_numTimerDevices__C                    
9c02e210  ti_sysbios_xdcruntime_GateThreadSupport_Instance_State_gate__O        
9c02e214  xdc_runtime_Assert_E_assertFailed__C                                  
9c02e218  xdc_runtime_Core_A_initializedParams__C                               
9c02e21c  xdc_runtime_Core_Module__diagsEnabled__C                              
9c02e220  xdc_runtime_Core_Module__diagsIncluded__C                             
9c02e224  xdc_runtime_Core_Module__diagsMask__C                                 
9c02e228  xdc_runtime_Error_E_memory__C                                         
9c02e22c  xdc_runtime_Error_Module__diagsEnabled__C                             
9c02e230  xdc_runtime_Error_Module__diagsIncluded__C                            
9c02e234  xdc_runtime_Error_Module__diagsMask__C                                
9c02e238  xdc_runtime_Error_Module__loggerFxn8__C                               
9c02e23c  xdc_runtime_Error_Module__loggerObj__C                                
9c02e240  xdc_runtime_Error_policyFxn__C                                        
9c02e244  xdc_runtime_Error_policy__C                                           
9c02e248  xdc_runtime_Error_raiseHook__C                                        
9c02e24c  xdc_runtime_IFilterLogger_Interface__BASE__C                          
9c02e250  xdc_runtime_IGateProvider_Interface__BASE__C                          
9c02e254  xdc_runtime_IHeap_Interface__BASE__C                                  
9c02e258  xdc_runtime_ILogger_Interface__BASE__C                                
9c02e25c  xdc_runtime_IModule_Interface__BASE__C                                
9c02e260  xdc_runtime_Log_L_error__C                                            
9c02e264  xdc_runtime_LoggerBuf_E_badLevel__C                                   
9c02e268  xdc_runtime_LoggerBuf_Module__gateObj__C                              
9c02e26c  xdc_runtime_LoggerBuf_Object__count__C                                
9c02e270  xdc_runtime_LoggerBuf_statusLogger__C                                 
9c02e274  xdc_runtime_Memory_defaultHeapInstance__C                             
9c02e278  xdc_runtime_Startup_execImpl__C                                       
9c02e27c  xdc_runtime_Startup_maxPasses__C                                      
9c02e280  xdc_runtime_Startup_sfxnRts__C                                        
9c02e284  xdc_runtime_Startup_sfxnTab__C                                        
9c02e288  xdc_runtime_SysMin_bufSize__C                                         
9c02e28c  xdc_runtime_SysMin_outputFunc__C                                      
9c02e290  xdc_runtime_System_Module__gateObj__C                                 
9c02e294  xdc_runtime_System_abortFxn__C                                        
9c02e298  xdc_runtime_System_exitFxn__C                                         
9c02e29c  xdc_runtime_System_extendFxn__C                                       
9c02e2a0  xdc_runtime_System_maxAtexitHandlers__C                               
9c02e2a4  xdc_runtime_Text_charTab__C                                           
9c02e2a8  xdc_runtime_Text_nameEmpty__C                                         
9c02e2ac  xdc_runtime_Text_nameStatic__C                                        
9c02e2b0  xdc_runtime_Text_nameUnknown__C                                       
9c02e2b4  xdc_runtime_Text_nodeTab__C                                           
9c02e2b8  xdc_runtime_Text_visitRopeFxn__C                                      
9c02e2bc  ti_sdo_ipc_Notify_numLines__C                                         
9c02e2be  ti_sdo_utils_MultiProc_numProcessors__C                               
9c02e2c0  ti_sysbios_family_c64p_Exception_Module__id__C                        
9c02e2c2  ti_sysbios_family_c64p_Exception_useInternalBuffer__C                 
9c02e2c4  ti_sysbios_family_c64p_Hwi_Module__id__C                              
9c02e2c6  ti_sysbios_family_c64p_Hwi_Module__loggerDefined__C                   
9c02e2c8  ti_sysbios_family_c66_Cache_Module__id__C                             
9c02e2ca  ti_sysbios_family_c66_Cache_registerRTSSynch__C                       
9c02e2cc  ti_sysbios_family_c66_tci66xx_CpIntc_Module__id__C                    
9c02e2ce  ti_sysbios_gates_GateMutexPri_Module__id__C                           
9c02e2d0  ti_sysbios_gates_GateMutex_Module__id__C                              
9c02e2d2  ti_sysbios_hal_Hwi_Module__id__C                                      
9c02e2d4  ti_sysbios_heaps_HeapMem_Module__id__C                                
9c02e2d6  ti_sysbios_knl_Clock_Module__id__C                                    
9c02e2d8  ti_sysbios_knl_Clock_Module__loggerDefined__C                         
9c02e2da  ti_sysbios_knl_Semaphore_Module__id__C                                
9c02e2dc  ti_sysbios_knl_Semaphore_Module__loggerDefined__C                     
9c02e2de  ti_sysbios_knl_Swi_Module__id__C                                      
9c02e2e0  ti_sysbios_knl_Swi_Module__loggerDefined__C                           
9c02e2e2  ti_sysbios_knl_Task_Module__id__C                                     
9c02e2e4  ti_sysbios_knl_Task_Module__loggerDefined__C                          
9c02e2e6  ti_sysbios_timers_timer64_Timer_Module__id__C                         
9c02e2e8  ti_sysbios_timers_timer64_Timer_startupNeeded__C                      
9c02e2ea  ti_sysbios_timers_timer64_Timer_useTimer64pRegMap__C                  
9c02e2ec  xdc_runtime_Core_Module__id__C                                        
9c02e2ee  xdc_runtime_Error_Module__loggerDefined__C                            
9c02e2f0  xdc_runtime_Error_maxDepth__C                                         
9c02e2f2  xdc_runtime_LoggerBuf_Module__id__C                                   
9c02e2f4  xdc_runtime_LoggerBuf_filterByLevel__C                                
9c02e2f6  xdc_runtime_Memory_Module__id__C                                      
9c02e2f8  xdc_runtime_SysMin_flushAtExit__C                                     
9c02e2fa  xdc_runtime_Text_charCnt__C                                           
9c02e2fc  xdc_runtime_Text_isLoaded__C                                          
9c02e2fe  xdc_runtime_Text_registryModsLastId__C                                
9c02e300  xdc_runtime_Text_unnamedModsLastId__C                                 
9c02e308  ti_sysbios_family_c66_tci66xx_CpIntc_Module_State_0_dispatchTab__A    
9c02e808  _ftable                                                               
9c02e9e8  ti_sysbios_timers_timer64_Timer_Module_State_0_device__A              
9c02eb68  ti_sdo_utils_NameServer_Object__table__V                              
9c02ec58  _stream                                                               
9c02ecf8  ti_sysbios_family_c66_tci66xx_CpIntc_Module_State_0_hostIntToSysInt__A
9c02ed90  ti_sysbios_knl_Swi_Module_State_0_readyQ__A                           
9c02ee10  ti_sysbios_knl_Task_Module_State_0_readyQ__A                          
9c02ee90  ti_sysbios_timers_timer64_Timer_Module_State_0_gctrl__A               
9c02ef10  ti_sysbios_timers_timer64_Timer_Module_State_0_handles__A             
9c02ef90  ti_sysbios_timers_timer64_Timer_Module_State_0_intFreqs__A            
9c02f010  _device                                                               
9c02f088  ti_sysbios_family_c64p_Hwi_Module__state__V                           
9c02f0f4  ti_sdo_ipc_MessageQ_Module__state__V                                  
9c02f15c  _lock                                                                 
9c02f160  ti_sysbios_knl_Task_Object__table__V                                  
9c02f1bc  _unlock                                                               
9c02f1c0  ti_sysbios_timers_timer64_Timer_Object__table__V                      
9c02f210  ti_sysbios_knl_Task_Module__state__V                                  
9c02f258  ti_sysbios_gates_GateMutex_Object__table__V                           
9c02f298  ti_sysbios_family_c64p_Exception_Module__state__V                     
9c02f2c8  ti_sysbios_knl_Swi_Object__table__V                                   
9c02f2f8  ti_sysbios_knl_Clock_Module__state__V                                 
9c02f324  ti_sysbios_BIOS_Module__state__V                                      
9c02f348  xdc_runtime_LoggerBuf_Object__table__V                                
9c02f36c  __TI_ft_end                                                           
9c02f370  ti_sdo_ipc_MessageQ_Module_State_0_heaps__A                           
9c02f390  xdc_runtime_Error_IgnoreBlock                                         
9c02f3b0  ti_sysbios_knl_Swi_Module__state__V                                   
9c02f3cc  __errno                                                               
9c02f3cc  errno                                                                 
9c02f3d0  ti_sysbios_family_c64p_Hwi_Object__table__V                           
9c02f3e8  ti_sysbios_heaps_HeapMem_Object__table__V                             
9c02f400  ti_sysbios_timers_timer64_Timer_Module__state__V                      
9c02f418  ti_sysbios_family_c66_tci66xx_CpIntc_Module_State_0_initSIER__A       
9c02f42c  xdc_runtime_Memory_Module__state__V                                   
9c02f430  cpsgmiiPortBaseAddr                                                   
9c02f440  ti_sysbios_family_c66_tci66xx_CpIntc_Module_State_0_controller__A     
9c02f450  ti_sysbios_family_c66_tci66xx_CpIntc_Module__state__V                 
9c02f460  xdc_runtime_System_Module_State_0_atexitHandlers__A                   
9c02f470  __TI_cleanup_ptr                                                      
9c02f474  __TI_dtors_ptr                                                        
9c02f478  __TI_enable_exit_profile_output                                       
9c02f47c  xdc_runtime_SysMin_Module__state__V                                   
9c02f488  ti_sdo_ipc_MessageQ_Module_State_0_transports__A                      
9c02f490  ti_sdo_ipc_Notify_Module__root__V                                     
9c02f498  ti_sdo_ipc_Notify_Module__state__V                                    
9c02f4a0  ti_sdo_utils_List_Module__root__V                                     
9c02f4a8  ti_sdo_utils_MultiProc_Module__state__V                               
9c02f4b0  ti_sysbios_gates_GateHwi_Module__root__V                              
9c02f4b8  ti_sysbios_gates_GateMutexPri_Module__root__V                         
9c02f4c0  ti_sysbios_gates_GateMutex_Module__root__V                            
9c02f4c8  ti_sysbios_hal_Hwi_Object__table__V                                   
9c02f4d0  ti_sysbios_heaps_HeapMem_Module__root__V                              
9c02f4d8  ti_sysbios_knl_Queue_Module__root__V                                  
9c02f4e0  ti_sysbios_knl_Semaphore_Module__root__V                              
9c02f4e8  ti_sysbios_knl_Task_Module__root__V                                   
9c02f4f0  ti_sysbios_xdcruntime_GateThreadSupport_Module__root__V               
9c02f4f8  xdc_runtime_LoggerBuf_Module__root__V                                 
9c02f500  xdc_runtime_Registry_Module__state__V                                 
9c02f508  xdc_runtime_Startup_Module__state__V                                  
9c02f510  xdc_runtime_System_Module__state__V                                   
9c02f518  xdc_runtime_knl_GateThread_Module__root__V                            
9c02f520  xdc_runtime_LoggerBuf_Module__state__V                                
9c02f526  xdc_runtime_Error_Module__state__V                                    
9c02f528  ti_sdo_ipc_Notify_Module_State_0_notifyHandles_0__A                   
9c02f530  ti_sdo_ipc_Notify_Module_State_0_notifyHandles__A                     
9c02f538  ti_sysbios_gates_GateHwi_Object__table__V                             
9c02f540  ti_sysbios_knl_Task_Module_State_0_idleTask__A                        
9c02f548  ti_sdo_utils_MultiProc_Module_State_0_clusterProcList__A              
9c02f550  __CIOBUF_                                                             
9c02f6c4  __TI_STATIC_BASE                                                      
9c02f6c8  platform_errno                                                        
9c02f6cc  platform_init_return_code                                             
9c02f800  ti_sysbios_family_c64p_Hwi0                                           
9c02f800  ti_sysbios_family_c64p_Hwi_int0                                       
9c02f820  ti_sysbios_family_c64p_Hwi_int1                                       
9c02f840  ti_sysbios_family_c64p_Hwi_int2                                       
9c02f860  ti_sysbios_family_c64p_Hwi_int3                                       
9c02f880  ti_sysbios_family_c64p_Hwi_int4                                       
9c02f8a0  ti_sysbios_family_c64p_Hwi_int5                                       
9c02f8c0  ti_sysbios_family_c64p_Hwi_int6                                       
9c02f8e0  ti_sysbios_family_c64p_Hwi_int7                                       
9c02f900  ti_sysbios_family_c64p_Hwi_int8                                       
9c02f920  ti_sysbios_family_c64p_Hwi_int9                                       
9c02f940  ti_sysbios_family_c64p_Hwi_int10                                      
9c02f960  ti_sysbios_family_c64p_Hwi_int11                                      
9c02f980  ti_sysbios_family_c64p_Hwi_int12                                      
9c02f9a0  ti_sysbios_family_c64p_Hwi_int13                                      
9c02f9c0  ti_sysbios_family_c64p_Hwi_int14                                      
9c02f9e0  ti_sysbios_family_c64p_Hwi_int15                                      
9c030698  __TI_Handler_Table_Base                                               
9c0306a0  __TI_CINIT_Base                                                       
9c0306a0  __TI_Handler_Table_Limit                                              
9c0306c8  __TI_CINIT_Limit                                                      
ffffffff  __TI_pprof_out_hndl                                                   
ffffffff  __TI_prof_data_size                                                   
ffffffff  __TI_prof_data_start                                                  
ffffffff  __binit__                                                             
ffffffff  __c_args__                                                            
ffffffff  binit                                                                 
UNDEFED   __TI_INITARRAY_Base                                                   
UNDEFED   __TI_INITARRAY_Limit                                                  
UNDEFED   __TI_TLS_INIT_Base                                                    
UNDEFED   __TI_TLS_INIT_Limit                                                   

[886 symbols]
