******************************************************************************
               TMS320C6x Linker PC v8.3.3                      
******************************************************************************
>> Linked Fri Apr 26 17:43:57 2019

OUTPUT FILE NAME:   <basic-platform.out>
ENTRY POINT SYMBOL: "_c_int00"  address: 8001b4a0


MEMORY CONFIGURATION

         name            origin    length      used     unused   attr    fill
----------------------  --------  ---------  --------  --------  ----  --------
  L2SRAM                00800000   00080000  00002000  0007e000  RW X
  MSMCSRAM              0c000000   00400000  00027802  003d87fe  RW X
  DDR                   80000000   08000000  0002bc84  07fd437c  RW X


SEGMENT ALLOCATION MAP

run origin  load origin   length   init length attrs members
----------  ----------- ---------- ----------- ----- -------
00800000    00800000    00002000   00000000    rw-
  00800000    00800000    00002000   00000000    rw- .stack
0c020000    0c020000    00006882   00000000    rw-
  0c020000    0c020000    00006882   00000000    rw- .qmss
0c026900    0c026900    00000f80   00000000    rw-
  0c026900    0c026900    00000f80   00000000    rw- .cppi
80000000    80000000    00025d3b   00025d3b    r-x
  80000000    80000000    00021260   00021260    r-x .text
  80021260    80021260    00004adb   00004adb    r-- .const
80025d40    80025d40    00004953   00000000    rw-
  80025d40    80025d40    00002654   00000000    rw- .fardata
  80028398    80028398    000021b2   00000000    rw- .far
  8002a550    8002a550    00000120   00000000    rw- .cio
  8002a670    8002a670    00000004   00000000    rw- .bss
  8002a674    8002a674    0000001f   00000000    rw- .neardata
8002a694    8002a694    00000010   00000010    r--
  8002a694    8002a694    00000010   00000010    r-- .switch
8002a800    8002a800    000015f0   000015f0    r-x
  8002a800    8002a800    00000200   00000200    r-x .vecs
  8002aa00    8002aa00    000013f0   000013f0    r-- .cinit


SECTION ALLOCATION MAP

 output                                  attributes/
section   page    origin      length       input sections
--------  ----  ----------  ----------   ----------------
ti.sdo.ipc.SharedRegion_0 
*          0    0c000000    00020000     NOLOAD SECTION
                  0c000000    00020000     --HOLE--

.stack     0    00800000    00002000     UNINITIALIZED
                  00800000    00000008     boot.ae66 : boot.oe66 (.stack)
                  00800008    00001ff8     --HOLE--

.bss       0    8002a670    00000004     UNINITIALIZED
                  8002a670    00000004     (.common:Ipc_sr0MemorySetup)

.neardata 
*          0    8002a674    0000001f     UNINITIALIZED
                  8002a674    00000018     sample_osal.obj (.neardata)
                  8002a68c    00000006     main.obj (.neardata)
                  8002a692    00000001     qmss_init.obj (.neardata)

.rodata    0    8002a693    00000000     UNINITIALIZED

.cinit     0    8002aa00    000013f0     
                  8002aa00    0000137a     (.cinit..fardata.load) [load image, compression = rle]
                  8002bd7a    00000010     (.cinit..neardata.load) [load image, compression = rle]
                  8002bd8a    0000000b     (.cinit..cppi.load) [load image, compression = rle]
                  8002bd95    0000000b     (.cinit..far.load) [load image, compression = rle]
                  8002bda0    0000000b     (.cinit..qmss.load) [load image, compression = rle]
                  8002bdab    00000009     (.cinit..bss.load) [load image, compression = rle]
                  8002bdb4    00000008     (__TI_handler_table)
                  8002bdbc    00000004     --HOLE-- [fill = 0]
                  8002bdc0    00000030     (__TI_cinit_table)

.init_array 
*          0    80000000    00000000     UNINITIALIZED

.qmss      0    0c020000    00006882     UNINITIALIZED
                  0c020000    00006880     ti.drv.qmss.ae66 : qmss_drv.oe66 (.qmss:uninit)
                  0c026880    00000002                      : qmss_drv.oe66 (.qmss:init)

.cppi      0    0c026900    00000f80     UNINITIALIZED
                  0c026900    00000f80     ti.drv.cppi.ae66 : cppi_drv.oe66 (.cppi)

.vecs      0    8002a800    00000200     
                  8002a800    00000200     app_pe66.oe66 (.vecs)

xdc.meta   0    80000000    000000e8     COPY SECTION
                  80000000    000000e8     app_pe66.oe66 (xdc.meta)

.text      0    80000000    00021260     
                  80000000    00000c60     ipc.ae66 : Ipc.obj (.text:ti_sdo_ipc_GateMP_Instance_init__E)
                  80000c60    00000980     ti.drv.qmss.ae66 : qmss_drv.oe66 (.text:Qmss_initSubSys)
                  800015e0    000008a0     ti.targets.rts6000.ae66 : System.oe66 (.text:xdc_runtime_System_doPrint__I)
                  80001e80    00000780     sysbios.ae66 : BIOS.obj (.text:ti_sysbios_family_c64p_Exception_handler__I)
                  80002600    00000740     ipc.ae66 : Ipc.obj (.text:MessageQ_put)
                  80002d40    00000740     sysbios.ae66 : BIOS.obj (.text:ti_sysbios_knl_Semaphore_pend__E)
                  80003480    00000700                  : BIOS.obj (.text:ti_sysbios_timers_timer64_Timer_Module_startup__E)
                  80003b80    000006c0     sample_osal.obj (.text)
                  80004240    00000640     ipc.ae66 : Ipc.obj (.text:Ipc_attach)
                  80004880    00000620              : Ipc.obj (.text:ti_sdo_ipc_heaps_HeapMemMP_alloc__E)
                  80004ea0    00000620     sysbios.ae66 : BIOS.obj (.text:ti_sysbios_heaps_HeapMem_allocUnprotected__E)
                  800054c0    00000600     ipc.ae66 : Ipc.obj (.text:ti_sdo_ipc_GateMP_setRegion0Reserved__F)
                  80005ac0    00000600              : Ipc.obj (.text:ti_sdo_ipc_transports_TransportShm_Instance_init__E)
                  800060c0    000005c0     sysbios.ae66 : BIOS.obj (.text:ti_sysbios_heaps_HeapMem_freeUnprotected__E)
                  80006680    000005a0     ipc.ae66 : Ipc.obj (.text:ti_sdo_ipc_ListMP_Instance_init__E)
                  80006c20    000005a0              : Ipc.obj (.text:ti_sdo_ipc_nsremote_NameServerRemoteNotify_Instance_init__E)
                  800071c0    00000560              : Ipc.obj (.text:ti_sdo_ipc_GateMP_Instance_finalize__E)
                  80007720    00000540              : Ipc.obj (.text:ti_sdo_ipc_heaps_HeapMemMP_free__E)
                  80007c60    00000500              : Ipc.obj (.text:Notify_registerEvent)
                  80008160    00000500     sysbios.ae66 : BIOS.obj (.text:ti_sysbios_knl_Task_Instance_finalize__E)
                  80008660    000004c0     ipc.ae66 : Ipc.obj (.text:ti_sdo_ipc_heaps_HeapMemMP_Instance_init__E)
                  80008b20    000004a0     qmss_init.obj (.text)
                  80008fc0    00000480     ti.drv.cppi.ae66 : cppi_drv.oe66 (.text:Cppi_init)
                  80009440    00000480     ipc.ae66 : Ipc.obj (.text:NameServer_add)
                  800098c0    00000480     sysbios.ae66 : BIOS.obj (.text:ti_sysbios_gates_GateMutexPri_enter__E)
                  80009d40    00000460                  : BIOS.obj (.text:ti_sysbios_knl_Task_sleep__E)
                  8000a1a0    00000420     ipc.ae66 : Ipc.obj (.text:Notify_sendEvent)
                  8000a5c0    00000420     sysbios.ae66 : BIOS.obj (.text:ti_sysbios_knl_Task_setPri__E)
                  8000a9e0    00000400     ipc.ae66 : Ipc.obj (.text:Notify_registerEventSingle)
                  8000ade0    00000400              : Ipc.obj (.text:ti_sdo_ipc_nsremote_NameServerRemoteNotify_get__F)
                  8000b1e0    000003e0              : Ipc.obj (.text:Notify_unregisterEventSingle)
                  8000b5c0    000003c0     sysbios.ae66 : BIOS.obj (.text:ti_sysbios_knl_Task_Instance_init__E)
                  8000b980    000003a0                  : BIOS.obj (.text:ti_sysbios_family_c66_Cache_startup__I)
                  8000bd20    00000340     ipc.ae66 : Ipc.obj (.text:ti_sdo_ipc_gates_GatePeterson_Instance_init__E)
                  8000c060    00000340              : Ipc.obj (.text:ti_sdo_ipc_notifyDrivers_NotifyDriverShm_Instance_init__E)
                  8000c3a0    00000320     sysbios.ae66 : BIOS.obj (.text:ti_sysbios_timers_timer64_Timer_deviceConfig__I)
                  8000c6c0    00000300     ipc.ae66 : Ipc.obj (.text:ti_sdo_ipc_Notify_Instance_init__E)
                  8000c9c0    00000300     sysbios.ae66 : BIOS.obj (.text:ti_sysbios_knl_Task_Module_startup__E)
                  8000ccc0    000002e0     ipc.ae66 : Ipc.obj (.text:ListMP_getHead)
                  8000cfa0    000002e0              : Ipc.obj (.text:ti_sdo_ipc_SharedRegion_reserveMemory__F)
                  8000d280    000002e0     sysbios.ae66 : BIOS.obj (.text:ti_sysbios_heaps_HeapMem_Instance_init__E)
                  8000d560    000002c0     ipc.ae66 : Ipc.obj (.text:ti_sdo_ipc_heaps_HeapMemMP_postInit__I)
                  8000d820    000002c0     sysbios.ae66 : BIOS.obj (.text:ti_sysbios_knl_Clock_workFunc__E)
                  8000dae0    000002c0     ti.targets.rts6000.ae66 : LoggerBuf.oe66 (.text:xdc_runtime_LoggerBuf_write8__E)
                  8000dda0    000002a0     ipc.ae66 : Ipc.obj (.text:ti_sdo_ipc_MessageQ_registerTransport__F)
                  8000e040    000002a0              : Ipc.obj (.text:ti_sdo_ipc_MessageQ_unregisterTransport__F)
                  8000e2e0    000002a0              : Ipc.obj (.text:ti_sdo_utils_NameServer_registerRemoteDriver__E)
                  8000e580    000002a0              : Ipc.obj (.text:ti_sdo_utils_NameServer_unregisterRemoteDriver__E)
                  8000e820    00000280              : Ipc.obj (.text:ti_sdo_utils_NameServer_isRegistered__E)
                  8000eaa0    00000280     sysbios.ae66 : BIOS.obj (.text:ti_sysbios_family_c64p_Hwi_reconfig__E)
                  8000ed20    00000260     ipc.ae66 : Ipc.obj (.text:ti_sdo_ipc_notifyDrivers_NotifyDriverShm_isr__I)
                  8000ef80    00000260     sysbios.ae66 : BIOS.obj (.text:ti_sysbios_family_c64p_Hwi_dispatchCore__I)
                  8000f1e0    00000260                  : BIOS.obj (.text:ti_sysbios_knl_Semaphore_post__E)
                  8000f440    00000260     ti.targets.rts6000.ae66 : Startup.oe66 (.text:xdc_runtime_Startup_startMods__I)
                  8000f6a0    00000240     rts6600_elf.lib : imath64.c.obj (.text:__c6xabi_divull)
                  8000f8e0    00000240     sysbios.ae66 : BIOS.obj (.text:ti_sysbios_family_c64p_Exception_internalHandler__I)
                  8000fb20    00000240     ti.targets.rts6000.ae66 : Core-mem.oe66 (.text:xdc_runtime_Core_createObject__I)
                  8000fd60    00000240     app_pe66.oe66 (.text:xdc_runtime_System_printfExtend__I)
                  8000ffa0    00000220     ipc.ae66 : Ipc.obj (.text:ListMP_putTail)
                  800101c0    00000220              : Ipc.obj (.text:SharedRegion_getPtr)
                  800103e0    00000220              : Ipc.obj (.text:SharedRegion_getSRPtr)
                  80010600    00000220     sysbios.ae66 : BIOS.obj (.text:ti_sysbios_knl_Swi_run__I)
                  80010820    00000220                  : BIOS.obj (.text:ti_sysbios_timers_timer64_Timer_setPeriodMicroSecs__E)
                  80010a40    00000200     ipc.ae66 : Ipc.obj (.text:GateMP_openByAddr)
                  80010c40    00000200              : Ipc.obj (.text:HeapMemMP_sharedMemReq)
                  80010e40    00000200              : Ipc.obj (.text:Ipc_start)
                  80011040    00000200              : Ipc.obj (.text:SharedRegion_getEntry)
                  80011240    00000200     sysbios.ae66 : c64p_Hwi_disp_always.obj (.text:_ti_sysbios_family_c64p_Hwi_dispatchAlways)
                  80011440    00000200     ipc.ae66 : Ipc.obj (.text:ti_sdo_ipc_SharedRegion_start__F)
                  80011640    00000200              : Ipc.obj (.text:ti_sdo_ipc_nsremote_NameServerRemoteNotify_swiFxnRequest__I)
                  80011840    00000200     ti.targets.rts6000.ae66 : Error.oe66 (.text:xdc_runtime_Error_policyDefault__E)
                  80011a40    000001e0     ipc.ae66 : Ipc.obj (.text:GateMP_sharedMemReq)
                  80011c20    000001e0     ti.drv.qmss.ae66 : qmss_drv.oe66 (.text:Qmss_internaldownloadFirmware)
                  80011e00    000001e0     sysbios.ae66 : BIOS.obj (.text:ti_sysbios_gates_GateMutex_enter__E)
                  80011fe0    000001e0     ti.targets.rts6000.ae66 : LoggerBuf.oe66 (.text:xdc_runtime_LoggerBuf_write4__E)
                  800121c0    000001e0                             : Text.oe66 (.text:xdc_runtime_Text_putSite__E)
                  800123a0    000001c0     main.obj (.text)
                  80012560    000001c0     ipc.ae66 : Ipc.obj (.text:ti_sdo_ipc_Ipc_procSyncStart__I)
                  80012720    000001c0              : Ipc.obj (.text:ti_sdo_ipc_notifyDrivers_NotifyDriverShm_disableEvent__E)
                  800128e0    000001c0     sysbios.ae66 : BIOS.obj (.text:ti_sysbios_knl_Task_checkStacks__E)
                  80012aa0    000001c0                  : BIOS.obj (.text:ti_sysbios_timers_timer64_Timer_getFreq__E)
                  80012c60    000001c0                  : BIOS.obj (.text:ti_sysbios_timers_timer64_Timer_start__E)
                  80012e20    000001a0     ipc.ae66 : Ipc.obj (.text:GateMP_enter)
                  80012fc0    000001a0              : Ipc.obj (.text:GateMP_leave)
                  80013160    000001a0              : Ipc.obj (.text:NameServer_getLocal)
                  80013300    000001a0              : Ipc.obj (.text:ti_sdo_ipc_notifyDrivers_NotifyDriverShm_sendEvent__E)
                  800134a0    000001a0              : Ipc.obj (.text:ti_sdo_ipc_transports_TransportShm_Instance_finalize__E)
                  80013640    000001a0              : Ipc.obj (.text:ti_sdo_ipc_transports_TransportShm_openByAddr__E)
                  800137e0    000001a0              : Ipc.obj (.text:ti_sdo_ipc_transports_TransportShm_put__E)
                  80013980    000001a0     sysbios.ae66 : BIOS.obj (.text:ti_sysbios_family_c66_Cache_block__I)
                  80013b20    000001a0                  : BIOS.obj (.text:ti_sysbios_family_c66_Cache_getL2InitSize__I)
                  80013cc0    000001a0                  : BIOS.obj (.text:ti_sysbios_knl_Task_schedule__I)
                  80013e60    000001a0     ti.targets.rts6000.ae66 : Core-smem.oe66 (.text:xdc_runtime_Core_constructObject__I)
                  80014000    00000180     ipc.ae66 : Ipc.obj (.text:NameServer_getHandle)
                  80014180    00000180     sysbios.ae66 : c64p_Exception_asm.obj (.text)
                  80014300    00000180     ipc.ae66 : Ipc.obj (.text:ti_sdo_ipc_GateMP_attach__F)
                  80014480    00000180              : Ipc.obj (.text:ti_sdo_ipc_Notify_execMany__I)
                  80014600    00000180     sysbios.ae66 : BIOS.obj (.text:ti_sysbios_knl_Swi_Instance_init__E)
                  80014780    00000180                  : BIOS.obj (.text:ti_sysbios_knl_Task_exit__E)
                  80014900    00000180                  : BIOS.obj (.text:ti_sysbios_knl_Task_startCore__E)
                  80014a80    00000160     ipc.ae66 : Ipc.obj (.text:ti_sdo_ipc_GateMP_openRegion0Reserved__F)
                  80014be0    00000160              : Ipc.obj (.text:ti_sdo_ipc_notifyDrivers_NotifyDriverShm_registerEvent__E)
                  80014d40    00000160              : Ipc.obj (.text:ti_sdo_ipc_notifyDrivers_NotifyDriverShm_sharedMemReq__F)
                  80014ea0    00000160              : Ipc.obj (.text:ti_sdo_ipc_notifyDrivers_NotifyDriverShm_unregisterEvent__E)
                  80015000    00000160     sysbios.ae66 : BIOS.obj (.text:ti_sysbios_family_c64p_Hwi_Module_startup__E)
                  80015160    00000160                  : BIOS.obj (.text:ti_sysbios_knl_Swi_post__E)
                  800152c0    00000160     ti.targets.rts6000.ae66 : Text.oe66 (.text:xdc_runtime_Text_putMod__E)
                  80015420    00000140     ipc.ae66 : Ipc.obj (.text:ListMP_remove)
                  80015560    00000140              : Ipc.obj (.text:ListMP_sharedMemReq)
                  800156a0    00000140              : Ipc.obj (.text:MultiProc_setLocalId)
                  800157e0    00000140              : Ipc.obj (.text:Notify_intLineRegistered)
                  80015920    00000140     ti.drv.qmss.ae66 : qmss_drv.oe66 (.text:Qmss_rmServiceGroups)
                  80015a60    00000140                      : qmss_drv.oe66 (.text:Qmss_startSubSysCfg)
                  80015ba0    00000140     ipc.ae66 : Ipc.obj (.text:SharedRegion_getCacheLineSize)
                  80015ce0    00000140              : Ipc.obj (.text:SharedRegion_getHeap)
                  80015e20    00000140              : Ipc.obj (.text:SharedRegion_isCacheEnabled)
                  80015f60    00000140              : Ipc.obj (.text:ti_sdo_ipc_GateMP_createLocal__F)
                  800160a0    00000140              : Ipc.obj (.text:ti_sdo_ipc_GateMP_getFreeResource__I)
                  800161e0    00000140              : Ipc.obj (.text:ti_sdo_ipc_gates_GatePeterson_enter__E)
                  80016320    00000140              : Ipc.obj (.text:ti_sdo_ipc_notifyDrivers_NotifyDriverShm_enableEvent__E)
                  80016460    00000140              : Ipc.obj (.text:ti_sdo_ipc_nsremote_NameServerRemoteNotify_attach__E)
                  800165a0    00000140              : Ipc.obj (.text:ti_sdo_ipc_nsremote_NameServerRemoteNotify_cbFxn__I)
                  800166e0    00000140     sysbios.ae66 : BIOS.obj (.text:ti_sysbios_gates_GateSwi_enter__E)
                  80016820    00000140                  : BIOS.obj (.text:ti_sysbios_knl_Semaphore_Instance_init__E)
                  80016960    00000140                  : BIOS.obj (.text:ti_sysbios_knl_Task_blockI__E)
                  80016aa0    00000140                  : BIOS.obj (.text:ti_sysbios_knl_Task_postInit__I)
                  80016be0    00000140     ti.targets.rts6000.ae66 : Core-mem.oe66 (.text:xdc_runtime_Core_deleteObject__I)
                  80016d20    00000140                             : LoggerBuf.oe66 (.text:xdc_runtime_LoggerBuf_setFilterLevel__E)
                  80016e60    00000140                             : Text.oe66 (.text:xdc_runtime_Text_putLab__E)
                  80016fa0    00000120     ipc.ae66 : Ipc.obj (.text:GateMP_close)
                  800170c0    00000120     ti.drv.qmss.ae66 : qmss_drv.oe66 (.text:Qmss_rmService)
                  800171e0    00000120     boot.ae66 : autoinit.oe66 (.text:_auto_init_elf)
                  80017300    00000120     ipc.ae66 : Ipc.obj (.text:ti_sdo_ipc_Notify_Module_startup__E)
                  80017420    00000120     app_pe66.oe66 (.text:ti_sdo_ipc_Notify_create)
                  80017540    00000120     ipc.ae66 : Ipc.obj (.text:ti_sdo_ipc_gates_GateHWSem_Instance_init__E)
                  80017660    00000120              : Ipc.obj (.text:ti_sdo_utils_NameServer_removeLocal__I)
                  80017780    00000120     sysbios.ae66 : BIOS.obj (.text:ti_sysbios_family_c64p_Hwi_Instance_init__E)
                  800178a0    00000120                  : BIOS.obj (.text:ti_sysbios_knl_Swi_restoreHwi__E)
                  800179c0    00000120     ti.targets.rts6000.ae66 : LoggerBuf.oe66 (.text:xdc_runtime_LoggerBuf_getFilterLevel__E)
                  80017ae0    00000100     rts6600_elf.lib : copy_decompress_rle.c.obj (.text:__TI_decompress_rle_core)
                  80017be0    00000100     ipc.ae66 : Ipc.obj (.text:ti_sdo_ipc_Ipc_procSyncFinish__I)
                  80017ce0    00000100              : Ipc.obj (.text:ti_sdo_ipc_Notify_exec__F)
                  80017de0    00000100              : Ipc.obj (.text:ti_sdo_ipc_SharedRegion_attach__F)
                  80017ee0    00000100              : Ipc.obj (.text:ti_sdo_ipc_family_c647x_Interrupt_intRegister__E)
                  80017fe0    00000100              : Ipc.obj (.text:ti_sdo_ipc_family_c647x_MultiProcSetup_init__I)
                  800180e0    00000100              : Ipc.obj (.text:ti_sdo_ipc_gates_GateHWSem_enter__E)
                  800181e0    00000100              : Ipc.obj (.text:ti_sdo_ipc_heaps_HeapMemMP_getStats__E)
                  800182e0    00000100     sysbios.ae66 : BIOS.obj (.text:ti_sysbios_family_c64p_Hwi_Instance_finalize__E)
                  800183e0    00000100                  : BIOS.obj (.text:ti_sysbios_gates_GateMutexPri_leave__E)
                  800184e0    00000100                  : BIOS.obj (.text:ti_sysbios_knl_Task_unblockI__E)
                  800185e0    00000100                  : BIOS.obj (.text:ti_sysbios_timers_timer64_Timer_initDevice__I)
                  800186e0    00000100                  : BIOS.obj (.text:ti_sysbios_xdcruntime_GateThreadSupport_leave__E)
                  800187e0    00000100     ti.targets.rts6000.ae66 : Error.oe66 (.text:xdc_runtime_Error_print__E)
                  800188e0    00000100                             : Memory.oe66 (.text:xdc_runtime_Memory_alloc__E)
                  800189e0    00000100                             : Startup.oe66 (.text:xdc_runtime_Startup_exec__E)
                  80018ae0    000000e0     rts6600_elf.lib : hostwrite.c.obj (.text:HOSTwrite)
                  80018bc0    000000e0     ipc.ae66 : Ipc.obj (.text:HeapMemMP_openByAddr)
                  80018ca0    000000e0              : Ipc.obj (.text:ListMP_openByAddr)
                  80018d80    000000e0     rts6600_elf.lib : exit.c.obj (.text:exit)
                  80018e60    000000e0                     : memset.c.obj (.text:memset)
                  80018f40    000000e0     ipc.ae66 : Ipc.obj (.text:ti_sdo_ipc_GateMP_start__F)
                  80019020    000000e0              : Ipc.obj (.text:ti_sdo_ipc_ListMP_Instance_finalize__E)
                  80019100    000000e0              : Ipc.obj (.text:ti_sdo_ipc_MessageQ_Module_startup__E)
                  800191e0    000000e0              : Ipc.obj (.text:ti_sdo_ipc_Notify_Instance_finalize__E)
                  800192c0    000000e0              : Ipc.obj (.text:ti_sdo_ipc_SharedRegion_clearReservedMemory__F)
                  800193a0    000000e0              : Ipc.obj (.text:ti_sdo_ipc_family_c647x_Interrupt_Module_startup__E)
                  80019480    000000e0              : Ipc.obj (.text:ti_sdo_ipc_family_c647x_Interrupt_intShmStub__I)
                  80019560    000000e0              : Ipc.obj (.text:ti_sdo_ipc_gates_GateMPSupportNull_enter__E)
                  80019640    000000e0              : Ipc.obj (.text:ti_sdo_ipc_gates_GateMPSupportNull_leave__E)
                  80019720    000000e0              : Ipc.obj (.text:ti_sdo_ipc_heaps_HeapMemMP_Instance_finalize__E)
                  80019800    000000e0              : Ipc.obj (.text:ti_sdo_ipc_nsremote_NameServerRemoteNotify_Instance_finalize__E)
                  800198e0    000000e0              : Ipc.obj (.text:ti_sdo_ipc_transports_TransportShmSetup_attach__E)
                  800199c0    000000e0              : Ipc.obj (.text:ti_sdo_utils_NameServer_findLocal__I)
                  80019aa0    000000e0     sysbios.ae66 : BIOS.obj (.text:ti_sysbios_heaps_HeapMem_alloc__E)
                  80019b80    000000e0                  : BIOS.obj (.text:ti_sysbios_knl_Swi_Instance_finalize__E)
                  80019c60    000000e0                  : BIOS.obj (.text:ti_sysbios_knl_Swi_runLoop__I)
                  80019d40    000000e0                  : BIOS.obj (.text:ti_sysbios_timers_timer64_Timer_startup__E)
                  80019e20    000000e0     ti.targets.rts6000.ae66 : Text.oe66 (.text:xdc_runtime_Text_visitRope2__I)
                  80019f00    000000c0     ipc.ae66 : Ipc.obj (.text:SharedRegion_getId)
                  80019fc0    000000c0     rts6600_elf.lib : divu.asm.obj (.text:__divu)
                  8001a080    000000c0     app_pe66.oe66 (.text:ti_sdo_ipc_GateMP_create)
                  8001a140    000000c0     ipc.ae66 : Ipc.obj (.text:ti_sdo_ipc_GateMP_getRegion0ReservedSize__F)
                  8001a200    000000c0     app_pe66.oe66 (.text:ti_sdo_ipc_ListMP_create)
                  8001a2c0    000000c0     ipc.ae66 : Ipc.obj (.text:ti_sdo_ipc_family_c647x_NotifySetup_attach__E)
                  8001a380    000000c0     app_pe66.oe66 (.text:ti_sdo_ipc_gates_GatePeterson_Object__create__S)
                  8001a440    000000c0     app_pe66.oe66 (.text:ti_sdo_ipc_gates_GatePeterson_create)
                  8001a500    000000c0     app_pe66.oe66 (.text:ti_sdo_ipc_heaps_HeapMemMP_Object__create__S)
                  8001a5c0    000000c0     app_pe66.oe66 (.text:ti_sdo_ipc_heaps_HeapMemMP_create)
                  8001a680    000000c0     app_pe66.oe66 (.text:ti_sdo_ipc_notifyDrivers_NotifyDriverShm_create)
                  8001a740    000000c0     app_pe66.oe66 (.text:ti_sdo_ipc_nsremote_NameServerRemoteNotify_Object__create__S)
                  8001a800    000000c0     app_pe66.oe66 (.text:ti_sdo_ipc_nsremote_NameServerRemoteNotify_create)
                  8001a8c0    000000c0     app_pe66.oe66 (.text:ti_sdo_ipc_transports_TransportShm_Object__create__S)
                  8001a980    000000c0     app_pe66.oe66 (.text:ti_sdo_ipc_transports_TransportShm_create)
                  8001aa40    000000c0     app_pe66.oe66 (.text:ti_sysbios_family_c64p_Hwi_create)
                  8001ab00    000000c0     sysbios.ae66 : BIOS.obj (.text:ti_sysbios_gates_GateAll_leave__E)
                  8001abc0    000000c0                  : BIOS.obj (.text:ti_sysbios_heaps_HeapMem_getStats__E)
                  8001ac80    000000c0                  : BIOS.obj (.text:ti_sysbios_knl_Clock_logTick__E)
                  8001ad40    000000c0                  : BIOS.obj (.text:ti_sysbios_knl_Swi_schedule__I)
                  8001ae00    000000c0                  : BIOS.obj (.text:ti_sysbios_knl_Task_allBlockedFunction__I)
                  8001aec0    000000c0     app_pe66.oe66 (.text:ti_sysbios_knl_Task_create)
                  8001af80    000000c0     rts6600_elf.lib : tls.c.obj (.text:tls:init:__TI_tls_init)
                  8001b040    000000c0     ti.targets.rts6000.ae66 : Assert.oe66 (.text:xdc_runtime_Assert_raise__I)
                  8001b100    000000c0                             : Error.oe66 (.text:xdc_runtime_Error_setX__E)
                  8001b1c0    000000c0     app_pe66.oe66 (.text:xdc_runtime_LoggerBuf_Object__create__S)
                  8001b280    000000c0     ti.targets.rts6000.ae66 : SysMin.oe66 (.text:xdc_runtime_SysMin_abort__E)
                  8001b340    000000c0                             : SysMin.oe66 (.text:xdc_runtime_SysMin_flush__E)
                  8001b400    000000a0     rts6600_elf.lib : remu.asm.obj (.text:__remu)
                  8001b4a0    000000a0     boot.ae66 : boot.oe66 (.text:_c_int00)
                  8001b540    000000a0     sysbios.ae66 : c64p_Hwi_asm.obj (.text:_ti_sysbios_family_c64p_Hwi_plug__E)
                  8001b5e0    000000a0     rts6600_elf.lib : memcpy64.asm.obj (.text:memcpy)
                  8001b680    000000a0     ipc.ae66 : Ipc.obj (.text:ti_sdo_ipc_family_c647x_MultiProcSetup_getProcId__I)
                  8001b720    000000a0              : Ipc.obj (.text:ti_sdo_ipc_gates_GatePeterson_leave__E)
                  8001b7c0    000000a0              : Ipc.obj (.text:ti_sdo_ipc_gates_GatePeterson_postInit__I)
                  8001b860    000000a0              : Ipc.obj (.text:ti_sdo_ipc_nsremote_NameServerRemoteNotify_detach__E)
                  8001b900    000000a0              : Ipc.obj (.text:ti_sdo_ipc_transports_TransportShm_sharedMemReq__E)
                  8001b9a0    000000a0              : Ipc.obj (.text:ti_sdo_utils_NameServer_Module_startup__E)
                  8001ba40    000000a0              : Ipc.obj (.text:ti_sdo_utils_NameServer_postInit__I)
                  8001bae0    000000a0     sysbios.ae66 : BIOS.obj (.text:ti_sysbios_family_c64p_Exception_Module_startup__E)
                  8001bb80    000000a0                  : BIOS.obj (.text:ti_sysbios_family_c64p_Hwi_dispatchC__I)
                  8001bc20    000000a0                  : BIOS.obj (.text:ti_sysbios_family_c64p_Hwi_getStackInfo__E)
                  8001bcc0    000000a0                  : BIOS.obj (.text:ti_sysbios_gates_GateSwi_leave__E)
                  8001bd60    000000a0     app_pe66.oe66 (.text:ti_sysbios_knl_Swi_construct)
                  8001be00    000000a0     sysbios.ae66 : BIOS.obj (.text:ti_sysbios_timers_timer64_Timer_stop__E)
                  8001bea0    000000a0     ti.targets.rts6000.ae66 : Core-params.oe66 (.text:xdc_runtime_Core_assignParams__I)
                  8001bf40    000000a0                             : SysMin.oe66 (.text:xdc_runtime_SysMin_putch__E)
                  8001bfe0    000000a0                             : System.oe66 (.text:xdc_runtime_System_formatNum__I)
                  8001c080    000000a0                             : System.oe66 (.text:xdc_runtime_System_putchar__I)
                  8001c120    000000a0                             : Text.oe66 (.text:xdc_runtime_Text_printVisFxn__I)
                  8001c1c0    000000a0                             : Text.oe66 (.text:xdc_runtime_Text_xprintf__I)
                  8001c260    000000a0     app_pe66.oe66 (.text:xdc_runtime_knl_GateThread_Object__create__S)
                  8001c300    000000a0     app_pe66.oe66 (.text:xdc_runtime_knl_GateThread_create)
                  8001c3a0    00000080     ipc.ae66 : Ipc.obj (.text:HeapMemMP_restore)
                  8001c420    00000080              : Ipc.obj (.text:ListMP_create)
                  8001c4a0    00000080     rts6600_elf.lib : trgmsg.c.obj (.text:__TI_readmsg)
                  8001c520    00000080                     : llshift.c.obj (.text:__c6xabi_llshl)
                  8001c5a0    00000080     sysbios.ae66 : c62_TaskSupport_asm.obj (.text:_ti_sysbios_family_c62_TaskSupport_swap__E)
                  8001c620    00000080     ipc.ae66 : Ipc.obj (.text:ti_sdo_ipc_Ipc_getMasterAddr__I)
                  8001c6a0    00000080              : Ipc.obj (.text:ti_sdo_ipc_family_c647x_Interrupt_intUnregister__E)
                  8001c720    00000080              : Ipc.obj (.text:ti_sdo_ipc_gates_GateHWSem_Module_startup__E)
                  8001c7a0    00000080     app_pe66.oe66 (.text:ti_sdo_ipc_gates_GateHWSem_Object__create__S)
                  8001c820    00000080     app_pe66.oe66 (.text:ti_sdo_ipc_gates_GateHWSem_create)
                  8001c8a0    00000080     app_pe66.oe66 (.text:ti_sdo_ipc_gates_GateMPSupportNull_Object__create__S)
                  8001c920    00000080     app_pe66.oe66 (.text:ti_sdo_ipc_gates_GateMPSupportNull_create)
                  8001c9a0    00000080     ipc.ae66 : Ipc.obj (.text:ti_sdo_ipc_notifyDrivers_NotifyDriverShm_Instance_finalize__E)
                  8001ca20    00000080              : Ipc.obj (.text:ti_sdo_ipc_transports_TransportShm_swiFxn__I)
                  8001caa0    00000080     app_pe66.oe66 (.text:ti_sysbios_BIOS_atExitFunc__I)
                  8001cb20    00000080     app_pe66.oe66 (.text:ti_sysbios_BIOS_registerRTSLock__I)
                  8001cba0    00000080     sysbios.ae66 : BIOS.obj (.text:ti_sysbios_family_c66_Cache_invL1pAll__E)
                  8001cc20    00000080     app_pe66.oe66 (.text:ti_sysbios_gates_GateAll_Object__create__S)
                  8001cca0    00000080     app_pe66.oe66 (.text:ti_sysbios_gates_GateHwi_Object__create__S)
                  8001cd20    00000080     app_pe66.oe66 (.text:ti_sysbios_gates_GateMutexPri_Object__create__S)
                  8001cda0    00000080     app_pe66.oe66 (.text:ti_sysbios_gates_GateMutex_Object__create__S)
                  8001ce20    00000080     app_pe66.oe66 (.text:ti_sysbios_gates_GateSwi_Object__create__S)
                  8001cea0    00000080     sysbios.ae66 : BIOS.obj (.text:ti_sysbios_hal_Hwi_checkStack)
                  8001cf20    00000080                  : BIOS.obj (.text:ti_sysbios_hal_Hwi_initStack)
                  8001cfa0    00000080     app_pe66.oe66 (.text:ti_sysbios_heaps_HeapMem_Object__create__S)
                  8001d020    00000080     sysbios.ae66 : BIOS.obj (.text:ti_sysbios_heaps_HeapMem_init__I)
                  8001d0a0    00000080     app_pe66.oe66 (.text:ti_sysbios_knl_Clock_doTick__I)
                  8001d120    00000080     sysbios.ae66 : BIOS.obj (.text:ti_sysbios_knl_Idle_run__E)
                  8001d1a0    00000080     app_pe66.oe66 (.text:ti_sysbios_knl_Semaphore_create)
                  8001d220    00000080     sysbios.ae66 : BIOS.obj (.text:ti_sysbios_knl_Semaphore_pendTimeout__I)
                  8001d2a0    00000080                  : BIOS.obj (.text:ti_sysbios_knl_Swi_startup__E)
                  8001d320    00000080                  : BIOS.obj (.text:ti_sysbios_knl_Task_restore__E)
                  8001d3a0    00000080     app_pe66.oe66 (.text:ti_sysbios_xdcruntime_GateThreadSupport_create)
                  8001d420    00000080     ti.targets.rts6000.ae66 : Core-label.oe66 (.text:xdc_runtime_Core_assignLabel__I)
                  8001d4a0    00000080                             : LoggerBuf.oe66 (.text:xdc_runtime_LoggerBuf_Instance_init__E)
                  8001d520    00000080                             : LoggerBuf.oe66 (.text:xdc_runtime_LoggerBuf_Module_startup__E)
                  8001d5a0    00000080                             : LoggerBuf.oe66 (.text:xdc_runtime_LoggerBuf_filterOutEvent__I)
                  8001d620    00000080     app_pe66.oe66 (.text:xdc_runtime_SysMin_output__I)
                  8001d6a0    00000080     ti.targets.rts6000.ae66 : System.oe66 (.text:xdc_runtime_System_atexit__E)
                  8001d720    00000080                             : System.oe66 (.text:xdc_runtime_System_avprintf__E)
                  8001d7a0    00000080                             : System.oe66 (.text:xdc_runtime_System_processAtExit__E)
                  8001d820    00000080                             : System.oe66 (.text:xdc_runtime_System_vprintf__E)
                  8001d8a0    00000060     ipc.ae66 : Ipc.obj (.text:HeapMemMP_create)
                  8001d900    00000060              : Ipc.obj (.text:HeapMemMP_getRTSCParams$17)
                  8001d960    00000060     rts6600_elf.lib : trgmsg.c.obj (.text:__TI_writemsg)
                  8001d9c0    00000060                     : llshift.c.obj (.text:__c6xabi_llshru)
                  8001da20    00000060                     : imath64.c.obj (.text:_subcull)
                  8001da80    00000060     sysbios.ae66 : c64p_Hwi_asm_switch.obj (.text:_ti_sysbios_family_c64p_Hwi_switchAndDispatch__I)
                  8001dae0    00000060                  : c64p_Hwi_asm_switch.obj (.text:_ti_sysbios_family_xxx_Hwi_switchAndRunFunc)
                  8001db40    00000060     app_pe66.oe66 (.text:ti_sdo_ipc_GateMP_Object__delete__S)
                  8001dba0    00000060     ipc.ae66 : Ipc.obj (.text:ti_sdo_ipc_Ipc_getSlaveAddr__I)
                  8001dc00    00000060              : Ipc.obj (.text:ti_sdo_ipc_Ipc_reservedSizePerProc__I)
                  8001dc60    00000060     app_pe66.oe66 (.text:ti_sdo_ipc_ListMP_Object__delete__S)
                  8001dcc0    00000060     ipc.ae66 : Ipc.obj (.text:ti_sdo_ipc_ListMP_elemClear__I)
                  8001dd20    00000060              : Ipc.obj (.text:ti_sdo_ipc_family_c647x_NotifySetup_sharedMemReq__E)
                  8001dd80    00000060     app_pe66.oe66 (.text:ti_sdo_ipc_gates_GatePeterson_Object__delete__S)
                  8001dde0    00000060     ipc.ae66 : Ipc.obj (.text:ti_sdo_ipc_gates_GatePeterson_sharedMemReq__E)
                  8001de40    00000060     app_pe66.oe66 (.text:ti_sdo_ipc_heaps_HeapMemMP_Object__delete__S)
                  8001dea0    00000060     app_pe66.oe66 (.text:ti_sdo_ipc_notifyDrivers_NotifyDriverShm_Object__delete__S)
                  8001df00    00000060     app_pe66.oe66 (.text:ti_sdo_ipc_nsremote_NameServerRemoteNotify_Object__delete__S)
                  8001df60    00000060     app_pe66.oe66 (.text:ti_sdo_ipc_transports_TransportShm_Object__delete__S)
                  8001dfc0    00000060     app_pe66.oe66 (.text:ti_sdo_utils_List_construct)
                  8001e020    00000060     app_pe66.oe66 (.text:ti_sysbios_BIOS_errorRaiseHook__I)
                  8001e080    00000060     app_pe66.oe66 (.text:ti_sysbios_BIOS_removeRTSLock__I)
                  8001e0e0    00000060     app_pe66.oe66 (.text:ti_sysbios_BIOS_startFunc__I)
                  8001e140    00000060     sysbios.ae66 : BIOS.obj (.text:ti_sysbios_family_c62_TaskSupport_start__E)
                  8001e1a0    00000060     app_pe66.oe66 (.text:ti_sysbios_family_c64p_Hwi_Object__delete__S)
                  8001e200    00000060     sysbios.ae66 : BIOS.obj (.text:ti_sysbios_family_c66_Cache_Module_startup__E)
                  8001e260    00000060                  : BIOS.obj (.text:ti_sysbios_gates_GateAll_enter__E)
                  8001e2c0    00000060     app_pe66.oe66 (.text:ti_sysbios_gates_GateMutexPri_Object__delete__S)
                  8001e320    00000060     app_pe66.oe66 (.text:ti_sysbios_gates_GateMutexPri_construct)
                  8001e380    00000060     app_pe66.oe66 (.text:ti_sysbios_gates_GateMutex_Object__delete__S)
                  8001e3e0    00000060     sysbios.ae66 : BIOS.obj (.text:ti_sysbios_heaps_HeapMem_free__E)
                  8001e440    00000060                  : BIOS.obj (.text:ti_sysbios_knl_Clock_Module_startup__E)
                  8001e4a0    00000060     app_pe66.oe66 (.text:ti_sysbios_knl_Queue_construct)
                  8001e500    00000060     app_pe66.oe66 (.text:ti_sysbios_knl_Semaphore_Object__delete__S)
                  8001e560    00000060     app_pe66.oe66 (.text:ti_sysbios_knl_Semaphore_construct)
                  8001e5c0    00000060     sysbios.ae66 : BIOS.obj (.text:ti_sysbios_knl_Swi_Module_startup__E)
                  8001e620    00000060                  : BIOS.obj (.text:ti_sysbios_knl_Task_enter__I)
                  8001e680    00000060     app_pe66.oe66 (.text:ti_sysbios_xdcruntime_GateThreadSupport_Object__delete__S)
                  8001e6e0    00000060     app_pe66.oe66 (.text:xdc_runtime_LoggerBuf_Object__delete__S)
                  8001e740    00000060     ti.targets.rts6000.ae66 : LoggerBuf.oe66 (.text:xdc_runtime_LoggerBuf_reset__E)
                  8001e7a0    00000060                             : Memory.oe66 (.text:xdc_runtime_Memory_valloc__E)
                  8001e800    00000060                             : Text.oe66 (.text:xdc_runtime_Text_cordText__E)
                  8001e860    00000060     app_pe66.oe66 (.text:xdc_runtime_knl_GateThread_Object__delete__S)
                  8001e8c0    00000040     ipc.ae66 : Ipc.obj (.text:GateMP_Params_init)
                  8001e900    00000040              : Ipc.obj (.text:HeapMemMP_Params_init)
                  8001e940    00000040              : Ipc.obj (.text:Notify_attach)
                  8001e980    00000040              : Ipc.obj (.text:Notify_sharedMemReq)
                  8001e9c0    00000040     ti.drv.qmss.ae66 : qmss_drv.oe66 (.text:Qmss_start)
                  8001ea00    00000040     rts6600_elf.lib : strasg.asm.obj (.text:__strasgi_64plus)
                  8001ea40    00000040                     : args_main.c.obj (.text:_args_main)
                  8001ea80    00000040     sysbios.ae66 : c62_TaskSupport_asm.obj (.text:_ti_sysbios_family_c62_TaskSupport_buildTaskStack)
                  8001eac0    00000040     ipc.ae66 : Ipc.obj (.text:ti_sdo_ipc_Ipc_getRegion0ReservedSize__I)
                  8001eb00    00000040              : Ipc.obj (.text:ti_sdo_ipc_family_c647x_Interrupt_intClear__E)
                  8001eb40    00000040              : Ipc.obj (.text:ti_sdo_ipc_family_c647x_Interrupt_intSend__E)
                  8001eb80    00000040     app_pe66.oe66 (.text:ti_sdo_ipc_gates_GateHWSem_Handle__label__S)
                  8001ebc0    00000040     app_pe66.oe66 (.text:ti_sdo_ipc_gates_GateHWSem_Object__delete__S)
                  8001ec00    00000040     ipc.ae66 : Ipc.obj (.text:ti_sdo_ipc_gates_GateHWSem_leave__E)
                  8001ec40    00000040     app_pe66.oe66 (.text:ti_sdo_ipc_gates_GateMPSupportNull_Handle__label__S)
                  8001ec80    00000040     app_pe66.oe66 (.text:ti_sdo_ipc_gates_GateMPSupportNull_Object__delete__S)
                  8001ecc0    00000040     app_pe66.oe66 (.text:ti_sdo_ipc_gates_GatePeterson_Handle__label__S)
                  8001ed00    00000040     ipc.ae66 : Ipc.obj (.text:ti_sdo_ipc_gates_GatePeterson_Instance_finalize__E)
                  8001ed40    00000040     app_pe66.oe66 (.text:ti_sdo_ipc_heaps_HeapMemMP_Handle__label__S)
                  8001ed80    00000040     app_pe66.oe66 (.text:ti_sdo_ipc_notifyDrivers_NotifyDriverShm_Handle__label__S)
                  8001edc0    00000040     ipc.ae66 : Ipc.obj (.text:ti_sdo_ipc_notifyDrivers_NotifyDriverShm_setNotifyHandle__E)
                  8001ee00    00000040     app_pe66.oe66 (.text:ti_sdo_ipc_nsremote_NameServerRemoteNotify_Handle__label__S)
                  8001ee40    00000040     ipc.ae66 : Ipc.obj (.text:ti_sdo_ipc_nsremote_NameServerRemoteNotify_swiFxnResponse__I)
                  8001ee80    00000040              : Ipc.obj (.text:ti_sdo_ipc_transports_TransportShmSetup_sharedMemReq__E)
                  8001eec0    00000040     app_pe66.oe66 (.text:ti_sdo_ipc_transports_TransportShm_Handle__label__S)
                  8001ef00    00000040     ipc.ae66 : Ipc.obj (.text:ti_sdo_utils_List_dequeue__E)
                  8001ef40    00000040     app_pe66.oe66 (.text:ti_sdo_utils_NameServer_Object__get__S)
                  8001ef80    00000040     app_pe66.oe66 (.text:ti_sysbios_BIOS_exitFunc__I)
                  8001efc0    00000040     app_pe66.oe66 (.text:ti_sysbios_BIOS_rtsLock__I)
                  8001f000    00000040     app_pe66.oe66 (.text:ti_sysbios_BIOS_rtsUnlock__I)
                  8001f040    00000040     sysbios.ae66 : BIOS.obj (.text:ti_sysbios_family_c64p_Hwi_disableInterrupt__E)
                  8001f080    00000040                  : BIOS.obj (.text:ti_sysbios_family_c64p_Hwi_enableInterrupt__E)
                  8001f0c0    00000040     app_pe66.oe66 (.text:ti_sysbios_gates_GateAll_Handle__label__S)
                  8001f100    00000040     app_pe66.oe66 (.text:ti_sysbios_gates_GateAll_Object__delete__S)
                  8001f140    00000040     app_pe66.oe66 (.text:ti_sysbios_gates_GateHwi_Handle__label__S)
                  8001f180    00000040     app_pe66.oe66 (.text:ti_sysbios_gates_GateHwi_Object__delete__S)
                  8001f1c0    00000040     app_pe66.oe66 (.text:ti_sysbios_gates_GateMutexPri_Handle__label__S)
                  8001f200    00000040     sysbios.ae66 : BIOS.obj (.text:ti_sysbios_gates_GateMutexPri_Instance_init__E)
                  8001f240    00000040     app_pe66.oe66 (.text:ti_sysbios_gates_GateMutexPri_destruct)
                  8001f280    00000040     app_pe66.oe66 (.text:ti_sysbios_gates_GateMutex_Handle__label__S)
                  8001f2c0    00000040     sysbios.ae66 : BIOS.obj (.text:ti_sysbios_gates_GateMutex_Instance_init__E)
                  8001f300    00000040                  : BIOS.obj (.text:ti_sysbios_gates_GateMutex_leave__E)
                  8001f340    00000040     app_pe66.oe66 (.text:ti_sysbios_gates_GateSwi_Handle__label__S)
                  8001f380    00000040     app_pe66.oe66 (.text:ti_sysbios_gates_GateSwi_Object__delete__S)
                  8001f3c0    00000040     app_pe66.oe66 (.text:ti_sysbios_heaps_HeapMem_Handle__label__S)
                  8001f400    00000040     app_pe66.oe66 (.text:ti_sysbios_heaps_HeapMem_Object__delete__S)
                  8001f440    00000040     app_pe66.oe66 (.text:ti_sysbios_heaps_HeapMem_Object__get__S)
                  8001f480    00000040     app_pe66.oe66 (.text:ti_sysbios_knl_Semaphore_destruct)
                  8001f4c0    00000040     app_pe66.oe66 (.text:ti_sysbios_knl_Swi_Object__get__S)
                  8001f500    00000040     app_pe66.oe66 (.text:ti_sysbios_knl_Swi_destruct)
                  8001f540    00000040     app_pe66.oe66 (.text:ti_sysbios_knl_Task_Object__get__S)
                  8001f580    00000040     sysbios.ae66 : BIOS.obj (.text:ti_sysbios_knl_Task_sleepTimeout__I)
                  8001f5c0    00000040     ti.targets.rts6000.ae66 : Error.oe66 (.text:xdc_runtime_Error_check__E)
                  8001f600    00000040                             : Error.oe66 (.text:xdc_runtime_Error_init__E)
                  8001f640    00000040     app_pe66.oe66 (.text:xdc_runtime_GateNull_Handle__label__S)
                  8001f680    00000040     app_pe66.oe66 (.text:xdc_runtime_GateNull_Object__create__S)
                  8001f6c0    00000040     app_pe66.oe66 (.text:xdc_runtime_GateNull_Object__delete__S)
                  8001f700    00000040     app_pe66.oe66 (.text:xdc_runtime_LoggerBuf_Handle__label__S)
                  8001f740    00000040     ti.targets.rts6000.ae66 : LoggerBuf.oe66 (.text:xdc_runtime_LoggerBuf_Instance_finalize__E)
                  8001f780    00000040     app_pe66.oe66 (.text:xdc_runtime_LoggerBuf_Object__get__S)
                  8001f7c0    00000040     ti.targets.rts6000.ae66 : LoggerBuf.oe66 (.text:xdc_runtime_LoggerBuf_write0__E)
                  8001f800    00000040                             : LoggerBuf.oe66 (.text:xdc_runtime_LoggerBuf_write1__E)
                  8001f840    00000040                             : LoggerBuf.oe66 (.text:xdc_runtime_LoggerBuf_write2__E)
                  8001f880    00000040                             : Registry.oe66 (.text:xdc_runtime_Registry_findById__E)
                  8001f8c0    00000040                             : SysMin.oe66 (.text:xdc_runtime_SysMin_Module_startup__E)
                  8001f900    00000040                             : SysMin.oe66 (.text:xdc_runtime_SysMin_exit__E)
                  8001f940    00000040                             : System.oe66 (.text:xdc_runtime_System_abort__E)
                  8001f980    00000040     app_pe66.oe66 (.text:xdc_runtime_System_aprintf__E)
                  8001f9c0    00000040     ti.targets.rts6000.ae66 : System.oe66 (.text:xdc_runtime_System_exit__E)
                  8001fa00    00000040     app_pe66.oe66 (.text:xdc_runtime_System_printf__E)
                  8001fa40    00000040     app_pe66.oe66 (.text:xdc_runtime_knl_GateThread_Handle__label__S)
                  8001fa80    00000040     ti.targets.rts6000.ae66 : GateThread.oe66 (.text:xdc_runtime_knl_GateThread_Instance_init__E)
                  8001fac0    00000020     ipc.ae66 : Ipc.obj (.text:GateMP_delete)
                  8001fae0    00000020              : Ipc.obj (.text:GateMP_getDefaultRemote)
                  8001fb00    00000020              : Ipc.obj (.text:GateMP_getSharedParams$4)
                  8001fb20    00000020              : Ipc.obj (.text:HeapMemMP_getSharedParams$17)
                  8001fb40    00000020              : Ipc.obj (.text:ListMP_Params_init)
                  8001fb60    00000020              : Ipc.obj (.text:ListMP_close)
                  8001fb80    00000020              : Ipc.obj (.text:ListMP_delete)
                  8001fba0    00000020              : Ipc.obj (.text:MultiProc_getBaseIdOfCluster)
                  8001fbc0    00000020              : Ipc.obj (.text:MultiProc_self)
                  8001fbe0    00000020              : Ipc.obj (.text:NameServer_addUInt32)
                  8001fc00    00000020              : Ipc.obj (.text:NameServer_getLocalUInt32)
                  8001fc20    00000020              : Ipc.obj (.text:NameServer_removeEntry)
                  8001fc40    00000020              : Ipc.obj (.text:Notify_numIntLines)
                  8001fc60    00000020     ti.drv.qmss.ae66 : qmss_drv.oe66 (.text:Qmss_init)
                  8001fc80    00000020     ipc.ae66 : Ipc.obj (.text:SharedRegion_invalidSRPtr)
                  8001fca0    00000020     app_pe66.oe66 (.text:_GateMP_virtToPhys)
                  8001fcc0    00000020     rts6600_elf.lib : push.asm.obj (.text:__pop_rts)
                  8001fce0    00000020                     : push.asm.obj (.text:__push_rts)
                  8001fd00    00000020                     : _lock.c.obj (.text:_nop)
                  8001fd20    00000020                     : _lock.c.obj (.text:_register_lock)
                  8001fd40    00000020                     : _data_synch.c.obj (.text:_register_synch_api)
                  8001fd60    00000020                     : _lock.c.obj (.text:_register_unlock)
                  8001fd80    00000020     sysbios.ae66 : c62_TaskSupport_asm.obj (.text:_ti_sysbios_family_c62_TaskSupport_glue)
                  8001fda0    00000020     rts6600_elf.lib : exit.c.obj (.text:abort)
                  8001fdc0    00000020                     : copy_decompress_none.c.obj (.text:decompress:none:__TI_decompress_none)
                  8001fde0    00000020                     : copy_decompress_rle.c.obj (.text:decompress:rle24:__TI_decompress_rle24)
                  8001fe00    00000020     app_pe66.oe66 (.text:ti_sdo_ipc_GateMP_Params__init__S)
                  8001fe20    00000020     app_pe66.oe66 (.text:ti_sdo_ipc_GateMP_RemoteCustom1Proxy_Proxy__abstract__S)
                  8001fe40    00000020     app_pe66.oe66 (.text:ti_sdo_ipc_GateMP_RemoteCustom1Proxy_Proxy__delegate__S)
                  8001fe60    00000020     app_pe66.oe66 (.text:ti_sdo_ipc_GateMP_RemoteCustom1Proxy_create)
                  8001fe80    00000020     app_pe66.oe66 (.text:ti_sdo_ipc_GateMP_RemoteCustom1Proxy_delete)
                  8001fea0    00000020     app_pe66.oe66 (.text:ti_sdo_ipc_GateMP_RemoteCustom2Proxy_Proxy__abstract__S)
                  8001fec0    00000020     app_pe66.oe66 (.text:ti_sdo_ipc_GateMP_RemoteCustom2Proxy_Proxy__delegate__S)
                  8001fee0    00000020     app_pe66.oe66 (.text:ti_sdo_ipc_GateMP_RemoteCustom2Proxy_create)
                  8001ff00    00000020     app_pe66.oe66 (.text:ti_sdo_ipc_GateMP_RemoteCustom2Proxy_delete)
                  8001ff20    00000020     app_pe66.oe66 (.text:ti_sdo_ipc_GateMP_RemoteSystemProxy_Proxy__abstract__S)
                  8001ff40    00000020     app_pe66.oe66 (.text:ti_sdo_ipc_GateMP_RemoteSystemProxy_Proxy__delegate__S)
                  8001ff60    00000020     app_pe66.oe66 (.text:ti_sdo_ipc_GateMP_RemoteSystemProxy_create)
                  8001ff80    00000020     app_pe66.oe66 (.text:ti_sdo_ipc_GateMP_RemoteSystemProxy_delete)
                  8001ffa0    00000020     app_pe66.oe66 (.text:ti_sdo_ipc_GateMP_delete)
                  8001ffc0    00000020     ipc.ae66 : Ipc.obj (.text:ti_sdo_ipc_GateMP_getSharedAddr__F)
                  8001ffe0    00000020              : Ipc.obj (.text:ti_sdo_ipc_GateMP_setDefaultRemote__F)
                  80020000    00000020     app_pe66.oe66 (.text:ti_sdo_ipc_ListMP_Params__init__S)
                  80020020    00000020     app_pe66.oe66 (.text:ti_sdo_ipc_ListMP_delete)
                  80020040    00000020     app_pe66.oe66 (.text:ti_sdo_ipc_MessageQ_Object__get__S)
                  80020060    00000020     app_pe66.oe66 (.text:ti_sdo_ipc_Notify_Module_GateProxy_enter__E)
                  80020080    00000020     app_pe66.oe66 (.text:ti_sdo_ipc_Notify_Module_GateProxy_leave__E)
                  800200a0    00000020     ipc.ae66 : Ipc.obj (.text:ti_sdo_ipc_family_c647x_Interrupt_intDisable__E)
                  800200c0    00000020              : Ipc.obj (.text:ti_sdo_ipc_family_c647x_Interrupt_intEnable__E)
                  800200e0    00000020              : Ipc.obj (.text:ti_sdo_ipc_family_c647x_NotifySetup_numIntLines__E)
                  80020100    00000020     app_pe66.oe66 (.text:ti_sdo_ipc_gates_GateHWSem_Params__init__S)
                  80020120    00000020     ipc.ae66 : Ipc.obj (.text:ti_sdo_ipc_gates_GateHWSem_getReservedMask__E)
                  80020140    00000020              : Ipc.obj (.text:ti_sdo_ipc_gates_GateHWSem_query__E)
                  80020160    00000020              : Ipc.obj (.text:ti_sdo_ipc_gates_GateHWSem_sharedMemReq__E)
                  80020180    00000020              : Ipc.obj (.text:ti_sdo_ipc_gates_GateMPSupportNull_Instance_init__E)
                  800201a0    00000020     app_pe66.oe66 (.text:ti_sdo_ipc_gates_GateMPSupportNull_Params__init__S)
                  800201c0    00000020     ipc.ae66 : Ipc.obj (.text:ti_sdo_ipc_gates_GateMPSupportNull_getReservedMask__E)
                  800201e0    00000020              : Ipc.obj (.text:ti_sdo_ipc_gates_GateMPSupportNull_query__E)
                  80020200    00000020              : Ipc.obj (.text:ti_sdo_ipc_gates_GateMPSupportNull_sharedMemReq__E)
                  80020220    00000020     app_pe66.oe66 (.text:ti_sdo_ipc_gates_GatePeterson_Params__init__S)
                  80020240    00000020     ipc.ae66 : Ipc.obj (.text:ti_sdo_ipc_gates_GatePeterson_getReservedMask__E)
                  80020260    00000020              : Ipc.obj (.text:ti_sdo_ipc_gates_GatePeterson_query__E)
                  80020280    00000020     app_pe66.oe66 (.text:ti_sdo_ipc_heaps_HeapMemMP_Params__init__S)
                  800202a0    00000020     ipc.ae66 : Ipc.obj (.text:ti_sdo_ipc_heaps_HeapMemMP_isBlocking__E)
                  800202c0    00000020     app_pe66.oe66 (.text:ti_sdo_ipc_notifyDrivers_NotifyDriverShm_Params__init__S)
                  800202e0    00000020     app_pe66.oe66 (.text:ti_sdo_ipc_notifyDrivers_NotifyDriverShm_delete)
                  80020300    00000020     ipc.ae66 : Ipc.obj (.text:ti_sdo_ipc_notifyDrivers_NotifyDriverShm_disable__E)
                  80020320    00000020              : Ipc.obj (.text:ti_sdo_ipc_notifyDrivers_NotifyDriverShm_enable__E)
                  80020340    00000020     app_pe66.oe66 (.text:ti_sdo_ipc_nsremote_NameServerRemoteNotify_Object__first__S)
                  80020360    00000020     app_pe66.oe66 (.text:ti_sdo_ipc_nsremote_NameServerRemoteNotify_Object__next__S)
                  80020380    00000020     app_pe66.oe66 (.text:ti_sdo_ipc_nsremote_NameServerRemoteNotify_Params__init__S)
                  800203a0    00000020     app_pe66.oe66 (.text:ti_sdo_ipc_nsremote_NameServerRemoteNotify_delete)
                  800203c0    00000020     ipc.ae66 : Ipc.obj (.text:ti_sdo_ipc_nsremote_NameServerRemoteNotify_sharedMemReq__E)
                  800203e0    00000020              : Ipc.obj (.text:ti_sdo_ipc_transports_TransportShmSetup_isRegistered__E)
                  80020400    00000020     app_pe66.oe66 (.text:ti_sdo_ipc_transports_TransportShm_Params__init__S)
                  80020420    00000020     ipc.ae66 : Ipc.obj (.text:ti_sdo_ipc_transports_TransportShm_control__E)
                  80020440    00000020              : Ipc.obj (.text:ti_sdo_ipc_transports_TransportShm_getStatus__E)
                  80020460    00000020              : Ipc.obj (.text:ti_sdo_ipc_transports_TransportShm_notifyFxn__I)
                  80020480    00000020              : Ipc.obj (.text:ti_sdo_ipc_transports_TransportShm_setErrFxn__E)
                  800204a0    00000020              : Ipc.obj (.text:ti_sdo_utils_List_Instance_init__E)
                  800204c0    00000020     app_pe66.oe66 (.text:ti_sdo_utils_List_Object__get__S)
                  800204e0    00000020     app_pe66.oe66 (.text:ti_sdo_utils_List_destruct)
                  80020500    00000020     ipc.ae66 : Ipc.obj (.text:ti_sdo_utils_List_empty__E)
                  80020520    00000020              : Ipc.obj (.text:ti_sdo_utils_List_enqueueHead__E)
                  80020540    00000020              : Ipc.obj (.text:ti_sdo_utils_List_enqueue__E)
                  80020560    00000020              : Ipc.obj (.text:ti_sdo_utils_List_get__E)
                  80020580    00000020              : Ipc.obj (.text:ti_sdo_utils_List_next__E)
                  800205a0    00000020              : Ipc.obj (.text:ti_sdo_utils_List_putHead__E)
                  800205c0    00000020              : Ipc.obj (.text:ti_sdo_utils_List_put__E)
                  800205e0    00000020              : Ipc.obj (.text:ti_sdo_utils_List_remove__E)
                  80020600    00000020              : Ipc.obj (.text:ti_sdo_utils_MultiProc_getClusterId__F)
                  80020620    00000020     app_pe66.oe66 (.text:ti_sdo_utils_NameServer_Module__startupDone__F)
                  80020640    00000020     app_pe66.oe66 (.text:ti_sdo_utils_NameServer_Object__first__S)
                  80020660    00000020     app_pe66.oe66 (.text:ti_sdo_utils_NameServer_Object__next__S)
                  80020680    00000020     app_pe66.oe66 (.text:ti_sysbios_BIOS_RtsGateProxy_enter__E)
                  800206a0    00000020     app_pe66.oe66 (.text:ti_sysbios_BIOS_RtsGateProxy_leave__E)
                  800206c0    00000020     sysbios.ae66 : BIOS.obj (.text:ti_sysbios_BIOS_exit__E)
                  800206e0    00000020                  : BIOS.obj (.text:ti_sysbios_BIOS_linkedWithIncorrectBootLibrary__E)
                  80020700    00000020     app_pe66.oe66 (.text:ti_sysbios_BIOS_nullFunc__I)
                  80020720    00000020     sysbios.ae66 : BIOS.obj (.text:ti_sysbios_BIOS_setThreadType__E)
                  80020740    00000020                  : BIOS.obj (.text:ti_sysbios_BIOS_start__E)
                  80020760    00000020     app_pe66.oe66 (.text:ti_sysbios_family_c62_TaskSupport_Module__startupDone__S)
                  80020780    00000020     sysbios.ae66 : BIOS.obj (.text:ti_sysbios_family_c62_TaskSupport_checkStack__E)
                  800207a0    00000020                  : BIOS.obj (.text:ti_sysbios_family_c62_TaskSupport_getStackAlignment__E)
                  800207c0    00000020     app_pe66.oe66 (.text:ti_sysbios_family_c64p_Hwi_Module__startupDone__F)
                  800207e0    00000020     app_pe66.oe66 (.text:ti_sysbios_family_c64p_Hwi_Params__init__S)
                  80020800    00000020     sysbios.ae66 : BIOS.obj (.text:ti_sysbios_family_c64p_Hwi_clearInterrupt__E)
                  80020820    00000020     app_pe66.oe66 (.text:ti_sysbios_family_c64p_Hwi_delete)
                  80020840    00000020     sysbios.ae66 : BIOS.obj (.text:ti_sysbios_family_c64p_Hwi_getHandle__E)
                  80020860    00000020                  : BIOS.obj (.text:ti_sysbios_family_c64p_Hwi_startup__E)
                  80020880    00000020                  : BIOS.obj (.text:ti_sysbios_family_c64p_Hwi_switchFromBootStack__E)
                  800208a0    00000020                  : BIOS.obj (.text:ti_sysbios_family_c64p_Hwi_unPluggedInterrupt__I)
                  800208c0    00000020                  : BIOS.obj (.text:ti_sysbios_family_c64p_TimestampProvider_Module_startup__E)
                  800208e0    00000020                  : BIOS.obj (.text:ti_sysbios_family_c64p_TimestampProvider_get64__E)
                  80020900    00000020                  : BIOS.obj (.text:ti_sysbios_family_c64p_tci6488_TimerSupport_enable__E)
                  80020920    00000020                  : BIOS.obj (.text:ti_sysbios_family_c66_Cache_RTSSynchInv__I)
                  80020940    00000020                  : BIOS.obj (.text:ti_sysbios_family_c66_Cache_RTSSynchWbInv__I)
                  80020960    00000020                  : BIOS.obj (.text:ti_sysbios_family_c66_Cache_RTSSynchWb__I)
                  80020980    00000020                  : BIOS.obj (.text:ti_sysbios_family_c66_Cache_inv__E)
                  800209a0    00000020                  : BIOS.obj (.text:ti_sysbios_family_c66_Cache_wait__E)
                  800209c0    00000020                  : BIOS.obj (.text:ti_sysbios_family_c66_Cache_wbInv__E)
                  800209e0    00000020                  : BIOS.obj (.text:ti_sysbios_gates_GateAll_Instance_init__E)
                  80020a00    00000020                  : BIOS.obj (.text:ti_sysbios_gates_GateAll_query__E)
                  80020a20    00000020                  : BIOS.obj (.text:ti_sysbios_gates_GateHwi_Instance_init__E)
                  80020a40    00000020                  : BIOS.obj (.text:ti_sysbios_gates_GateHwi_enter__E)
                  80020a60    00000020                  : BIOS.obj (.text:ti_sysbios_gates_GateHwi_leave__E)
                  80020a80    00000020                  : BIOS.obj (.text:ti_sysbios_gates_GateHwi_query__E)
                  80020aa0    00000020                  : BIOS.obj (.text:ti_sysbios_gates_GateMutexPri_Instance_finalize__E)
                  80020ac0    00000020                  : BIOS.obj (.text:ti_sysbios_gates_GateMutexPri_query__E)
                  80020ae0    00000020                  : BIOS.obj (.text:ti_sysbios_gates_GateMutex_Instance_finalize__E)
                  80020b00    00000020                  : BIOS.obj (.text:ti_sysbios_gates_GateMutex_query__E)
                  80020b20    00000020                  : BIOS.obj (.text:ti_sysbios_gates_GateSwi_Instance_init__E)
                  80020b40    00000020                  : BIOS.obj (.text:ti_sysbios_gates_GateSwi_query__E)
                  80020b60    00000020                  : BIOS.obj (.text:ti_sysbios_hal_Hwi_Module_startup__E)
                  80020b80    00000020     app_pe66.oe66 (.text:ti_sysbios_heaps_HeapMem_Module_GateProxy_enter__E)
                  80020ba0    00000020     app_pe66.oe66 (.text:ti_sysbios_heaps_HeapMem_Module_GateProxy_leave__E)
                  80020bc0    00000020     sysbios.ae66 : BIOS.obj (.text:ti_sysbios_heaps_HeapMem_isBlocking__E)
                  80020be0    00000020     app_pe66.oe66 (.text:ti_sysbios_knl_Clock_TimerProxy_getMaxTicks__E)
                  80020c00    00000020     sysbios.ae66 : BIOS.obj (.text:ti_sysbios_knl_Idle_loop__E)
                  80020c20    00000020                  : BIOS.obj (.text:ti_sysbios_knl_Queue_Instance_init__E)
                  80020c40    00000020     app_pe66.oe66 (.text:ti_sysbios_knl_Queue_Object__get__S)
                  80020c60    00000020     app_pe66.oe66 (.text:ti_sysbios_knl_Queue_destruct)
                  80020c80    00000020     sysbios.ae66 : BIOS.obj (.text:ti_sysbios_knl_Queue_empty__E)
                  80020ca0    00000020                  : BIOS.obj (.text:ti_sysbios_knl_Semaphore_Instance_finalize__E)
                  80020cc0    00000020     app_pe66.oe66 (.text:ti_sysbios_knl_Semaphore_Params__init__S)
                  80020ce0    00000020     app_pe66.oe66 (.text:ti_sysbios_knl_Semaphore_delete)
                  80020d00    00000020     app_pe66.oe66 (.text:ti_sysbios_knl_Swi_Params__init__S)
                  80020d20    00000020     sysbios.ae66 : BIOS.obj (.text:ti_sysbios_knl_Swi_disable__E)
                  80020d40    00000020                  : BIOS.obj (.text:ti_sysbios_knl_Task_disable__E)
                  80020d60    00000020                  : BIOS.obj (.text:ti_sysbios_knl_Task_startup__E)
                  80020d80    00000020     app_pe66.oe66 (.text:ti_sysbios_timers_timer64_Timer_Module__startupDone__F)
                  80020da0    00000020     sysbios.ae66 : BIOS.obj (.text:ti_sysbios_timers_timer64_Timer_getMaxTicks__E)
                  80020dc0    00000020                  : BIOS.obj (.text:ti_sysbios_xdcruntime_GateThreadSupport_Instance_finalize__E)
                  80020de0    00000020                  : BIOS.obj (.text:ti_sysbios_xdcruntime_GateThreadSupport_Instance_init__E)
                  80020e00    00000020                  : BIOS.obj (.text:ti_sysbios_xdcruntime_GateThreadSupport_enter__E)
                  80020e20    00000020     ti.targets.rts6000.ae66 : Error.oe66 (.text:xdc_runtime_Error_getSite__E)
                  80020e40    00000020                             : Error.oe66 (.text:xdc_runtime_Error_raiseX__E)
                  80020e60    00000020                             : GateNull.oe66 (.text:xdc_runtime_GateNull_enter__E)
                  80020e80    00000020                             : GateNull.oe66 (.text:xdc_runtime_GateNull_leave__E)
                  80020ea0    00000020                             : GateNull.oe66 (.text:xdc_runtime_GateNull_query__E)
                  80020ec0    00000020                             : Gate.oe66 (.text:xdc_runtime_Gate_enterSystem__E)
                  80020ee0    00000020                             : Gate.oe66 (.text:xdc_runtime_Gate_leaveSystem__E)
                  80020f00    00000020     app_pe66.oe66 (.text:xdc_runtime_IHeap_alloc)
                  80020f20    00000020     app_pe66.oe66 (.text:xdc_runtime_IHeap_free)
                  80020f40    00000020     app_pe66.oe66 (.text:xdc_runtime_LoggerBuf_Module_GateProxy_enter__E)
                  80020f60    00000020     app_pe66.oe66 (.text:xdc_runtime_LoggerBuf_Module_GateProxy_leave__E)
                  80020f80    00000020     ti.targets.rts6000.ae66 : LoggerBuf.oe66 (.text:xdc_runtime_LoggerBuf_disable__E)
                  80020fa0    00000020                             : LoggerBuf.oe66 (.text:xdc_runtime_LoggerBuf_enable__E)
                  80020fc0    00000020                             : Memory.oe66 (.text:xdc_runtime_Memory_calloc__E)
                  80020fe0    00000020                             : Memory.oe66 (.text:xdc_runtime_Memory_free__E)
                  80021000    00000020                             : Memory.oe66 (.text:xdc_runtime_Memory_getMaxDefaultTypeAlign__E)
                  80021020    00000020     app_pe66.oe66 (.text:xdc_runtime_Startup_Module__startupDone__S)
                  80021040    00000020     app_pe66.oe66 (.text:xdc_runtime_Startup_exec__I)
                  80021060    00000020     ti.targets.rts6000.ae66 : Startup.oe66 (.text:xdc_runtime_Startup_rtsDone__E)
                  80021080    00000020                             : SysMin.oe66 (.text:xdc_runtime_SysMin_ready__E)
                  800210a0    00000020     app_pe66.oe66 (.text:xdc_runtime_System_Module_GateProxy_enter__E)
                  800210c0    00000020     app_pe66.oe66 (.text:xdc_runtime_System_Module_GateProxy_leave__E)
                  800210e0    00000020     ti.targets.rts6000.ae66 : System.oe66 (.text:xdc_runtime_System_Module_startup__E)
                  80021100    00000020                             : System.oe66 (.text:xdc_runtime_System_vsnprintf__E)
                  80021120    00000020                             : Text.oe66 (.text:xdc_runtime_Text_ropeText__E)
                  80021140    00000020     app_pe66.oe66 (.text:xdc_runtime_Text_visitRope__I)
                  80021160    00000020     ti.targets.rts6000.ae66 : GateThread.oe66 (.text:xdc_runtime_knl_GateThread_Instance_finalize__E)
                  80021180    00000020     app_pe66.oe66 (.text:xdc_runtime_knl_GateThread_Module__startupDone__S)
                  800211a0    00000020     app_pe66.oe66 (.text:xdc_runtime_knl_GateThread_Proxy_create)
                  800211c0    00000020     app_pe66.oe66 (.text:xdc_runtime_knl_GateThread_Proxy_delete)
                  800211e0    00000020     app_pe66.oe66 (.text:xdc_runtime_knl_GateThread_Proxy_enter__E)
                  80021200    00000020     app_pe66.oe66 (.text:xdc_runtime_knl_GateThread_Proxy_leave__E)
                  80021220    00000020     ti.targets.rts6000.ae66 : GateThread.oe66 (.text:xdc_runtime_knl_GateThread_enter__E)
                  80021240    00000020                             : GateThread.oe66 (.text:xdc_runtime_knl_GateThread_leave__E)

.const     0    80021260    00004adb     
                  80021260    00002db4     app_pe66.oe66 (.const:xdc_runtime_Text_charTab__A)
                  80024014    00000518     sysbios.ae66 : BIOS.obj (.const:.string)
                  8002452c    00000004     ti.targets.rts6000.ae66 : Assert.oe66 (.const:.string)
                  80024530    00000400     app_pe66.oe66 (.const:ti_sysbios_family_c66_Cache_marvalues__C)
                  80024930    00000180     app_pe66.oe66 (.const:xdc_runtime_Text_nodeTab__A)
                  80024ab0    000000c8     app_pe66.oe66 (.const:.string)
                  80024b78    000000bc     qmss_init.obj (.const:.string)
                  80024c34    000000b0     main.obj (.const:.string)
                  80024ce4    00000058     ti.targets.rts6000.ae66 : Error.oe66 (.const:.string)
                  80024d3c    00000044     app_pe66.oe66 (.const:ti_sysbios_knl_Task_Object__PARAMS__C)
                  80024d80    00000044     app_pe66.oe66 (.const:xdc_runtime_Startup_sfxnTab__A)
                  80024dc4    00000040     ti.targets.rts6000.ae66 : Text.oe66 (.const:.string)
                  80024e04    0000003c     app_pe66.oe66 (.const:xdc_runtime_LoggerBuf_Module__FXNS__C)
                  80024e40    00000038     app_pe66.oe66 (.const:ti_sdo_ipc_notifyDrivers_NotifyDriverShm_Module__FXNS__C)
                  80024e78    00000034     app_pe66.oe66 (.const:ti_sdo_ipc_GateMP_Object__PARAMS__C)
                  80024eac    00000034     app_pe66.oe66 (.const:ti_sdo_ipc_notifyDrivers_NotifyDriverShm_Object__PARAMS__C)
                  80024ee0    00000030     app_pe66.oe66 (.const:ti_sdo_ipc_heaps_HeapMemMP_Object__PARAMS__C)
                  80024f10    00000030     app_pe66.oe66 (.const:ti_sysbios_family_c64p_Hwi_Object__PARAMS__C)
                  80024f40    0000002c     ti.targets.rts6000.ae66 : Startup.oe66 (.const:.string)
                  80024f6c    0000002c     app_pe66.oe66 (.const:ti_sdo_ipc_ListMP_Object__PARAMS__C)
                  80024f98    0000002c     app_pe66.oe66 (.const:ti_sdo_ipc_gates_GateHWSem_Module__FXNS__C)
                  80024fc4    0000002c     app_pe66.oe66 (.const:ti_sdo_ipc_gates_GateMPSupportNull_Module__FXNS__C)
                  80024ff0    0000002c     app_pe66.oe66 (.const:ti_sdo_ipc_gates_GatePeterson_Module__FXNS__C)
                  8002501c    00000028     app_pe66.oe66 (.const:ti_sdo_ipc_heaps_HeapMemMP_Module__FXNS__C)
                  80025044    00000028     app_pe66.oe66 (.const:ti_sdo_ipc_nsremote_NameServerRemoteNotify_Module__FXNS__C)
                  8002506c    00000028     app_pe66.oe66 (.const:ti_sdo_ipc_transports_TransportShm_Module__FXNS__C)
                  80025094    00000028     app_pe66.oe66 (.const:ti_sdo_ipc_transports_TransportShm_Object__PARAMS__C)
                  800250bc    00000028     app_pe66.oe66 (.const:ti_sysbios_heaps_HeapMem_Module__FXNS__C)
                  800250e4    00000028     app_pe66.oe66 (.const:ti_sysbios_knl_Swi_Object__PARAMS__C)
                  8002510c    00000028     app_pe66.oe66 (.const:xdc_runtime_LoggerBuf_Object__PARAMS__C)
                  80025134    00000024     ipc.ae66 : Ipc.obj (.const:.string)
                  80025158    00000024     app_pe66.oe66 (.const:ti_sdo_ipc_gates_GateHWSem_Object__PARAMS__C)
                  8002517c    00000024     app_pe66.oe66 (.const:ti_sdo_ipc_gates_GateMPSupportNull_Object__PARAMS__C)
                  800251a0    00000024     app_pe66.oe66 (.const:ti_sdo_ipc_gates_GatePeterson_Object__PARAMS__C)
                  800251c4    00000024     app_pe66.oe66 (.const:ti_sysbios_gates_GateAll_Module__FXNS__C)
                  800251e8    00000024     app_pe66.oe66 (.const:ti_sysbios_gates_GateHwi_Module__FXNS__C)
                  8002520c    00000024     app_pe66.oe66 (.const:ti_sysbios_gates_GateMutexPri_Module__FXNS__C)
                  80025230    00000024     app_pe66.oe66 (.const:ti_sysbios_gates_GateMutex_Module__FXNS__C)
                  80025254    00000024     app_pe66.oe66 (.const:ti_sysbios_gates_GateSwi_Module__FXNS__C)
                  80025278    00000024     app_pe66.oe66 (.const:ti_sysbios_heaps_HeapMem_Object__PARAMS__C)
                  8002529c    00000024     app_pe66.oe66 (.const:ti_sysbios_knl_Semaphore_Object__PARAMS__C)
                  800252c0    00000024     app_pe66.oe66 (.const:xdc_runtime_GateNull_Module__FXNS__C)
                  800252e4    00000024     app_pe66.oe66 (.const:xdc_runtime_knl_GateThread_Module__FXNS__C)
                  80025308    00000022     app_pe66.oe66 (.const:xdc_runtime_Startup_sfxnRts__A)
                  8002532a    00000002     app_pe66.oe66 (.const:ti_sdo_ipc_GateMP_Module__id__C)
                  8002532c    00000020     app_pe66.oe66 (.const:ti_sdo_ipc_GateMP_Object__DESC__C)
                  8002534c    00000020     app_pe66.oe66 (.const:ti_sdo_ipc_ListMP_Object__DESC__C)
                  8002536c    00000020     app_pe66.oe66 (.const:ti_sdo_ipc_Notify_Object__DESC__C)
                  8002538c    00000020     app_pe66.oe66 (.const:ti_sdo_ipc_gates_GateHWSem_Object__DESC__C)
                  800253ac    00000020     app_pe66.oe66 (.const:ti_sdo_ipc_gates_GateMPSupportNull_Object__DESC__C)
                  800253cc    00000020     app_pe66.oe66 (.const:ti_sdo_ipc_gates_GatePeterson_Object__DESC__C)
                  800253ec    00000020     app_pe66.oe66 (.const:ti_sdo_ipc_heaps_HeapMemMP_Object__DESC__C)
                  8002540c    00000020     app_pe66.oe66 (.const:ti_sdo_ipc_notifyDrivers_NotifyDriverShm_Object__DESC__C)
                  8002542c    00000020     app_pe66.oe66 (.const:ti_sdo_ipc_nsremote_NameServerRemoteNotify_Object__DESC__C)
                  8002544c    00000020     app_pe66.oe66 (.const:ti_sdo_ipc_nsremote_NameServerRemoteNotify_Object__PARAMS__C)
                  8002546c    00000020     app_pe66.oe66 (.const:ti_sdo_ipc_transports_TransportShm_Object__DESC__C)
                  8002548c    00000020     app_pe66.oe66 (.const:ti_sdo_utils_List_Object__DESC__C)
                  800254ac    00000020     app_pe66.oe66 (.const:ti_sysbios_family_c64p_Hwi_Object__DESC__C)
                  800254cc    00000020     app_pe66.oe66 (.const:ti_sysbios_gates_GateAll_Object__DESC__C)
                  800254ec    00000020     app_pe66.oe66 (.const:ti_sysbios_gates_GateHwi_Object__DESC__C)
                  8002550c    00000020     app_pe66.oe66 (.const:ti_sysbios_gates_GateMutexPri_Object__DESC__C)
                  8002552c    00000020     app_pe66.oe66 (.const:ti_sysbios_gates_GateMutex_Object__DESC__C)
                  8002554c    00000020     app_pe66.oe66 (.const:ti_sysbios_gates_GateSwi_Object__DESC__C)
                  8002556c    00000020     app_pe66.oe66 (.const:ti_sysbios_heaps_HeapMem_Object__DESC__C)
                  8002558c    00000020     app_pe66.oe66 (.const:ti_sysbios_knl_Queue_Object__DESC__C)
                  800255ac    00000020     app_pe66.oe66 (.const:ti_sysbios_knl_Semaphore_Object__DESC__C)
                  800255cc    00000020     app_pe66.oe66 (.const:ti_sysbios_knl_Swi_Object__DESC__C)
                  800255ec    00000020     app_pe66.oe66 (.const:ti_sysbios_knl_Task_Object__DESC__C)
                  8002560c    00000020     app_pe66.oe66 (.const:ti_sysbios_xdcruntime_GateThreadSupport_Object__DESC__C)
                  8002562c    00000020     app_pe66.oe66 (.const:xdc_runtime_GateNull_Object__DESC__C)
                  8002564c    00000020     app_pe66.oe66 (.const:xdc_runtime_LoggerBuf_Object__DESC__C)
                  8002566c    00000020     app_pe66.oe66 (.const:xdc_runtime_knl_GateThread_Object__DESC__C)
                  8002568c    00000018     ti.targets.rts6000.ae66 : System.oe66 (.const:.string)
                  800256a4    00000018     app_pe66.oe66 (.const:ti_sdo_ipc_Notify_Object__PARAMS__C)
                  800256bc    00000018     app_pe66.oe66 (.const:ti_sdo_utils_List_Object__PARAMS__C)
                  800256d4    00000018     app_pe66.oe66 (.const:ti_sysbios_gates_GateAll_Object__PARAMS__C)
                  800256ec    00000018     app_pe66.oe66 (.const:ti_sysbios_gates_GateHwi_Object__PARAMS__C)
                  80025704    00000018     app_pe66.oe66 (.const:ti_sysbios_gates_GateMutexPri_Object__PARAMS__C)
                  8002571c    00000018     app_pe66.oe66 (.const:ti_sysbios_gates_GateMutex_Object__PARAMS__C)
                  80025734    00000018     app_pe66.oe66 (.const:ti_sysbios_gates_GateSwi_Object__PARAMS__C)
                  8002574c    00000018     app_pe66.oe66 (.const:ti_sysbios_knl_Queue_Object__PARAMS__C)
                  80025764    00000018     app_pe66.oe66 (.const:ti_sysbios_xdcruntime_GateThreadSupport_Object__PARAMS__C)
                  8002577c    00000018     app_pe66.oe66 (.const:xdc_runtime_GateNull_Object__PARAMS__C)
                  80025794    00000018     app_pe66.oe66 (.const:xdc_runtime_knl_GateThread_Object__PARAMS__C)
                  800257ac    00000004     app_pe66.oe66 (.const:ti_sdo_ipc_GateMP_A_invalidClose__C)
                  800257b0    0000000c     app_pe66.oe66 (.const:xdc_runtime_Startup_firstFxns__A)
                  800257bc    00000004     app_pe66.oe66 (.const:ti_sdo_ipc_GateMP_A_invalidDelete__C)
                  800257c0    00000008     ti.drv.qmss.ae66 : qmss_drv.oe66 (.const:qmssQueueFree)
                  800257c8    00000008                      : qmss_drv.oe66 (.const:qmssQueueFreeSize)
                  800257d0    00000008     app_pe66.oe66 (.const:ti_sysbios_knl_Idle_funcList__C)
                  800257d8    00000008     app_pe66.oe66 (.const:xdc_runtime_Startup_firstFxns__C)
                  800257e0    00000008     app_pe66.oe66 (.const:xdc_runtime_Startup_lastFxns__C)
                  800257e8    00000004     app_pe66.oe66 (.const:ti_sdo_ipc_GateMP_E_gateUnavailable__C)
                  800257ec    00000004     app_pe66.oe66 (.const:ti_sdo_ipc_GateMP_E_localGate__C)
                  800257f0    00000004     app_pe66.oe66 (.const:ti_sdo_ipc_GateMP_LM_create__C)
                  800257f4    00000004     app_pe66.oe66 (.const:ti_sdo_ipc_GateMP_LM_delete__C)
                  800257f8    00000004     app_pe66.oe66 (.const:ti_sdo_ipc_GateMP_LM_enter__C)
                  800257fc    00000004     app_pe66.oe66 (.const:ti_sdo_ipc_GateMP_LM_leave__C)
                  80025800    00000004     app_pe66.oe66 (.const:ti_sdo_ipc_GateMP_LM_open__C)
                  80025804    00000004     app_pe66.oe66 (.const:ti_sdo_ipc_GateMP_Module__diagsEnabled__C)
                  80025808    00000004     app_pe66.oe66 (.const:ti_sdo_ipc_GateMP_Module__diagsIncluded__C)
                  8002580c    00000004     app_pe66.oe66 (.const:ti_sdo_ipc_GateMP_Module__diagsMask__C)
                  80025810    00000004     app_pe66.oe66 (.const:ti_sdo_ipc_GateMP_Module__loggerFxn2__C)
                  80025814    00000004     app_pe66.oe66 (.const:ti_sdo_ipc_GateMP_Module__loggerFxn4__C)
                  80025818    00000004     app_pe66.oe66 (.const:ti_sdo_ipc_GateMP_Module__loggerObj__C)
                  8002581c    00000004     app_pe66.oe66 (.const:ti_sdo_ipc_Ipc_A_addrNotCacheAligned__C)
                  80025820    00000004     app_pe66.oe66 (.const:ti_sdo_ipc_Ipc_A_addrNotInSharedRegion__C)
                  80025824    00000004     app_pe66.oe66 (.const:ti_sdo_ipc_Ipc_A_internal__C)
                  80025828    00000004     app_pe66.oe66 (.const:ti_sdo_ipc_Ipc_A_invArgument__C)
                  8002582c    00000004     app_pe66.oe66 (.const:ti_sdo_ipc_Ipc_A_invParam__C)
                  80025830    00000004     app_pe66.oe66 (.const:ti_sdo_ipc_Ipc_A_nullArgument__C)
                  80025834    00000004     app_pe66.oe66 (.const:ti_sdo_ipc_Ipc_A_nullPointer__C)
                  80025838    00000004     app_pe66.oe66 (.const:ti_sdo_ipc_Ipc_E_internal__C)
                  8002583c    00000004     app_pe66.oe66 (.const:ti_sdo_ipc_Ipc_E_nameFailed__C)
                  80025840    00000004     app_pe66.oe66 (.const:ti_sdo_ipc_Ipc_E_versionMismatch__C)
                  80025844    00000004     app_pe66.oe66 (.const:ti_sdo_ipc_Ipc_Module__diagsEnabled__C)
[...]
80025c5c  xdc_runtime_IHeap_Interface__BASE__C                                      
80025c60  xdc_runtime_ILogger_Interface__BASE__C                                    
80025c64  xdc_runtime_IModule_Interface__BASE__C                                    
80025c68  xdc_runtime_Log_L_error__C                                                
80025c6c  xdc_runtime_LoggerBuf_E_badLevel__C                                       
80025c70  xdc_runtime_LoggerBuf_Module__gateObj__C                                  
80025c74  xdc_runtime_LoggerBuf_Object__count__C                                    
80025c78  xdc_runtime_LoggerBuf_statusLogger__C                                     
80025c7c  xdc_runtime_Memory_defaultHeapInstance__C                                 
80025c80  xdc_runtime_Startup_execImpl__C                                           
80025c84  xdc_runtime_Startup_maxPasses__C                                          
80025c88  xdc_runtime_Startup_sfxnRts__C                                            
80025c8c  xdc_runtime_Startup_sfxnTab__C                                            
80025c90  xdc_runtime_SysMin_bufSize__C                                             
80025c94  xdc_runtime_SysMin_outputFunc__C                                          
80025c98  xdc_runtime_System_Module__gateObj__C                                     
80025c9c  xdc_runtime_System_abortFxn__C                                            
80025ca0  xdc_runtime_System_exitFxn__C                                             
80025ca4  xdc_runtime_System_extendFxn__C                                           
80025ca8  xdc_runtime_System_maxAtexitHandlers__C                                   
80025cac  xdc_runtime_Text_charTab__C                                               
80025cb0  xdc_runtime_Text_nameEmpty__C                                             
80025cb4  xdc_runtime_Text_nameStatic__C                                            
80025cb8  xdc_runtime_Text_nameUnknown__C                                           
80025cbc  xdc_runtime_Text_nodeTab__C                                               
80025cc0  xdc_runtime_Text_visitRopeFxn__C                                          
80025cc4  ti_sdo_ipc_GateMP_Module__loggerDefined__C                                
80025cc6  ti_sdo_ipc_Ipc_Module__id__C                                              
80025cc8  ti_sdo_ipc_Ipc_generateSlaveDataForHost__C                                
80025cca  ti_sdo_ipc_ListMP_Module__id__C                                           
80025ccc  ti_sdo_ipc_MessageQ_Module__id__C                                         
80025cce  ti_sdo_ipc_MessageQ_Module__loggerDefined__C                              
80025cd0  ti_sdo_ipc_Notify_Module__id__C                                           
80025cd2  ti_sdo_ipc_Notify_numLines__C                                             
80025cd4  ti_sdo_ipc_Notify_reservedEvents__C                                       
80025cd6  ti_sdo_ipc_SharedRegion_Module__id__C                                     
80025cd8  ti_sdo_ipc_SharedRegion_numEntries__C                                     
80025cda  ti_sdo_ipc_SharedRegion_translate__C                                      
80025cdc  ti_sdo_ipc_family_c647x_Interrupt_enableKick__C                           
80025cde  ti_sdo_ipc_family_c647x_MultiProcSetup_Module__id__C                      
80025ce0  ti_sdo_ipc_gates_GateHWSem_Module__id__C                                  
80025ce2  ti_sdo_ipc_gates_GateMPSupportNull_Module__id__C                          
80025ce4  ti_sdo_ipc_gates_GatePeterson_Module__id__C                               
80025ce6  ti_sdo_ipc_heaps_HeapMemMP_Module__id__C                                  
80025ce8  ti_sdo_ipc_notifyDrivers_NotifyDriverShm_Module__id__C                    
80025cea  ti_sdo_ipc_nsremote_NameServerRemoteNotify_Module__id__C                  
80025cec  ti_sdo_ipc_transports_TransportShm_Module__id__C                          
80025cee  ti_sdo_ipc_transports_TransportShm_notifyEventId__C                       
80025cf0  ti_sdo_utils_MultiProc_Module__id__C                                      
80025cf2  ti_sdo_utils_MultiProc_numProcessors__C                                   
80025cf4  ti_sdo_utils_MultiProc_numProcsInCluster__C                               
80025cf6  ti_sdo_utils_NameServer_Module__id__C                                     
80025cf8  ti_sysbios_family_c64p_Exception_Module__id__C                            
80025cfa  ti_sysbios_family_c64p_Exception_useInternalBuffer__C                     
80025cfc  ti_sysbios_family_c64p_Hwi_Module__id__C                                  
80025cfe  ti_sysbios_family_c64p_Hwi_Module__loggerDefined__C                       
80025d00  ti_sysbios_family_c66_Cache_Module__id__C                                 
80025d02  ti_sysbios_family_c66_Cache_registerRTSSynch__C                           
80025d04  ti_sysbios_gates_GateMutexPri_Module__id__C                               
80025d06  ti_sysbios_gates_GateMutex_Module__id__C                                  
80025d08  ti_sysbios_gates_GateSwi_Module__id__C                                    
80025d0a  ti_sysbios_hal_Hwi_Module__id__C                                          
80025d0c  ti_sysbios_heaps_HeapMem_Module__id__C                                    
80025d0e  ti_sysbios_knl_Clock_Module__id__C                                        
80025d10  ti_sysbios_knl_Clock_Module__loggerDefined__C                             
80025d12  ti_sysbios_knl_Semaphore_Module__id__C                                    
80025d14  ti_sysbios_knl_Semaphore_Module__loggerDefined__C                         
80025d16  ti_sysbios_knl_Swi_Module__id__C                                          
80025d18  ti_sysbios_knl_Swi_Module__loggerDefined__C                               
80025d1a  ti_sysbios_knl_Task_Module__id__C                                         
80025d1c  ti_sysbios_knl_Task_Module__loggerDefined__C                              
80025d1e  ti_sysbios_timers_timer64_Timer_Module__id__C                             
80025d20  ti_sysbios_timers_timer64_Timer_startupNeeded__C                          
80025d22  ti_sysbios_timers_timer64_Timer_useTimer64pRegMap__C                      
80025d24  xdc_runtime_Core_Module__id__C                                            
80025d26  xdc_runtime_Error_Module__loggerDefined__C                                
80025d28  xdc_runtime_Error_maxDepth__C                                             
80025d2a  xdc_runtime_LoggerBuf_Module__id__C                                       
80025d2c  xdc_runtime_LoggerBuf_filterByLevel__C                                    
80025d2e  xdc_runtime_Memory_Module__id__C                                          
80025d30  xdc_runtime_SysMin_flushAtExit__C                                         
80025d32  xdc_runtime_Text_charCnt__C                                               
80025d34  xdc_runtime_Text_isLoaded__C                                              
80025d36  xdc_runtime_Text_registryModsLastId__C                                    
80025d38  xdc_runtime_Text_unnamedModsLastId__C                                     
80025d3a  ti_sysbios_timers_timer64_Timer_localTimerBaseId__C                       
80025d40  cppiGblCPDMACfgParams                                                     
80026718  ti_sdo_ipc_GateMP_Module_State_0_remoteCustom1Gates__A                    
80026f18  GlobalQmGroup0                                                            
8002725c  qmssGblCfgParams                                                          
8002752c  _lock                                                                     
80027530  GlobalQmGroup1                                                            
8002776c  _unlock                                                                   
80027770  ti_sysbios_timers_timer64_Timer_Module_State_0_device__A                  
800278f0  ti_sdo_utils_NameServer_Object__table__V                                  
800279e0  ti_sdo_ipc_SharedRegion_Module_State_0_regions__A                         
80027a70  ti_sdo_ipc_GateMP_Module_State_0_remoteSystemGates__A                     
80027af0  ti_sysbios_knl_Swi_Module_State_0_readyQ__A                               
80027b70  ti_sysbios_knl_Task_Module_State_0_readyQ__A                              
80027bf0  ti_sysbios_timers_timer64_Timer_Module_State_0_gctrl__A                   
80027c70  ti_sysbios_timers_timer64_Timer_Module_State_0_handles__A                 
80027cf0  ti_sysbios_timers_timer64_Timer_Module_State_0_intFreqs__A                
80027d70  ti_sysbios_family_c64p_Hwi_Module__state__V                               
80027ddc  ti_sdo_ipc_MessageQ_Module__state__V                                      
80027e44  ti_sdo_ipc_ListMP_Module__state__V                                        
80027e48  ti_sysbios_knl_Task_Object__table__V                                      
80027ea4  ti_sdo_ipc_GateMP_Module__state__V                                        
80027ef4  ti_sdo_ipc_SharedRegion_Module__state__V                                  
80027ef8  ti_sysbios_timers_timer64_Timer_Object__table__V                          
80027f48  ti_sysbios_knl_Task_Module__state__V                                      
80027f90  ti_sysbios_gates_GateMutex_Object__table__V                               
80027fd0  ti_sysbios_family_c64p_Exception_Module__state__V                         
80028000  ti_sysbios_knl_Swi_Object__table__V                                       
80028030  ti_sysbios_knl_Clock_Module__state__V                                     
8002805c  ti_sdo_ipc_heaps_HeapMemMP_Module__state__V                               
80028060  ti_sdo_ipc_Ipc_Module_State_0_procEntry__A                                
80028088  ti_sysbios_BIOS_Module__state__V                                          
800280ac  ti_sdo_ipc_transports_TransportShmSetup_Module__state__V                  
800280b0  xdc_runtime_LoggerBuf_Object__table__V                                    
800280d4  xdc_runtime_Memory_Module__state__V                                       
800280d8  ti_sdo_ipc_MessageQ_Module_State_0_heaps__A                               
800280f8  xdc_runtime_Error_IgnoreBlock                                             
80028118  ti_sysbios_knl_Swi_Module__state__V                                       
80028134  xdc_runtime_Error_Module__state__V                                        
80028138  ti_sysbios_family_c64p_Hwi_Object__table__V                               
80028150  ti_sysbios_gates_GateMutexPri_Object__table__V                            
80028168  ti_sysbios_heaps_HeapMem_Object__table__V                                 
80028180  ti_sysbios_timers_timer64_Timer_Module__state__V                          
80028198  cppiGblCfgParams                                                          
800281ac  cppiLObj                                                                  
800281c0  ti_sdo_ipc_MessageQ_Module_State_0_transports__A                          
800281d0  ti_sysbios_gates_GateAll_Object__table__V                                 
800281e0  xdc_runtime_System_Module_State_0_atexitHandlers__A                       
800281f0  __TI_cleanup_ptr                                                          
800281f4  __TI_dtors_ptr                                                            
800281f8  __TI_enable_exit_profile_output                                           
800281fc  ti_sdo_ipc_Ipc_Module__state__V                                           
80028208  ti_sdo_ipc_family_c647x_Interrupt_Module__state__V                        
80028214  ti_sdo_utils_NameServer_Module__state__V                                  
80028220  ti_sysbios_gates_GateSwi_Object__table__V                                 
8002822c  xdc_runtime_SysMin_Module__state__V                                       
80028238  ti_sdo_ipc_GateMP_Module__root__V                                         
80028240  ti_sdo_ipc_ListMP_Module__root__V                                         
80028248  ti_sdo_ipc_Notify_Module_State_0_notifyHandles__A                         
80028250  ti_sdo_ipc_Notify_Module__root__V                                         
80028258  ti_sdo_ipc_Notify_Module__state__V                                        
80028260  ti_sdo_ipc_family_c647x_Interrupt_Module_State_0_args__A                  
80028268  ti_sdo_ipc_gates_GateHWSem_Module__root__V                                
80028270  ti_sdo_ipc_gates_GateMPSupportNull_Module__root__V                        
80028278  ti_sdo_ipc_gates_GatePeterson_Module__root__V                             
80028280  ti_sdo_ipc_heaps_HeapMemMP_Module__root__V                                
80028288  ti_sdo_ipc_notifyDrivers_NotifyDriverShm_Module__root__V                  
80028290  ti_sdo_ipc_nsremote_NameServerRemoteNotify_Module__root__V                
80028298  ti_sdo_ipc_transports_TransportShmSetup_Module_State_0_handles__A         
800282a0  ti_sdo_ipc_transports_TransportShm_Module__root__V                        
800282a8  ti_sdo_utils_List_Module__root__V                                         
800282b0  ti_sdo_utils_MultiProc_Module__state__V                                   
800282b8  ti_sdo_utils_NameServer_Module_State_0_nsRemoteHandle__A                  
800282c0  ti_sdo_utils_NameServer_Module__root__V                                   
800282c8  ti_sysbios_family_c64p_Hwi_Module__root__V                                
800282d0  ti_sysbios_gates_GateAll_Module__root__V                                  
800282d8  ti_sysbios_gates_GateHwi_Module__root__V                                  
800282e0  ti_sysbios_gates_GateMutexPri_Module__root__V                             
800282e8  ti_sysbios_gates_GateMutex_Module__root__V                                
800282f0  ti_sysbios_gates_GateSwi_Module__root__V                                  
800282f8  ti_sysbios_hal_Hwi_Object__table__V                                       
80028300  ti_sysbios_heaps_HeapMem_Module__root__V                                  
80028308  ti_sysbios_knl_Queue_Module__root__V                                      
80028310  ti_sysbios_knl_Semaphore_Module__root__V                                  
80028318  ti_sysbios_knl_Swi_Module__root__V                                        
80028320  ti_sysbios_knl_Task_Module__root__V                                       
80028328  ti_sysbios_xdcruntime_GateThreadSupport_Module__root__V                   
80028330  xdc_runtime_GateNull_Module__root__V                                      
80028338  xdc_runtime_LoggerBuf_Module__root__V                                     
80028340  xdc_runtime_Registry_Module__state__V                                     
80028348  xdc_runtime_Startup_Module__state__V                                      
80028350  xdc_runtime_System_Module__state__V                                       
80028358  xdc_runtime_knl_GateThread_Module__root__V                                
80028360  xdc_runtime_LoggerBuf_Module__state__V                                    
80028368  ti_sdo_ipc_Notify_Module_State_0_notifyHandles_0__A                       
80028370  ti_sdo_ipc_Notify_Module_State_0_notifyHandles_1__A                       
80028378  ti_sdo_utils_MultiProc_Module_State_0_clusterProcList__A                  
80028380  ti_sysbios_gates_GateHwi_Object__table__V                                 
80028388  ti_sysbios_knl_Task_Module_State_0_idleTask__A                            
80028390  xdc_runtime_GateNull_Object__table__V                                     
80028398  ti_sysbios_heaps_HeapMem_Instance_State_0_buf__A                          
80029398  ti_sysbios_knl_Task_Instance_State_0_stack__A                             
80029b98  qmssLObj                                                                  
8002a140  xdc_runtime_LoggerBuf_Instance_State_0_entryArr__A                        
8002a340  xdc_runtime_SysMin_Module_State_0_outbuf__A                               
8002a540  parmbuf                                                                   
8002a548  qmssLObjIsValid                                                           
8002a550  __CIOBUF_                                                                 
8002a670  Ipc_sr0MemorySetup                                                        
8002a674  __TI_STATIC_BASE                                                          
8002a674  qmssMallocCounter                                                         
8002a678  qmssFreeCounter                                                           
8002a67c  cppiMallocCounter                                                         
8002a680  cppiFreeCounter                                                           
8002a684  rmMallocCounter                                                           
8002a688  rmFreeCounter                                                             
8002a68c  core_name                                                                 
8002a690  core_id                                                                   
8002a692  qmssInitDone                                                              
8002a800  ti_sysbios_family_c64p_Hwi0                                               
8002a800  ti_sysbios_family_c64p_Hwi_int0                                           
8002a820  ti_sysbios_family_c64p_Hwi_int1                                           
8002a840  ti_sysbios_family_c64p_Hwi_int2                                           
8002a860  ti_sysbios_family_c64p_Hwi_int3                                           
8002a880  ti_sysbios_family_c64p_Hwi_int4                                           
8002a8a0  ti_sysbios_family_c64p_Hwi_int5                                           
8002a8c0  ti_sysbios_family_c64p_Hwi_int6                                           
8002a8e0  ti_sysbios_family_c64p_Hwi_int7                                           
8002a900  ti_sysbios_family_c64p_Hwi_int8                                           
8002a920  ti_sysbios_family_c64p_Hwi_int9                                           
8002a940  ti_sysbios_family_c64p_Hwi_int10                                          
8002a960  ti_sysbios_family_c64p_Hwi_int11                                          
8002a980  ti_sysbios_family_c64p_Hwi_int12                                          
8002a9a0  ti_sysbios_family_c64p_Hwi_int13                                          
8002a9c0  ti_sysbios_family_c64p_Hwi_int14                                          
8002a9e0  ti_sysbios_family_c64p_Hwi_int15                                          
8002bdb4  __TI_Handler_Table_Base                                                   
8002bdbc  __TI_Handler_Table_Limit                                                  
8002bdc0  __TI_CINIT_Base                                                           
8002bdf0  __TI_CINIT_Limit                                                          
ffffffff  __TI_pprof_out_hndl                                                       
ffffffff  __TI_prof_data_size                                                       
ffffffff  __TI_prof_data_start                                                      
ffffffff  __binit__                                                                 
ffffffff  __c_args__                                                                
ffffffff  binit                                                                     
UNDEFED   __TI_INITARRAY_Base                                                       
UNDEFED   __TI_INITARRAY_Limit                                                      
UNDEFED   __TI_TLS_INIT_Base                                                        
UNDEFED   __TI_TLS_INIT_Limit                                                       

[1346 symbols]
