******************************************************************************
               TMS320C6x Linker PC v8.3.3                      
******************************************************************************
>> Linked Thu May 16 15:30:12 2019

OUTPUT FILE NAME:   <basic-platform.out>
ENTRY POINT SYMBOL: "_c_int00"  address: 80022a40


MEMORY CONFIGURATION

         name            origin    length      used     unused   attr    fill
----------------------  --------  ---------  --------  --------  ----  --------
  L2SRAM                00800000   00100000  0000a088  000f5f78  RW X
  MSMCSRAM              0c000000   00600000  00207802  003f87fe  RW X
  DDR                   80000000   08000000  0004377c  07fbc884  RW X
  CORE1DDR              88000000   08000000  00000000  08000000  R  X


SEGMENT ALLOCATION MAP

run origin  load origin   length   init length attrs members
----------  ----------- ---------- ----------- ----- -------
00800000    00800000    0000a088   00000000    rw-
  00800000    00800000    00006088   00000000    rw- .L2RAM
  00806088    00806088    00004000   00000000    rw- .stack
0c200000    0c200000    00006882   00000000    rw-
  0c200000    0c200000    00006882   00000000    rw- .qmss
0c206900    0c206900    00000f80   00000000    rw-
  0c206900    0c206900    00000f80   00000000    rw- .cppi
80000000    80000000    00029340   00029340    r-x
  80000000    80000000    00029340   00029340    r-x .text
80029340    80029340    000111b2   00000000    rw-
  80029340    80029340    000111b2   00000000    rw- .far
8003a4f8    8003a4f8    00004f7c   00004f7c    r--
  8003a4f8    8003a4f8    00004f7c   00004f7c    r-- .const
8003f478    8003f478    00002b54   00000000    rw-
  8003f478    8003f478    00002b54   00000000    rw- .fardata
80041fcc    80041fcc    00000010   00000010    r--
  80041fcc    80041fcc    00000010   00000010    r-- .switch.1
80042000    80042000    00000200   00000200    r-x
  80042000    80042000    00000200   00000200    r-x .vecs
80042200    80042200    00000120   00000000    rw-
  80042200    80042200    00000120   00000000    rw- .cio
80042320    80042320    00000038   00000038    r--
  80042320    80042320    00000038   00000038    r-- .switch.2
80042358    80042358    0000003c   00000000    rw-
  80042358    80042358    00000020   00000000    rw- .bss
  80042378    80042378    0000001c   00000000    rw- .neardata
80042394    80042394    00000006   00000000    r--
  80042394    80042394    00000006   00000000    r-- .rodata
800423a0    800423a0    00001410   00001410    r--
  800423a0    800423a0    00001410   00001410    r-- .cinit


SECTION ALLOCATION MAP

 output                                  attributes/
section   page    origin      length       input sections
--------  ----  ----------  ----------   ----------------
ti.sdo.ipc.SharedRegion_0 
*          0    0c000000    00200000     NOLOAD SECTION
                  0c000000    00200000     --HOLE--

.L2RAM     0    00800000    00006088     UNINITIALIZED
                  00800000    00006000     qmss_init.obj (.L2RAM:uninit)
                  00806000    00000070     core_2_core_interface.obj (.L2RAM)
                  00806070    00000018     qmss_init.obj (.L2RAM:init)

.stack     0    00806088    00004000     UNINITIALIZED
                  00806088    00000008     boot.ae66 : boot.oe66 (.stack)
                  00806090    00003ff8     --HOLE--

.bss       0    80042358    00000020     UNINITIALIZED
                  80042358    00000004     (.common:Ipc_sr0MemorySetup)
                  8004235c    00000004     (.common:cppiHnd)
                  80042360    00000004     (.common:freeQueHnd)
                  80042364    00000004     (.common:rxChHnd)
                  80042368    00000004     (.common:rxQueHnd)
                  8004236c    00000004     (.common:rx_flowhnd)
                  80042370    00000004     (.common:txChHnd)
                  80042374    00000004     (.common:txQueHnd)

.neardata 
*          0    80042378    0000001c     UNINITIALIZED
                  80042378    00000018     qmss_osal.obj (.neardata)
                  80042390    00000004     main.obj (.neardata)

.rodata    0    80042394    00000006     UNINITIALIZED
                  80042394    00000006     main.obj (.rodata)

.cinit     0    800423a0    00001410     
                  800423a0    00001373     (.cinit..fardata.load) [load image, compression = rle]
                  80043713    0000000d     (.cinit..far.load) [load image, compression = rle]
                  80043720    0000000c     (.cinit..neardata.load) [load image, compression = rle]
                  8004372c    0000000c     (.cinit..rodata.load) [load image, compression = rle]
                  80043738    0000000b     (.cinit..L2RAM.load) [load image, compression = rle]
                  80043743    0000000b     (.cinit..cppi.load) [load image, compression = rle]
                  8004374e    0000000b     (.cinit..qmss.load) [load image, compression = rle]
                  80043759    00000009     (.cinit..bss.load) [load image, compression = rle]
                  80043762    00000002     --HOLE-- [fill = 0]
                  80043764    00000008     (__TI_handler_table)
                  8004376c    00000004     --HOLE-- [fill = 0]
                  80043770    00000040     (__TI_cinit_table)

.init_array 
*          0    80000000    00000000     UNINITIALIZED

.qmss      0    0c200000    00006882     UNINITIALIZED
                  0c200000    00006880     ti.drv.qmss.ae66 : qmss_drv.oe66 (.qmss:uninit)
                  0c206880    00000002                      : qmss_drv.oe66 (.qmss:init)

.cppi      0    0c206900    00000f80     UNINITIALIZED
                  0c206900    00000f80     ti.drv.cppi.ae66 : cppi_drv.oe66 (.cppi)

.vecs      0    80042000    00000200     
                  80042000    00000200     app_pe66.oe66 (.vecs)

xdc.meta   0    80000000    000000e8     COPY SECTION
                  80000000    000000e8     app_pe66.oe66 (xdc.meta)

.text      0    80000000    00029340     
                  80000000    00001fe0     rts6600_elf.lib : _printfi.c.obj (.text:__TI_printfi)
                  80001fe0    00000ea0     ti.drv.qmss.ae66 : qmss_drv.oe66 (.text:Qmss_insertMemoryRegionSubSys)
                  80002e80    00000c60     qmss_init.obj (.text)
                  80003ae0    00000c60     ipc.ae66 : Ipc.obj (.text:ti_sdo_ipc_GateMP_Instance_init__E)
                  80004740    00000980     ti.drv.qmss.ae66 : qmss_drv.oe66 (.text:Qmss_initSubSys)
                  800050c0    00000920     core_2_core_interface.obj (.text)
                  800059e0    000008c0     ti.drv.qmss.ae66 : qmss_drv.oe66 (.text:Qmss_internalQueueOpen)
                  800062a0    000008a0     ti.targets.rts6000.ae66 : System.oe66 (.text:xdc_runtime_System_doPrint__I)
                  80006b40    00000780     sysbios.ae66 : BIOS.obj (.text:ti_sysbios_family_c64p_Exception_handler__I)
                  800072c0    00000740     ipc.ae66 : Ipc.obj (.text:MessageQ_put)
                  80007a00    00000740     sysbios.ae66 : BIOS.obj (.text:ti_sysbios_knl_Semaphore_pend__E)
                  80008140    00000720     ti.drv.cppi.ae66 : cppi_drv.oe66 (.text:Cppi_configureRxFlow)
                  80008860    00000700     sysbios.ae66 : BIOS.obj (.text:ti_sysbios_timers_timer64_Timer_Module_startup__E)
                  80008f60    000006c0     qmss_osal.obj (.text)
                  80009620    00000640     ipc.ae66 : Ipc.obj (.text:Ipc_attach)
                  80009c60    00000640     rts6600_elf.lib : _printfi.c.obj (.text:_pconv_a)
                  8000a2a0    00000620     ipc.ae66 : Ipc.obj (.text:ti_sdo_ipc_heaps_HeapMemMP_alloc__E)
                  8000a8c0    00000620     sysbios.ae66 : BIOS.obj (.text:ti_sysbios_heaps_HeapMem_allocUnprotected__E)
                  8000aee0    00000600     rts6600_elf.lib : divd.c.obj (.text:__c6xabi_divd)
                  8000b4e0    00000600     ipc.ae66 : Ipc.obj (.text:ti_sdo_ipc_GateMP_setRegion0Reserved__F)
                  8000bae0    000005c0     ti.drv.cppi.ae66 : cppi_drv.oe66 (.text:Cppi_txChannelOpenWithHwCfg)
                  8000c0a0    000005c0     sysbios.ae66 : BIOS.obj (.text:ti_sysbios_heaps_HeapMem_freeUnprotected__E)
                  8000c660    000005a0     ipc.ae66 : Ipc.obj (.text:ti_sdo_ipc_nsremote_NameServerRemoteNotify_Instance_init__E)
                  8000cc00    00000560              : Ipc.obj (.text:ti_sdo_ipc_GateMP_Instance_finalize__E)
                  8000d160    00000540     ti.drv.cppi.ae66 : cppi_drv.oe66 (.text:Cppi_rxChannelOpen)
                  8000d6a0    00000540     ipc.ae66 : Ipc.obj (.text:ti_sdo_ipc_heaps_HeapMemMP_free__E)
                  8000dbe0    00000500     sysbios.ae66 : BIOS.obj (.text:ti_sysbios_knl_Task_Instance_finalize__E)
                  8000e0e0    000004c0     ipc.ae66 : Ipc.obj (.text:ti_sdo_ipc_heaps_HeapMemMP_Instance_init__E)
                  8000e5a0    00000480     ti.drv.cppi.ae66 : cppi_drv.oe66 (.text:Cppi_init)
                  8000ea20    00000480                      : cppi_desc.oe66 (.text:Cppi_initDescriptorSubSys)
                  8000eea0    00000480     ipc.ae66 : Ipc.obj (.text:NameServer_add)
                  8000f320    00000480     sysbios.ae66 : BIOS.obj (.text:ti_sysbios_gates_GateMutexPri_enter__E)
                  8000f7a0    00000460                  : BIOS.obj (.text:ti_sysbios_knl_Task_sleep__E)
                  8000fc00    00000440     rts6600_elf.lib : _printfi.c.obj (.text:_pconv_g)
                  80010040    00000420     ipc.ae66 : Ipc.obj (.text:Notify_sendEvent)
                  80010460    00000420     sysbios.ae66 : BIOS.obj (.text:ti_sysbios_knl_Task_setPri__E)
                  80010880    00000400     ipc.ae66 : Ipc.obj (.text:Notify_registerEventSingle)
                  80010c80    00000400              : Ipc.obj (.text:ti_sdo_ipc_nsremote_NameServerRemoteNotify_get__F)
                  80011080    000003e0              : Ipc.obj (.text:Notify_unregisterEventSingle)
                  80011460    000003e0              : Ipc.obj (.text:ti_sdo_ipc_MessageQ_Instance_init__E)
                  80011840    000003c0     sysbios.ae66 : BIOS.obj (.text:ti_sysbios_knl_Task_Instance_init__E)
                  80011c00    000003a0                  : BIOS.obj (.text:ti_sysbios_family_c66_Cache_startup__I)
                  80011fa0    00000340     ipc.ae66 : Ipc.obj (.text:ti_sdo_ipc_gates_GatePeterson_Instance_init__E)
                  800122e0    00000340              : Ipc.obj (.text:ti_sdo_ipc_notifyDrivers_NotifyDriverCirc_Instance_init__E)
                  80012620    00000320     sysbios.ae66 : BIOS.obj (.text:ti_sysbios_timers_timer64_Timer_deviceConfig__I)
                  80012940    00000300     ti.drv.cppi.ae66 : cppi_drv.oe66 (.text:Cppi_open)
                  80012c40    00000300     ipc.ae66 : Ipc.obj (.text:ti_sdo_ipc_Notify_Instance_init__E)
                  80012f40    00000300     sysbios.ae66 : BIOS.obj (.text:ti_sysbios_knl_Task_Module_startup__E)
                  80013240    000002e0     ti.drv.qmss.ae66 : qmss_drv.oe66 (.text:Qmss_internalRmStartIndex)
                  80013520    000002e0     ipc.ae66 : Ipc.obj (.text:ti_sdo_ipc_SharedRegion_reserveMemory__F)
                  80013800    000002e0     sysbios.ae66 : BIOS.obj (.text:ti_sysbios_heaps_HeapMem_Instance_init__E)
                  80013ae0    000002c0     rts6600_elf.lib : _printfi.c.obj (.text:fcvt)
                  80013da0    000002c0     ipc.ae66 : Ipc.obj (.text:ti_sdo_ipc_heaps_HeapMemMP_postInit__I)
                  80014060    000002c0     sysbios.ae66 : BIOS.obj (.text:ti_sysbios_knl_Clock_workFunc__E)
                  80014320    000002c0     ti.targets.rts6000.ae66 : LoggerBuf.oe66 (.text:xdc_runtime_LoggerBuf_write8__E)
                  800145e0    000002a0     rts6600_elf.lib : _printfi.c.obj (.text:_pconv_e)
                  80014880    000002a0     ipc.ae66 : Ipc.obj (.text:ti_sdo_ipc_MessageQ_registerTransport__F)
                  80014b20    000002a0              : Ipc.obj (.text:ti_sdo_ipc_MessageQ_unregisterTransport__F)
                  80014dc0    000002a0              : Ipc.obj (.text:ti_sdo_ipc_family_tci663x_Interrupt_Module_startup__E)
                  80015060    000002a0              : Ipc.obj (.text:ti_sdo_utils_NameServer_registerRemoteDriver__E)
                  80015300    000002a0              : Ipc.obj (.text:ti_sdo_utils_NameServer_unregisterRemoteDriver__E)
                  800155a0    00000280              : Ipc.obj (.text:ti_sdo_ipc_notifyDrivers_NotifyDriverCirc_isr__I)
                  80015820    00000280              : Ipc.obj (.text:ti_sdo_utils_NameServer_isRegistered__E)
                  80015aa0    00000280     sysbios.ae66 : BIOS.obj (.text:ti_sysbios_family_c64p_Hwi_reconfig__E)
                  80015d20    00000260                  : BIOS.obj (.text:ti_sysbios_family_c64p_Hwi_dispatchCore__I)
                  80015f80    00000260                  : BIOS.obj (.text:ti_sysbios_knl_Semaphore_post__E)
                  800161e0    00000260     ti.targets.rts6000.ae66 : Startup.oe66 (.text:xdc_runtime_Startup_startMods__I)
                  80016440    00000240     rts6600_elf.lib : imath64.c.obj (.text:__c6xabi_divull)
                  80016680    00000240     sysbios.ae66 : BIOS.obj (.text:ti_sysbios_family_c64p_Exception_internalHandler__I)
                  800168c0    00000240     ti.targets.rts6000.ae66 : Core-mem.oe66 (.text:xdc_runtime_Core_createObject__I)
                  80016b00    00000240     app_pe66.oe66 (.text:xdc_runtime_System_printfExtend__I)
                  80016d40    00000220     ipc.ae66 : Ipc.obj (.text:SharedRegion_getPtr)
                  80016f60    00000220              : Ipc.obj (.text:SharedRegion_getSRPtr)
                  80017180    00000220     sysbios.ae66 : BIOS.obj (.text:ti_sysbios_knl_Swi_run__I)
                  800173a0    00000220                  : BIOS.obj (.text:ti_sysbios_timers_timer64_Timer_setPeriodMicroSecs__E)
                  800175c0    00000200     ipc.ae66 : Ipc.obj (.text:GateMP_openByAddr)
                  800177c0    00000200              : Ipc.obj (.text:HeapMemMP_sharedMemReq)
                  800179c0    00000200              : Ipc.obj (.text:Ipc_start)
                  80017bc0    00000200              : Ipc.obj (.text:SharedRegion_getEntry)
                  80017dc0    00000200     sysbios.ae66 : c64p_Hwi_disp_always.obj (.text:_ti_sysbios_family_c64p_Hwi_dispatchAlways)
                  80017fc0    00000200     ti.drv.cppi.ae66 : cppi_heap.oe66 (.text:cppi_internal_heap_add)
                  800181c0    00000200     ipc.ae66 : Ipc.obj (.text:ti_sdo_ipc_SharedRegion_start__F)
                  800183c0    00000200              : Ipc.obj (.text:ti_sdo_ipc_nsremote_NameServerRemoteNotify_swiFxnRequest__I)
                  800185c0    00000200     ti.targets.rts6000.ae66 : Error.oe66 (.text:xdc_runtime_Error_policyDefault__E)
                  800187c0    000001e0     ipc.ae66 : Ipc.obj (.text:GateMP_sharedMemReq)
                  800189a0    000001e0     ti.drv.qmss.ae66 : qmss_drv.oe66 (.text:Qmss_internaldownloadFirmware)
                  80018b80    000001e0     sysbios.ae66 : BIOS.obj (.text:ti_sysbios_gates_GateMutex_enter__E)
                  80018d60    000001e0     ti.targets.rts6000.ae66 : LoggerBuf.oe66 (.text:xdc_runtime_LoggerBuf_write4__E)
                  80018f40    000001e0                             : Text.oe66 (.text:xdc_runtime_Text_putSite__E)
                  80019120    000001c0     rts6600_elf.lib : imath40.c.obj (.text:__c6xabi_divul)
                  800192e0    000001c0                     : _printfi.c.obj (.text:_ltostr)
                  800194a0    000001c0                     : ldexp.c.obj (.text:ldexp)
                  80019660    000001c0     ipc.ae66 : Ipc.obj (.text:ti_sdo_ipc_Ipc_procSyncStart__I)
                  80019820    000001c0     sysbios.ae66 : BIOS.obj (.text:ti_sysbios_knl_Task_checkStacks__E)
                  800199e0    000001c0                  : BIOS.obj (.text:ti_sysbios_timers_timer64_Timer_getFreq__E)
                  80019ba0    000001c0                  : BIOS.obj (.text:ti_sysbios_timers_timer64_Timer_start__E)
                  80019d60    000001a0     ipc.ae66 : Ipc.obj (.text:GateMP_enter)
                  80019f00    000001a0              : Ipc.obj (.text:GateMP_leave)
                  8001a0a0    000001a0              : Ipc.obj (.text:MultiProc_getId)
                  8001a240    000001a0              : Ipc.obj (.text:NameServer_getLocal)
                  8001a3e0    000001a0     rts6600_elf.lib : frexp.c.obj (.text:frexp)
                  8001a580    000001a0     ipc.ae66 : Ipc.obj (.text:ti_sdo_ipc_notifyDrivers_NotifyDriverCirc_sendEvent__E)
                  8001a720    000001a0     sysbios.ae66 : BIOS.obj (.text:ti_sysbios_family_c66_Cache_block__I)
                  8001a8c0    000001a0                  : BIOS.obj (.text:ti_sysbios_family_c66_Cache_getL2InitSize__I)
                  8001aa60    000001a0                  : BIOS.obj (.text:ti_sysbios_knl_Task_schedule__I)
                  8001ac00    000001a0     ti.targets.rts6000.ae66 : Core-smem.oe66 (.text:xdc_runtime_Core_constructObject__I)
                  8001ada0    00000180     ipc.ae66 : Ipc.obj (.text:MessageQ_get)
                  8001af20    00000180              : Ipc.obj (.text:NameServer_getHandle)
                  8001b0a0    00000180     sysbios.ae66 : c64p_Exception_asm.obj (.text)
                  8001b220    00000180     ipc.ae66 : Ipc.obj (.text:ti_sdo_ipc_GateMP_attach__F)
                  8001b3a0    00000180     sysbios.ae66 : BIOS.obj (.text:ti_sysbios_knl_Swi_Instance_init__E)
                  8001b520    00000180                  : BIOS.obj (.text:ti_sysbios_knl_Task_exit__E)
                  8001b6a0    00000180                  : BIOS.obj (.text:ti_sysbios_knl_Task_startCore__E)
                  8001b820    00000180                  : BIOS.obj (.text:ti_sysbios_syncs_SyncSem_Instance_init__E)
                  8001b9a0    00000160     main.obj (.text)
                  8001bb00    00000160     ipc.ae66 : Ipc.obj (.text:ti_sdo_ipc_GateMP_openRegion0Reserved__F)
                  8001bc60    00000160              : Ipc.obj (.text:ti_sdo_ipc_MessageQ_Instance_finalize__E)
                  8001bdc0    00000160              : Ipc.obj (.text:ti_sdo_ipc_notifyDrivers_NotifyDriverCirc_sharedMemReq__F)
                  8001bf20    00000160     sysbios.ae66 : BIOS.obj (.text:ti_sysbios_family_c64p_Hwi_Module_startup__E)
                  8001c080    00000160                  : BIOS.obj (.text:ti_sysbios_knl_Swi_post__E)
                  8001c1e0    00000160     ti.targets.rts6000.ae66 : Text.oe66 (.text:xdc_runtime_Text_putMod__E)
                  8001c340    00000140     ipc.ae66 : Ipc.obj (.text:MessageQ_create)
                  8001c480    00000140              : Ipc.obj (.text:Notify_intLineRegistered)
                  8001c5c0    00000140     ti.drv.qmss.ae66 : qmss_drv.oe66 (.text:Qmss_rmServiceGroups)
                  8001c700    00000140                      : qmss_drv.oe66 (.text:Qmss_startSubSysCfg)
                  8001c840    00000140     ipc.ae66 : Ipc.obj (.text:SharedRegion_getCacheLineSize)
                  8001c980    00000140              : Ipc.obj (.text:SharedRegion_getHeap)
                  8001cac0    00000140              : Ipc.obj (.text:SharedRegion_isCacheEnabled)
                  8001cc00    00000140              : Ipc.obj (.text:ti_sdo_ipc_GateMP_createLocal__F)
                  8001cd40    00000140              : Ipc.obj (.text:ti_sdo_ipc_GateMP_getFreeResource__I)
                  8001ce80    00000140              : Ipc.obj (.text:ti_sdo_ipc_gates_GatePeterson_enter__E)
                  8001cfc0    00000140              : Ipc.obj (.text:ti_sdo_ipc_nsremote_NameServerRemoteNotify_attach__E)
                  8001d100    00000140              : Ipc.obj (.text:ti_sdo_ipc_nsremote_NameServerRemoteNotify_cbFxn__I)
                  8001d240    00000140     sysbios.ae66 : BIOS.obj (.text:ti_sysbios_gates_GateSwi_enter__E)
                  8001d380    00000140                  : BIOS.obj (.text:ti_sysbios_knl_Semaphore_Instance_init__E)
                  8001d4c0    00000140                  : BIOS.obj (.text:ti_sysbios_knl_Task_blockI__E)
                  8001d600    00000140                  : BIOS.obj (.text:ti_sysbios_knl_Task_postInit__I)
                  8001d740    00000140     ti.targets.rts6000.ae66 : Core-mem.oe66 (.text:xdc_runtime_Core_deleteObject__I)
                  8001d880    00000140                             : LoggerBuf.oe66 (.text:xdc_runtime_LoggerBuf_setFilterLevel__E)
                  8001d9c0    00000140                             : Text.oe66 (.text:xdc_runtime_Text_putLab__E)
                  8001db00    00000120     ipc.ae66 : Ipc.obj (.text:GateMP_close)
                  8001dc20    00000120              : Ipc.obj (.text:MultiProc_getName)
                  8001dd40    00000120     ti.drv.qmss.ae66 : qmss_drv.oe66 (.text:Qmss_rmService)
                  8001de60    00000120     boot.ae66 : autoinit.oe66 (.text:_auto_init_elf)
                  8001df80    00000120     rts6600_elf.lib : _printfi.c.obj (.text:_pconv_f)
                  8001e0a0    00000120     ti.drv.cppi.ae66 : cppi_drv.oe66 (.text:cppiRmService)
                  8001e1c0    00000120     ipc.ae66 : Ipc.obj (.text:ti_sdo_ipc_Notify_Module_startup__E)
                  8001e2e0    00000120     app_pe66.oe66 (.text:ti_sdo_ipc_Notify_create)
                  8001e400    00000120     ipc.ae66 : Ipc.obj (.text:ti_sdo_ipc_gates_GateHWSem_Instance_init__E)
                  8001e520    00000120              : Ipc.obj (.text:ti_sdo_utils_NameServer_removeLocal__I)
                  8001e640    00000120     sysbios.ae66 : BIOS.obj (.text:ti_sysbios_family_c64p_Hwi_Instance_init__E)
                  8001e760    00000120                  : BIOS.obj (.text:ti_sysbios_knl_Swi_restoreHwi__E)
                  8001e880    00000120     ti.targets.rts6000.ae66 : LoggerBuf.oe66 (.text:xdc_runtime_LoggerBuf_getFilterLevel__E)
                  8001e9a0    00000100     rts6600_elf.lib : copy_decompress_rle.c.obj (.text:__TI_decompress_rle_core)
                  8001eaa0    00000100                     : _printfi.c.obj (.text:_mcpy)
                  8001eba0    00000100                     : atoi.c.obj (.text:atoi)
                  8001eca0    00000100     ipc.ae66 : Ipc.obj (.text:ti_sdo_ipc_Ipc_procSyncFinish__I)
                  8001eda0    00000100              : Ipc.obj (.text:ti_sdo_ipc_Notify_exec__F)
                  8001eea0    00000100              : Ipc.obj (.text:ti_sdo_ipc_SharedRegion_attach__F)
                  8001efa0    00000100              : Ipc.obj (.text:ti_sdo_ipc_family_tci663x_Interrupt_isr__I)
                  8001f0a0    00000100              : Ipc.obj (.text:ti_sdo_ipc_gates_GateHWSem_enter__E)
                  8001f1a0    00000100              : Ipc.obj (.text:ti_sdo_ipc_heaps_HeapMemMP_getStats__E)
                  8001f2a0    00000100     sysbios.ae66 : BIOS.obj (.text:ti_sysbios_family_c64p_Hwi_Instance_finalize__E)
                  8001f3a0    00000100                  : BIOS.obj (.text:ti_sysbios_gates_GateMutexPri_leave__E)
                  8001f4a0    00000100                  : BIOS.obj (.text:ti_sysbios_knl_Task_unblockI__E)
                  8001f5a0    00000100                  : BIOS.obj (.text:ti_sysbios_timers_timer64_Timer_initDevice__I)
                  8001f6a0    00000100                  : BIOS.obj (.text:ti_sysbios_xdcruntime_GateThreadSupport_leave__E)
                  8001f7a0    00000100     ti.targets.rts6000.ae66 : Error.oe66 (.text:xdc_runtime_Error_print__E)
                  8001f8a0    00000100                             : Memory.oe66 (.text:xdc_runtime_Memory_alloc__E)
                  8001f9a0    00000100                             : Startup.oe66 (.text:xdc_runtime_Startup_exec__E)
                  8001faa0    000000e0     rts6600_elf.lib : hostwrite.c.obj (.text:HOSTwrite)
                  8001fb80    000000e0     ipc.ae66 : Ipc.obj (.text:HeapMemMP_openByAddr)
                  8001fc60    000000e0              : Ipc.obj (.text:MessageQ_Params_init__S)
                  8001fd40    000000e0     ti.drv.qmss.ae66 : qmss_drv.oe66 (.text:Qmss_rmNameService)
                  8001fe20    000000e0     rts6600_elf.lib : _ltoa.c.obj (.text:__TI_ltoa)
                  8001ff00    000000e0                     : exit.c.obj (.text:exit)
                  8001ffe0    000000e0                     : memset.c.obj (.text:memset)
                  800200c0    000000e0     ipc.ae66 : Ipc.obj (.text:ti_sdo_ipc_GateMP_start__F)
                  800201a0    000000e0              : Ipc.obj (.text:ti_sdo_ipc_MessageQ_Module_startup__E)
                  80020280    000000e0              : Ipc.obj (.text:ti_sdo_ipc_Notify_Instance_finalize__E)
                  80020360    000000e0              : Ipc.obj (.text:ti_sdo_ipc_SharedRegion_clearReservedMemory__F)
                  80020440    000000e0              : Ipc.obj (.text:ti_sdo_ipc_family_tci663x_Interrupt_intRegister__E)
                  80020520    000000e0              : Ipc.obj (.text:ti_sdo_ipc_gates_GateMPSupportNull_enter__E)
                  80020600    000000e0              : Ipc.obj (.text:ti_sdo_ipc_gates_GateMPSupportNull_leave__E)
                  800206e0    000000e0              : Ipc.obj (.text:ti_sdo_ipc_heaps_HeapMemMP_Instance_finalize__E)
                  800207c0    000000e0              : Ipc.obj (.text:ti_sdo_ipc_nsremote_NameServerRemoteNotify_Instance_finalize__E)
                  800208a0    000000e0              : Ipc.obj (.text:ti_sdo_ipc_transports_TransportShmNotify_put__E)
                  80020980    000000e0              : Ipc.obj (.text:ti_sdo_utils_NameServer_findLocal__I)
                  80020a60    000000e0     sysbios.ae66 : BIOS.obj (.text:ti_sysbios_heaps_HeapMem_alloc__E)
                  80020b40    000000e0                  : BIOS.obj (.text:ti_sysbios_knl_Swi_Instance_finalize__E)
                  80020c20    000000e0                  : BIOS.obj (.text:ti_sysbios_knl_Swi_runLoop__I)
                  80020d00    000000e0                  : BIOS.obj (.text:ti_sysbios_timers_timer64_Timer_startup__E)
                  80020de0    000000e0     ti.targets.rts6000.ae66 : Text.oe66 (.text:xdc_runtime_Text_visitRope2__I)
                  80020ec0    000000c0     ti.drv.qmss.ae66 : qmss_drv.oe66 (.text:Qmss_getMemRegQueueHandleSubSys)
                  80020f80    000000c0     ipc.ae66 : Ipc.obj (.text:SharedRegion_getId)
                  80021040    000000c0     rts6600_elf.lib : divu.asm.obj (.text:__divu)
                  80021100    000000c0     ti.drv.cppi.ae66 : cppi_listlib.oe66 (.text:cppi_list_cat)
                  800211c0    000000c0     app_pe66.oe66 (.text:ti_sdo_ipc_GateMP_create)
                  80021280    000000c0     ipc.ae66 : Ipc.obj (.text:ti_sdo_ipc_GateMP_getRegion0ReservedSize__F)
                  80021340    000000c0     app_pe66.oe66 (.text:ti_sdo_ipc_MessageQ_create)
                  80021400    000000c0     ipc.ae66 : Ipc.obj (.text:ti_sdo_ipc_MessageQ_grow__I)
                  800214c0    000000c0     app_pe66.oe66 (.text:ti_sdo_ipc_gates_GatePeterson_Object__create__S)
                  80021580    000000c0     app_pe66.oe66 (.text:ti_sdo_ipc_gates_GatePeterson_create)
                  80021640    000000c0     app_pe66.oe66 (.text:ti_sdo_ipc_heaps_HeapMemMP_Object__create__S)
                  80021700    000000c0     app_pe66.oe66 (.text:ti_sdo_ipc_heaps_HeapMemMP_create)
                  800217c0    000000c0     ipc.ae66 : Ipc.obj (.text:ti_sdo_ipc_notifyDrivers_NotifyDriverCirc_disableEvent__E)
                  80021880    000000c0              : Ipc.obj (.text:ti_sdo_ipc_notifyDrivers_NotifyDriverCirc_enable__E)
                  80021940    000000c0     app_pe66.oe66 (.text:ti_sdo_ipc_nsremote_NameServerRemoteNotify_Object__create__S)
                  80021a00    000000c0     app_pe66.oe66 (.text:ti_sdo_ipc_nsremote_NameServerRemoteNotify_create)
                  80021ac0    000000c0     ipc.ae66 : Ipc.obj (.text:ti_sdo_ipc_transports_TransportShmNotify_Instance_init__E)
                  80021b80    000000c0     app_pe66.oe66 (.text:ti_sdo_ipc_transports_TransportShmNotify_Object__create__S)
                  80021c40    000000c0     app_pe66.oe66 (.text:ti_sdo_ipc_transports_TransportShmNotify_create)
                  80021d00    000000c0     app_pe66.oe66 (.text:ti_sysbios_family_c64p_Hwi_create)
                  80021dc0    000000c0     sysbios.ae66 : BIOS.obj (.text:ti_sysbios_gates_GateAll_leave__E)
                  80021e80    000000c0     app_pe66.oe66 (.text:ti_sysbios_hal_Hwi_create)
                  80021f40    000000c0     sysbios.ae66 : BIOS.obj (.text:ti_sysbios_heaps_HeapMem_getStats__E)
                  80022000    000000c0                  : BIOS.obj (.text:ti_sysbios_knl_Clock_logTick__E)
                  800220c0    000000c0                  : BIOS.obj (.text:ti_sysbios_knl_Swi_schedule__I)
                  80022180    000000c0                  : BIOS.obj (.text:ti_sysbios_knl_Task_allBlockedFunction__I)
                  80022240    000000c0     app_pe66.oe66 (.text:ti_sysbios_knl_Task_create)
                  80022300    000000c0     app_pe66.oe66 (.text:ti_sysbios_syncs_SyncSem_Object__create__S)
                  800223c0    000000c0     app_pe66.oe66 (.text:ti_sysbios_syncs_SyncSem_create)
                  80022480    000000c0     rts6600_elf.lib : tls.c.obj (.text:tls:init:__TI_tls_init)
                  80022540    000000c0     ti.targets.rts6000.ae66 : Assert.oe66 (.text:xdc_runtime_Assert_raise__I)
                  80022600    000000c0                             : Error.oe66 (.text:xdc_runtime_Error_setX__E)
                  800226c0    000000c0     app_pe66.oe66 (.text:xdc_runtime_LoggerBuf_Object__create__S)
                  80022780    000000c0     ti.targets.rts6000.ae66 : SysMin.oe66 (.text:xdc_runtime_SysMin_abort__E)
                  80022840    000000c0                             : SysMin.oe66 (.text:xdc_runtime_SysMin_flush__E)
                  80022900    000000a0     ti.drv.qmss.ae66 : qmss_drv.oe66 (.text:Qmss_queueOpenSubSys)
                  800229a0    000000a0     rts6600_elf.lib : remu.asm.obj (.text:__remu)
                  80022a40    000000a0     boot.ae66 : boot.oe66 (.text:_c_int00)
                  80022ae0    000000a0     rts6600_elf.lib : _printfi.c.obj (.text:_ecpy)
                  80022b80    000000a0     sysbios.ae66 : c64p_Hwi_asm.obj (.text:_ti_sysbios_family_c64p_Hwi_plug__E)
                  80022c20    000000a0     rts6600_elf.lib : memcpy64.asm.obj (.text:memcpy)
                  80022cc0    000000a0     ipc.ae66 : Ipc.obj (.text:ti_sdo_ipc_family_tci663x_Interrupt_intSend__E)
                  80022d60    000000a0              : Ipc.obj (.text:ti_sdo_ipc_family_tci663x_NotifyCircSetup_attach__E)
                  80022e00    000000a0              : Ipc.obj (.text:ti_sdo_ipc_gates_GatePeterson_leave__E)
                  80022ea0    000000a0              : Ipc.obj (.text:ti_sdo_ipc_gates_GatePeterson_postInit__I)
                  80022f40    000000a0              : Ipc.obj (.text:ti_sdo_ipc_nsremote_NameServerRemoteNotify_detach__E)
                  80022fe0    000000a0              : Ipc.obj (.text:ti_sdo_ipc_transports_TransportShmNotifySetup_attach__E)
                  80023080    000000a0              : Ipc.obj (.text:ti_sdo_ipc_transports_TransportShmNotify_notifyFxn__I)
                  80023120    000000a0              : Ipc.obj (.text:ti_sdo_utils_NameServer_Module_startup__E)
                  800231c0    000000a0              : Ipc.obj (.text:ti_sdo_utils_NameServer_postInit__I)
                  80023260    000000a0     sysbios.ae66 : BIOS.obj (.text:ti_sysbios_family_c64p_Exception_Module_startup__E)
                  80023300    000000a0                  : BIOS.obj (.text:ti_sysbios_family_c64p_Hwi_dispatchC__I)
                  800233a0    000000a0                  : BIOS.obj (.text:ti_sysbios_family_c64p_Hwi_getStackInfo__E)
                  80023440    000000a0                  : BIOS.obj (.text:ti_sysbios_gates_GateSwi_leave__E)
                  800234e0    000000a0     app_pe66.oe66 (.text:ti_sysbios_knl_Swi_construct)
                  80023580    000000a0     sysbios.ae66 : BIOS.obj (.text:ti_sysbios_timers_timer64_Timer_stop__E)
                  80023620    000000a0     ti.targets.rts6000.ae66 : Core-params.oe66 (.text:xdc_runtime_Core_assignParams__I)
                  800236c0    000000a0                             : SysMin.oe66 (.text:xdc_runtime_SysMin_putch__E)
                  80023760    000000a0                             : System.oe66 (.text:xdc_runtime_System_formatNum__I)
                  80023800    000000a0                             : System.oe66 (.text:xdc_runtime_System_putchar__I)
                  800238a0    000000a0                             : Text.oe66 (.text:xdc_runtime_Text_printVisFxn__I)
                  80023940    000000a0                             : Text.oe66 (.text:xdc_runtime_Text_xprintf__I)
                  800239e0    000000a0     app_pe66.oe66 (.text:xdc_runtime_knl_GateThread_Object__create__S)
                  80023a80    000000a0     app_pe66.oe66 (.text:xdc_runtime_knl_GateThread_create)
                  80023b20    00000080     ipc.ae66 : Ipc.obj (.text:HeapMemMP_restore)
                  80023ba0    00000080     ti.drv.qmss.ae66 : qmss_drv.oe66 (.text:Qmss_queueOpen)
                  80023c20    00000080     rts6600_elf.lib : trgmsg.c.obj (.text:__TI_readmsg)
                  80023ca0    00000080                     : llshift.c.obj (.text:__c6xabi_llshl)
                  80023d20    00000080                     : snprintf.c.obj (.text:_outs)
                  80023da0    00000080     sysbios.ae66 : c62_TaskSupport_asm.obj (.text:_ti_sysbios_family_c62_TaskSupport_swap__E)
                  80023e20    00000080     ti.drv.cppi.ae66 : cppi_heap.oe66 (.text:cppi_internal_heap_cache_begin)
                  80023ea0    00000080                      : cppi_heap.oe66 (.text:cppi_internal_heap_malloc)
                  80023f20    00000080                      : cppi_listlib.oe66 (.text:cppi_list_add)
                  80023fa0    00000080                      : cppi_listlib.oe66 (.text:cppi_list_remove)
                  80024020    00000080     rts6600_elf.lib : snprintf.c.obj (.text:snprintf)
                  800240a0    00000080     ipc.ae66 : Ipc.obj (.text:ti_sdo_ipc_Ipc_getMasterAddr__I)
                  80024120    00000080              : Ipc.obj (.text:ti_sdo_ipc_family_tci663x_Interrupt_intClear__E)
                  800241a0    00000080              : Ipc.obj (.text:ti_sdo_ipc_family_tci663x_Interrupt_intUnregister__E)
                  80024220    00000080              : Ipc.obj (.text:ti_sdo_ipc_gates_GateHWSem_Module_startup__E)
                  800242a0    00000080     app_pe66.oe66 (.text:ti_sdo_ipc_gates_GateHWSem_Object__create__S)
                  80024320    00000080     app_pe66.oe66 (.text:ti_sdo_ipc_gates_GateHWSem_create)
                  800243a0    00000080     app_pe66.oe66 (.text:ti_sdo_ipc_gates_GateMPSupportNull_Object__create__S)
                  80024420    00000080     app_pe66.oe66 (.text:ti_sdo_ipc_gates_GateMPSupportNull_create)
                  800244a0    00000080     ipc.ae66 : Ipc.obj (.text:ti_sdo_ipc_notifyDrivers_NotifyDriverCirc_Instance_finalize__E)
                  80024520    00000080     app_pe66.oe66 (.text:ti_sdo_ipc_notifyDrivers_NotifyDriverCirc_create)
                  800245a0    00000080     ipc.ae66 : Ipc.obj (.text:ti_sdo_ipc_transports_TransportShmNotify_Instance_finalize__E)
                  80024620    00000080     app_pe66.oe66 (.text:ti_sysbios_BIOS_atExitFunc__I)
                  800246a0    00000080     app_pe66.oe66 (.text:ti_sysbios_BIOS_registerRTSLock__I)
                  80024720    00000080     sysbios.ae66 : BIOS.obj (.text:ti_sysbios_family_c66_Cache_invL1pAll__E)
                  800247a0    00000080     app_pe66.oe66 (.text:ti_sysbios_gates_GateAll_Object__create__S)
                  80024820    00000080     app_pe66.oe66 (.text:ti_sysbios_gates_GateHwi_Object__create__S)
                  800248a0    00000080     app_pe66.oe66 (.text:ti_sysbios_gates_GateMutexPri_Object__create__S)
                  80024920    00000080     app_pe66.oe66 (.text:ti_sysbios_gates_GateMutex_Object__create__S)
                  800249a0    00000080     app_pe66.oe66 (.text:ti_sysbios_gates_GateSwi_Object__create__S)
                  80024a20    00000080     sysbios.ae66 : BIOS.obj (.text:ti_sysbios_hal_Hwi_checkStack)
                  80024aa0    00000080                  : BIOS.obj (.text:ti_sysbios_hal_Hwi_initStack)
                  80024b20    00000080     app_pe66.oe66 (.text:ti_sysbios_heaps_HeapMem_Object__create__S)
                  80024ba0    00000080     sysbios.ae66 : BIOS.obj (.text:ti_sysbios_heaps_HeapMem_init__I)
                  80024c20    00000080     app_pe66.oe66 (.text:ti_sysbios_knl_Clock_doTick__I)
                  80024ca0    00000080     sysbios.ae66 : BIOS.obj (.text:ti_sysbios_knl_Idle_run__E)
                  80024d20    00000080     app_pe66.oe66 (.text:ti_sysbios_knl_Semaphore_create)
                  80024da0    00000080     sysbios.ae66 : BIOS.obj (.text:ti_sysbios_knl_Semaphore_pendTimeout__I)
                  80024e20    00000080                  : BIOS.obj (.text:ti_sysbios_knl_Swi_startup__E)
                  80024ea0    00000080                  : BIOS.obj (.text:ti_sysbios_knl_Task_restore__E)
                  80024f20    00000080                  : BIOS.obj (.text:ti_sysbios_syncs_SyncSem_wait__E)
                  80024fa0    00000080     app_pe66.oe66 (.text:ti_sysbios_xdcruntime_GateThreadSupport_create)
                  80025020    00000080     ti.targets.rts6000.ae66 : Core-label.oe66 (.text:xdc_runtime_Core_assignLabel__I)
                  800250a0    00000080                             : LoggerBuf.oe66 (.text:xdc_runtime_LoggerBuf_Instance_init__E)
                  80025120    00000080                             : LoggerBuf.oe66 (.text:xdc_runtime_LoggerBuf_Module_startup__E)
                  800251a0    00000080                             : LoggerBuf.oe66 (.text:xdc_runtime_LoggerBuf_filterOutEvent__I)
                  80025220    00000080     app_pe66.oe66 (.text:xdc_runtime_SysMin_output__I)
                  800252a0    00000080     ti.targets.rts6000.ae66 : System.oe66 (.text:xdc_runtime_System_atexit__E)
                  80025320    00000080                             : System.oe66 (.text:xdc_runtime_System_avprintf__E)
                  800253a0    00000080                             : System.oe66 (.text:xdc_runtime_System_processAtExit__E)
                  80025420    00000080                             : System.oe66 (.text:xdc_runtime_System_vprintf__E)
                  800254a0    00000060     ipc.ae66 : Ipc.obj (.text:HeapMemMP_create)
                  80025500    00000060              : Ipc.obj (.text:HeapMemMP_getRTSCParams$18)
                  80025560    00000060     rts6600_elf.lib : frcmpyd_div.c.obj (.text:__TI_frcmpyd_div)
                  800255c0    00000060                     : trgmsg.c.obj (.text:__TI_writemsg)
                  80025620    00000060                     : llshift.c.obj (.text:__c6xabi_llshru)
                  80025680    00000060                     : imath64.c.obj (.text:_subcull)
                  800256e0    00000060     sysbios.ae66 : c64p_Hwi_asm_switch.obj (.text:_ti_sysbios_family_c64p_Hwi_switchAndDispatch__I)
                  80025740    00000060                  : c64p_Hwi_asm_switch.obj (.text:_ti_sysbios_family_xxx_Hwi_switchAndRunFunc)
                  800257a0    00000060     ti.drv.cppi.ae66 : cppi_listlib.oe66 (.text:cppi_list_cache_invalidate)
                  80025800    00000060     init.obj (.text)
                  80025860    00000060     rts6600_elf.lib : memccpy.c.obj (.text:memccpy)
                  800258c0    00000060     app_pe66.oe66 (.text:ti_sdo_ipc_GateMP_Object__delete__S)
                  80025920    00000060     ipc.ae66 : Ipc.obj (.text:ti_sdo_ipc_Ipc_getSlaveAddr__I)
                  80025980    00000060              : Ipc.obj (.text:ti_sdo_ipc_Ipc_reservedSizePerProc__I)
                  800259e0    00000060              : Ipc.obj (.text:ti_sdo_ipc_family_tci663x_NotifyCircSetup_numIntLines__E)
                  80025a40    00000060              : Ipc.obj (.text:ti_sdo_ipc_family_tci663x_NotifyCircSetup_sharedMemReq__E)
                  80025aa0    00000060     app_pe66.oe66 (.text:ti_sdo_ipc_gates_GatePeterson_Object__delete__S)
                  80025b00    00000060     ipc.ae66 : Ipc.obj (.text:ti_sdo_ipc_gates_GatePeterson_sharedMemReq__E)
                  80025b60    00000060     app_pe66.oe66 (.text:ti_sdo_ipc_heaps_HeapMemMP_Object__delete__S)
                  80025bc0    00000060     app_pe66.oe66 (.text:ti_sdo_ipc_notifyDrivers_NotifyDriverCirc_Object__delete__S)
                  80025c20    00000060     app_pe66.oe66 (.text:ti_sdo_ipc_nsremote_NameServerRemoteNotify_Object__delete__S)
                  80025c80    00000060     app_pe66.oe66 (.text:ti_sdo_ipc_transports_TransportShmNotify_Object__delete__S)
                  80025ce0    00000060     app_pe66.oe66 (.text:ti_sdo_utils_List_construct)
                  80025d40    00000060     app_pe66.oe66 (.text:ti_sysbios_BIOS_errorRaiseHook__I)
                  80025da0    00000060     app_pe66.oe66 (.text:ti_sysbios_BIOS_removeRTSLock__I)
                  80025e00    00000060     app_pe66.oe66 (.text:ti_sysbios_BIOS_startFunc__I)
                  80025e60    00000060     sysbios.ae66 : BIOS.obj (.text:ti_sysbios_family_c62_TaskSupport_start__E)
                  80025ec0    00000060     app_pe66.oe66 (.text:ti_sysbios_family_c64p_Hwi_Object__delete__S)
                  80025f20    00000060     sysbios.ae66 : BIOS.obj (.text:ti_sysbios_family_c66_Cache_Module_startup__E)
                  80025f80    00000060                  : BIOS.obj (.text:ti_sysbios_gates_GateAll_enter__E)
                  80025fe0    00000060     app_pe66.oe66 (.text:ti_sysbios_gates_GateMutexPri_Object__delete__S)
                  80026040    00000060     app_pe66.oe66 (.text:ti_sysbios_gates_GateMutexPri_construct)
                  800260a0    00000060     app_pe66.oe66 (.text:ti_sysbios_gates_GateMutex_Object__delete__S)
                  80026100    00000060     app_pe66.oe66 (.text:ti_sysbios_hal_Hwi_Object__delete__S)
                  80026160    00000060     sysbios.ae66 : BIOS.obj (.text:ti_sysbios_heaps_HeapMem_free__E)
                  800261c0    00000060                  : BIOS.obj (.text:ti_sysbios_knl_Clock_Module_startup__E)
                  80026220    00000060     app_pe66.oe66 (.text:ti_sysbios_knl_Queue_construct)
                  80026280    00000060     app_pe66.oe66 (.text:ti_sysbios_knl_Semaphore_Object__delete__S)
                  800262e0    00000060     app_pe66.oe66 (.text:ti_sysbios_knl_Semaphore_construct)
                  80026340    00000060     sysbios.ae66 : BIOS.obj (.text:ti_sysbios_knl_Swi_Module_startup__E)
                  800263a0    00000060                  : BIOS.obj (.text:ti_sysbios_knl_Task_enter__I)
                  80026400    00000060     app_pe66.oe66 (.text:ti_sysbios_syncs_SyncSem_Object__delete__S)
                  80026460    00000060     app_pe66.oe66 (.text:ti_sysbios_xdcruntime_GateThreadSupport_Object__delete__S)
                  800264c0    00000060     app_pe66.oe66 (.text:xdc_runtime_LoggerBuf_Object__delete__S)
                  80026520    00000060     ti.targets.rts6000.ae66 : LoggerBuf.oe66 (.text:xdc_runtime_LoggerBuf_reset__E)
                  80026580    00000060                             : Memory.oe66 (.text:xdc_runtime_Memory_valloc__E)
                  800265e0    00000060                             : Text.oe66 (.text:xdc_runtime_Text_cordText__E)
                  80026640    00000060     app_pe66.oe66 (.text:xdc_runtime_knl_GateThread_Object__delete__S)
                  800266a0    00000040     ipc.ae66 : Ipc.obj (.text:GateMP_Params_init)
                  800266e0    00000040              : Ipc.obj (.text:HeapMemMP_Params_init)
                  80026720    00000040              : Ipc.obj (.text:Notify_attach)
                  80026760    00000040              : Ipc.obj (.text:Notify_sharedMemReq)
                  800267a0    00000040     ti.drv.qmss.ae66 : qmss_drv.oe66 (.text:Qmss_getMemRegDescSizeSubSys)
                  800267e0    00000040                      : qmss_drv.oe66 (.text:Qmss_start)
                  80026820    00000040     rts6600_elf.lib : isinf.c.obj (.text:__c6xabi_isinf)
                  80026860    00000040                     : _printfi.c.obj (.text:__c6xabi_isnan)
                  800268a0    00000040                     : strasg.asm.obj (.text:__strasgi_64plus)
                  800268e0    00000040                     : args_main.c.obj (.text:_args_main)
                  80026920    00000040                     : snprintf.c.obj (.text:_outc)
                  80026960    00000040     sysbios.ae66 : c62_TaskSupport_asm.obj (.text:_ti_sysbios_family_c62_TaskSupport_buildTaskStack)
                  800269a0    00000040     ipc.ae66 : Ipc.obj (.text:ti_sdo_ipc_Ipc_getRegion0ReservedSize__I)
                  800269e0    00000040     app_pe66.oe66 (.text:ti_sdo_ipc_gates_GateHWSem_Handle__label__S)
                  80026a20    00000040     app_pe66.oe66 (.text:ti_sdo_ipc_gates_GateHWSem_Object__delete__S)
                  80026a60    00000040     ipc.ae66 : Ipc.obj (.text:ti_sdo_ipc_gates_GateHWSem_leave__E)
                  80026aa0    00000040     app_pe66.oe66 (.text:ti_sdo_ipc_gates_GateMPSupportNull_Handle__label__S)
                  80026ae0    00000040     app_pe66.oe66 (.text:ti_sdo_ipc_gates_GateMPSupportNull_Object__delete__S)
                  80026b20    00000040     app_pe66.oe66 (.text:ti_sdo_ipc_gates_GatePeterson_Handle__label__S)
                  80026b60    00000040     ipc.ae66 : Ipc.obj (.text:ti_sdo_ipc_gates_GatePeterson_Instance_finalize__E)
                  80026ba0    00000040     app_pe66.oe66 (.text:ti_sdo_ipc_heaps_HeapMemMP_Handle__label__S)
                  80026be0    00000040     app_pe66.oe66 (.text:ti_sdo_ipc_notifyDrivers_NotifyDriverCirc_Handle__label__S)
                  80026c20    00000040     ipc.ae66 : Ipc.obj (.text:ti_sdo_ipc_notifyDrivers_NotifyDriverCirc_registerEvent__E)
                  80026c60    00000040              : Ipc.obj (.text:ti_sdo_ipc_notifyDrivers_NotifyDriverCirc_unregisterEvent__E)
                  80026ca0    00000040     app_pe66.oe66 (.text:ti_sdo_ipc_nsremote_NameServerRemoteNotify_Handle__label__S)
                  80026ce0    00000040     ipc.ae66 : Ipc.obj (.text:ti_sdo_ipc_nsremote_NameServerRemoteNotify_swiFxnResponse__I)
                  80026d20    00000040              : Ipc.obj (.text:ti_sdo_ipc_transports_TransportShmNotifySetup_isRegistered__E)
                  80026d60    00000040     app_pe66.oe66 (.text:ti_sdo_ipc_transports_TransportShmNotify_Handle__label__S)
                  80026da0    00000040     ipc.ae66 : Ipc.obj (.text:ti_sdo_utils_List_dequeue__E)
                  80026de0    00000040     app_pe66.oe66 (.text:ti_sdo_utils_NameServer_Object__get__S)
                  80026e20    00000040     app_pe66.oe66 (.text:ti_sysbios_BIOS_exitFunc__I)
                  80026e60    00000040     app_pe66.oe66 (.text:ti_sysbios_BIOS_rtsLock__I)
                  80026ea0    00000040     app_pe66.oe66 (.text:ti_sysbios_BIOS_rtsUnlock__I)
                  80026ee0    00000040     sysbios.ae66 : BIOS.obj (.text:ti_sysbios_family_c64p_Hwi_disableInterrupt__E)
                  80026f20    00000040                  : BIOS.obj (.text:ti_sysbios_family_c64p_Hwi_enableInterrupt__E)
                  80026f60    00000040     app_pe66.oe66 (.text:ti_sysbios_gates_GateAll_Handle__label__S)
                  80026fa0    00000040     app_pe66.oe66 (.text:ti_sysbios_gates_GateAll_Object__delete__S)
                  80026fe0    00000040     app_pe66.oe66 (.text:ti_sysbios_gates_GateHwi_Handle__label__S)
                  80027020    00000040     app_pe66.oe66 (.text:ti_sysbios_gates_GateHwi_Object__delete__S)
                  80027060    00000040     app_pe66.oe66 (.text:ti_sysbios_gates_GateMutexPri_Handle__label__S)
                  800270a0    00000040     sysbios.ae66 : BIOS.obj (.text:ti_sysbios_gates_GateMutexPri_Instance_init__E)
                  800270e0    00000040     app_pe66.oe66 (.text:ti_sysbios_gates_GateMutexPri_destruct)
                  80027120    00000040     app_pe66.oe66 (.text:ti_sysbios_gates_GateMutex_Handle__label__S)
                  80027160    00000040     sysbios.ae66 : BIOS.obj (.text:ti_sysbios_gates_GateMutex_Instance_init__E)
                  800271a0    00000040                  : BIOS.obj (.text:ti_sysbios_gates_GateMutex_leave__E)
                  800271e0    00000040     app_pe66.oe66 (.text:ti_sysbios_gates_GateSwi_Handle__label__S)
                  80027220    00000040     app_pe66.oe66 (.text:ti_sysbios_gates_GateSwi_Object__delete__S)
                  80027260    00000040     sysbios.ae66 : BIOS.obj (.text:ti_sysbios_hal_Hwi_Instance_init__E)
                  800272a0    00000040     app_pe66.oe66 (.text:ti_sysbios_heaps_HeapMem_Handle__label__S)
                  800272e0    00000040     app_pe66.oe66 (.text:ti_sysbios_heaps_HeapMem_Object__delete__S)
                  80027320    00000040     app_pe66.oe66 (.text:ti_sysbios_heaps_HeapMem_Object__get__S)
                  80027360    00000040     app_pe66.oe66 (.text:ti_sysbios_knl_Semaphore_destruct)
                  800273a0    00000040     app_pe66.oe66 (.text:ti_sysbios_knl_Swi_Object__get__S)
                  800273e0    00000040     app_pe66.oe66 (.text:ti_sysbios_knl_Swi_destruct)
                  80027420    00000040     app_pe66.oe66 (.text:ti_sysbios_knl_Task_Object__get__S)
                  80027460    00000040     sysbios.ae66 : BIOS.obj (.text:ti_sysbios_knl_Task_sleepTimeout__I)
                  800274a0    00000040     app_pe66.oe66 (.text:ti_sysbios_syncs_SyncSem_Handle__label__S)
                  800274e0    00000040     rts6600_elf.lib : wcslen.c.obj (.text:wcslen)
                  80027520    00000040     ti.targets.rts6000.ae66 : Error.oe66 (.text:xdc_runtime_Error_check__E)
                  80027560    00000040                             : Error.oe66 (.text:xdc_runtime_Error_init__E)
                  800275a0    00000040     app_pe66.oe66 (.text:xdc_runtime_GateNull_Handle__label__S)
                  800275e0    00000040     app_pe66.oe66 (.text:xdc_runtime_GateNull_Object__create__S)
                  80027620    00000040     app_pe66.oe66 (.text:xdc_runtime_GateNull_Object__delete__S)
                  80027660    00000040     app_pe66.oe66 (.text:xdc_runtime_LoggerBuf_Handle__label__S)
                  800276a0    00000040     ti.targets.rts6000.ae66 : LoggerBuf.oe66 (.text:xdc_runtime_LoggerBuf_Instance_finalize__E)
                  800276e0    00000040     app_pe66.oe66 (.text:xdc_runtime_LoggerBuf_Object__get__S)
                  80027720    00000040     ti.targets.rts6000.ae66 : LoggerBuf.oe66 (.text:xdc_runtime_LoggerBuf_write0__E)
                  80027760    00000040                             : LoggerBuf.oe66 (.text:xdc_runtime_LoggerBuf_write1__E)
                  800277a0    00000040                             : LoggerBuf.oe66 (.text:xdc_runtime_LoggerBuf_write2__E)
                  800277e0    00000040                             : Registry.oe66 (.text:xdc_runtime_Registry_findById__E)
                  80027820    00000040                             : SysMin.oe66 (.text:xdc_runtime_SysMin_Module_startup__E)
                  80027860    00000040                             : SysMin.oe66 (.text:xdc_runtime_SysMin_exit__E)
                  800278a0    00000040                             : System.oe66 (.text:xdc_runtime_System_abort__E)
                  800278e0    00000040     app_pe66.oe66 (.text:xdc_runtime_System_aprintf__E)
                  80027920    00000040     ti.targets.rts6000.ae66 : System.oe66 (.text:xdc_runtime_System_exit__E)
                  80027960    00000040     app_pe66.oe66 (.text:xdc_runtime_System_printf__E)
                  800279a0    00000040     app_pe66.oe66 (.text:xdc_runtime_knl_GateThread_Handle__label__S)
                  800279e0    00000040     ti.targets.rts6000.ae66 : GateThread.oe66 (.text:xdc_runtime_knl_GateThread_Instance_init__E)
                  80027a20    00000020     ti.drv.cppi.ae66 : cppi_drv.oe66 (.text:Cppi_getChannelNumber)
                  80027a40    00000020                      : cppi_desc.oe66 (.text:Cppi_initDescriptor)
                  80027a60    00000020                      : cppi_drv.oe66 (.text:Cppi_txChannelOpen)
                  80027a80    00000020     ipc.ae66 : Ipc.obj (.text:GateMP_delete)
                  80027aa0    00000020              : Ipc.obj (.text:GateMP_getDefaultRemote)
                  80027ac0    00000020              : Ipc.obj (.text:GateMP_getSharedParams$4)
                  80027ae0    00000020              : Ipc.obj (.text:HeapMemMP_getSharedParams$18)
                  80027b00    00000020              : Ipc.obj (.text:MultiProc_getBaseIdOfCluster)
                  80027b20    00000020              : Ipc.obj (.text:MultiProc_self)
                  80027b40    00000020              : Ipc.obj (.text:NameServer_addUInt32)
                  80027b60    00000020              : Ipc.obj (.text:NameServer_getLocalUInt32)
                  80027b80    00000020              : Ipc.obj (.text:NameServer_removeEntry)
                  80027ba0    00000020              : Ipc.obj (.text:Notify_numIntLines)
                  80027bc0    00000020     ti.drv.qmss.ae66 : qmss_drv.oe66 (.text:Qmss_getQueueNumber)
                  80027be0    00000020                      : qmss_drv.oe66 (.text:Qmss_init)
                  80027c00    00000020                      : qmss_drv.oe66 (.text:Qmss_insertMemoryRegion)
                  80027c20    00000020     ipc.ae66 : Ipc.obj (.text:SharedRegion_invalidSRPtr)
                  80027c40    00000020     app_pe66.oe66 (.text:_GateMP_virtToPhys)
                  80027c60    00000020     rts6600_elf.lib : errno.c.obj (.text:__c6xabi_errno_addr)
                  80027c80    00000020                     : push.asm.obj (.text:__pop_rts)
                  80027ca0    00000020                     : push.asm.obj (.text:__push_rts)
                  80027cc0    00000020                     : _lock.c.obj (.text:_nop)
                  80027ce0    00000020                     : _lock.c.obj (.text:_register_lock)
                  80027d00    00000020                     : _data_synch.c.obj (.text:_register_synch_api)
                  80027d20    00000020                     : _lock.c.obj (.text:_register_unlock)
                  80027d40    00000020                     : signbit.c.obj (.text:_signbit)
                  80027d60    00000020     sysbios.ae66 : c62_TaskSupport_asm.obj (.text:_ti_sysbios_family_c62_TaskSupport_glue)
                  80027d80    00000020     rts6600_elf.lib : exit.c.obj (.text:abort)
                  80027da0    00000020     ti.drv.cppi.ae66 : cppi_listlib.oe66 (.text:cppi_list_get_head)
                  80027dc0    00000020                      : cppi_listlib.oe66 (.text:cppi_list_get_next)
                  80027de0    00000020     rts6600_elf.lib : copy_decompress_none.c.obj (.text:decompress:none:__TI_decompress_none)
                  80027e00    00000020                     : copy_decompress_rle.c.obj (.text:decompress:rle24:__TI_decompress_rle24)
                  80027e20    00000020     app_pe66.oe66 (.text:ti_sdo_ipc_GateMP_Params__init__S)
                  80027e40    00000020     app_pe66.oe66 (.text:ti_sdo_ipc_GateMP_RemoteCustom1Proxy_Proxy__abstract__S)
                  80027e60    00000020     app_pe66.oe66 (.text:ti_sdo_ipc_GateMP_RemoteCustom1Proxy_Proxy__delegate__S)
                  80027e80    00000020     app_pe66.oe66 (.text:ti_sdo_ipc_GateMP_RemoteCustom1Proxy_create)
                  80027ea0    00000020     app_pe66.oe66 (.text:ti_sdo_ipc_GateMP_RemoteCustom1Proxy_delete)
                  80027ec0    00000020     app_pe66.oe66 (.text:ti_sdo_ipc_GateMP_RemoteCustom2Proxy_Proxy__abstract__S)
                  80027ee0    00000020     app_pe66.oe66 (.text:ti_sdo_ipc_GateMP_RemoteCustom2Proxy_Proxy__delegate__S)
                  80027f00    00000020     app_pe66.oe66 (.text:ti_sdo_ipc_GateMP_RemoteCustom2Proxy_create)
                  80027f20    00000020     app_pe66.oe66 (.text:ti_sdo_ipc_GateMP_RemoteCustom2Proxy_delete)
                  80027f40    00000020     app_pe66.oe66 (.text:ti_sdo_ipc_GateMP_RemoteSystemProxy_Proxy__abstract__S)
                  80027f60    00000020     app_pe66.oe66 (.text:ti_sdo_ipc_GateMP_RemoteSystemProxy_Proxy__delegate__S)
                  80027f80    00000020     app_pe66.oe66 (.text:ti_sdo_ipc_GateMP_RemoteSystemProxy_create)
                  80027fa0    00000020     app_pe66.oe66 (.text:ti_sdo_ipc_GateMP_RemoteSystemProxy_delete)
                  80027fc0    00000020     app_pe66.oe66 (.text:ti_sdo_ipc_GateMP_delete)
                  80027fe0    00000020     ipc.ae66 : Ipc.obj (.text:ti_sdo_ipc_GateMP_getSharedAddr__F)
                  80028000    00000020              : Ipc.obj (.text:ti_sdo_ipc_GateMP_setDefaultRemote__F)
                  80028020    00000020     app_pe66.oe66 (.text:ti_sdo_ipc_MessageQ_Object__get__S)
                  80028040    00000020     app_pe66.oe66 (.text:ti_sdo_ipc_MessageQ_Params__init__S)
                  80028060    00000020     app_pe66.oe66 (.text:ti_sdo_ipc_Notify_Module_GateProxy_enter__E)
                  80028080    00000020     app_pe66.oe66 (.text:ti_sdo_ipc_Notify_Module_GateProxy_leave__E)
                  800280a0    00000020     ipc.ae66 : Ipc.obj (.text:ti_sdo_ipc_family_tci663x_Interrupt_intDisable__E)
                  800280c0    00000020              : Ipc.obj (.text:ti_sdo_ipc_family_tci663x_Interrupt_intEnable__E)
                  800280e0    00000020     app_pe66.oe66 (.text:ti_sdo_ipc_gates_GateHWSem_Params__init__S)
                  80028100    00000020     ipc.ae66 : Ipc.obj (.text:ti_sdo_ipc_gates_GateHWSem_getReservedMask__E)
                  80028120    00000020              : Ipc.obj (.text:ti_sdo_ipc_gates_GateHWSem_query__E)
                  80028140    00000020              : Ipc.obj (.text:ti_sdo_ipc_gates_GateHWSem_sharedMemReq__E)
                  80028160    00000020              : Ipc.obj (.text:ti_sdo_ipc_gates_GateMPSupportNull_Instance_init__E)
                  80028180    00000020     app_pe66.oe66 (.text:ti_sdo_ipc_gates_GateMPSupportNull_Params__init__S)
                  800281a0    00000020     ipc.ae66 : Ipc.obj (.text:ti_sdo_ipc_gates_GateMPSupportNull_getReservedMask__E)
                  800281c0    00000020              : Ipc.obj (.text:ti_sdo_ipc_gates_GateMPSupportNull_query__E)
                  800281e0    00000020              : Ipc.obj (.text:ti_sdo_ipc_gates_GateMPSupportNull_sharedMemReq__E)
                  80028200    00000020     app_pe66.oe66 (.text:ti_sdo_ipc_gates_GatePeterson_Params__init__S)
                  80028220    00000020     ipc.ae66 : Ipc.obj (.text:ti_sdo_ipc_gates_GatePeterson_getReservedMask__E)
                  80028240    00000020              : Ipc.obj (.text:ti_sdo_ipc_gates_GatePeterson_query__E)
                  80028260    00000020     app_pe66.oe66 (.text:ti_sdo_ipc_heaps_HeapMemMP_Params__init__S)
                  80028280    00000020     ipc.ae66 : Ipc.obj (.text:ti_sdo_ipc_heaps_HeapMemMP_isBlocking__E)
                  800282a0    00000020     app_pe66.oe66 (.text:ti_sdo_ipc_notifyDrivers_NotifyDriverCirc_Params__init__S)
                  800282c0    00000020     app_pe66.oe66 (.text:ti_sdo_ipc_notifyDrivers_NotifyDriverCirc_delete)
                  800282e0    00000020     ipc.ae66 : Ipc.obj (.text:ti_sdo_ipc_notifyDrivers_NotifyDriverCirc_disable__E)
                  80028300    00000020              : Ipc.obj (.text:ti_sdo_ipc_notifyDrivers_NotifyDriverCirc_enableEvent__E)
                  80028320    00000020              : Ipc.obj (.text:ti_sdo_ipc_notifyDrivers_NotifyDriverCirc_setNotifyHandle__E)
                  80028340    00000020     app_pe66.oe66 (.text:ti_sdo_ipc_nsremote_NameServerRemoteNotify_Object__first__S)
                  80028360    00000020     app_pe66.oe66 (.text:ti_sdo_ipc_nsremote_NameServerRemoteNotify_Object__next__S)
                  80028380    00000020     app_pe66.oe66 (.text:ti_sdo_ipc_nsremote_NameServerRemoteNotify_Params__init__S)
                  800283a0    00000020     app_pe66.oe66 (.text:ti_sdo_ipc_nsremote_NameServerRemoteNotify_delete)
                  800283c0    00000020     ipc.ae66 : Ipc.obj (.text:ti_sdo_ipc_nsremote_NameServerRemoteNotify_sharedMemReq__E)
                  800283e0    00000020              : Ipc.obj (.text:ti_sdo_ipc_transports_TransportShmNotifySetup_sharedMemReq__E)
                  80028400    00000020     app_pe66.oe66 (.text:ti_sdo_ipc_transports_TransportShmNotify_Params__init__S)
                  80028420    00000020     ipc.ae66 : Ipc.obj (.text:ti_sdo_ipc_transports_TransportShmNotify_control__E)
                  80028440    00000020              : Ipc.obj (.text:ti_sdo_ipc_transports_TransportShmNotify_getStatus__E)
                  80028460    00000020              : Ipc.obj (.text:ti_sdo_ipc_transports_TransportShmNotify_setErrFxn__E)
                  80028480    00000020              : Ipc.obj (.text:ti_sdo_utils_List_Instance_init__E)
                  800284a0    00000020     app_pe66.oe66 (.text:ti_sdo_utils_List_Object__get__S)
                  800284c0    00000020     app_pe66.oe66 (.text:ti_sdo_utils_List_destruct)
                  800284e0    00000020     ipc.ae66 : Ipc.obj (.text:ti_sdo_utils_List_enqueueHead__E)
                  80028500    00000020              : Ipc.obj (.text:ti_sdo_utils_List_enqueue__E)
                  80028520    00000020              : Ipc.obj (.text:ti_sdo_utils_List_get__E)
                  80028540    00000020              : Ipc.obj (.text:ti_sdo_utils_List_next__E)
                  80028560    00000020              : Ipc.obj (.text:ti_sdo_utils_List_putHead__E)
                  80028580    00000020              : Ipc.obj (.text:ti_sdo_utils_List_put__E)
                  800285a0    00000020              : Ipc.obj (.text:ti_sdo_utils_List_remove__E)
                  800285c0    00000020     app_pe66.oe66 (.text:ti_sdo_utils_MultiProc_Module__startupDone__S)
                  800285e0    00000020     ipc.ae66 : Ipc.obj (.text:ti_sdo_utils_MultiProc_getClusterId__F)
                  80028600    00000020     app_pe66.oe66 (.text:ti_sdo_utils_NameServer_Module__startupDone__F)
                  80028620    00000020     app_pe66.oe66 (.text:ti_sdo_utils_NameServer_Object__first__S)
                  80028640    00000020     app_pe66.oe66 (.text:ti_sdo_utils_NameServer_Object__next__S)
                  80028660    00000020     app_pe66.oe66 (.text:ti_sysbios_BIOS_RtsGateProxy_enter__E)
                  80028680    00000020     app_pe66.oe66 (.text:ti_sysbios_BIOS_RtsGateProxy_leave__E)
                  800286a0    00000020     sysbios.ae66 : BIOS.obj (.text:ti_sysbios_BIOS_exit__E)
                  800286c0    00000020                  : BIOS.obj (.text:ti_sysbios_BIOS_linkedWithIncorrectBootLibrary__E)
                  800286e0    00000020     app_pe66.oe66 (.text:ti_sysbios_BIOS_nullFunc__I)
                  80028700    00000020     sysbios.ae66 : BIOS.obj (.text:ti_sysbios_BIOS_setThreadType__E)
                  80028720    00000020                  : BIOS.obj (.text:ti_sysbios_BIOS_start__E)
                  80028740    00000020     app_pe66.oe66 (.text:ti_sysbios_family_c62_TaskSupport_Module__startupDone__S)
                  80028760    00000020     sysbios.ae66 : BIOS.obj (.text:ti_sysbios_family_c62_TaskSupport_checkStack__E)
                  80028780    00000020                  : BIOS.obj (.text:ti_sysbios_family_c62_TaskSupport_getStackAlignment__E)
                  800287a0    00000020     app_pe66.oe66 (.text:ti_sysbios_family_c64p_Hwi_Module__startupDone__F)
                  800287c0    00000020     sysbios.ae66 : BIOS.obj (.text:ti_sysbios_family_c64p_Hwi_clearInterrupt__E)
                  800287e0    00000020                  : BIOS.obj (.text:ti_sysbios_family_c64p_Hwi_startup__E)
                  80028800    00000020                  : BIOS.obj (.text:ti_sysbios_family_c64p_Hwi_switchFromBootStack__E)
                  80028820    00000020                  : BIOS.obj (.text:ti_sysbios_family_c64p_Hwi_unPluggedInterrupt__I)
                  80028840    00000020                  : BIOS.obj (.text:ti_sysbios_family_c64p_TimestampProvider_Module_startup__E)
                  80028860    00000020                  : BIOS.obj (.text:ti_sysbios_family_c64p_TimestampProvider_get32__E)
                  80028880    00000020                  : BIOS.obj (.text:ti_sysbios_family_c64p_TimestampProvider_get64__E)
                  800288a0    00000020                  : BIOS.obj (.text:ti_sysbios_family_c64p_tci6488_TimerSupport_enable__E)
                  800288c0    00000020                  : BIOS.obj (.text:ti_sysbios_family_c66_Cache_RTSSynchInv__I)
                  800288e0    00000020                  : BIOS.obj (.text:ti_sysbios_family_c66_Cache_RTSSynchWbInv__I)
                  80028900    00000020                  : BIOS.obj (.text:ti_sysbios_family_c66_Cache_RTSSynchWb__I)
                  80028920    00000020                  : BIOS.obj (.text:ti_sysbios_family_c66_Cache_inv__E)
                  80028940    00000020                  : BIOS.obj (.text:ti_sysbios_family_c66_Cache_wait__E)
                  80028960    00000020                  : BIOS.obj (.text:ti_sysbios_family_c66_Cache_wbInv__E)
                  80028980    00000020                  : BIOS.obj (.text:ti_sysbios_family_c66_Cache_wb__E)
                  800289a0    00000020                  : BIOS.obj (.text:ti_sysbios_gates_GateAll_Instance_init__E)
                  800289c0    00000020                  : BIOS.obj (.text:ti_sysbios_gates_GateAll_query__E)
                  800289e0    00000020                  : BIOS.obj (.text:ti_sysbios_gates_GateHwi_Instance_init__E)
                  80028a00    00000020                  : BIOS.obj (.text:ti_sysbios_gates_GateHwi_enter__E)
                  80028a20    00000020                  : BIOS.obj (.text:ti_sysbios_gates_GateHwi_leave__E)
                  80028a40    00000020                  : BIOS.obj (.text:ti_sysbios_gates_GateHwi_query__E)
                  80028a60    00000020                  : BIOS.obj (.text:ti_sysbios_gates_GateMutexPri_Instance_finalize__E)
                  80028a80    00000020                  : BIOS.obj (.text:ti_sysbios_gates_GateMutexPri_query__E)
                  80028aa0    00000020                  : BIOS.obj (.text:ti_sysbios_gates_GateMutex_Instance_finalize__E)
                  80028ac0    00000020                  : BIOS.obj (.text:ti_sysbios_gates_GateMutex_query__E)
                  80028ae0    00000020                  : BIOS.obj (.text:ti_sysbios_gates_GateSwi_Instance_init__E)
                  80028b00    00000020                  : BIOS.obj (.text:ti_sysbios_gates_GateSwi_query__E)
                  80028b20    00000020     app_pe66.oe66 (.text:ti_sysbios_hal_Hwi_HwiProxy_create)
                  80028b40    00000020     app_pe66.oe66 (.text:ti_sysbios_hal_Hwi_HwiProxy_delete)
                  80028b60    00000020     sysbios.ae66 : BIOS.obj (.text:ti_sysbios_hal_Hwi_Instance_finalize__E)
                  80028b80    00000020                  : BIOS.obj (.text:ti_sysbios_hal_Hwi_Module_startup__E)
                  80028ba0    00000020     app_pe66.oe66 (.text:ti_sysbios_hal_Hwi_Params__init__S)
                  80028bc0    00000020     app_pe66.oe66 (.text:ti_sysbios_hal_Hwi_delete)
                  80028be0    00000020     app_pe66.oe66 (.text:ti_sysbios_heaps_HeapMem_Module_GateProxy_enter__E)
                  80028c00    00000020     app_pe66.oe66 (.text:ti_sysbios_heaps_HeapMem_Module_GateProxy_leave__E)
                  80028c20    00000020     sysbios.ae66 : BIOS.obj (.text:ti_sysbios_heaps_HeapMem_isBlocking__E)
                  80028c40    00000020     app_pe66.oe66 (.text:ti_sysbios_knl_Clock_TimerProxy_getMaxTicks__E)
                  80028c60    00000020     sysbios.ae66 : BIOS.obj (.text:ti_sysbios_knl_Idle_loop__E)
                  80028c80    00000020                  : BIOS.obj (.text:ti_sysbios_knl_Queue_Instance_init__E)
                  80028ca0    00000020     app_pe66.oe66 (.text:ti_sysbios_knl_Queue_Object__get__S)
                  80028cc0    00000020     app_pe66.oe66 (.text:ti_sysbios_knl_Queue_destruct)
                  80028ce0    00000020     sysbios.ae66 : BIOS.obj (.text:ti_sysbios_knl_Queue_empty__E)
                  80028d00    00000020                  : BIOS.obj (.text:ti_sysbios_knl_Semaphore_Instance_finalize__E)
                  80028d20    00000020     app_pe66.oe66 (.text:ti_sysbios_knl_Semaphore_Params__init__S)
                  80028d40    00000020     app_pe66.oe66 (.text:ti_sysbios_knl_Semaphore_delete)
                  80028d60    00000020     app_pe66.oe66 (.text:ti_sysbios_knl_Swi_Params__init__S)
                  80028d80    00000020     sysbios.ae66 : BIOS.obj (.text:ti_sysbios_knl_Swi_disable__E)
                  80028da0    00000020                  : BIOS.obj (.text:ti_sysbios_knl_Task_disable__E)
                  80028dc0    00000020                  : BIOS.obj (.text:ti_sysbios_knl_Task_startup__E)
                  80028de0    00000020                  : BIOS.obj (.text:ti_sysbios_syncs_SyncSem_Instance_finalize__E)
                  80028e00    00000020     app_pe66.oe66 (.text:ti_sysbios_syncs_SyncSem_delete)
                  80028e20    00000020     sysbios.ae66 : BIOS.obj (.text:ti_sysbios_syncs_SyncSem_query__E)
                  80028e40    00000020                  : BIOS.obj (.text:ti_sysbios_syncs_SyncSem_signal__E)
                  80028e60    00000020     app_pe66.oe66 (.text:ti_sysbios_timers_timer64_Timer_Module__startupDone__F)
                  80028e80    00000020     sysbios.ae66 : BIOS.obj (.text:ti_sysbios_timers_timer64_Timer_getMaxTicks__E)
                  80028ea0    00000020                  : BIOS.obj (.text:ti_sysbios_xdcruntime_GateThreadSupport_Instance_finalize__E)
                  80028ec0    00000020                  : BIOS.obj (.text:ti_sysbios_xdcruntime_GateThreadSupport_Instance_init__E)
                  80028ee0    00000020                  : BIOS.obj (.text:ti_sysbios_xdcruntime_GateThreadSupport_enter__E)
                  80028f00    00000020     ti.targets.rts6000.ae66 : Error.oe66 (.text:xdc_runtime_Error_getSite__E)
                  80028f20    00000020                             : Error.oe66 (.text:xdc_runtime_Error_raiseX__E)
                  80028f40    00000020                             : GateNull.oe66 (.text:xdc_runtime_GateNull_enter__E)
                  80028f60    00000020                             : GateNull.oe66 (.text:xdc_runtime_GateNull_leave__E)
                  80028f80    00000020                             : GateNull.oe66 (.text:xdc_runtime_GateNull_query__E)
                  80028fa0    00000020                             : Gate.oe66 (.text:xdc_runtime_Gate_enterSystem__E)
                  80028fc0    00000020                             : Gate.oe66 (.text:xdc_runtime_Gate_leaveSystem__E)
                  80028fe0    00000020     app_pe66.oe66 (.text:xdc_runtime_IHeap_alloc)
                  80029000    00000020     app_pe66.oe66 (.text:xdc_runtime_IHeap_free)
                  80029020    00000020     app_pe66.oe66 (.text:xdc_runtime_LoggerBuf_Module_GateProxy_enter__E)
                  80029040    00000020     app_pe66.oe66 (.text:xdc_runtime_LoggerBuf_Module_GateProxy_leave__E)
                  80029060    00000020     ti.targets.rts6000.ae66 : LoggerBuf.oe66 (.text:xdc_runtime_LoggerBuf_disable__E)
                  80029080    00000020                             : LoggerBuf.oe66 (.text:xdc_runtime_LoggerBuf_enable__E)
                  800290a0    00000020                             : Memory.oe66 (.text:xdc_runtime_Memory_calloc__E)
                  800290c0    00000020                             : Memory.oe66 (.text:xdc_runtime_Memory_free__E)
                  800290e0    00000020                             : Memory.oe66 (.text:xdc_runtime_Memory_getMaxDefaultTypeAlign__E)
                  80029100    00000020     app_pe66.oe66 (.text:xdc_runtime_Startup_Module__startupDone__S)
                  80029120    00000020     app_pe66.oe66 (.text:xdc_runtime_Startup_exec__I)
                  80029140    00000020     ti.targets.rts6000.ae66 : Startup.oe66 (.text:xdc_runtime_Startup_rtsDone__E)
                  80029160    00000020                             : SysMin.oe66 (.text:xdc_runtime_SysMin_ready__E)
                  80029180    00000020     app_pe66.oe66 (.text:xdc_runtime_System_Module_GateProxy_enter__E)
                  800291a0    00000020     app_pe66.oe66 (.text:xdc_runtime_System_Module_GateProxy_leave__E)
                  800291c0    00000020     ti.targets.rts6000.ae66 : System.oe66 (.text:xdc_runtime_System_Module_startup__E)
                  800291e0    00000020                             : System.oe66 (.text:xdc_runtime_System_vsnprintf__E)
                  80029200    00000020                             : Text.oe66 (.text:xdc_runtime_Text_ropeText__E)
                  80029220    00000020     app_pe66.oe66 (.text:xdc_runtime_Text_visitRope__I)
                  80029240    00000020     ti.targets.rts6000.ae66 : GateThread.oe66 (.text:xdc_runtime_knl_GateThread_Instance_finalize__E)
                  80029260    00000020     app_pe66.oe66 (.text:xdc_runtime_knl_GateThread_Module__startupDone__S)
                  80029280    00000020     app_pe66.oe66 (.text:xdc_runtime_knl_GateThread_Proxy_create)
                  800292a0    00000020     app_pe66.oe66 (.text:xdc_runtime_knl_GateThread_Proxy_delete)
                  800292c0    00000020     app_pe66.oe66 (.text:xdc_runtime_knl_GateThread_Proxy_enter__E)
                  800292e0    00000020     app_pe66.oe66 (.text:xdc_runtime_knl_GateThread_Proxy_leave__E)
                  80029300    00000020     ti.targets.rts6000.ae66 : GateThread.oe66 (.text:xdc_runtime_knl_GateThread_enter__E)
                  80029320    00000020                             : GateThread.oe66 (.text:xdc_runtime_knl_GateThread_leave__E)

.far       0    80029340    000111b2     UNINITIALIZED
                  80029340    0000c800     (.common:ti_sysbios_heaps_HeapMem_Instance_State_0_buf__A)
                  80035b40    00004000     app_pe66.oe66 (.far:taskStackSection)
                  80039b40    000005a8     ti.drv.qmss.ae66 : qmss_drv.oe66 (.far:local:uninit)
                  8003a0e8    00000200     (.common:xdc_runtime_LoggerBuf_Instance_State_0_entryArr__A)
                  8003a2e8    00000200     (.common:xdc_runtime_SysMin_Module_State_0_outbuf__A)
                  8003a4e8    00000008     (.common:parmbuf)
                  8003a4f0    00000002                      : qmss_drv.oe66 (.far:local:init)

.const     0    8003a4f8    00004f7c     
                  8003a4f8    00002e42     app_pe66.oe66 (.const:xdc_runtime_Text_charTab__A)
                  8003d33a    00000002     app_pe66.oe66 (.const:ti_sdo_ipc_GateMP_Module__id__C)
                  8003d33c    00000518     sysbios.ae66 : BIOS.obj (.const:.string)
                  8003d854    00000004     core_2_core_interface.obj (.const:$P$T0$1)
                  8003d858    00000400     app_pe66.oe66 (.const:ti_sysbios_family_c66_Cache_marvalues__C)
                  8003dc58    00000264     qmss_init.obj (.const:.string)
                  8003debc    00000004     ti.targets.rts6000.ae66 : Assert.oe66 (.const:.string)
                  8003dec0    00000184     app_pe66.oe66 (.const:xdc_runtime_Text_nodeTab__A)
                  8003e044    00000004     app_pe66.oe66 (.const:ti_sdo_ipc_GateMP_A_invalidClose__C)
                  8003e048    00000101     rts6600_elf.lib : ctype.c.obj (.const:.string:_ctypes_)
                  8003e149    00000001     app_pe66.oe66 (.const:ti_sysbios_timers_timer64_Timer_localTimerBaseId__C)
                  8003e14a    00000002     app_pe66.oe66 (.const:ti_sdo_ipc_GateMP_Module__loggerDefined__C)
                  8003e14c    000000c0     app_pe66.oe66 (.const:.string)
                  8003e20c    0000007c     main.obj (.const:.string)
                  8003e288    00000068     core_2_core_interface.obj (.const:.string)
                  8003e2f0    00000058     ti.targets.rts6000.ae66 : Error.oe66 (.const:.string)
                  8003e348    00000054     ipc.ae66 : Ipc.obj (.const:.string)
                  8003e39c    00000044     app_pe66.oe66 (.const:ti_sysbios_knl_Task_Object__PARAMS__C)
                  8003e3e0    00000044     app_pe66.oe66 (.const:xdc_runtime_Startup_sfxnTab__A)
                  8003e424    00000040     ti.targets.rts6000.ae66 : Text.oe66 (.const:.string)
                  8003e464    0000003c     app_pe66.oe66 (.const:xdc_runtime_LoggerBuf_Module__FXNS__C)
                  8003e4a0    00000038     app_pe66.oe66 (.const:ti_sdo_ipc_notifyDrivers_NotifyDriverCirc_Module__FXNS__C)
                  8003e4d8    00000034     app_pe66.oe66 (.const:ti_sdo_ipc_GateMP_Object__PARAMS__C)
                  8003e50c    00000034     app_pe66.oe66 (.const:ti_sdo_ipc_notifyDrivers_NotifyDriverCirc_Object__PARAMS__C)
                  8003e540    00000030     app_pe66.oe66 (.const:ti_sdo_ipc_heaps_HeapMemMP_Object__PARAMS__C)
                  8003e570    00000030     app_pe66.oe66 (.const:ti_sysbios_family_c64p_Hwi_Object__PARAMS__C)
                  8003e5a0    0000002c     ti.targets.rts6000.ae66 : Startup.oe66 (.const:.string)
                  8003e5cc    0000002c     app_pe66.oe66 (.const:ti_sdo_ipc_gates_GateHWSem_Module__FXNS__C)
                  8003e5f8    0000002c     app_pe66.oe66 (.const:ti_sdo_ipc_gates_GateMPSupportNull_Module__FXNS__C)
                  8003e624    0000002c     app_pe66.oe66 (.const:ti_sdo_ipc_gates_GatePeterson_Module__FXNS__C)
                  8003e650    0000002c     app_pe66.oe66 (.const:ti_sysbios_hal_Hwi_Object__PARAMS__C)
                  8003e67c    00000028     app_pe66.oe66 (.const:ti_sdo_ipc_heaps_HeapMemMP_Module__FXNS__C)
                  8003e6a4    00000028     app_pe66.oe66 (.const:ti_sdo_ipc_nsremote_NameServerRemoteNotify_Module__FXNS__C)
                  8003e6cc    00000028     app_pe66.oe66 (.const:ti_sdo_ipc_transports_TransportShmNotify_Module__FXNS__C)
                  8003e6f4    00000028     app_pe66.oe66 (.const:ti_sysbios_heaps_HeapMem_Module__FXNS__C)
                  8003e71c    00000028     app_pe66.oe66 (.const:ti_sysbios_knl_Swi_Object__PARAMS__C)
                  8003e744    00000028     app_pe66.oe66 (.const:xdc_runtime_LoggerBuf_Object__PARAMS__C)
                  8003e76c    00000024     init.obj (.const:.string)
                  8003e790    00000024     rts6600_elf.lib : _printfi.c.obj (.const:.string)
[...]
8003f3a8  xdc_runtime_LoggerBuf_Object__count__C                                    
8003f3ac  xdc_runtime_LoggerBuf_statusLogger__C                                     
8003f3b0  xdc_runtime_Memory_defaultHeapInstance__C                                 
8003f3b4  xdc_runtime_Startup_execImpl__C                                           
8003f3b8  xdc_runtime_Startup_maxPasses__C                                          
8003f3bc  xdc_runtime_Startup_sfxnRts__C                                            
8003f3c0  xdc_runtime_Startup_sfxnTab__C                                            
8003f3c4  xdc_runtime_SysMin_bufSize__C                                             
8003f3c8  xdc_runtime_SysMin_outputFunc__C                                          
8003f3cc  xdc_runtime_System_Module__gateObj__C                                     
8003f3d0  xdc_runtime_System_abortFxn__C                                            
8003f3d4  xdc_runtime_System_exitFxn__C                                             
8003f3d8  xdc_runtime_System_extendFxn__C                                           
8003f3dc  xdc_runtime_System_maxAtexitHandlers__C                                   
8003f3e0  xdc_runtime_Text_charTab__C                                               
8003f3e4  xdc_runtime_Text_nameEmpty__C                                             
8003f3e8  xdc_runtime_Text_nameStatic__C                                            
8003f3ec  xdc_runtime_Text_nameUnknown__C                                           
8003f3f0  xdc_runtime_Text_nodeTab__C                                               
8003f3f4  xdc_runtime_Text_visitRopeFxn__C                                          
8003f3f8  xdc_runtime_knl_ISync_Interface__BASE__C                                  
8003f3fc  ti_sdo_ipc_Ipc_generateSlaveDataForHost__C                                
8003f3fe  ti_sdo_ipc_MessageQ_Module__id__C                                         
8003f400  ti_sdo_ipc_MessageQ_Module__loggerDefined__C                              
8003f402  ti_sdo_ipc_Notify_Module__id__C                                           
8003f404  ti_sdo_ipc_Notify_numLines__C                                             
8003f406  ti_sdo_ipc_Notify_reservedEvents__C                                       
8003f408  ti_sdo_ipc_SharedRegion_Module__id__C                                     
8003f40a  ti_sdo_ipc_SharedRegion_numEntries__C                                     
8003f40c  ti_sdo_ipc_SharedRegion_translate__C                                      
8003f40e  ti_sdo_ipc_family_tci663x_Interrupt_Module__id__C                         
8003f410  ti_sdo_ipc_family_tci663x_Interrupt_enableKick__C                         
8003f412  ti_sdo_ipc_family_tci663x_NotifyCircSetup_includeHost__C                  
8003f414  ti_sdo_ipc_gates_GateHWSem_Module__id__C                                  
8003f416  ti_sdo_ipc_gates_GateMPSupportNull_Module__id__C                          
8003f418  ti_sdo_ipc_gates_GatePeterson_Module__id__C                               
8003f41a  ti_sdo_ipc_heaps_HeapMemMP_Module__id__C                                  
8003f41c  ti_sdo_ipc_notifyDrivers_NotifyDriverCirc_Module__id__C                   
8003f41e  ti_sdo_ipc_notifyDrivers_NotifyDriverCirc_enableStats__C                  
8003f420  ti_sdo_ipc_nsremote_NameServerRemoteNotify_Module__id__C                  
8003f422  ti_sdo_ipc_transports_TransportShmNotify_alwaysWriteBackMsg__C            
8003f424  ti_sdo_ipc_transports_TransportShmNotify_notifyEventId__C                 
8003f426  ti_sdo_utils_MultiProc_Module__id__C                                      
8003f428  ti_sdo_utils_MultiProc_numProcessors__C                                   
8003f42a  ti_sdo_utils_MultiProc_numProcsInCluster__C                               
8003f42c  ti_sdo_utils_NameServer_Module__id__C                                     
8003f42e  ti_sysbios_family_c64p_Exception_Module__id__C                            
8003f430  ti_sysbios_family_c64p_Exception_useInternalBuffer__C                     
8003f432  ti_sysbios_family_c64p_Hwi_Module__id__C                                  
8003f434  ti_sysbios_family_c64p_Hwi_Module__loggerDefined__C                       
8003f436  ti_sysbios_family_c66_Cache_Module__id__C                                 
8003f438  ti_sysbios_family_c66_Cache_registerRTSSynch__C                           
8003f43a  ti_sysbios_gates_GateMutexPri_Module__id__C                               
8003f43c  ti_sysbios_gates_GateMutex_Module__id__C                                  
8003f43e  ti_sysbios_gates_GateSwi_Module__id__C                                    
8003f440  ti_sysbios_hal_Hwi_Module__id__C                                          
8003f442  ti_sysbios_heaps_HeapMem_Module__id__C                                    
8003f444  ti_sysbios_knl_Clock_Module__id__C                                        
8003f446  ti_sysbios_knl_Clock_Module__loggerDefined__C                             
8003f448  ti_sysbios_knl_Semaphore_Module__id__C                                    
8003f44a  ti_sysbios_knl_Semaphore_Module__loggerDefined__C                         
8003f44c  ti_sysbios_knl_Swi_Module__id__C                                          
8003f44e  ti_sysbios_knl_Swi_Module__loggerDefined__C                               
8003f450  ti_sysbios_knl_Task_Module__id__C                                         
8003f452  ti_sysbios_knl_Task_Module__loggerDefined__C                              
8003f454  ti_sysbios_syncs_SyncSem_Module__id__C                                    
8003f456  ti_sysbios_timers_timer64_Timer_Module__id__C                             
8003f458  ti_sysbios_timers_timer64_Timer_startupNeeded__C                          
8003f45a  ti_sysbios_timers_timer64_Timer_useTimer64pRegMap__C                      
8003f45c  xdc_runtime_Core_Module__id__C                                            
8003f45e  xdc_runtime_Error_Module__loggerDefined__C                                
8003f460  xdc_runtime_Error_maxDepth__C                                             
8003f462  xdc_runtime_LoggerBuf_Module__id__C                                       
8003f464  xdc_runtime_LoggerBuf_filterByLevel__C                                    
8003f466  xdc_runtime_Main_Module__id__C                                            
8003f468  xdc_runtime_Memory_Module__id__C                                          
8003f46a  xdc_runtime_SysMin_flushAtExit__C                                         
8003f46c  xdc_runtime_Text_charCnt__C                                               
8003f46e  xdc_runtime_Text_isLoaded__C                                              
8003f470  xdc_runtime_Text_registryModsLastId__C                                    
8003f472  xdc_runtime_Text_unnamedModsLastId__C                                     
8003f478  cppiGblCPDMACfgParams                                                     
8003fe50  ti_sdo_ipc_GateMP_Module_State_0_remoteCustom1Gates__A                    
80040650  data                                                                      
80040b50  GlobalQmGroup0                                                            
80040e94  qmssGblCfgParams                                                          
80041164  _lock                                                                     
80041168  GlobalQmGroup1                                                            
800413a4  _unlock                                                                   
800413a8  ti_sysbios_timers_timer64_Timer_Module_State_0_device__A                  
80041528  ti_sdo_utils_NameServer_Object__table__V                                  
800415dc  __errno                                                                   
800415dc  errno                                                                     
800415e0  ti_sdo_ipc_SharedRegion_Module_State_0_regions__A                         
80041670  ti_sdo_ipc_GateMP_Module_State_0_remoteSystemGates__A                     
800416f0  ti_sysbios_knl_Swi_Module_State_0_readyQ__A                               
80041770  ti_sysbios_knl_Task_Module_State_0_readyQ__A                              
800417f0  ti_sysbios_timers_timer64_Timer_Module_State_0_gctrl__A                   
80041870  ti_sysbios_timers_timer64_Timer_Module_State_0_handles__A                 
800418f0  ti_sysbios_timers_timer64_Timer_Module_State_0_intFreqs__A                
80041970  ti_sysbios_family_c64p_Hwi_Module__state__V                               
800419dc  ti_sdo_ipc_MessageQ_Module__state__V                                      
80041a44  ti_sdo_ipc_SharedRegion_Module__state__V                                  
80041a48  ti_sysbios_knl_Task_Object__table__V                                      
80041aa4  ti_sdo_ipc_GateMP_Module__state__V                                        
80041af4  ti_sdo_ipc_heaps_HeapMemMP_Module__state__V                               
80041af8  ti_sysbios_timers_timer64_Timer_Object__table__V                          
80041b48  ti_sysbios_knl_Task_Module__state__V                                      
80041b90  ti_sysbios_gates_GateMutex_Object__table__V                               
80041bd0  ti_sysbios_family_c64p_Exception_Module__state__V                         
80041c00  ti_sysbios_knl_Swi_Object__table__V                                       
80041c30  ti_sysbios_knl_Clock_Module__state__V                                     
80041c5c  ti_sdo_ipc_transports_TransportShmNotifySetup_Module__state__V            
80041c60  ti_sdo_ipc_Ipc_Module_State_0_procEntry__A                                
80041c88  ti_sysbios_BIOS_Module__state__V                                          
80041cac  xdc_runtime_Memory_Module__state__V                                       
80041cb0  xdc_runtime_LoggerBuf_Object__table__V                                    
80041cd4  xdc_runtime_Error_Module__state__V                                        
80041cd8  ti_sdo_ipc_MessageQ_Module_State_0_heaps__A                               
80041cf8  xdc_runtime_Error_IgnoreBlock                                             
80041d18  ti_sysbios_knl_Swi_Module__state__V                                       
80041d38  ti_sysbios_family_c64p_Hwi_Object__table__V                               
80041d50  ti_sysbios_gates_GateMutexPri_Object__table__V                            
80041d68  ti_sysbios_heaps_HeapMem_Object__table__V                                 
80041d80  ti_sysbios_timers_timer64_Timer_Module__state__V                          
80041d98  cppiGblCfgParams                                                          
80041dac  cppiLObj                                                                  
80041dc0  ti_sdo_ipc_family_tci663x_Interrupt_Module__state__V                      
80041dd8  ti_sdo_ipc_MessageQ_Module_State_0_transports__A                          
80041de8  ti_sdo_ipc_family_tci663x_Interrupt_Module_State_0_clientTab__A           
80041df8  ti_sdo_ipc_family_tci663x_Interrupt_Module_State_0_hwTab__A               
80041e08  ti_sysbios_gates_GateAll_Object__table__V                                 
80041e18  xdc_runtime_System_Module_State_0_atexitHandlers__A                       
80041e28  __TI_cleanup_ptr                                                          
80041e2c  __TI_dtors_ptr                                                            
80041e30  __TI_enable_exit_profile_output                                           
80041e34  ti_sdo_ipc_Ipc_Module__state__V                                           
80041e40  ti_sdo_utils_NameServer_Module__state__V                                  
80041e50  ti_sysbios_gates_GateSwi_Object__table__V                                 
80041e5c  xdc_runtime_SysMin_Module__state__V                                       
80041e68  ti_sdo_ipc_GateMP_Module__root__V                                         
80041e70  ti_sdo_ipc_MessageQ_Module__root__V                                       
80041e78  ti_sdo_ipc_Notify_Module_State_0_notifyHandles__A                         
80041e80  ti_sdo_ipc_Notify_Module__root__V                                         
80041e88  ti_sdo_ipc_Notify_Module__state__V                                        
80041e90  ti_sdo_ipc_gates_GateHWSem_Module__root__V                                
80041e98  ti_sdo_ipc_gates_GateMPSupportNull_Module__root__V                        
80041ea0  ti_sdo_ipc_gates_GatePeterson_Module__root__V                             
80041ea8  ti_sdo_ipc_heaps_HeapMemMP_Module__root__V                                
80041eb0  ti_sdo_ipc_notifyDrivers_NotifyDriverCirc_Module__root__V                 
80041eb8  ti_sdo_ipc_nsremote_NameServerRemoteNotify_Module__root__V                
80041ec0  ti_sdo_ipc_transports_TransportShmNotifySetup_Module_State_0_handles__A   
80041ec8  ti_sdo_ipc_transports_TransportShmNotify_Module__root__V                  
80041ed0  ti_sdo_utils_List_Module__root__V                                         
80041ed8  ti_sdo_utils_MultiProc_Module__state__V                                   
80041ee0  ti_sdo_utils_NameServer_Module_State_0_nsRemoteHandle__A                  
80041ee8  ti_sdo_utils_NameServer_Module__root__V                                   
80041ef0  ti_sysbios_family_c64p_Hwi_Module__root__V                                
80041ef8  ti_sysbios_gates_GateAll_Module__root__V                                  
80041f00  ti_sysbios_gates_GateHwi_Module__root__V                                  
80041f08  ti_sysbios_gates_GateMutexPri_Module__root__V                             
80041f10  ti_sysbios_gates_GateMutex_Module__root__V                                
80041f18  ti_sysbios_gates_GateSwi_Module__root__V                                  
80041f20  ti_sysbios_hal_Hwi_Module__root__V                                        
80041f28  ti_sysbios_hal_Hwi_Object__table__V                                       
80041f30  ti_sysbios_heaps_HeapMem_Module__root__V                                  
80041f38  ti_sysbios_knl_Queue_Module__root__V                                      
80041f40  ti_sysbios_knl_Semaphore_Module__root__V                                  
80041f48  ti_sysbios_knl_Swi_Module__root__V                                        
80041f50  ti_sysbios_knl_Task_Module__root__V                                       
80041f58  ti_sysbios_syncs_SyncSem_Module__root__V                                  
80041f60  ti_sysbios_xdcruntime_GateThreadSupport_Module__root__V                   
80041f68  xdc_runtime_GateNull_Module__root__V                                      
80041f70  xdc_runtime_LoggerBuf_Module__root__V                                     
80041f78  xdc_runtime_Registry_Module__state__V                                     
80041f80  xdc_runtime_Startup_Module__state__V                                      
80041f88  xdc_runtime_System_Module__state__V                                       
80041f90  xdc_runtime_knl_GateThread_Module__root__V                                
80041f98  xdc_runtime_LoggerBuf_Module__state__V                                    
80041fa0  ti_sdo_ipc_Notify_Module_State_0_notifyHandles_0__A                       
80041fa8  ti_sdo_ipc_Notify_Module_State_0_notifyHandles_1__A                       
80041fb0  ti_sdo_utils_MultiProc_Module_State_0_clusterProcList__A                  
80041fb8  ti_sysbios_gates_GateHwi_Object__table__V                                 
80041fc0  ti_sysbios_knl_Task_Module_State_0_idleTask__A                            
80041fc8  xdc_runtime_GateNull_Object__table__V                                     
80042000  ti_sysbios_family_c64p_Hwi0                                               
80042000  ti_sysbios_family_c64p_Hwi_int0                                           
80042020  ti_sysbios_family_c64p_Hwi_int1                                           
80042040  ti_sysbios_family_c64p_Hwi_int2                                           
80042060  ti_sysbios_family_c64p_Hwi_int3                                           
80042080  ti_sysbios_family_c64p_Hwi_int4                                           
800420a0  ti_sysbios_family_c64p_Hwi_int5                                           
800420c0  ti_sysbios_family_c64p_Hwi_int6                                           
800420e0  ti_sysbios_family_c64p_Hwi_int7                                           
80042100  ti_sysbios_family_c64p_Hwi_int8                                           
80042120  ti_sysbios_family_c64p_Hwi_int9                                           
80042140  ti_sysbios_family_c64p_Hwi_int10                                          
80042160  ti_sysbios_family_c64p_Hwi_int11                                          
80042180  ti_sysbios_family_c64p_Hwi_int12                                          
800421a0  ti_sysbios_family_c64p_Hwi_int13                                          
800421c0  ti_sysbios_family_c64p_Hwi_int14                                          
800421e0  ti_sysbios_family_c64p_Hwi_int15                                          
80042200  __CIOBUF_                                                                 
80042358  Ipc_sr0MemorySetup                                                        
80042358  __TI_STATIC_BASE                                                          
8004235c  cppiHnd                                                                   
80042360  freeQueHnd                                                                
80042364  rxChHnd                                                                   
80042368  rxQueHnd                                                                  
8004236c  rx_flowhnd                                                                
80042370  txChHnd                                                                   
80042374  txQueHnd                                                                  
80042378  qmssMallocCounter                                                         
8004237c  qmssFreeCounter                                                           
80042380  cppiMallocCounter                                                         
80042384  cppiFreeCounter                                                           
80042388  rmMallocCounter                                                           
8004238c  rmFreeCounter                                                             
80042390  dataLen                                                                   
80042394  core_name                                                                 
80042398  core_id                                                                   
80043764  __TI_Handler_Table_Base                                                   
8004376c  __TI_Handler_Table_Limit                                                  
80043770  __TI_CINIT_Base                                                           
800437b0  __TI_CINIT_Limit                                                          
ffffffff  __TI_pprof_out_hndl                                                       
ffffffff  __TI_prof_data_size                                                       
ffffffff  __TI_prof_data_start                                                      
ffffffff  __binit__                                                                 
ffffffff  __c_args__                                                                
ffffffff  binit                                                                     
UNDEFED   __TI_INITARRAY_Base                                                       
UNDEFED   __TI_INITARRAY_Limit                                                      
UNDEFED   __TI_TLS_INIT_Base                                                        
UNDEFED   __TI_TLS_INIT_Limit                                                       

[1434 symbols]
