******************************************************************************
               TMS320C6x Linker PC v8.3.3                      
******************************************************************************
>> Linked Wed May  8 15:10:47 2019

OUTPUT FILE NAME:   <basic-platform.out>
ENTRY POINT SYMBOL: "_c_int00"  address: 80019c00


MEMORY CONFIGURATION

         name            origin    length      used     unused   attr    fill
----------------------  --------  ---------  --------  --------  ----  --------
  L2SRAM                00800000   00100000  00004000  000fc000  RW X
  MSMCSRAM              0c000000   00600000  00207802  003f87fe  RW X
  DDR                   80000000   08000000  000398bd  07fc6743  RW X
  CORE1DDR              88000000   08000000  00000000  08000000  R  X


SEGMENT ALLOCATION MAP

run origin  load origin   length   init length attrs members
----------  ----------- ---------- ----------- ----- -------
00800000    00800000    00004000   00000000    rw-
  00800000    00800000    00004000   00000000    rw- .stack
0c200000    0c200000    00006882   00000000    rw-
  0c200000    0c200000    00006882   00000000    rw- .qmss
0c206900    0c206900    00000f80   00000000    rw-
  0c206900    0c206900    00000f80   00000000    rw- .cppi
80000000    80000000    0001fd60   0001fd60    r-x
  80000000    80000000    0001fd60   0001fd60    r-x .text
8001fd60    8001fd60    000111b2   00000000    rw-
  8001fd60    8001fd60    000111b2   00000000    rw- .far
80030f18    80030f18    00004c1f   00004c1f    r--
  80030f18    80030f18    00004c1f   00004c1f    r-- .const
80035b38    80035b38    00002798   00000000    rw-
  80035b38    80035b38    00002654   00000000    rw- .fardata
  80038190    80038190    00000120   00000000    rw- .cio
  800382b0    800382b0    00000006   00000000    rw- .bss
  800382b8    800382b8    00000018   00000000    rw- .neardata
800382d0    800382d0    00000010   00000010    r--
  800382d0    800382d0    00000010   00000010    r-- .switch
80038400    80038400    000015e8   000015e8    r-x
  80038400    80038400    00000200   00000200    r-x .vecs
  80038600    80038600    000013e8   000013e8    r-- .cinit


SECTION ALLOCATION MAP

 output                                  attributes/
section   page    origin      length       input sections
--------  ----  ----------  ----------   ----------------
ti.sdo.ipc.SharedRegion_0 
*          0    0c000000    00200000     NOLOAD SECTION
                  0c000000    00200000     --HOLE--

.stack     0    00800000    00004000     UNINITIALIZED
                  00800000    00000008     boot.ae66 : boot.oe66 (.stack)
                  00800008    00003ff8     --HOLE--

.bss       0    800382b0    00000006     UNINITIALIZED
                  800382b0    00000004     (.common:Ipc_sr0MemorySetup)
                  800382b4    00000002     (.common:core_id)

.neardata 
*          0    800382b8    00000018     UNINITIALIZED
                  800382b8    00000018     qmss_osal.obj (.neardata)

.rodata    0    800382d0    00000000     UNINITIALIZED

.cinit     0    80038600    000013e8     
                  80038600    00001374     (.cinit..fardata.load) [load image, compression = rle]
                  80039974    0000000d     (.cinit..far.load) [load image, compression = rle]
                  80039981    0000000b     (.cinit..cppi.load) [load image, compression = rle]
                  8003998c    0000000b     (.cinit..qmss.load) [load image, compression = rle]
                  80039997    00000009     (.cinit..bss.load) [load image, compression = rle]
                  800399a0    00000009     (.cinit..neardata.load) [load image, compression = rle]
                  800399a9    00000003     --HOLE-- [fill = 0]
                  800399ac    00000008     (__TI_handler_table)
                  800399b4    00000004     --HOLE-- [fill = 0]
                  800399b8    00000030     (__TI_cinit_table)

.init_array 
*          0    80000000    00000000     UNINITIALIZED

.qmss      0    0c200000    00006882     UNINITIALIZED
                  0c200000    00006880     ti.drv.qmss.ae66 : qmss_drv.oe66 (.qmss:uninit)
                  0c206880    00000002                      : qmss_drv.oe66 (.qmss:init)

.cppi      0    0c206900    00000f80     UNINITIALIZED
                  0c206900    00000f80     ti.drv.cppi.ae66 : cppi_drv.oe66 (.cppi)

.vecs      0    80038400    00000200     
                  80038400    00000200     app_pe66.oe66 (.vecs)

xdc.meta   0    80000000    000000e8     COPY SECTION
                  80000000    000000e8     app_pe66.oe66 (xdc.meta)

.text      0    80000000    0001fd60     
                  80000000    00000c60     ipc.ae66 : Ipc.obj (.text:ti_sdo_ipc_GateMP_Instance_init__E)
                  80000c60    00000980     ti.drv.qmss.ae66 : qmss_drv.oe66 (.text:Qmss_initSubSys)
                  800015e0    000008a0     ti.targets.rts6000.ae66 : System.oe66 (.text:xdc_runtime_System_doPrint__I)
                  80001e80    00000780     sysbios.ae66 : BIOS.obj (.text:ti_sysbios_family_c64p_Exception_handler__I)
                  80002600    00000740     ipc.ae66 : Ipc.obj (.text:MessageQ_put)
                  80002d40    00000740     sysbios.ae66 : BIOS.obj (.text:ti_sysbios_knl_Semaphore_pend__E)
                  80003480    00000700                  : BIOS.obj (.text:ti_sysbios_timers_timer64_Timer_Module_startup__E)
                  80003b80    000006c0     qmss_osal.obj (.text)
                  80004240    00000640     ipc.ae66 : Ipc.obj (.text:Ipc_attach)
                  80004880    00000620              : Ipc.obj (.text:ti_sdo_ipc_heaps_HeapMemMP_alloc__E)
                  80004ea0    00000620     sysbios.ae66 : BIOS.obj (.text:ti_sysbios_heaps_HeapMem_allocUnprotected__E)
                  800054c0    00000600     ipc.ae66 : Ipc.obj (.text:ti_sdo_ipc_GateMP_setRegion0Reserved__F)
                  80005ac0    000005c0     sysbios.ae66 : BIOS.obj (.text:ti_sysbios_heaps_HeapMem_freeUnprotected__E)
                  80006080    000005a0     ipc.ae66 : Ipc.obj (.text:ti_sdo_ipc_nsremote_NameServerRemoteNotify_Instance_init__E)
                  80006620    00000560              : Ipc.obj (.text:ti_sdo_ipc_GateMP_Instance_finalize__E)
                  80006b80    00000540              : Ipc.obj (.text:ti_sdo_ipc_heaps_HeapMemMP_free__E)
                  800070c0    00000500     sysbios.ae66 : BIOS.obj (.text:ti_sysbios_knl_Task_Instance_finalize__E)
                  800075c0    000004c0     ipc.ae66 : Ipc.obj (.text:ti_sdo_ipc_heaps_HeapMemMP_Instance_init__E)
                  80007a80    00000480     ti.drv.cppi.ae66 : cppi_drv.oe66 (.text:Cppi_init)
                  80007f00    00000480     ipc.ae66 : Ipc.obj (.text:NameServer_add)
                  80008380    00000480     sysbios.ae66 : BIOS.obj (.text:ti_sysbios_gates_GateMutexPri_enter__E)
                  80008800    00000460                  : BIOS.obj (.text:ti_sysbios_knl_Task_sleep__E)
                  80008c60    00000420     ipc.ae66 : Ipc.obj (.text:Notify_sendEvent)
                  80009080    00000420     sysbios.ae66 : BIOS.obj (.text:ti_sysbios_knl_Task_setPri__E)
                  800094a0    00000400     ipc.ae66 : Ipc.obj (.text:Notify_registerEventSingle)
                  800098a0    00000400              : Ipc.obj (.text:ti_sdo_ipc_nsremote_NameServerRemoteNotify_get__F)
                  80009ca0    000003e0              : Ipc.obj (.text:Notify_unregisterEventSingle)
                  8000a080    000003e0              : Ipc.obj (.text:ti_sdo_ipc_MessageQ_Instance_init__E)
                  8000a460    000003c0     sysbios.ae66 : BIOS.obj (.text:ti_sysbios_knl_Task_Instance_init__E)
                  8000a820    000003a0                  : BIOS.obj (.text:ti_sysbios_family_c66_Cache_startup__I)
                  8000abc0    00000340     ipc.ae66 : Ipc.obj (.text:ti_sdo_ipc_gates_GatePeterson_Instance_init__E)
                  8000af00    00000340              : Ipc.obj (.text:ti_sdo_ipc_notifyDrivers_NotifyDriverCirc_Instance_init__E)
                  8000b240    00000320     sysbios.ae66 : BIOS.obj (.text:ti_sysbios_timers_timer64_Timer_deviceConfig__I)
                  8000b560    00000300     ipc.ae66 : Ipc.obj (.text:ti_sdo_ipc_Notify_Instance_init__E)
                  8000b860    00000300     sysbios.ae66 : BIOS.obj (.text:ti_sysbios_knl_Task_Module_startup__E)
                  8000bb60    000002e0     ipc.ae66 : Ipc.obj (.text:ti_sdo_ipc_SharedRegion_reserveMemory__F)
                  8000be40    000002e0     sysbios.ae66 : BIOS.obj (.text:ti_sysbios_heaps_HeapMem_Instance_init__E)
                  8000c120    000002c0     ipc.ae66 : Ipc.obj (.text:ti_sdo_ipc_heaps_HeapMemMP_postInit__I)
                  8000c3e0    000002c0     sysbios.ae66 : BIOS.obj (.text:ti_sysbios_knl_Clock_workFunc__E)
                  8000c6a0    000002c0     ti.targets.rts6000.ae66 : LoggerBuf.oe66 (.text:xdc_runtime_LoggerBuf_write8__E)
                  8000c960    000002a0     ipc.ae66 : Ipc.obj (.text:ti_sdo_ipc_MessageQ_registerTransport__F)
                  8000cc00    000002a0              : Ipc.obj (.text:ti_sdo_ipc_MessageQ_unregisterTransport__F)
                  8000cea0    000002a0              : Ipc.obj (.text:ti_sdo_ipc_family_tci663x_Interrupt_Module_startup__E)
                  8000d140    000002a0              : Ipc.obj (.text:ti_sdo_utils_NameServer_registerRemoteDriver__E)
                  8000d3e0    000002a0              : Ipc.obj (.text:ti_sdo_utils_NameServer_unregisterRemoteDriver__E)
                  8000d680    00000280              : Ipc.obj (.text:ti_sdo_ipc_notifyDrivers_NotifyDriverCirc_isr__I)
                  8000d900    00000280              : Ipc.obj (.text:ti_sdo_utils_NameServer_isRegistered__E)
                  8000db80    00000280     sysbios.ae66 : BIOS.obj (.text:ti_sysbios_family_c64p_Hwi_reconfig__E)
                  8000de00    00000260     qmss_init.obj (.text)
                  8000e060    00000260     sysbios.ae66 : BIOS.obj (.text:ti_sysbios_family_c64p_Hwi_dispatchCore__I)
                  8000e2c0    00000260                  : BIOS.obj (.text:ti_sysbios_knl_Semaphore_post__E)
                  8000e520    00000260     ti.targets.rts6000.ae66 : Startup.oe66 (.text:xdc_runtime_Startup_startMods__I)
                  8000e780    00000240     rts6600_elf.lib : imath64.c.obj (.text:__c6xabi_divull)
                  8000e9c0    00000240     sysbios.ae66 : BIOS.obj (.text:ti_sysbios_family_c64p_Exception_internalHandler__I)
                  8000ec00    00000240     ti.targets.rts6000.ae66 : Core-mem.oe66 (.text:xdc_runtime_Core_createObject__I)
                  8000ee40    00000240     app_pe66.oe66 (.text:xdc_runtime_System_printfExtend__I)
                  8000f080    00000220     ipc.ae66 : Ipc.obj (.text:SharedRegion_getPtr)
                  8000f2a0    00000220              : Ipc.obj (.text:SharedRegion_getSRPtr)
                  8000f4c0    00000220     sysbios.ae66 : BIOS.obj (.text:ti_sysbios_knl_Swi_run__I)
                  8000f6e0    00000220                  : BIOS.obj (.text:ti_sysbios_timers_timer64_Timer_setPeriodMicroSecs__E)
                  8000f900    00000200     ipc.ae66 : Ipc.obj (.text:GateMP_openByAddr)
                  8000fb00    00000200              : Ipc.obj (.text:HeapMemMP_sharedMemReq)
                  8000fd00    00000200              : Ipc.obj (.text:Ipc_start)
                  8000ff00    00000200              : Ipc.obj (.text:SharedRegion_getEntry)
                  80010100    00000200     sysbios.ae66 : c64p_Hwi_disp_always.obj (.text:_ti_sysbios_family_c64p_Hwi_dispatchAlways)
                  80010300    00000200     ipc.ae66 : Ipc.obj (.text:ti_sdo_ipc_SharedRegion_start__F)
                  80010500    00000200              : Ipc.obj (.text:ti_sdo_ipc_nsremote_NameServerRemoteNotify_swiFxnRequest__I)
                  80010700    00000200     ti.targets.rts6000.ae66 : Error.oe66 (.text:xdc_runtime_Error_policyDefault__E)
                  80010900    000001e0     ipc.ae66 : Ipc.obj (.text:GateMP_sharedMemReq)
                  80010ae0    000001e0     ti.drv.qmss.ae66 : qmss_drv.oe66 (.text:Qmss_internaldownloadFirmware)
                  80010cc0    000001e0     sysbios.ae66 : BIOS.obj (.text:ti_sysbios_gates_GateMutex_enter__E)
                  80010ea0    000001e0     ti.targets.rts6000.ae66 : LoggerBuf.oe66 (.text:xdc_runtime_LoggerBuf_write4__E)
                  80011080    000001e0                             : Text.oe66 (.text:xdc_runtime_Text_putSite__E)
                  80011260    000001c0     ipc.ae66 : Ipc.obj (.text:ti_sdo_ipc_Ipc_procSyncStart__I)
                  80011420    000001c0     sysbios.ae66 : BIOS.obj (.text:ti_sysbios_knl_Task_checkStacks__E)
                  800115e0    000001c0                  : BIOS.obj (.text:ti_sysbios_timers_timer64_Timer_getFreq__E)
                  800117a0    000001c0                  : BIOS.obj (.text:ti_sysbios_timers_timer64_Timer_start__E)
                  80011960    000001a0     ipc.ae66 : Ipc.obj (.text:GateMP_enter)
                  80011b00    000001a0              : Ipc.obj (.text:GateMP_leave)
                  80011ca0    000001a0              : Ipc.obj (.text:MultiProc_getId)
                  80011e40    000001a0              : Ipc.obj (.text:NameServer_getLocal)
                  80011fe0    000001a0              : Ipc.obj (.text:ti_sdo_ipc_notifyDrivers_NotifyDriverCirc_sendEvent__E)
                  80012180    000001a0     sysbios.ae66 : BIOS.obj (.text:ti_sysbios_family_c66_Cache_block__I)
                  80012320    000001a0                  : BIOS.obj (.text:ti_sysbios_family_c66_Cache_getL2InitSize__I)
                  800124c0    000001a0                  : BIOS.obj (.text:ti_sysbios_knl_Task_schedule__I)
                  80012660    000001a0     ti.targets.rts6000.ae66 : Core-smem.oe66 (.text:xdc_runtime_Core_constructObject__I)
                  80012800    00000180     ipc.ae66 : Ipc.obj (.text:MessageQ_get)
                  80012980    00000180              : Ipc.obj (.text:NameServer_getHandle)
                  80012b00    00000180     sysbios.ae66 : c64p_Exception_asm.obj (.text)
                  80012c80    00000180     ipc.ae66 : Ipc.obj (.text:ti_sdo_ipc_GateMP_attach__F)
                  80012e00    00000180     sysbios.ae66 : BIOS.obj (.text:ti_sysbios_knl_Swi_Instance_init__E)
                  80012f80    00000180                  : BIOS.obj (.text:ti_sysbios_knl_Task_exit__E)
                  80013100    00000180                  : BIOS.obj (.text:ti_sysbios_knl_Task_startCore__E)
                  80013280    00000180                  : BIOS.obj (.text:ti_sysbios_syncs_SyncSem_Instance_init__E)
                  80013400    00000160     ipc.ae66 : Ipc.obj (.text:ti_sdo_ipc_GateMP_openRegion0Reserved__F)
                  80013560    00000160              : Ipc.obj (.text:ti_sdo_ipc_MessageQ_Instance_finalize__E)
                  800136c0    00000160              : Ipc.obj (.text:ti_sdo_ipc_notifyDrivers_NotifyDriverCirc_sharedMemReq__F)
                  80013820    00000160     sysbios.ae66 : BIOS.obj (.text:ti_sysbios_family_c64p_Hwi_Module_startup__E)
                  80013980    00000160                  : BIOS.obj (.text:ti_sysbios_knl_Swi_post__E)
                  80013ae0    00000160     ti.targets.rts6000.ae66 : Text.oe66 (.text:xdc_runtime_Text_putMod__E)
                  80013c40    00000140     ipc.ae66 : Ipc.obj (.text:MessageQ_create)
                  80013d80    00000140              : Ipc.obj (.text:Notify_intLineRegistered)
                  80013ec0    00000140     ti.drv.qmss.ae66 : qmss_drv.oe66 (.text:Qmss_rmServiceGroups)
                  80014000    00000140                      : qmss_drv.oe66 (.text:Qmss_startSubSysCfg)
                  80014140    00000140     ipc.ae66 : Ipc.obj (.text:SharedRegion_getCacheLineSize)
                  80014280    00000140              : Ipc.obj (.text:SharedRegion_getHeap)
                  800143c0    00000140              : Ipc.obj (.text:SharedRegion_isCacheEnabled)
                  80014500    00000140              : Ipc.obj (.text:ti_sdo_ipc_GateMP_createLocal__F)
                  80014640    00000140              : Ipc.obj (.text:ti_sdo_ipc_GateMP_getFreeResource__I)
                  80014780    00000140              : Ipc.obj (.text:ti_sdo_ipc_gates_GatePeterson_enter__E)
                  800148c0    00000140              : Ipc.obj (.text:ti_sdo_ipc_nsremote_NameServerRemoteNotify_attach__E)
                  80014a00    00000140              : Ipc.obj (.text:ti_sdo_ipc_nsremote_NameServerRemoteNotify_cbFxn__I)
                  80014b40    00000140     sysbios.ae66 : BIOS.obj (.text:ti_sysbios_gates_GateSwi_enter__E)
                  80014c80    00000140                  : BIOS.obj (.text:ti_sysbios_knl_Semaphore_Instance_init__E)
                  80014dc0    00000140                  : BIOS.obj (.text:ti_sysbios_knl_Task_blockI__E)
                  80014f00    00000140                  : BIOS.obj (.text:ti_sysbios_knl_Task_postInit__I)
                  80015040    00000140     ti.targets.rts6000.ae66 : Core-mem.oe66 (.text:xdc_runtime_Core_deleteObject__I)
                  80015180    00000140                             : LoggerBuf.oe66 (.text:xdc_runtime_LoggerBuf_setFilterLevel__E)
                  800152c0    00000140                             : Text.oe66 (.text:xdc_runtime_Text_putLab__E)
                  80015400    00000120     ipc.ae66 : Ipc.obj (.text:GateMP_close)
                  80015520    00000120              : Ipc.obj (.text:MultiProc_getName)
                  80015640    00000120     ti.drv.qmss.ae66 : qmss_drv.oe66 (.text:Qmss_rmService)
                  80015760    00000120     boot.ae66 : autoinit.oe66 (.text:_auto_init_elf)
                  80015880    00000120     ipc.ae66 : Ipc.obj (.text:ti_sdo_ipc_Notify_Module_startup__E)
                  800159a0    00000120     app_pe66.oe66 (.text:ti_sdo_ipc_Notify_create)
                  80015ac0    00000120     ipc.ae66 : Ipc.obj (.text:ti_sdo_ipc_gates_GateHWSem_Instance_init__E)
                  80015be0    00000120              : Ipc.obj (.text:ti_sdo_utils_NameServer_removeLocal__I)
                  80015d00    00000120     sysbios.ae66 : BIOS.obj (.text:ti_sysbios_family_c64p_Hwi_Instance_init__E)
                  80015e20    00000120                  : BIOS.obj (.text:ti_sysbios_knl_Swi_restoreHwi__E)
                  80015f40    00000120     ti.targets.rts6000.ae66 : LoggerBuf.oe66 (.text:xdc_runtime_LoggerBuf_getFilterLevel__E)
                  80016060    00000100     rts6600_elf.lib : copy_decompress_rle.c.obj (.text:__TI_decompress_rle_core)
                  80016160    00000100     ipc.ae66 : Ipc.obj (.text:ti_sdo_ipc_Ipc_procSyncFinish__I)
                  80016260    00000100              : Ipc.obj (.text:ti_sdo_ipc_Notify_exec__F)
                  80016360    00000100              : Ipc.obj (.text:ti_sdo_ipc_SharedRegion_attach__F)
                  80016460    00000100              : Ipc.obj (.text:ti_sdo_ipc_family_tci663x_Interrupt_isr__I)
                  80016560    00000100              : Ipc.obj (.text:ti_sdo_ipc_gates_GateHWSem_enter__E)
                  80016660    00000100              : Ipc.obj (.text:ti_sdo_ipc_heaps_HeapMemMP_getStats__E)
                  80016760    00000100     sysbios.ae66 : BIOS.obj (.text:ti_sysbios_family_c64p_Hwi_Instance_finalize__E)
                  80016860    00000100                  : BIOS.obj (.text:ti_sysbios_gates_GateMutexPri_leave__E)
                  80016960    00000100                  : BIOS.obj (.text:ti_sysbios_knl_Task_unblockI__E)
                  80016a60    00000100                  : BIOS.obj (.text:ti_sysbios_timers_timer64_Timer_initDevice__I)
                  80016b60    00000100                  : BIOS.obj (.text:ti_sysbios_xdcruntime_GateThreadSupport_leave__E)
                  80016c60    00000100     ti.targets.rts6000.ae66 : Error.oe66 (.text:xdc_runtime_Error_print__E)
                  80016d60    00000100                             : Memory.oe66 (.text:xdc_runtime_Memory_alloc__E)
                  80016e60    00000100                             : Startup.oe66 (.text:xdc_runtime_Startup_exec__E)
                  80016f60    000000e0     rts6600_elf.lib : hostwrite.c.obj (.text:HOSTwrite)
                  80017040    000000e0     ipc.ae66 : Ipc.obj (.text:HeapMemMP_openByAddr)
                  80017120    000000e0              : Ipc.obj (.text:MessageQ_Params_init__S)
                  80017200    000000e0     rts6600_elf.lib : exit.c.obj (.text:exit)
                  800172e0    000000e0     main.obj (.text)
                  800173c0    000000e0     rts6600_elf.lib : memset.c.obj (.text:memset)
                  800174a0    000000e0     ipc.ae66 : Ipc.obj (.text:ti_sdo_ipc_GateMP_start__F)
                  80017580    000000e0              : Ipc.obj (.text:ti_sdo_ipc_MessageQ_Module_startup__E)
                  80017660    000000e0              : Ipc.obj (.text:ti_sdo_ipc_Notify_Instance_finalize__E)
                  80017740    000000e0              : Ipc.obj (.text:ti_sdo_ipc_SharedRegion_clearReservedMemory__F)
                  80017820    000000e0              : Ipc.obj (.text:ti_sdo_ipc_family_tci663x_Interrupt_intRegister__E)
                  80017900    000000e0              : Ipc.obj (.text:ti_sdo_ipc_gates_GateMPSupportNull_enter__E)
                  800179e0    000000e0              : Ipc.obj (.text:ti_sdo_ipc_gates_GateMPSupportNull_leave__E)
                  80017ac0    000000e0              : Ipc.obj (.text:ti_sdo_ipc_heaps_HeapMemMP_Instance_finalize__E)
                  80017ba0    000000e0              : Ipc.obj (.text:ti_sdo_ipc_nsremote_NameServerRemoteNotify_Instance_finalize__E)
                  80017c80    000000e0              : Ipc.obj (.text:ti_sdo_ipc_transports_TransportShmNotify_put__E)
                  80017d60    000000e0              : Ipc.obj (.text:ti_sdo_utils_NameServer_findLocal__I)
                  80017e40    000000e0     sysbios.ae66 : BIOS.obj (.text:ti_sysbios_heaps_HeapMem_alloc__E)
                  80017f20    000000e0                  : BIOS.obj (.text:ti_sysbios_knl_Swi_Instance_finalize__E)
                  80018000    000000e0                  : BIOS.obj (.text:ti_sysbios_knl_Swi_runLoop__I)
                  800180e0    000000e0                  : BIOS.obj (.text:ti_sysbios_timers_timer64_Timer_startup__E)
                  800181c0    000000e0     ti.targets.rts6000.ae66 : Text.oe66 (.text:xdc_runtime_Text_visitRope2__I)
                  800182a0    000000c0     ipc.ae66 : Ipc.obj (.text:SharedRegion_getId)
                  80018360    000000c0     rts6600_elf.lib : divu.asm.obj (.text:__divu)
                  80018420    000000c0     app_pe66.oe66 (.text:ti_sdo_ipc_GateMP_create)
                  800184e0    000000c0     ipc.ae66 : Ipc.obj (.text:ti_sdo_ipc_GateMP_getRegion0ReservedSize__F)
                  800185a0    000000c0     app_pe66.oe66 (.text:ti_sdo_ipc_MessageQ_create)
                  80018660    000000c0     ipc.ae66 : Ipc.obj (.text:ti_sdo_ipc_MessageQ_grow__I)
                  80018720    000000c0     app_pe66.oe66 (.text:ti_sdo_ipc_gates_GatePeterson_Object__create__S)
                  800187e0    000000c0     app_pe66.oe66 (.text:ti_sdo_ipc_gates_GatePeterson_create)
                  800188a0    000000c0     app_pe66.oe66 (.text:ti_sdo_ipc_heaps_HeapMemMP_Object__create__S)
                  80018960    000000c0     app_pe66.oe66 (.text:ti_sdo_ipc_heaps_HeapMemMP_create)
                  80018a20    000000c0     ipc.ae66 : Ipc.obj (.text:ti_sdo_ipc_notifyDrivers_NotifyDriverCirc_disableEvent__E)
                  80018ae0    000000c0              : Ipc.obj (.text:ti_sdo_ipc_notifyDrivers_NotifyDriverCirc_enable__E)
                  80018ba0    000000c0     app_pe66.oe66 (.text:ti_sdo_ipc_nsremote_NameServerRemoteNotify_Object__create__S)
                  80018c60    000000c0     app_pe66.oe66 (.text:ti_sdo_ipc_nsremote_NameServerRemoteNotify_create)
                  80018d20    000000c0     ipc.ae66 : Ipc.obj (.text:ti_sdo_ipc_transports_TransportShmNotify_Instance_init__E)
                  80018de0    000000c0     app_pe66.oe66 (.text:ti_sdo_ipc_transports_TransportShmNotify_Object__create__S)
                  80018ea0    000000c0     app_pe66.oe66 (.text:ti_sdo_ipc_transports_TransportShmNotify_create)
                  80018f60    000000c0     app_pe66.oe66 (.text:ti_sysbios_family_c64p_Hwi_create)
                  80019020    000000c0     sysbios.ae66 : BIOS.obj (.text:ti_sysbios_gates_GateAll_leave__E)
                  800190e0    000000c0     app_pe66.oe66 (.text:ti_sysbios_hal_Hwi_create)
                  800191a0    000000c0     sysbios.ae66 : BIOS.obj (.text:ti_sysbios_heaps_HeapMem_getStats__E)
                  80019260    000000c0                  : BIOS.obj (.text:ti_sysbios_knl_Clock_logTick__E)
                  80019320    000000c0                  : BIOS.obj (.text:ti_sysbios_knl_Swi_schedule__I)
                  800193e0    000000c0                  : BIOS.obj (.text:ti_sysbios_knl_Task_allBlockedFunction__I)
                  800194a0    000000c0     app_pe66.oe66 (.text:ti_sysbios_knl_Task_create)
                  80019560    000000c0     app_pe66.oe66 (.text:ti_sysbios_syncs_SyncSem_Object__create__S)
                  80019620    000000c0     app_pe66.oe66 (.text:ti_sysbios_syncs_SyncSem_create)
                  800196e0    000000c0     rts6600_elf.lib : tls.c.obj (.text:tls:init:__TI_tls_init)
                  800197a0    000000c0     ti.targets.rts6000.ae66 : Assert.oe66 (.text:xdc_runtime_Assert_raise__I)
                  80019860    000000c0                             : Error.oe66 (.text:xdc_runtime_Error_setX__E)
                  80019920    000000c0     app_pe66.oe66 (.text:xdc_runtime_LoggerBuf_Object__create__S)
                  800199e0    000000c0     ti.targets.rts6000.ae66 : SysMin.oe66 (.text:xdc_runtime_SysMin_abort__E)
                  80019aa0    000000c0                             : SysMin.oe66 (.text:xdc_runtime_SysMin_flush__E)
                  80019b60    000000a0     rts6600_elf.lib : remu.asm.obj (.text:__remu)
                  80019c00    000000a0     boot.ae66 : boot.oe66 (.text:_c_int00)
                  80019ca0    000000a0     sysbios.ae66 : c64p_Hwi_asm.obj (.text:_ti_sysbios_family_c64p_Hwi_plug__E)
                  80019d40    000000a0     rts6600_elf.lib : memcpy64.asm.obj (.text:memcpy)
                  80019de0    000000a0     ipc.ae66 : Ipc.obj (.text:ti_sdo_ipc_family_tci663x_Interrupt_intSend__E)
                  80019e80    000000a0              : Ipc.obj (.text:ti_sdo_ipc_family_tci663x_NotifyCircSetup_attach__E)
                  80019f20    000000a0              : Ipc.obj (.text:ti_sdo_ipc_gates_GatePeterson_leave__E)
                  80019fc0    000000a0              : Ipc.obj (.text:ti_sdo_ipc_gates_GatePeterson_postInit__I)
                  8001a060    000000a0              : Ipc.obj (.text:ti_sdo_ipc_nsremote_NameServerRemoteNotify_detach__E)
                  8001a100    000000a0              : Ipc.obj (.text:ti_sdo_ipc_transports_TransportShmNotifySetup_attach__E)
                  8001a1a0    000000a0              : Ipc.obj (.text:ti_sdo_ipc_transports_TransportShmNotify_notifyFxn__I)
                  8001a240    000000a0              : Ipc.obj (.text:ti_sdo_utils_NameServer_Module_startup__E)
                  8001a2e0    000000a0              : Ipc.obj (.text:ti_sdo_utils_NameServer_postInit__I)
                  8001a380    000000a0     sysbios.ae66 : BIOS.obj (.text:ti_sysbios_family_c64p_Exception_Module_startup__E)
                  8001a420    000000a0                  : BIOS.obj (.text:ti_sysbios_family_c64p_Hwi_dispatchC__I)
                  8001a4c0    000000a0                  : BIOS.obj (.text:ti_sysbios_family_c64p_Hwi_getStackInfo__E)
                  8001a560    000000a0                  : BIOS.obj (.text:ti_sysbios_gates_GateSwi_leave__E)
                  8001a600    000000a0     app_pe66.oe66 (.text:ti_sysbios_knl_Swi_construct)
                  8001a6a0    000000a0     sysbios.ae66 : BIOS.obj (.text:ti_sysbios_timers_timer64_Timer_stop__E)
                  8001a740    000000a0     ti.targets.rts6000.ae66 : Core-params.oe66 (.text:xdc_runtime_Core_assignParams__I)
                  8001a7e0    000000a0                             : SysMin.oe66 (.text:xdc_runtime_SysMin_putch__E)
                  8001a880    000000a0                             : System.oe66 (.text:xdc_runtime_System_formatNum__I)
                  8001a920    000000a0                             : System.oe66 (.text:xdc_runtime_System_putchar__I)
                  8001a9c0    000000a0                             : Text.oe66 (.text:xdc_runtime_Text_printVisFxn__I)
                  8001aa60    000000a0                             : Text.oe66 (.text:xdc_runtime_Text_xprintf__I)
                  8001ab00    000000a0     app_pe66.oe66 (.text:xdc_runtime_knl_GateThread_Object__create__S)
                  8001aba0    000000a0     app_pe66.oe66 (.text:xdc_runtime_knl_GateThread_create)
                  8001ac40    00000080     ipc.ae66 : Ipc.obj (.text:HeapMemMP_restore)
                  8001acc0    00000080     rts6600_elf.lib : trgmsg.c.obj (.text:__TI_readmsg)
                  8001ad40    00000080                     : llshift.c.obj (.text:__c6xabi_llshl)
                  8001adc0    00000080     sysbios.ae66 : c62_TaskSupport_asm.obj (.text:_ti_sysbios_family_c62_TaskSupport_swap__E)
                  8001ae40    00000080     ipc.ae66 : Ipc.obj (.text:ti_sdo_ipc_Ipc_getMasterAddr__I)
                  8001aec0    00000080              : Ipc.obj (.text:ti_sdo_ipc_family_tci663x_Interrupt_intClear__E)
                  8001af40    00000080              : Ipc.obj (.text:ti_sdo_ipc_family_tci663x_Interrupt_intUnregister__E)
                  8001afc0    00000080              : Ipc.obj (.text:ti_sdo_ipc_gates_GateHWSem_Module_startup__E)
                  8001b040    00000080     app_pe66.oe66 (.text:ti_sdo_ipc_gates_GateHWSem_Object__create__S)
                  8001b0c0    00000080     app_pe66.oe66 (.text:ti_sdo_ipc_gates_GateHWSem_create)
                  8001b140    00000080     app_pe66.oe66 (.text:ti_sdo_ipc_gates_GateMPSupportNull_Object__create__S)
                  8001b1c0    00000080     app_pe66.oe66 (.text:ti_sdo_ipc_gates_GateMPSupportNull_create)
                  8001b240    00000080     ipc.ae66 : Ipc.obj (.text:ti_sdo_ipc_notifyDrivers_NotifyDriverCirc_Instance_finalize__E)
                  8001b2c0    00000080     app_pe66.oe66 (.text:ti_sdo_ipc_notifyDrivers_NotifyDriverCirc_create)
                  8001b340    00000080     ipc.ae66 : Ipc.obj (.text:ti_sdo_ipc_transports_TransportShmNotify_Instance_finalize__E)
                  8001b3c0    00000080     app_pe66.oe66 (.text:ti_sysbios_BIOS_atExitFunc__I)
                  8001b440    00000080     app_pe66.oe66 (.text:ti_sysbios_BIOS_registerRTSLock__I)
                  8001b4c0    00000080     sysbios.ae66 : BIOS.obj (.text:ti_sysbios_family_c66_Cache_invL1pAll__E)
                  8001b540    00000080     app_pe66.oe66 (.text:ti_sysbios_gates_GateAll_Object__create__S)
                  8001b5c0    00000080     app_pe66.oe66 (.text:ti_sysbios_gates_GateHwi_Object__create__S)
                  8001b640    00000080     app_pe66.oe66 (.text:ti_sysbios_gates_GateMutexPri_Object__create__S)
                  8001b6c0    00000080     app_pe66.oe66 (.text:ti_sysbios_gates_GateMutex_Object__create__S)
                  8001b740    00000080     app_pe66.oe66 (.text:ti_sysbios_gates_GateSwi_Object__create__S)
                  8001b7c0    00000080     sysbios.ae66 : BIOS.obj (.text:ti_sysbios_hal_Hwi_checkStack)
                  8001b840    00000080                  : BIOS.obj (.text:ti_sysbios_hal_Hwi_initStack)
                  8001b8c0    00000080     app_pe66.oe66 (.text:ti_sysbios_heaps_HeapMem_Object__create__S)
                  8001b940    00000080     sysbios.ae66 : BIOS.obj (.text:ti_sysbios_heaps_HeapMem_init__I)
                  8001b9c0    00000080     app_pe66.oe66 (.text:ti_sysbios_knl_Clock_doTick__I)
                  8001ba40    00000080     sysbios.ae66 : BIOS.obj (.text:ti_sysbios_knl_Idle_run__E)
                  8001bac0    00000080     app_pe66.oe66 (.text:ti_sysbios_knl_Semaphore_create)
                  8001bb40    00000080     sysbios.ae66 : BIOS.obj (.text:ti_sysbios_knl_Semaphore_pendTimeout__I)
                  8001bbc0    00000080                  : BIOS.obj (.text:ti_sysbios_knl_Swi_startup__E)
                  8001bc40    00000080                  : BIOS.obj (.text:ti_sysbios_knl_Task_restore__E)
                  8001bcc0    00000080                  : BIOS.obj (.text:ti_sysbios_syncs_SyncSem_wait__E)
                  8001bd40    00000080     app_pe66.oe66 (.text:ti_sysbios_xdcruntime_GateThreadSupport_create)
                  8001bdc0    00000080     ti.targets.rts6000.ae66 : Core-label.oe66 (.text:xdc_runtime_Core_assignLabel__I)
                  8001be40    00000080                             : LoggerBuf.oe66 (.text:xdc_runtime_LoggerBuf_Instance_init__E)
                  8001bec0    00000080                             : LoggerBuf.oe66 (.text:xdc_runtime_LoggerBuf_Module_startup__E)
                  8001bf40    00000080                             : LoggerBuf.oe66 (.text:xdc_runtime_LoggerBuf_filterOutEvent__I)
                  8001bfc0    00000080     app_pe66.oe66 (.text:xdc_runtime_SysMin_output__I)
                  8001c040    00000080     ti.targets.rts6000.ae66 : System.oe66 (.text:xdc_runtime_System_atexit__E)
                  8001c0c0    00000080                             : System.oe66 (.text:xdc_runtime_System_avprintf__E)
                  8001c140    00000080                             : System.oe66 (.text:xdc_runtime_System_processAtExit__E)
                  8001c1c0    00000080                             : System.oe66 (.text:xdc_runtime_System_vprintf__E)
                  8001c240    00000060     ipc.ae66 : Ipc.obj (.text:HeapMemMP_create)
                  8001c2a0    00000060              : Ipc.obj (.text:HeapMemMP_getRTSCParams$18)
                  8001c300    00000060     rts6600_elf.lib : trgmsg.c.obj (.text:__TI_writemsg)
                  8001c360    00000060                     : llshift.c.obj (.text:__c6xabi_llshru)
                  8001c3c0    00000060                     : imath64.c.obj (.text:_subcull)
                  8001c420    00000060     sysbios.ae66 : c64p_Hwi_asm_switch.obj (.text:_ti_sysbios_family_c64p_Hwi_switchAndDispatch__I)
                  8001c480    00000060                  : c64p_Hwi_asm_switch.obj (.text:_ti_sysbios_family_xxx_Hwi_switchAndRunFunc)
                  8001c4e0    00000060     init.obj (.text)
                  8001c540    00000060     app_pe66.oe66 (.text:ti_sdo_ipc_GateMP_Object__delete__S)
                  8001c5a0    00000060     ipc.ae66 : Ipc.obj (.text:ti_sdo_ipc_Ipc_getSlaveAddr__I)
                  8001c600    00000060              : Ipc.obj (.text:ti_sdo_ipc_Ipc_reservedSizePerProc__I)
                  8001c660    00000060              : Ipc.obj (.text:ti_sdo_ipc_family_tci663x_NotifyCircSetup_numIntLines__E)
                  8001c6c0    00000060              : Ipc.obj (.text:ti_sdo_ipc_family_tci663x_NotifyCircSetup_sharedMemReq__E)
                  8001c720    00000060     app_pe66.oe66 (.text:ti_sdo_ipc_gates_GatePeterson_Object__delete__S)
                  8001c780    00000060     ipc.ae66 : Ipc.obj (.text:ti_sdo_ipc_gates_GatePeterson_sharedMemReq__E)
                  8001c7e0    00000060     app_pe66.oe66 (.text:ti_sdo_ipc_heaps_HeapMemMP_Object__delete__S)
                  8001c840    00000060     app_pe66.oe66 (.text:ti_sdo_ipc_notifyDrivers_NotifyDriverCirc_Object__delete__S)
                  8001c8a0    00000060     app_pe66.oe66 (.text:ti_sdo_ipc_nsremote_NameServerRemoteNotify_Object__delete__S)
                  8001c900    00000060     app_pe66.oe66 (.text:ti_sdo_ipc_transports_TransportShmNotify_Object__delete__S)
                  8001c960    00000060     app_pe66.oe66 (.text:ti_sdo_utils_List_construct)
                  8001c9c0    00000060     app_pe66.oe66 (.text:ti_sysbios_BIOS_errorRaiseHook__I)
                  8001ca20    00000060     app_pe66.oe66 (.text:ti_sysbios_BIOS_removeRTSLock__I)
                  8001ca80    00000060     app_pe66.oe66 (.text:ti_sysbios_BIOS_startFunc__I)
                  8001cae0    00000060     sysbios.ae66 : BIOS.obj (.text:ti_sysbios_family_c62_TaskSupport_start__E)
                  8001cb40    00000060     app_pe66.oe66 (.text:ti_sysbios_family_c64p_Hwi_Object__delete__S)
                  8001cba0    00000060     sysbios.ae66 : BIOS.obj (.text:ti_sysbios_family_c66_Cache_Module_startup__E)
                  8001cc00    00000060                  : BIOS.obj (.text:ti_sysbios_gates_GateAll_enter__E)
                  8001cc60    00000060     app_pe66.oe66 (.text:ti_sysbios_gates_GateMutexPri_Object__delete__S)
                  8001ccc0    00000060     app_pe66.oe66 (.text:ti_sysbios_gates_GateMutexPri_construct)
                  8001cd20    00000060     app_pe66.oe66 (.text:ti_sysbios_gates_GateMutex_Object__delete__S)
                  8001cd80    00000060     app_pe66.oe66 (.text:ti_sysbios_hal_Hwi_Object__delete__S)
                  8001cde0    00000060     sysbios.ae66 : BIOS.obj (.text:ti_sysbios_heaps_HeapMem_free__E)
                  8001ce40    00000060                  : BIOS.obj (.text:ti_sysbios_knl_Clock_Module_startup__E)
                  8001cea0    00000060     app_pe66.oe66 (.text:ti_sysbios_knl_Queue_construct)
                  8001cf00    00000060     app_pe66.oe66 (.text:ti_sysbios_knl_Semaphore_Object__delete__S)
                  8001cf60    00000060     app_pe66.oe66 (.text:ti_sysbios_knl_Semaphore_construct)
                  8001cfc0    00000060     sysbios.ae66 : BIOS.obj (.text:ti_sysbios_knl_Swi_Module_startup__E)
                  8001d020    00000060                  : BIOS.obj (.text:ti_sysbios_knl_Task_enter__I)
                  8001d080    00000060     app_pe66.oe66 (.text:ti_sysbios_syncs_SyncSem_Object__delete__S)
                  8001d0e0    00000060     app_pe66.oe66 (.text:ti_sysbios_xdcruntime_GateThreadSupport_Object__delete__S)
                  8001d140    00000060     app_pe66.oe66 (.text:xdc_runtime_LoggerBuf_Object__delete__S)
                  8001d1a0    00000060     ti.targets.rts6000.ae66 : LoggerBuf.oe66 (.text:xdc_runtime_LoggerBuf_reset__E)
                  8001d200    00000060                             : Memory.oe66 (.text:xdc_runtime_Memory_valloc__E)
                  8001d260    00000060                             : Text.oe66 (.text:xdc_runtime_Text_cordText__E)
                  8001d2c0    00000060     app_pe66.oe66 (.text:xdc_runtime_knl_GateThread_Object__delete__S)
                  8001d320    00000040     ipc.ae66 : Ipc.obj (.text:GateMP_Params_init)
                  8001d360    00000040              : Ipc.obj (.text:HeapMemMP_Params_init)
                  8001d3a0    00000040              : Ipc.obj (.text:Notify_attach)
                  8001d3e0    00000040              : Ipc.obj (.text:Notify_sharedMemReq)
                  8001d420    00000040     ti.drv.qmss.ae66 : qmss_drv.oe66 (.text:Qmss_start)
                  8001d460    00000040     rts6600_elf.lib : strasg.asm.obj (.text:__strasgi_64plus)
                  8001d4a0    00000040                     : args_main.c.obj (.text:_args_main)
                  8001d4e0    00000040     sysbios.ae66 : c62_TaskSupport_asm.obj (.text:_ti_sysbios_family_c62_TaskSupport_buildTaskStack)
                  8001d520    00000040     ipc.ae66 : Ipc.obj (.text:ti_sdo_ipc_Ipc_getRegion0ReservedSize__I)
                  8001d560    00000040     app_pe66.oe66 (.text:ti_sdo_ipc_gates_GateHWSem_Handle__label__S)
                  8001d5a0    00000040     app_pe66.oe66 (.text:ti_sdo_ipc_gates_GateHWSem_Object__delete__S)
                  8001d5e0    00000040     ipc.ae66 : Ipc.obj (.text:ti_sdo_ipc_gates_GateHWSem_leave__E)
                  8001d620    00000040     app_pe66.oe66 (.text:ti_sdo_ipc_gates_GateMPSupportNull_Handle__label__S)
                  8001d660    00000040     app_pe66.oe66 (.text:ti_sdo_ipc_gates_GateMPSupportNull_Object__delete__S)
                  8001d6a0    00000040     app_pe66.oe66 (.text:ti_sdo_ipc_gates_GatePeterson_Handle__label__S)
                  8001d6e0    00000040     ipc.ae66 : Ipc.obj (.text:ti_sdo_ipc_gates_GatePeterson_Instance_finalize__E)
                  8001d720    00000040     app_pe66.oe66 (.text:ti_sdo_ipc_heaps_HeapMemMP_Handle__label__S)
                  8001d760    00000040     app_pe66.oe66 (.text:ti_sdo_ipc_notifyDrivers_NotifyDriverCirc_Handle__label__S)
                  8001d7a0    00000040     ipc.ae66 : Ipc.obj (.text:ti_sdo_ipc_notifyDrivers_NotifyDriverCirc_registerEvent__E)
                  8001d7e0    00000040              : Ipc.obj (.text:ti_sdo_ipc_notifyDrivers_NotifyDriverCirc_unregisterEvent__E)
                  8001d820    00000040     app_pe66.oe66 (.text:ti_sdo_ipc_nsremote_NameServerRemoteNotify_Handle__label__S)
                  8001d860    00000040     ipc.ae66 : Ipc.obj (.text:ti_sdo_ipc_nsremote_NameServerRemoteNotify_swiFxnResponse__I)
                  8001d8a0    00000040              : Ipc.obj (.text:ti_sdo_ipc_transports_TransportShmNotifySetup_isRegistered__E)
                  8001d8e0    00000040     app_pe66.oe66 (.text:ti_sdo_ipc_transports_TransportShmNotify_Handle__label__S)
                  8001d920    00000040     ipc.ae66 : Ipc.obj (.text:ti_sdo_utils_List_dequeue__E)
                  8001d960    00000040     app_pe66.oe66 (.text:ti_sdo_utils_NameServer_Object__get__S)
                  8001d9a0    00000040     app_pe66.oe66 (.text:ti_sysbios_BIOS_exitFunc__I)
                  8001d9e0    00000040     app_pe66.oe66 (.text:ti_sysbios_BIOS_rtsLock__I)
                  8001da20    00000040     app_pe66.oe66 (.text:ti_sysbios_BIOS_rtsUnlock__I)
                  8001da60    00000040     sysbios.ae66 : BIOS.obj (.text:ti_sysbios_family_c64p_Hwi_disableInterrupt__E)
                  8001daa0    00000040                  : BIOS.obj (.text:ti_sysbios_family_c64p_Hwi_enableInterrupt__E)
                  8001dae0    00000040     app_pe66.oe66 (.text:ti_sysbios_gates_GateAll_Handle__label__S)
                  8001db20    00000040     app_pe66.oe66 (.text:ti_sysbios_gates_GateAll_Object__delete__S)
                  8001db60    00000040     app_pe66.oe66 (.text:ti_sysbios_gates_GateHwi_Handle__label__S)
                  8001dba0    00000040     app_pe66.oe66 (.text:ti_sysbios_gates_GateHwi_Object__delete__S)
                  8001dbe0    00000040     app_pe66.oe66 (.text:ti_sysbios_gates_GateMutexPri_Handle__label__S)
                  8001dc20    00000040     sysbios.ae66 : BIOS.obj (.text:ti_sysbios_gates_GateMutexPri_Instance_init__E)
                  8001dc60    00000040     app_pe66.oe66 (.text:ti_sysbios_gates_GateMutexPri_destruct)
                  8001dca0    00000040     app_pe66.oe66 (.text:ti_sysbios_gates_GateMutex_Handle__label__S)
                  8001dce0    00000040     sysbios.ae66 : BIOS.obj (.text:ti_sysbios_gates_GateMutex_Instance_init__E)
                  8001dd20    00000040                  : BIOS.obj (.text:ti_sysbios_gates_GateMutex_leave__E)
                  8001dd60    00000040     app_pe66.oe66 (.text:ti_sysbios_gates_GateSwi_Handle__label__S)
                  8001dda0    00000040     app_pe66.oe66 (.text:ti_sysbios_gates_GateSwi_Object__delete__S)
                  8001dde0    00000040     sysbios.ae66 : BIOS.obj (.text:ti_sysbios_hal_Hwi_Instance_init__E)
                  8001de20    00000040     app_pe66.oe66 (.text:ti_sysbios_heaps_HeapMem_Handle__label__S)
                  8001de60    00000040     app_pe66.oe66 (.text:ti_sysbios_heaps_HeapMem_Object__delete__S)
                  8001dea0    00000040     app_pe66.oe66 (.text:ti_sysbios_heaps_HeapMem_Object__get__S)
                  8001dee0    00000040     app_pe66.oe66 (.text:ti_sysbios_knl_Semaphore_destruct)
                  8001df20    00000040     app_pe66.oe66 (.text:ti_sysbios_knl_Swi_Object__get__S)
                  8001df60    00000040     app_pe66.oe66 (.text:ti_sysbios_knl_Swi_destruct)
                  8001dfa0    00000040     app_pe66.oe66 (.text:ti_sysbios_knl_Task_Object__get__S)
                  8001dfe0    00000040     sysbios.ae66 : BIOS.obj (.text:ti_sysbios_knl_Task_sleepTimeout__I)
                  8001e020    00000040     app_pe66.oe66 (.text:ti_sysbios_syncs_SyncSem_Handle__label__S)
                  8001e060    00000040     ti.targets.rts6000.ae66 : Error.oe66 (.text:xdc_runtime_Error_check__E)
                  8001e0a0    00000040                             : Error.oe66 (.text:xdc_runtime_Error_init__E)
                  8001e0e0    00000040     app_pe66.oe66 (.text:xdc_runtime_GateNull_Handle__label__S)
                  8001e120    00000040     app_pe66.oe66 (.text:xdc_runtime_GateNull_Object__create__S)
                  8001e160    00000040     app_pe66.oe66 (.text:xdc_runtime_GateNull_Object__delete__S)
                  8001e1a0    00000040     app_pe66.oe66 (.text:xdc_runtime_LoggerBuf_Handle__label__S)
                  8001e1e0    00000040     ti.targets.rts6000.ae66 : LoggerBuf.oe66 (.text:xdc_runtime_LoggerBuf_Instance_finalize__E)
                  8001e220    00000040     app_pe66.oe66 (.text:xdc_runtime_LoggerBuf_Object__get__S)
                  8001e260    00000040     ti.targets.rts6000.ae66 : LoggerBuf.oe66 (.text:xdc_runtime_LoggerBuf_write0__E)
                  8001e2a0    00000040                             : LoggerBuf.oe66 (.text:xdc_runtime_LoggerBuf_write1__E)
                  8001e2e0    00000040                             : LoggerBuf.oe66 (.text:xdc_runtime_LoggerBuf_write2__E)
                  8001e320    00000040                             : Registry.oe66 (.text:xdc_runtime_Registry_findById__E)
                  8001e360    00000040                             : SysMin.oe66 (.text:xdc_runtime_SysMin_Module_startup__E)
                  8001e3a0    00000040                             : SysMin.oe66 (.text:xdc_runtime_SysMin_exit__E)
                  8001e3e0    00000040                             : System.oe66 (.text:xdc_runtime_System_abort__E)
                  8001e420    00000040     app_pe66.oe66 (.text:xdc_runtime_System_aprintf__E)
                  8001e460    00000040     ti.targets.rts6000.ae66 : System.oe66 (.text:xdc_runtime_System_exit__E)
                  8001e4a0    00000040     app_pe66.oe66 (.text:xdc_runtime_System_printf__E)
                  8001e4e0    00000040     app_pe66.oe66 (.text:xdc_runtime_knl_GateThread_Handle__label__S)
                  8001e520    00000040     ti.targets.rts6000.ae66 : GateThread.oe66 (.text:xdc_runtime_knl_GateThread_Instance_init__E)
                  8001e560    00000020     ipc.ae66 : Ipc.obj (.text:GateMP_delete)
                  8001e580    00000020              : Ipc.obj (.text:GateMP_getDefaultRemote)
                  8001e5a0    00000020              : Ipc.obj (.text:GateMP_getSharedParams$4)
                  8001e5c0    00000020              : Ipc.obj (.text:HeapMemMP_getSharedParams$18)
                  8001e5e0    00000020              : Ipc.obj (.text:MultiProc_getBaseIdOfCluster)
                  8001e600    00000020              : Ipc.obj (.text:MultiProc_self)
                  8001e620    00000020              : Ipc.obj (.text:NameServer_addUInt32)
                  8001e640    00000020              : Ipc.obj (.text:NameServer_getLocalUInt32)
                  8001e660    00000020              : Ipc.obj (.text:NameServer_removeEntry)
                  8001e680    00000020              : Ipc.obj (.text:Notify_numIntLines)
                  8001e6a0    00000020     ti.drv.qmss.ae66 : qmss_drv.oe66 (.text:Qmss_init)
                  8001e6c0    00000020     ipc.ae66 : Ipc.obj (.text:SharedRegion_invalidSRPtr)
                  8001e6e0    00000020     app_pe66.oe66 (.text:_GateMP_virtToPhys)
                  8001e700    00000020     rts6600_elf.lib : push.asm.obj (.text:__pop_rts)
                  8001e720    00000020                     : push.asm.obj (.text:__push_rts)
                  8001e740    00000020                     : _lock.c.obj (.text:_nop)
                  8001e760    00000020                     : _lock.c.obj (.text:_register_lock)
                  8001e780    00000020                     : _data_synch.c.obj (.text:_register_synch_api)
                  8001e7a0    00000020                     : _lock.c.obj (.text:_register_unlock)
                  8001e7c0    00000020     sysbios.ae66 : c62_TaskSupport_asm.obj (.text:_ti_sysbios_family_c62_TaskSupport_glue)
                  8001e7e0    00000020     rts6600_elf.lib : exit.c.obj (.text:abort)
                  8001e800    00000020                     : copy_decompress_none.c.obj (.text:decompress:none:__TI_decompress_none)
                  8001e820    00000020                     : copy_decompress_rle.c.obj (.text:decompress:rle24:__TI_decompress_rle24)
                  8001e840    00000020     app_pe66.oe66 (.text:ti_sdo_ipc_GateMP_Params__init__S)
                  8001e860    00000020     app_pe66.oe66 (.text:ti_sdo_ipc_GateMP_RemoteCustom1Proxy_Proxy__abstract__S)
                  8001e880    00000020     app_pe66.oe66 (.text:ti_sdo_ipc_GateMP_RemoteCustom1Proxy_Proxy__delegate__S)
                  8001e8a0    00000020     app_pe66.oe66 (.text:ti_sdo_ipc_GateMP_RemoteCustom1Proxy_create)
                  8001e8c0    00000020     app_pe66.oe66 (.text:ti_sdo_ipc_GateMP_RemoteCustom1Proxy_delete)
                  8001e8e0    00000020     app_pe66.oe66 (.text:ti_sdo_ipc_GateMP_RemoteCustom2Proxy_Proxy__abstract__S)
                  8001e900    00000020     app_pe66.oe66 (.text:ti_sdo_ipc_GateMP_RemoteCustom2Proxy_Proxy__delegate__S)
                  8001e920    00000020     app_pe66.oe66 (.text:ti_sdo_ipc_GateMP_RemoteCustom2Proxy_create)
                  8001e940    00000020     app_pe66.oe66 (.text:ti_sdo_ipc_GateMP_RemoteCustom2Proxy_delete)
                  8001e960    00000020     app_pe66.oe66 (.text:ti_sdo_ipc_GateMP_RemoteSystemProxy_Proxy__abstract__S)
                  8001e980    00000020     app_pe66.oe66 (.text:ti_sdo_ipc_GateMP_RemoteSystemProxy_Proxy__delegate__S)
                  8001e9a0    00000020     app_pe66.oe66 (.text:ti_sdo_ipc_GateMP_RemoteSystemProxy_create)
                  8001e9c0    00000020     app_pe66.oe66 (.text:ti_sdo_ipc_GateMP_RemoteSystemProxy_delete)
                  8001e9e0    00000020     app_pe66.oe66 (.text:ti_sdo_ipc_GateMP_delete)
                  8001ea00    00000020     ipc.ae66 : Ipc.obj (.text:ti_sdo_ipc_GateMP_getSharedAddr__F)
                  8001ea20    00000020              : Ipc.obj (.text:ti_sdo_ipc_GateMP_setDefaultRemote__F)
                  8001ea40    00000020     app_pe66.oe66 (.text:ti_sdo_ipc_MessageQ_Object__get__S)
                  8001ea60    00000020     app_pe66.oe66 (.text:ti_sdo_ipc_MessageQ_Params__init__S)
                  8001ea80    00000020     app_pe66.oe66 (.text:ti_sdo_ipc_Notify_Module_GateProxy_enter__E)
                  8001eaa0    00000020     app_pe66.oe66 (.text:ti_sdo_ipc_Notify_Module_GateProxy_leave__E)
                  8001eac0    00000020     ipc.ae66 : Ipc.obj (.text:ti_sdo_ipc_family_tci663x_Interrupt_intDisable__E)
                  8001eae0    00000020              : Ipc.obj (.text:ti_sdo_ipc_family_tci663x_Interrupt_intEnable__E)
                  8001eb00    00000020     app_pe66.oe66 (.text:ti_sdo_ipc_gates_GateHWSem_Params__init__S)
                  8001eb20    00000020     ipc.ae66 : Ipc.obj (.text:ti_sdo_ipc_gates_GateHWSem_getReservedMask__E)
                  8001eb40    00000020              : Ipc.obj (.text:ti_sdo_ipc_gates_GateHWSem_query__E)
                  8001eb60    00000020              : Ipc.obj (.text:ti_sdo_ipc_gates_GateHWSem_sharedMemReq__E)
                  8001eb80    00000020              : Ipc.obj (.text:ti_sdo_ipc_gates_GateMPSupportNull_Instance_init__E)
                  8001eba0    00000020     app_pe66.oe66 (.text:ti_sdo_ipc_gates_GateMPSupportNull_Params__init__S)
                  8001ebc0    00000020     ipc.ae66 : Ipc.obj (.text:ti_sdo_ipc_gates_GateMPSupportNull_getReservedMask__E)
                  8001ebe0    00000020              : Ipc.obj (.text:ti_sdo_ipc_gates_GateMPSupportNull_query__E)
                  8001ec00    00000020              : Ipc.obj (.text:ti_sdo_ipc_gates_GateMPSupportNull_sharedMemReq__E)
                  8001ec20    00000020     app_pe66.oe66 (.text:ti_sdo_ipc_gates_GatePeterson_Params__init__S)
                  8001ec40    00000020     ipc.ae66 : Ipc.obj (.text:ti_sdo_ipc_gates_GatePeterson_getReservedMask__E)
                  8001ec60    00000020              : Ipc.obj (.text:ti_sdo_ipc_gates_GatePeterson_query__E)
                  8001ec80    00000020     app_pe66.oe66 (.text:ti_sdo_ipc_heaps_HeapMemMP_Params__init__S)
                  8001eca0    00000020     ipc.ae66 : Ipc.obj (.text:ti_sdo_ipc_heaps_HeapMemMP_isBlocking__E)
                  8001ecc0    00000020     app_pe66.oe66 (.text:ti_sdo_ipc_notifyDrivers_NotifyDriverCirc_Params__init__S)
                  8001ece0    00000020     app_pe66.oe66 (.text:ti_sdo_ipc_notifyDrivers_NotifyDriverCirc_delete)
                  8001ed00    00000020     ipc.ae66 : Ipc.obj (.text:ti_sdo_ipc_notifyDrivers_NotifyDriverCirc_disable__E)
                  8001ed20    00000020              : Ipc.obj (.text:ti_sdo_ipc_notifyDrivers_NotifyDriverCirc_enableEvent__E)
                  8001ed40    00000020              : Ipc.obj (.text:ti_sdo_ipc_notifyDrivers_NotifyDriverCirc_setNotifyHandle__E)
                  8001ed60    00000020     app_pe66.oe66 (.text:ti_sdo_ipc_nsremote_NameServerRemoteNotify_Object__first__S)
                  8001ed80    00000020     app_pe66.oe66 (.text:ti_sdo_ipc_nsremote_NameServerRemoteNotify_Object__next__S)
                  8001eda0    00000020     app_pe66.oe66 (.text:ti_sdo_ipc_nsremote_NameServerRemoteNotify_Params__init__S)
                  8001edc0    00000020     app_pe66.oe66 (.text:ti_sdo_ipc_nsremote_NameServerRemoteNotify_delete)
                  8001ede0    00000020     ipc.ae66 : Ipc.obj (.text:ti_sdo_ipc_nsremote_NameServerRemoteNotify_sharedMemReq__E)
                  8001ee00    00000020              : Ipc.obj (.text:ti_sdo_ipc_transports_TransportShmNotifySetup_sharedMemReq__E)
                  8001ee20    00000020     app_pe66.oe66 (.text:ti_sdo_ipc_transports_TransportShmNotify_Params__init__S)
                  8001ee40    00000020     ipc.ae66 : Ipc.obj (.text:ti_sdo_ipc_transports_TransportShmNotify_control__E)
                  8001ee60    00000020              : Ipc.obj (.text:ti_sdo_ipc_transports_TransportShmNotify_getStatus__E)
                  8001ee80    00000020              : Ipc.obj (.text:ti_sdo_ipc_transports_TransportShmNotify_setErrFxn__E)
                  8001eea0    00000020              : Ipc.obj (.text:ti_sdo_utils_List_Instance_init__E)
                  8001eec0    00000020     app_pe66.oe66 (.text:ti_sdo_utils_List_Object__get__S)
                  8001eee0    00000020     app_pe66.oe66 (.text:ti_sdo_utils_List_destruct)
                  8001ef00    00000020     ipc.ae66 : Ipc.obj (.text:ti_sdo_utils_List_enqueueHead__E)
                  8001ef20    00000020              : Ipc.obj (.text:ti_sdo_utils_List_enqueue__E)
                  8001ef40    00000020              : Ipc.obj (.text:ti_sdo_utils_List_get__E)
                  8001ef60    00000020              : Ipc.obj (.text:ti_sdo_utils_List_next__E)
                  8001ef80    00000020              : Ipc.obj (.text:ti_sdo_utils_List_putHead__E)
                  8001efa0    00000020              : Ipc.obj (.text:ti_sdo_utils_List_put__E)
                  8001efc0    00000020              : Ipc.obj (.text:ti_sdo_utils_List_remove__E)
                  8001efe0    00000020     app_pe66.oe66 (.text:ti_sdo_utils_MultiProc_Module__startupDone__S)
                  8001f000    00000020     ipc.ae66 : Ipc.obj (.text:ti_sdo_utils_MultiProc_getClusterId__F)
                  8001f020    00000020     app_pe66.oe66 (.text:ti_sdo_utils_NameServer_Module__startupDone__F)
                  8001f040    00000020     app_pe66.oe66 (.text:ti_sdo_utils_NameServer_Object__first__S)
                  8001f060    00000020     app_pe66.oe66 (.text:ti_sdo_utils_NameServer_Object__next__S)
                  8001f080    00000020     app_pe66.oe66 (.text:ti_sysbios_BIOS_RtsGateProxy_enter__E)
                  8001f0a0    00000020     app_pe66.oe66 (.text:ti_sysbios_BIOS_RtsGateProxy_leave__E)
                  8001f0c0    00000020     sysbios.ae66 : BIOS.obj (.text:ti_sysbios_BIOS_exit__E)
                  8001f0e0    00000020                  : BIOS.obj (.text:ti_sysbios_BIOS_linkedWithIncorrectBootLibrary__E)
                  8001f100    00000020     app_pe66.oe66 (.text:ti_sysbios_BIOS_nullFunc__I)
                  8001f120    00000020     sysbios.ae66 : BIOS.obj (.text:ti_sysbios_BIOS_setThreadType__E)
                  8001f140    00000020                  : BIOS.obj (.text:ti_sysbios_BIOS_start__E)
                  8001f160    00000020     app_pe66.oe66 (.text:ti_sysbios_family_c62_TaskSupport_Module__startupDone__S)
                  8001f180    00000020     sysbios.ae66 : BIOS.obj (.text:ti_sysbios_family_c62_TaskSupport_checkStack__E)
                  8001f1a0    00000020                  : BIOS.obj (.text:ti_sysbios_family_c62_TaskSupport_getStackAlignment__E)
                  8001f1c0    00000020     app_pe66.oe66 (.text:ti_sysbios_family_c64p_Hwi_Module__startupDone__F)
                  8001f1e0    00000020     sysbios.ae66 : BIOS.obj (.text:ti_sysbios_family_c64p_Hwi_clearInterrupt__E)
                  8001f200    00000020                  : BIOS.obj (.text:ti_sysbios_family_c64p_Hwi_startup__E)
                  8001f220    00000020                  : BIOS.obj (.text:ti_sysbios_family_c64p_Hwi_switchFromBootStack__E)
                  8001f240    00000020                  : BIOS.obj (.text:ti_sysbios_family_c64p_Hwi_unPluggedInterrupt__I)
                  8001f260    00000020                  : BIOS.obj (.text:ti_sysbios_family_c64p_TimestampProvider_Module_startup__E)
                  8001f280    00000020                  : BIOS.obj (.text:ti_sysbios_family_c64p_TimestampProvider_get32__E)
                  8001f2a0    00000020                  : BIOS.obj (.text:ti_sysbios_family_c64p_TimestampProvider_get64__E)
                  8001f2c0    00000020                  : BIOS.obj (.text:ti_sysbios_family_c64p_tci6488_TimerSupport_enable__E)
                  8001f2e0    00000020                  : BIOS.obj (.text:ti_sysbios_family_c66_Cache_RTSSynchInv__I)
                  8001f300    00000020                  : BIOS.obj (.text:ti_sysbios_family_c66_Cache_RTSSynchWbInv__I)
                  8001f320    00000020                  : BIOS.obj (.text:ti_sysbios_family_c66_Cache_RTSSynchWb__I)
                  8001f340    00000020                  : BIOS.obj (.text:ti_sysbios_family_c66_Cache_inv__E)
                  8001f360    00000020                  : BIOS.obj (.text:ti_sysbios_family_c66_Cache_wait__E)
                  8001f380    00000020                  : BIOS.obj (.text:ti_sysbios_family_c66_Cache_wbInv__E)
                  8001f3a0    00000020                  : BIOS.obj (.text:ti_sysbios_family_c66_Cache_wb__E)
                  8001f3c0    00000020                  : BIOS.obj (.text:ti_sysbios_gates_GateAll_Instance_init__E)
                  8001f3e0    00000020                  : BIOS.obj (.text:ti_sysbios_gates_GateAll_query__E)
                  8001f400    00000020                  : BIOS.obj (.text:ti_sysbios_gates_GateHwi_Instance_init__E)
                  8001f420    00000020                  : BIOS.obj (.text:ti_sysbios_gates_GateHwi_enter__E)
                  8001f440    00000020                  : BIOS.obj (.text:ti_sysbios_gates_GateHwi_leave__E)
                  8001f460    00000020                  : BIOS.obj (.text:ti_sysbios_gates_GateHwi_query__E)
                  8001f480    00000020                  : BIOS.obj (.text:ti_sysbios_gates_GateMutexPri_Instance_finalize__E)
                  8001f4a0    00000020                  : BIOS.obj (.text:ti_sysbios_gates_GateMutexPri_query__E)
                  8001f4c0    00000020                  : BIOS.obj (.text:ti_sysbios_gates_GateMutex_Instance_finalize__E)
                  8001f4e0    00000020                  : BIOS.obj (.text:ti_sysbios_gates_GateMutex_query__E)
                  8001f500    00000020                  : BIOS.obj (.text:ti_sysbios_gates_GateSwi_Instance_init__E)
                  8001f520    00000020                  : BIOS.obj (.text:ti_sysbios_gates_GateSwi_query__E)
                  8001f540    00000020     app_pe66.oe66 (.text:ti_sysbios_hal_Hwi_HwiProxy_create)
                  8001f560    00000020     app_pe66.oe66 (.text:ti_sysbios_hal_Hwi_HwiProxy_delete)
                  8001f580    00000020     sysbios.ae66 : BIOS.obj (.text:ti_sysbios_hal_Hwi_Instance_finalize__E)
                  8001f5a0    00000020                  : BIOS.obj (.text:ti_sysbios_hal_Hwi_Module_startup__E)
                  8001f5c0    00000020     app_pe66.oe66 (.text:ti_sysbios_hal_Hwi_Params__init__S)
                  8001f5e0    00000020     app_pe66.oe66 (.text:ti_sysbios_hal_Hwi_delete)
                  8001f600    00000020     app_pe66.oe66 (.text:ti_sysbios_heaps_HeapMem_Module_GateProxy_enter__E)
                  8001f620    00000020     app_pe66.oe66 (.text:ti_sysbios_heaps_HeapMem_Module_GateProxy_leave__E)
                  8001f640    00000020     sysbios.ae66 : BIOS.obj (.text:ti_sysbios_heaps_HeapMem_isBlocking__E)
                  8001f660    00000020     app_pe66.oe66 (.text:ti_sysbios_knl_Clock_TimerProxy_getMaxTicks__E)
                  8001f680    00000020     sysbios.ae66 : BIOS.obj (.text:ti_sysbios_knl_Idle_loop__E)
                  8001f6a0    00000020                  : BIOS.obj (.text:ti_sysbios_knl_Queue_Instance_init__E)
                  8001f6c0    00000020     app_pe66.oe66 (.text:ti_sysbios_knl_Queue_Object__get__S)
                  8001f6e0    00000020     app_pe66.oe66 (.text:ti_sysbios_knl_Queue_destruct)
                  8001f700    00000020     sysbios.ae66 : BIOS.obj (.text:ti_sysbios_knl_Queue_empty__E)
                  8001f720    00000020                  : BIOS.obj (.text:ti_sysbios_knl_Semaphore_Instance_finalize__E)
                  8001f740    00000020     app_pe66.oe66 (.text:ti_sysbios_knl_Semaphore_Params__init__S)
                  8001f760    00000020     app_pe66.oe66 (.text:ti_sysbios_knl_Semaphore_delete)
                  8001f780    00000020     app_pe66.oe66 (.text:ti_sysbios_knl_Swi_Params__init__S)
                  8001f7a0    00000020     sysbios.ae66 : BIOS.obj (.text:ti_sysbios_knl_Swi_disable__E)
                  8001f7c0    00000020                  : BIOS.obj (.text:ti_sysbios_knl_Task_disable__E)
                  8001f7e0    00000020                  : BIOS.obj (.text:ti_sysbios_knl_Task_startup__E)
                  8001f800    00000020                  : BIOS.obj (.text:ti_sysbios_syncs_SyncSem_Instance_finalize__E)
                  8001f820    00000020     app_pe66.oe66 (.text:ti_sysbios_syncs_SyncSem_delete)
                  8001f840    00000020     sysbios.ae66 : BIOS.obj (.text:ti_sysbios_syncs_SyncSem_query__E)
                  8001f860    00000020                  : BIOS.obj (.text:ti_sysbios_syncs_SyncSem_signal__E)
                  8001f880    00000020     app_pe66.oe66 (.text:ti_sysbios_timers_timer64_Timer_Module__startupDone__F)
                  8001f8a0    00000020     sysbios.ae66 : BIOS.obj (.text:ti_sysbios_timers_timer64_Timer_getMaxTicks__E)
                  8001f8c0    00000020                  : BIOS.obj (.text:ti_sysbios_xdcruntime_GateThreadSupport_Instance_finalize__E)
                  8001f8e0    00000020                  : BIOS.obj (.text:ti_sysbios_xdcruntime_GateThreadSupport_Instance_init__E)
                  8001f900    00000020                  : BIOS.obj (.text:ti_sysbios_xdcruntime_GateThreadSupport_enter__E)
                  8001f920    00000020     ti.targets.rts6000.ae66 : Error.oe66 (.text:xdc_runtime_Error_getSite__E)
                  8001f940    00000020                             : Error.oe66 (.text:xdc_runtime_Error_raiseX__E)
                  8001f960    00000020                             : GateNull.oe66 (.text:xdc_runtime_GateNull_enter__E)
                  8001f980    00000020                             : GateNull.oe66 (.text:xdc_runtime_GateNull_leave__E)
                  8001f9a0    00000020                             : GateNull.oe66 (.text:xdc_runtime_GateNull_query__E)
                  8001f9c0    00000020                             : Gate.oe66 (.text:xdc_runtime_Gate_enterSystem__E)
                  8001f9e0    00000020                             : Gate.oe66 (.text:xdc_runtime_Gate_leaveSystem__E)
                  8001fa00    00000020     app_pe66.oe66 (.text:xdc_runtime_IHeap_alloc)
                  8001fa20    00000020     app_pe66.oe66 (.text:xdc_runtime_IHeap_free)
                  8001fa40    00000020     app_pe66.oe66 (.text:xdc_runtime_LoggerBuf_Module_GateProxy_enter__E)
                  8001fa60    00000020     app_pe66.oe66 (.text:xdc_runtime_LoggerBuf_Module_GateProxy_leave__E)
                  8001fa80    00000020     ti.targets.rts6000.ae66 : LoggerBuf.oe66 (.text:xdc_runtime_LoggerBuf_disable__E)
                  8001faa0    00000020                             : LoggerBuf.oe66 (.text:xdc_runtime_LoggerBuf_enable__E)
                  8001fac0    00000020                             : Memory.oe66 (.text:xdc_runtime_Memory_calloc__E)
                  8001fae0    00000020                             : Memory.oe66 (.text:xdc_runtime_Memory_free__E)
                  8001fb00    00000020                             : Memory.oe66 (.text:xdc_runtime_Memory_getMaxDefaultTypeAlign__E)
                  8001fb20    00000020     app_pe66.oe66 (.text:xdc_runtime_Startup_Module__startupDone__S)
                  8001fb40    00000020     app_pe66.oe66 (.text:xdc_runtime_Startup_exec__I)
                  8001fb60    00000020     ti.targets.rts6000.ae66 : Startup.oe66 (.text:xdc_runtime_Startup_rtsDone__E)
                  8001fb80    00000020                             : SysMin.oe66 (.text:xdc_runtime_SysMin_ready__E)
                  8001fba0    00000020     app_pe66.oe66 (.text:xdc_runtime_System_Module_GateProxy_enter__E)
                  8001fbc0    00000020     app_pe66.oe66 (.text:xdc_runtime_System_Module_GateProxy_leave__E)
                  8001fbe0    00000020     ti.targets.rts6000.ae66 : System.oe66 (.text:xdc_runtime_System_Module_startup__E)
                  8001fc00    00000020                             : System.oe66 (.text:xdc_runtime_System_vsnprintf__E)
                  8001fc20    00000020                             : Text.oe66 (.text:xdc_runtime_Text_ropeText__E)
                  8001fc40    00000020     app_pe66.oe66 (.text:xdc_runtime_Text_visitRope__I)
                  8001fc60    00000020     ti.targets.rts6000.ae66 : GateThread.oe66 (.text:xdc_runtime_knl_GateThread_Instance_finalize__E)
                  8001fc80    00000020     app_pe66.oe66 (.text:xdc_runtime_knl_GateThread_Module__startupDone__S)
                  8001fca0    00000020     app_pe66.oe66 (.text:xdc_runtime_knl_GateThread_Proxy_create)
                  8001fcc0    00000020     app_pe66.oe66 (.text:xdc_runtime_knl_GateThread_Proxy_delete)
                  8001fce0    00000020     app_pe66.oe66 (.text:xdc_runtime_knl_GateThread_Proxy_enter__E)
                  8001fd00    00000020     app_pe66.oe66 (.text:xdc_runtime_knl_GateThread_Proxy_leave__E)
                  8001fd20    00000020     ti.targets.rts6000.ae66 : GateThread.oe66 (.text:xdc_runtime_knl_GateThread_enter__E)
                  8001fd40    00000020                             : GateThread.oe66 (.text:xdc_runtime_knl_GateThread_leave__E)

.far       0    8001fd60    000111b2     UNINITIALIZED
                  8001fd60    0000c800     (.common:ti_sysbios_heaps_HeapMem_Instance_State_0_buf__A)
                  8002c560    00004000     app_pe66.oe66 (.far:taskStackSection)
                  80030560    000005a8     ti.drv.qmss.ae66 : qmss_drv.oe66 (.far:local:uninit)
                  80030b08    00000200     (.common:xdc_runtime_LoggerBuf_Instance_State_0_entryArr__A)
                  80030d08    00000200     (.common:xdc_runtime_SysMin_Module_State_0_outbuf__A)
                  80030f08    00000008     (.common:parmbuf)
                  80030f10    00000002                      : qmss_drv.oe66 (.far:local:init)

.const     0    80030f18    00004c1f     
                  80030f18    00002e42     app_pe66.oe66 (.const:xdc_runtime_Text_charTab__A)
                  80033d5a    00000002     app_pe66.oe66 (.const:ti_sdo_ipc_GateMP_Module__id__C)
                  80033d5c    00000518     sysbios.ae66 : BIOS.obj (.const:.string)
                  80034274    00000004     ti.targets.rts6000.ae66 : Assert.oe66 (.const:.string)
                  80034278    00000400     app_pe66.oe66 (.const:ti_sysbios_family_c66_Cache_marvalues__C)
                  80034678    00000184     app_pe66.oe66 (.const:xdc_runtime_Text_nodeTab__A)
                  800347fc    000000c0     app_pe66.oe66 (.const:.string)
                  800348bc    000000b0     qmss_init.obj (.const:.string)
                  8003496c    00000064     main.obj (.const:.string)
                  800349d0    00000058     ti.targets.rts6000.ae66 : Error.oe66 (.const:.string)
                  80034a28    00000054     ipc.ae66 : Ipc.obj (.const:.string)
                  80034a7c    00000044     app_pe66.oe66 (.const:ti_sysbios_knl_Task_Object__PARAMS__C)
                  80034ac0    00000044     app_pe66.oe66 (.const:xdc_runtime_Startup_sfxnTab__A)
                  80034b04    00000040     ti.targets.rts6000.ae66 : Text.oe66 (.const:.string)
                  80034b44    0000003c     app_pe66.oe66 (.const:xdc_runtime_LoggerBuf_Module__FXNS__C)
                  80034b80    00000038     app_pe66.oe66 (.const:ti_sdo_ipc_notifyDrivers_NotifyDriverCirc_Module__FXNS__C)
                  80034bb8    00000034     app_pe66.oe66 (.const:ti_sdo_ipc_GateMP_Object__PARAMS__C)
                  80034bec    00000034     app_pe66.oe66 (.const:ti_sdo_ipc_notifyDrivers_NotifyDriverCirc_Object__PARAMS__C)
                  80034c20    00000030     app_pe66.oe66 (.const:ti_sdo_ipc_heaps_HeapMemMP_Object__PARAMS__C)
                  80034c50    00000030     app_pe66.oe66 (.const:ti_sysbios_family_c64p_Hwi_Object__PARAMS__C)
                  80034c80    0000002c     ti.targets.rts6000.ae66 : Startup.oe66 (.const:.string)
                  80034cac    0000002c     app_pe66.oe66 (.const:ti_sdo_ipc_gates_GateHWSem_Module__FXNS__C)
                  80034cd8    0000002c     app_pe66.oe66 (.const:ti_sdo_ipc_gates_GateMPSupportNull_Module__FXNS__C)
                  80034d04    0000002c     app_pe66.oe66 (.const:ti_sdo_ipc_gates_GatePeterson_Module__FXNS__C)
                  80034d30    0000002c     app_pe66.oe66 (.const:ti_sysbios_hal_Hwi_Object__PARAMS__C)
                  80034d5c    00000028     app_pe66.oe66 (.const:ti_sdo_ipc_heaps_HeapMemMP_Module__FXNS__C)
                  80034d84    00000028     app_pe66.oe66 (.const:ti_sdo_ipc_nsremote_NameServerRemoteNotify_Module__FXNS__C)
                  80034dac    00000028     app_pe66.oe66 (.const:ti_sdo_ipc_transports_TransportShmNotify_Module__FXNS__C)
                  80034dd4    00000028     app_pe66.oe66 (.const:ti_sysbios_heaps_HeapMem_Module__FXNS__C)
                  80034dfc    00000028     app_pe66.oe66 (.const:ti_sysbios_knl_Swi_Object__PARAMS__C)
                  80034e24    00000028     app_pe66.oe66 (.const:xdc_runtime_LoggerBuf_Object__PARAMS__C)
                  80034e4c    00000024     init.obj (.const:.string)
                  80034e70    00000024     app_pe66.oe66 (.const:ti_sdo_ipc_gates_GateHWSem_Object__PARAMS__C)
                  80034e94    00000024     app_pe66.oe66 (.const:ti_sdo_ipc_gates_GateMPSupportNull_Object__PARAMS__C)
                  80034eb8    00000024     app_pe66.oe66 (.const:ti_sdo_ipc_gates_GatePeterson_Object__PARAMS__C)
                  80034edc    00000024     app_pe66.oe66 (.const:ti_sysbios_gates_GateAll_Module__FXNS__C)
                  80034f00    00000024     app_pe66.oe66 (.const:ti_sysbios_gates_GateHwi_Module__FXNS__C)
                  80034f24    00000024     app_pe66.oe66 (.const:ti_sysbios_gates_GateMutexPri_Module__FXNS__C)
                  80034f48    00000024     app_pe66.oe66 (.const:ti_sysbios_gates_GateMutex_Module__FXNS__C)
                  80034f6c    00000024     app_pe66.oe66 (.const:ti_sysbios_gates_GateSwi_Module__FXNS__C)
                  80034f90    00000024     app_pe66.oe66 (.const:ti_sysbios_heaps_HeapMem_Object__PARAMS__C)
                  80034fb4    00000024     app_pe66.oe66 (.const:ti_sysbios_knl_Semaphore_Object__PARAMS__C)
                  80034fd8    00000024     app_pe66.oe66 (.const:ti_sysbios_syncs_SyncSem_Module__FXNS__C)
                  80034ffc    00000024     app_pe66.oe66 (.const:xdc_runtime_GateNull_Module__FXNS__C)
                  80035020    00000024     app_pe66.oe66 (.const:xdc_runtime_knl_GateThread_Module__FXNS__C)
                  80035044    00000004     app_pe66.oe66 (.const:ti_sdo_ipc_GateMP_A_invalidClose__C)
                  80035048    00000022     app_pe66.oe66 (.const:xdc_runtime_Startup_sfxnRts__A)
                  8003506a    00000002     app_pe66.oe66 (.const:ti_sdo_ipc_GateMP_Module__loggerDefined__C)
                  8003506c    00000020     app_pe66.oe66 (.const:ti_sdo_ipc_GateMP_Object__DESC__C)
                  8003508c    00000020     app_pe66.oe66 (.const:ti_sdo_ipc_MessageQ_Object__DESC__C)
                  800350ac    00000020     app_pe66.oe66 (.const:ti_sdo_ipc_MessageQ_Object__PARAMS__C)
                  800350cc    00000020     app_pe66.oe66 (.const:ti_sdo_ipc_Notify_Object__DESC__C)
                  800350ec    00000020     app_pe66.oe66 (.const:ti_sdo_ipc_gates_GateHWSem_Object__DESC__C)
                  8003510c    00000020     app_pe66.oe66 (.const:ti_sdo_ipc_gates_GateMPSupportNull_Object__DESC__C)
                  8003512c    00000020     app_pe66.oe66 (.const:ti_sdo_ipc_gates_GatePeterson_Object__DESC__C)
                  8003514c    00000020     app_pe66.oe66 (.const:ti_sdo_ipc_heaps_HeapMemMP_Object__DESC__C)
                  8003516c    00000020     app_pe66.oe66 (.const:ti_sdo_ipc_notifyDrivers_NotifyDriverCirc_Object__DESC__C)
                  8003518c    00000020     app_pe66.oe66 (.const:ti_sdo_ipc_nsremote_NameServerRemoteNotify_Object__DESC__C)
                  800351ac    00000020     app_pe66.oe66 (.const:ti_sdo_ipc_nsremote_NameServerRemoteNotify_Object__PARAMS__C)
                  800351cc    00000020     app_pe66.oe66 (.const:ti_sdo_ipc_transports_TransportShmNotify_Object__DESC__C)
                  800351ec    00000020     app_pe66.oe66 (.const:ti_sdo_utils_List_Object__DESC__C)
                  8003520c    00000020     app_pe66.oe66 (.const:ti_sysbios_family_c64p_Hwi_Object__DESC__C)
                  8003522c    00000020     app_pe66.oe66 (.const:ti_sysbios_gates_GateAll_Object__DESC__C)
                  8003524c    00000020     app_pe66.oe66 (.const:ti_sysbios_gates_GateHwi_Object__DESC__C)
                  8003526c    00000020     app_pe66.oe66 (.const:ti_sysbios_gates_GateMutexPri_Object__DESC__C)
                  8003528c    00000020     app_pe66.oe66 (.const:ti_sysbios_gates_GateMutex_Object__DESC__C)
                  800352ac    00000020     app_pe66.oe66 (.const:ti_sysbios_gates_GateSwi_Object__DESC__C)
                  800352cc    00000020     app_pe66.oe66 (.const:ti_sysbios_hal_Hwi_Object__DESC__C)
                  800352ec    00000020     app_pe66.oe66 (.const:ti_sysbios_heaps_HeapMem_Object__DESC__C)
                  8003530c    00000020     app_pe66.oe66 (.const:ti_sysbios_knl_Queue_Object__DESC__C)
                  8003532c    00000020     app_pe66.oe66 (.const:ti_sysbios_knl_Semaphore_Object__DESC__C)
                  8003534c    00000020     app_pe66.oe66 (.const:ti_sysbios_knl_Swi_Object__DESC__C)
                  8003536c    00000020     app_pe66.oe66 (.const:ti_sysbios_knl_Task_Object__DESC__C)
                  8003538c    00000020     app_pe66.oe66 (.const:ti_sysbios_syncs_SyncSem_Object__DESC__C)
                  800353ac    00000020     app_pe66.oe66 (.const:ti_sysbios_xdcruntime_GateThreadSupport_Object__DESC__C)
                  800353cc    00000020     app_pe66.oe66 (.const:xdc_runtime_GateNull_Object__DESC__C)
                  800353ec    00000020     app_pe66.oe66 (.const:xdc_runtime_LoggerBuf_Object__DESC__C)
                  8003540c    00000020     app_pe66.oe66 (.const:xdc_runtime_knl_GateThread_Object__DESC__C)
                  8003542c    0000001c     app_pe66.oe66 (.const:ti_sdo_ipc_transports_TransportShmNotify_Object__PARAMS__C)
                  80035448    0000001c     app_pe66.oe66 (.const:ti_sysbios_syncs_SyncSem_Object__PARAMS__C)
                  80035464    00000018     ti.targets.rts6000.ae66 : System.oe66 (.const:.string)
                  8003547c    00000018     app_pe66.oe66 (.const:ti_sdo_ipc_Notify_Object__PARAMS__C)
                  80035494    00000018     app_pe66.oe66 (.const:ti_sdo_utils_List_Object__PARAMS__C)
                  800354ac    00000018     app_pe66.oe66 (.const:ti_sysbios_gates_GateAll_Object__PARAMS__C)
                  800354c4    00000018     app_pe66.oe66 (.const:ti_sysbios_gates_GateHwi_Object__PARAMS__C)
                  800354dc    00000018     app_pe66.oe66 (.const:ti_sysbios_gates_GateMutexPri_Object__PARAMS__C)
                  800354f4    00000018     app_pe66.oe66 (.const:ti_sysbios_gates_GateMutex_Object__PARAMS__C)
                  8003550c    00000018     app_pe66.oe66 (.const:ti_sysbios_gates_GateSwi_Object__PARAMS__C)
                  80035524    00000018     app_pe66.oe66 (.const:ti_sysbios_knl_Queue_Object__PARAMS__C)
                  8003553c    00000018     app_pe66.oe66 (.const:ti_sysbios_xdcruntime_GateThreadSupport_Object__PARAMS__C)
                  80035554    00000018     app_pe66.oe66 (.const:xdc_runtime_GateNull_Object__PARAMS__C)
                  8003556c    00000018     app_pe66.oe66 (.const:xdc_runtime_knl_GateThread_Object__PARAMS__C)
                  80035584    00000004     app_pe66.oe66 (.const:ti_sdo_ipc_GateMP_A_invalidDelete__C)
                  80035588    00000008     ti.drv.qmss.ae66 : qmss_drv.oe66 (.const:qmssQueueFree)
                  80035590    00000008                      : qmss_drv.oe66 (.const:qmssQueueFreeSize)
                  80035598    00000008     app_pe66.oe66 (.const:ti_sdo_utils_MultiProc_nameList__A)
                  800355a0    00000008     app_pe66.oe66 (.const:ti_sysbios_knl_Idle_funcList__C)
                  800355a8    00000008     app_pe66.oe66 (.const:xdc_runtime_Startup_firstFxns__A)
                  800355b0    00000008     app_pe66.oe66 (.const:xdc_runtime_Startup_firstFxns__C)
                  800355b8    00000008     app_pe66.oe66 (.const:xdc_runtime_Startup_lastFxns__C)
                  800355c0    00000004     app_pe66.oe66 (.const:ti_sdo_ipc_GateMP_E_gateUnavailable__C)
[...]
80035a40  xdc_runtime_Error_policy__C                                               
80035a44  xdc_runtime_Error_raiseHook__C                                            
80035a48  xdc_runtime_IFilterLogger_Interface__BASE__C                              
80035a4c  xdc_runtime_IGateProvider_Interface__BASE__C                              
80035a50  xdc_runtime_IHeap_Interface__BASE__C                                      
80035a54  xdc_runtime_ILogger_Interface__BASE__C                                    
80035a58  xdc_runtime_IModule_Interface__BASE__C                                    
80035a5c  xdc_runtime_Log_L_error__C                                                
80035a60  xdc_runtime_LoggerBuf_E_badLevel__C                                       
80035a64  xdc_runtime_LoggerBuf_Module__gateObj__C                                  
80035a68  xdc_runtime_LoggerBuf_Object__count__C                                    
80035a6c  xdc_runtime_LoggerBuf_statusLogger__C                                     
80035a70  xdc_runtime_Memory_defaultHeapInstance__C                                 
80035a74  xdc_runtime_Startup_execImpl__C                                           
80035a78  xdc_runtime_Startup_maxPasses__C                                          
80035a7c  xdc_runtime_Startup_sfxnRts__C                                            
80035a80  xdc_runtime_Startup_sfxnTab__C                                            
80035a84  xdc_runtime_SysMin_bufSize__C                                             
80035a88  xdc_runtime_SysMin_outputFunc__C                                          
80035a8c  xdc_runtime_System_Module__gateObj__C                                     
80035a90  xdc_runtime_System_abortFxn__C                                            
80035a94  xdc_runtime_System_exitFxn__C                                             
80035a98  xdc_runtime_System_extendFxn__C                                           
80035a9c  xdc_runtime_System_maxAtexitHandlers__C                                   
80035aa0  xdc_runtime_Text_charTab__C                                               
80035aa4  xdc_runtime_Text_nameEmpty__C                                             
80035aa8  xdc_runtime_Text_nameStatic__C                                            
80035aac  xdc_runtime_Text_nameUnknown__C                                           
80035ab0  xdc_runtime_Text_nodeTab__C                                               
80035ab4  xdc_runtime_Text_visitRopeFxn__C                                          
80035ab8  xdc_runtime_knl_ISync_Interface__BASE__C                                  
80035abc  ti_sdo_ipc_Ipc_Module__id__C                                              
80035abe  ti_sdo_ipc_Ipc_generateSlaveDataForHost__C                                
80035ac0  ti_sdo_ipc_MessageQ_Module__id__C                                         
80035ac2  ti_sdo_ipc_MessageQ_Module__loggerDefined__C                              
80035ac4  ti_sdo_ipc_Notify_Module__id__C                                           
80035ac6  ti_sdo_ipc_Notify_numLines__C                                             
80035ac8  ti_sdo_ipc_Notify_reservedEvents__C                                       
80035aca  ti_sdo_ipc_SharedRegion_Module__id__C                                     
80035acc  ti_sdo_ipc_SharedRegion_numEntries__C                                     
80035ace  ti_sdo_ipc_SharedRegion_translate__C                                      
80035ad0  ti_sdo_ipc_family_tci663x_Interrupt_Module__id__C                         
80035ad2  ti_sdo_ipc_family_tci663x_Interrupt_enableKick__C                         
80035ad4  ti_sdo_ipc_family_tci663x_NotifyCircSetup_includeHost__C                  
80035ad6  ti_sdo_ipc_gates_GateHWSem_Module__id__C                                  
80035ad8  ti_sdo_ipc_gates_GateMPSupportNull_Module__id__C                          
80035ada  ti_sdo_ipc_gates_GatePeterson_Module__id__C                               
80035adc  ti_sdo_ipc_heaps_HeapMemMP_Module__id__C                                  
80035ade  ti_sdo_ipc_notifyDrivers_NotifyDriverCirc_Module__id__C                   
80035ae0  ti_sdo_ipc_notifyDrivers_NotifyDriverCirc_enableStats__C                  
80035ae2  ti_sdo_ipc_nsremote_NameServerRemoteNotify_Module__id__C                  
80035ae4  ti_sdo_ipc_transports_TransportShmNotify_alwaysWriteBackMsg__C            
80035ae6  ti_sdo_ipc_transports_TransportShmNotify_notifyEventId__C                 
80035ae8  ti_sdo_utils_MultiProc_Module__id__C                                      
80035aea  ti_sdo_utils_MultiProc_numProcessors__C                                   
80035aec  ti_sdo_utils_MultiProc_numProcsInCluster__C                               
80035aee  ti_sdo_utils_NameServer_Module__id__C                                     
80035af0  ti_sysbios_family_c64p_Exception_Module__id__C                            
80035af2  ti_sysbios_family_c64p_Exception_useInternalBuffer__C                     
80035af4  ti_sysbios_family_c64p_Hwi_Module__id__C                                  
80035af6  ti_sysbios_family_c64p_Hwi_Module__loggerDefined__C                       
80035af8  ti_sysbios_family_c66_Cache_Module__id__C                                 
80035afa  ti_sysbios_family_c66_Cache_registerRTSSynch__C                           
80035afc  ti_sysbios_gates_GateMutexPri_Module__id__C                               
80035afe  ti_sysbios_gates_GateMutex_Module__id__C                                  
80035b00  ti_sysbios_gates_GateSwi_Module__id__C                                    
80035b02  ti_sysbios_hal_Hwi_Module__id__C                                          
80035b04  ti_sysbios_heaps_HeapMem_Module__id__C                                    
80035b06  ti_sysbios_knl_Clock_Module__id__C                                        
80035b08  ti_sysbios_knl_Clock_Module__loggerDefined__C                             
80035b0a  ti_sysbios_knl_Semaphore_Module__id__C                                    
80035b0c  ti_sysbios_knl_Semaphore_Module__loggerDefined__C                         
80035b0e  ti_sysbios_knl_Swi_Module__id__C                                          
80035b10  ti_sysbios_knl_Swi_Module__loggerDefined__C                               
80035b12  ti_sysbios_knl_Task_Module__id__C                                         
80035b14  ti_sysbios_knl_Task_Module__loggerDefined__C                              
80035b16  ti_sysbios_syncs_SyncSem_Module__id__C                                    
80035b18  ti_sysbios_timers_timer64_Timer_Module__id__C                             
80035b1a  ti_sysbios_timers_timer64_Timer_startupNeeded__C                          
80035b1c  ti_sysbios_timers_timer64_Timer_useTimer64pRegMap__C                      
80035b1e  xdc_runtime_Core_Module__id__C                                            
80035b20  xdc_runtime_Error_Module__loggerDefined__C                                
80035b22  xdc_runtime_Error_maxDepth__C                                             
80035b24  xdc_runtime_LoggerBuf_Module__id__C                                       
80035b26  xdc_runtime_LoggerBuf_filterByLevel__C                                    
80035b28  xdc_runtime_Main_Module__id__C                                            
80035b2a  xdc_runtime_Memory_Module__id__C                                          
80035b2c  xdc_runtime_SysMin_flushAtExit__C                                         
80035b2e  xdc_runtime_Text_charCnt__C                                               
80035b30  xdc_runtime_Text_isLoaded__C                                              
80035b32  xdc_runtime_Text_registryModsLastId__C                                    
80035b34  xdc_runtime_Text_unnamedModsLastId__C                                     
80035b36  ti_sysbios_timers_timer64_Timer_localTimerBaseId__C                       
80035b38  cppiGblCPDMACfgParams                                                     
80036510  ti_sdo_ipc_GateMP_Module_State_0_remoteCustom1Gates__A                    
80036d10  GlobalQmGroup0                                                            
80037054  qmssGblCfgParams                                                          
80037324  _lock                                                                     
80037328  GlobalQmGroup1                                                            
80037564  _unlock                                                                   
80037568  ti_sysbios_timers_timer64_Timer_Module_State_0_device__A                  
800376e8  ti_sdo_utils_NameServer_Object__table__V                                  
8003779c  ti_sdo_ipc_SharedRegion_Module__state__V                                  
800377a0  ti_sdo_ipc_SharedRegion_Module_State_0_regions__A                         
80037830  ti_sdo_ipc_GateMP_Module_State_0_remoteSystemGates__A                     
800378b0  ti_sysbios_knl_Swi_Module_State_0_readyQ__A                               
80037930  ti_sysbios_knl_Task_Module_State_0_readyQ__A                              
800379b0  ti_sysbios_timers_timer64_Timer_Module_State_0_gctrl__A                   
80037a30  ti_sysbios_timers_timer64_Timer_Module_State_0_handles__A                 
80037ab0  ti_sysbios_timers_timer64_Timer_Module_State_0_intFreqs__A                
80037b30  ti_sysbios_family_c64p_Hwi_Module__state__V                               
80037b9c  ti_sdo_ipc_MessageQ_Module__state__V                                      
80037c04  ti_sdo_ipc_heaps_HeapMemMP_Module__state__V                               
80037c08  ti_sysbios_knl_Task_Object__table__V                                      
80037c64  ti_sdo_ipc_GateMP_Module__state__V                                        
80037cb4  ti_sdo_ipc_transports_TransportShmNotifySetup_Module__state__V            
80037cb8  ti_sysbios_timers_timer64_Timer_Object__table__V                          
80037d08  ti_sysbios_knl_Task_Module__state__V                                      
80037d50  ti_sysbios_gates_GateMutex_Object__table__V                               
80037d90  ti_sysbios_family_c64p_Exception_Module__state__V                         
80037dc0  ti_sysbios_knl_Swi_Object__table__V                                       
80037df0  ti_sysbios_knl_Clock_Module__state__V                                     
80037e1c  xdc_runtime_Memory_Module__state__V                                       
80037e20  ti_sdo_ipc_Ipc_Module_State_0_procEntry__A                                
80037e48  ti_sysbios_BIOS_Module__state__V                                          
80037e6c  xdc_runtime_Error_Module__state__V                                        
80037e70  xdc_runtime_LoggerBuf_Object__table__V                                    
80037e98  ti_sdo_ipc_MessageQ_Module_State_0_heaps__A                               
80037eb8  xdc_runtime_Error_IgnoreBlock                                             
80037ed8  ti_sysbios_knl_Swi_Module__state__V                                       
80037ef8  ti_sysbios_family_c64p_Hwi_Object__table__V                               
80037f10  ti_sysbios_gates_GateMutexPri_Object__table__V                            
80037f28  ti_sysbios_heaps_HeapMem_Object__table__V                                 
80037f40  ti_sysbios_timers_timer64_Timer_Module__state__V                          
80037f58  cppiGblCfgParams                                                          
80037f6c  cppiLObj                                                                  
80037f80  ti_sdo_ipc_family_tci663x_Interrupt_Module__state__V                      
80037f98  ti_sdo_ipc_MessageQ_Module_State_0_transports__A                          
80037fa8  ti_sdo_ipc_family_tci663x_Interrupt_Module_State_0_clientTab__A           
80037fb8  ti_sdo_ipc_family_tci663x_Interrupt_Module_State_0_hwTab__A               
80037fc8  ti_sysbios_gates_GateAll_Object__table__V                                 
80037fd8  xdc_runtime_System_Module_State_0_atexitHandlers__A                       
80037fe8  __TI_cleanup_ptr                                                          
80037fec  __TI_dtors_ptr                                                            
80037ff0  __TI_enable_exit_profile_output                                           
80037ff4  ti_sdo_ipc_Ipc_Module__state__V                                           
80038000  ti_sdo_utils_NameServer_Module__state__V                                  
80038010  ti_sysbios_gates_GateSwi_Object__table__V                                 
8003801c  xdc_runtime_SysMin_Module__state__V                                       
80038028  ti_sdo_ipc_GateMP_Module__root__V                                         
80038030  ti_sdo_ipc_MessageQ_Module__root__V                                       
80038038  ti_sdo_ipc_Notify_Module_State_0_notifyHandles__A                         
80038040  ti_sdo_ipc_Notify_Module__root__V                                         
80038048  ti_sdo_ipc_Notify_Module__state__V                                        
80038050  ti_sdo_ipc_gates_GateHWSem_Module__root__V                                
80038058  ti_sdo_ipc_gates_GateMPSupportNull_Module__root__V                        
80038060  ti_sdo_ipc_gates_GatePeterson_Module__root__V                             
80038068  ti_sdo_ipc_heaps_HeapMemMP_Module__root__V                                
80038070  ti_sdo_ipc_notifyDrivers_NotifyDriverCirc_Module__root__V                 
80038078  ti_sdo_ipc_nsremote_NameServerRemoteNotify_Module__root__V                
80038080  ti_sdo_ipc_transports_TransportShmNotifySetup_Module_State_0_handles__A   
80038088  ti_sdo_ipc_transports_TransportShmNotify_Module__root__V                  
80038090  ti_sdo_utils_List_Module__root__V                                         
80038098  ti_sdo_utils_MultiProc_Module__state__V                                   
800380a0  ti_sdo_utils_NameServer_Module_State_0_nsRemoteHandle__A                  
800380a8  ti_sdo_utils_NameServer_Module__root__V                                   
800380b0  ti_sysbios_family_c64p_Hwi_Module__root__V                                
800380b8  ti_sysbios_gates_GateAll_Module__root__V                                  
800380c0  ti_sysbios_gates_GateHwi_Module__root__V                                  
800380c8  ti_sysbios_gates_GateMutexPri_Module__root__V                             
800380d0  ti_sysbios_gates_GateMutex_Module__root__V                                
800380d8  ti_sysbios_gates_GateSwi_Module__root__V                                  
800380e0  ti_sysbios_hal_Hwi_Module__root__V                                        
800380e8  ti_sysbios_hal_Hwi_Object__table__V                                       
800380f0  ti_sysbios_heaps_HeapMem_Module__root__V                                  
800380f8  ti_sysbios_knl_Queue_Module__root__V                                      
80038100  ti_sysbios_knl_Semaphore_Module__root__V                                  
80038108  ti_sysbios_knl_Swi_Module__root__V                                        
80038110  ti_sysbios_knl_Task_Module__root__V                                       
80038118  ti_sysbios_syncs_SyncSem_Module__root__V                                  
80038120  ti_sysbios_xdcruntime_GateThreadSupport_Module__root__V                   
80038128  xdc_runtime_GateNull_Module__root__V                                      
80038130  xdc_runtime_LoggerBuf_Module__root__V                                     
80038138  xdc_runtime_Registry_Module__state__V                                     
80038140  xdc_runtime_Startup_Module__state__V                                      
80038148  xdc_runtime_System_Module__state__V                                       
80038150  xdc_runtime_knl_GateThread_Module__root__V                                
80038158  xdc_runtime_LoggerBuf_Module__state__V                                    
80038160  ti_sdo_ipc_Notify_Module_State_0_notifyHandles_0__A                       
80038168  ti_sdo_ipc_Notify_Module_State_0_notifyHandles_1__A                       
80038170  ti_sdo_utils_MultiProc_Module_State_0_clusterProcList__A                  
80038178  ti_sysbios_gates_GateHwi_Object__table__V                                 
80038180  ti_sysbios_knl_Task_Module_State_0_idleTask__A                            
80038188  xdc_runtime_GateNull_Object__table__V                                     
80038190  __CIOBUF_                                                                 
800382b0  Ipc_sr0MemorySetup                                                        
800382b0  __TI_STATIC_BASE                                                          
800382b4  core_id                                                                   
800382b8  qmssMallocCounter                                                         
800382bc  qmssFreeCounter                                                           
800382c0  cppiMallocCounter                                                         
800382c4  cppiFreeCounter                                                           
800382c8  rmMallocCounter                                                           
800382cc  rmFreeCounter                                                             
80038400  ti_sysbios_family_c64p_Hwi0                                               
80038400  ti_sysbios_family_c64p_Hwi_int0                                           
80038420  ti_sysbios_family_c64p_Hwi_int1                                           
80038440  ti_sysbios_family_c64p_Hwi_int2                                           
80038460  ti_sysbios_family_c64p_Hwi_int3                                           
80038480  ti_sysbios_family_c64p_Hwi_int4                                           
800384a0  ti_sysbios_family_c64p_Hwi_int5                                           
800384c0  ti_sysbios_family_c64p_Hwi_int6                                           
800384e0  ti_sysbios_family_c64p_Hwi_int7                                           
80038500  ti_sysbios_family_c64p_Hwi_int8                                           
80038520  ti_sysbios_family_c64p_Hwi_int9                                           
80038540  ti_sysbios_family_c64p_Hwi_int10                                          
80038560  ti_sysbios_family_c64p_Hwi_int11                                          
80038580  ti_sysbios_family_c64p_Hwi_int12                                          
800385a0  ti_sysbios_family_c64p_Hwi_int13                                          
800385c0  ti_sysbios_family_c64p_Hwi_int14                                          
800385e0  ti_sysbios_family_c64p_Hwi_int15                                          
800399ac  __TI_Handler_Table_Base                                                   
800399b4  __TI_Handler_Table_Limit                                                  
800399b8  __TI_CINIT_Base                                                           
800399e8  __TI_CINIT_Limit                                                          
ffffffff  __TI_pprof_out_hndl                                                       
ffffffff  __TI_prof_data_size                                                       
ffffffff  __TI_prof_data_start                                                      
ffffffff  __binit__                                                                 
ffffffff  __c_args__                                                                
ffffffff  binit                                                                     
UNDEFED   __TI_INITARRAY_Base                                                       
UNDEFED   __TI_INITARRAY_Limit                                                      
UNDEFED   __TI_TLS_INIT_Base                                                        
UNDEFED   __TI_TLS_INIT_Limit                                                       

[1371 symbols]
