******************************************************************************
               TMS320C6x Linker PC v8.3.3                      
******************************************************************************
>> Linked Fri May 17 15:56:04 2019

OUTPUT FILE NAME:   <basic-platform.out>
ENTRY POINT SYMBOL: "_c_int00"  address: 80022e40


MEMORY CONFIGURATION

         name            origin    length      used     unused   attr    fill
----------------------  --------  ---------  --------  --------  ----  --------
  L2SRAM                00800000   00100000  0000a088  000f5f78  RW X
  MSMCSRAM              0c000000   00600000  00207802  003f87fe  RW X
  DDR                   80000000   08000000  00043bc8  07fbc438  RW X
  CORE1DDR              88000000   08000000  00000000  08000000  R  X


SEGMENT ALLOCATION MAP

run origin  load origin   length   init length attrs members
----------  ----------- ---------- ----------- ----- -------
00800000    00800000    0000a088   00000000    rw-
  00800000    00800000    00006088   00000000    rw- .L2RAM
  00806088    00806088    00004000   00000000    rw- .stack
0c200000    0c200000    00006882   00000000    rw-
  0c200000    0c200000    00006882   00000000    rw- .qmss
0c206900    0c206900    00000f80   00000000    rw-
  0c206900    0c206900    00000f80   00000000    rw- .cppi
80000000    80000000    00029740   00029740    r-x
  80000000    80000000    00029740   00029740    r-x .text
80029740    80029740    000111d2   00000000    rw-
  80029740    80029740    000111d2   00000000    rw- .far
8003a918    8003a918    00004fac   00004fac    r--
  8003a918    8003a918    00004fac   00004fac    r-- .const
8003f8c8    8003f8c8    00002c78   00000000    rw-
  8003f8c8    8003f8c8    00002b54   00000000    rw- .fardata
  80042420    80042420    00000120   00000000    rw- .cio
80042540    80042540    00000048   00000048    r--
  80042540    80042540    00000048   00000048    r-- .switch
80042588    80042588    00000038   00000000    rw-
  80042588    80042588    0000001c   00000000    rw- .bss
  800425a4    800425a4    0000001c   00000000    rw- .neardata
800425c0    800425c0    00000006   00000000    r--
  800425c0    800425c0    00000006   00000000    r-- .rodata
80042800    80042800    00001610   00001610    r-x
  80042800    80042800    00000200   00000200    r-x .vecs
  80042a00    80042a00    00001410   00001410    r-- .cinit


SECTION ALLOCATION MAP

 output                                  attributes/
section   page    origin      length       input sections
--------  ----  ----------  ----------   ----------------
ti.sdo.ipc.SharedRegion_0 
*          0    0c000000    00200000     NOLOAD SECTION
                  0c000000    00200000     --HOLE--

.L2RAM     0    00800000    00006088     UNINITIALIZED
                  00800000    00006000     qmss_init.obj (.L2RAM:uninit)
                  00806000    00000070     core_2_core_interface.obj (.L2RAM)
                  00806070    00000018     qmss_init.obj (.L2RAM:init)

.stack     0    00806088    00004000     UNINITIALIZED
                  00806088    00000008     boot.ae66 : boot.oe66 (.stack)
                  00806090    00003ff8     --HOLE--

.bss       0    80042588    0000001c     UNINITIALIZED
                  80042588    00000004     (.common:Ipc_sr0MemorySetup)
                  8004258c    00000004     (.common:cppiHnd)
                  80042590    00000004     (.common:freeQueHnd)
                  80042594    00000004     (.common:rxChHnd)
                  80042598    00000004     (.common:rx_flowhnd)
                  8004259c    00000004     (.common:txChHnd)
                  800425a0    00000004     (.common:txQueHnd)

.neardata 
*          0    800425a4    0000001c     UNINITIALIZED
                  800425a4    00000018     qmss_osal.obj (.neardata)
                  800425bc    00000004     main.obj (.neardata)

.rodata    0    800425c0    00000006     UNINITIALIZED
                  800425c0    00000006     main.obj (.rodata)

.cinit     0    80042a00    00001410     
                  80042a00    00001372     (.cinit..fardata.load) [load image, compression = rle]
                  80043d72    0000000d     (.cinit..far.load) [load image, compression = rle]
                  80043d7f    0000000c     (.cinit..neardata.load) [load image, compression = rle]
                  80043d8b    0000000c     (.cinit..rodata.load) [load image, compression = rle]
                  80043d97    0000000b     (.cinit..L2RAM.load) [load image, compression = rle]
                  80043da2    0000000b     (.cinit..cppi.load) [load image, compression = rle]
                  80043dad    0000000b     (.cinit..qmss.load) [load image, compression = rle]
                  80043db8    00000009     (.cinit..bss.load) [load image, compression = rle]
                  80043dc1    00000003     --HOLE-- [fill = 0]
                  80043dc4    00000008     (__TI_handler_table)
                  80043dcc    00000004     --HOLE-- [fill = 0]
                  80043dd0    00000040     (__TI_cinit_table)

.init_array 
*          0    80000000    00000000     UNINITIALIZED

.qmss      0    0c200000    00006882     UNINITIALIZED
                  0c200000    00006880     ti.drv.qmss.ae66 : qmss_drv.oe66 (.qmss:uninit)
                  0c206880    00000002                      : qmss_drv.oe66 (.qmss:init)

.cppi      0    0c206900    00000f80     UNINITIALIZED
                  0c206900    00000f80     ti.drv.cppi.ae66 : cppi_drv.oe66 (.cppi)

.vecs      0    80042800    00000200     
                  80042800    00000200     app_pe66.oe66 (.vecs)

xdc.meta   0    80000000    000000e8     COPY SECTION
                  80000000    000000e8     app_pe66.oe66 (xdc.meta)

.text      0    80000000    00029740     
                  80000000    00001fe0     rts6600_elf.lib : _printfi.c.obj (.text:__TI_printfi)
                  80001fe0    00000ea0     ti.drv.qmss.ae66 : qmss_drv.oe66 (.text:Qmss_insertMemoryRegionSubSys)
                  80002e80    00000ce0     qmss_init.obj (.text)
                  80003b60    00000ca0     core_2_core_interface.obj (.text)
                  80004800    00000c60     ipc.ae66 : Ipc.obj (.text:ti_sdo_ipc_GateMP_Instance_init__E)
                  80005460    00000980     ti.drv.qmss.ae66 : qmss_drv.oe66 (.text:Qmss_initSubSys)
                  80005de0    000008c0                      : qmss_drv.oe66 (.text:Qmss_internalQueueOpen)
                  800066a0    000008a0     ti.targets.rts6000.ae66 : System.oe66 (.text:xdc_runtime_System_doPrint__I)
                  80006f40    00000780     sysbios.ae66 : BIOS.obj (.text:ti_sysbios_family_c64p_Exception_handler__I)
                  800076c0    00000740     ipc.ae66 : Ipc.obj (.text:MessageQ_put)
                  80007e00    00000740     sysbios.ae66 : BIOS.obj (.text:ti_sysbios_knl_Semaphore_pend__E)
                  80008540    00000720     ti.drv.cppi.ae66 : cppi_drv.oe66 (.text:Cppi_configureRxFlow)
                  80008c60    00000700     sysbios.ae66 : BIOS.obj (.text:ti_sysbios_timers_timer64_Timer_Module_startup__E)
                  80009360    000006c0     qmss_osal.obj (.text)
                  80009a20    00000640     ipc.ae66 : Ipc.obj (.text:Ipc_attach)
                  8000a060    00000640     rts6600_elf.lib : _printfi.c.obj (.text:_pconv_a)
                  8000a6a0    00000620     ipc.ae66 : Ipc.obj (.text:ti_sdo_ipc_heaps_HeapMemMP_alloc__E)
                  8000acc0    00000620     sysbios.ae66 : BIOS.obj (.text:ti_sysbios_heaps_HeapMem_allocUnprotected__E)
                  8000b2e0    00000600     rts6600_elf.lib : divd.c.obj (.text:__c6xabi_divd)
                  8000b8e0    00000600     ipc.ae66 : Ipc.obj (.text:ti_sdo_ipc_GateMP_setRegion0Reserved__F)
                  8000bee0    000005c0     ti.drv.cppi.ae66 : cppi_drv.oe66 (.text:Cppi_txChannelOpenWithHwCfg)
                  8000c4a0    000005c0     sysbios.ae66 : BIOS.obj (.text:ti_sysbios_heaps_HeapMem_freeUnprotected__E)
                  8000ca60    000005a0     ipc.ae66 : Ipc.obj (.text:ti_sdo_ipc_nsremote_NameServerRemoteNotify_Instance_init__E)
                  8000d000    00000560              : Ipc.obj (.text:ti_sdo_ipc_GateMP_Instance_finalize__E)
                  8000d560    00000540     ti.drv.cppi.ae66 : cppi_drv.oe66 (.text:Cppi_rxChannelOpen)
                  8000daa0    00000540     ipc.ae66 : Ipc.obj (.text:ti_sdo_ipc_heaps_HeapMemMP_free__E)
                  8000dfe0    00000500     sysbios.ae66 : BIOS.obj (.text:ti_sysbios_knl_Task_Instance_finalize__E)
                  8000e4e0    000004c0     ipc.ae66 : Ipc.obj (.text:ti_sdo_ipc_heaps_HeapMemMP_Instance_init__E)
                  8000e9a0    00000480     ti.drv.cppi.ae66 : cppi_drv.oe66 (.text:Cppi_init)
                  8000ee20    00000480                      : cppi_desc.oe66 (.text:Cppi_initDescriptorSubSys)
                  8000f2a0    00000480     ipc.ae66 : Ipc.obj (.text:NameServer_add)
                  8000f720    00000480     sysbios.ae66 : BIOS.obj (.text:ti_sysbios_gates_GateMutexPri_enter__E)
                  8000fba0    00000460                  : BIOS.obj (.text:ti_sysbios_knl_Task_sleep__E)
                  80010000    00000440     rts6600_elf.lib : _printfi.c.obj (.text:_pconv_g)
                  80010440    00000420     ipc.ae66 : Ipc.obj (.text:Notify_sendEvent)
                  80010860    00000420     sysbios.ae66 : BIOS.obj (.text:ti_sysbios_knl_Task_setPri__E)
                  80010c80    00000400     ipc.ae66 : Ipc.obj (.text:Notify_registerEventSingle)
                  80011080    00000400              : Ipc.obj (.text:ti_sdo_ipc_nsremote_NameServerRemoteNotify_get__F)
                  80011480    000003e0              : Ipc.obj (.text:Notify_unregisterEventSingle)
                  80011860    000003e0              : Ipc.obj (.text:ti_sdo_ipc_MessageQ_Instance_init__E)
                  80011c40    000003c0     sysbios.ae66 : BIOS.obj (.text:ti_sysbios_knl_Task_Instance_init__E)
                  80012000    000003a0                  : BIOS.obj (.text:ti_sysbios_family_c66_Cache_startup__I)
                  800123a0    00000340     ipc.ae66 : Ipc.obj (.text:ti_sdo_ipc_gates_GatePeterson_Instance_init__E)
                  800126e0    00000340              : Ipc.obj (.text:ti_sdo_ipc_notifyDrivers_NotifyDriverCirc_Instance_init__E)
                  80012a20    00000320     sysbios.ae66 : BIOS.obj (.text:ti_sysbios_timers_timer64_Timer_deviceConfig__I)
                  80012d40    00000300     ti.drv.cppi.ae66 : cppi_drv.oe66 (.text:Cppi_open)
                  80013040    00000300     ipc.ae66 : Ipc.obj (.text:ti_sdo_ipc_Notify_Instance_init__E)
                  80013340    00000300     sysbios.ae66 : BIOS.obj (.text:ti_sysbios_knl_Task_Module_startup__E)
                  80013640    000002e0     ti.drv.qmss.ae66 : qmss_drv.oe66 (.text:Qmss_internalRmStartIndex)
                  80013920    000002e0     ipc.ae66 : Ipc.obj (.text:ti_sdo_ipc_SharedRegion_reserveMemory__F)
                  80013c00    000002e0     sysbios.ae66 : BIOS.obj (.text:ti_sysbios_heaps_HeapMem_Instance_init__E)
                  80013ee0    000002c0     rts6600_elf.lib : _printfi.c.obj (.text:fcvt)
                  800141a0    000002c0     ipc.ae66 : Ipc.obj (.text:ti_sdo_ipc_heaps_HeapMemMP_postInit__I)
                  80014460    000002c0     sysbios.ae66 : BIOS.obj (.text:ti_sysbios_knl_Clock_workFunc__E)
                  80014720    000002c0     ti.targets.rts6000.ae66 : LoggerBuf.oe66 (.text:xdc_runtime_LoggerBuf_write8__E)
                  800149e0    000002a0     rts6600_elf.lib : _printfi.c.obj (.text:_pconv_e)
                  80014c80    000002a0     ipc.ae66 : Ipc.obj (.text:ti_sdo_ipc_MessageQ_registerTransport__F)
                  80014f20    000002a0              : Ipc.obj (.text:ti_sdo_ipc_MessageQ_unregisterTransport__F)
                  800151c0    000002a0              : Ipc.obj (.text:ti_sdo_ipc_family_tci663x_Interrupt_Module_startup__E)
                  80015460    000002a0              : Ipc.obj (.text:ti_sdo_utils_NameServer_registerRemoteDriver__E)
                  80015700    000002a0              : Ipc.obj (.text:ti_sdo_utils_NameServer_unregisterRemoteDriver__E)
                  800159a0    00000280              : Ipc.obj (.text:ti_sdo_ipc_notifyDrivers_NotifyDriverCirc_isr__I)
                  80015c20    00000280              : Ipc.obj (.text:ti_sdo_utils_NameServer_isRegistered__E)
                  80015ea0    00000280     sysbios.ae66 : BIOS.obj (.text:ti_sysbios_family_c64p_Hwi_reconfig__E)
                  80016120    00000260                  : BIOS.obj (.text:ti_sysbios_family_c64p_Hwi_dispatchCore__I)
                  80016380    00000260                  : BIOS.obj (.text:ti_sysbios_knl_Semaphore_post__E)
                  800165e0    00000260     ti.targets.rts6000.ae66 : Startup.oe66 (.text:xdc_runtime_Startup_startMods__I)
                  80016840    00000240     rts6600_elf.lib : imath64.c.obj (.text:__c6xabi_divull)
                  80016a80    00000240     sysbios.ae66 : BIOS.obj (.text:ti_sysbios_family_c64p_Exception_internalHandler__I)
                  80016cc0    00000240     ti.targets.rts6000.ae66 : Core-mem.oe66 (.text:xdc_runtime_Core_createObject__I)
                  80016f00    00000240     app_pe66.oe66 (.text:xdc_runtime_System_printfExtend__I)
                  80017140    00000220     ipc.ae66 : Ipc.obj (.text:SharedRegion_getPtr)
                  80017360    00000220              : Ipc.obj (.text:SharedRegion_getSRPtr)
                  80017580    00000220     sysbios.ae66 : BIOS.obj (.text:ti_sysbios_knl_Swi_run__I)
                  800177a0    00000220                  : BIOS.obj (.text:ti_sysbios_timers_timer64_Timer_setPeriodMicroSecs__E)
                  800179c0    00000200     ipc.ae66 : Ipc.obj (.text:GateMP_openByAddr)
                  80017bc0    00000200              : Ipc.obj (.text:HeapMemMP_sharedMemReq)
                  80017dc0    00000200              : Ipc.obj (.text:Ipc_start)
                  80017fc0    00000200              : Ipc.obj (.text:SharedRegion_getEntry)
                  800181c0    00000200     sysbios.ae66 : c64p_Hwi_disp_always.obj (.text:_ti_sysbios_family_c64p_Hwi_dispatchAlways)
                  800183c0    00000200     ti.drv.cppi.ae66 : cppi_heap.oe66 (.text:cppi_internal_heap_add)
                  800185c0    00000200     ipc.ae66 : Ipc.obj (.text:ti_sdo_ipc_SharedRegion_start__F)
                  800187c0    00000200              : Ipc.obj (.text:ti_sdo_ipc_nsremote_NameServerRemoteNotify_swiFxnRequest__I)
                  800189c0    00000200     ti.targets.rts6000.ae66 : Error.oe66 (.text:xdc_runtime_Error_policyDefault__E)
                  80018bc0    000001e0     ipc.ae66 : Ipc.obj (.text:GateMP_sharedMemReq)
                  80018da0    000001e0     ti.drv.qmss.ae66 : qmss_drv.oe66 (.text:Qmss_internaldownloadFirmware)
                  80018f80    000001e0     sysbios.ae66 : BIOS.obj (.text:ti_sysbios_gates_GateMutex_enter__E)
                  80019160    000001e0     ti.targets.rts6000.ae66 : LoggerBuf.oe66 (.text:xdc_runtime_LoggerBuf_write4__E)
                  80019340    000001e0                             : Text.oe66 (.text:xdc_runtime_Text_putSite__E)
                  80019520    000001c0     rts6600_elf.lib : imath40.c.obj (.text:__c6xabi_divul)
                  800196e0    000001c0                     : _printfi.c.obj (.text:_ltostr)
                  800198a0    000001c0                     : ldexp.c.obj (.text:ldexp)
                  80019a60    000001c0     ipc.ae66 : Ipc.obj (.text:ti_sdo_ipc_Ipc_procSyncStart__I)
                  80019c20    000001c0     sysbios.ae66 : BIOS.obj (.text:ti_sysbios_knl_Task_checkStacks__E)
                  80019de0    000001c0                  : BIOS.obj (.text:ti_sysbios_timers_timer64_Timer_getFreq__E)
                  80019fa0    000001c0                  : BIOS.obj (.text:ti_sysbios_timers_timer64_Timer_start__E)
                  8001a160    000001a0     ipc.ae66 : Ipc.obj (.text:GateMP_enter)
                  8001a300    000001a0              : Ipc.obj (.text:GateMP_leave)
                  8001a4a0    000001a0              : Ipc.obj (.text:MultiProc_getId)
                  8001a640    000001a0              : Ipc.obj (.text:NameServer_getLocal)
                  8001a7e0    000001a0     rts6600_elf.lib : frexp.c.obj (.text:frexp)
                  8001a980    000001a0     ipc.ae66 : Ipc.obj (.text:ti_sdo_ipc_notifyDrivers_NotifyDriverCirc_sendEvent__E)
                  8001ab20    000001a0     sysbios.ae66 : BIOS.obj (.text:ti_sysbios_family_c66_Cache_block__I)
                  8001acc0    000001a0                  : BIOS.obj (.text:ti_sysbios_family_c66_Cache_getL2InitSize__I)
                  8001ae60    000001a0                  : BIOS.obj (.text:ti_sysbios_knl_Task_schedule__I)
                  8001b000    000001a0     ti.targets.rts6000.ae66 : Core-smem.oe66 (.text:xdc_runtime_Core_constructObject__I)
                  8001b1a0    00000180     ipc.ae66 : Ipc.obj (.text:MessageQ_get)
                  8001b320    00000180              : Ipc.obj (.text:NameServer_getHandle)
                  8001b4a0    00000180     sysbios.ae66 : c64p_Exception_asm.obj (.text)
                  8001b620    00000180     ipc.ae66 : Ipc.obj (.text:ti_sdo_ipc_GateMP_attach__F)
                  8001b7a0    00000180     sysbios.ae66 : BIOS.obj (.text:ti_sysbios_knl_Swi_Instance_init__E)
                  8001b920    00000180                  : BIOS.obj (.text:ti_sysbios_knl_Task_exit__E)
                  8001baa0    00000180                  : BIOS.obj (.text:ti_sysbios_knl_Task_startCore__E)
                  8001bc20    00000180                  : BIOS.obj (.text:ti_sysbios_syncs_SyncSem_Instance_init__E)
                  8001bda0    00000160     main.obj (.text)
                  8001bf00    00000160     ipc.ae66 : Ipc.obj (.text:ti_sdo_ipc_GateMP_openRegion0Reserved__F)
                  8001c060    00000160              : Ipc.obj (.text:ti_sdo_ipc_MessageQ_Instance_finalize__E)
                  8001c1c0    00000160              : Ipc.obj (.text:ti_sdo_ipc_notifyDrivers_NotifyDriverCirc_sharedMemReq__F)
                  8001c320    00000160     sysbios.ae66 : BIOS.obj (.text:ti_sysbios_family_c64p_Hwi_Module_startup__E)
                  8001c480    00000160                  : BIOS.obj (.text:ti_sysbios_knl_Swi_post__E)
                  8001c5e0    00000160     ti.targets.rts6000.ae66 : Text.oe66 (.text:xdc_runtime_Text_putMod__E)
                  8001c740    00000140     ipc.ae66 : Ipc.obj (.text:MessageQ_create)
                  8001c880    00000140              : Ipc.obj (.text:Notify_intLineRegistered)
                  8001c9c0    00000140     ti.drv.qmss.ae66 : qmss_drv.oe66 (.text:Qmss_rmServiceGroups)
                  8001cb00    00000140                      : qmss_drv.oe66 (.text:Qmss_startSubSysCfg)
                  8001cc40    00000140     ipc.ae66 : Ipc.obj (.text:SharedRegion_getCacheLineSize)
                  8001cd80    00000140              : Ipc.obj (.text:SharedRegion_getHeap)
                  8001cec0    00000140              : Ipc.obj (.text:SharedRegion_isCacheEnabled)
                  8001d000    00000140              : Ipc.obj (.text:ti_sdo_ipc_GateMP_createLocal__F)
                  8001d140    00000140              : Ipc.obj (.text:ti_sdo_ipc_GateMP_getFreeResource__I)
                  8001d280    00000140              : Ipc.obj (.text:ti_sdo_ipc_gates_GatePeterson_enter__E)
                  8001d3c0    00000140              : Ipc.obj (.text:ti_sdo_ipc_nsremote_NameServerRemoteNotify_attach__E)
                  8001d500    00000140              : Ipc.obj (.text:ti_sdo_ipc_nsremote_NameServerRemoteNotify_cbFxn__I)
                  8001d640    00000140     sysbios.ae66 : BIOS.obj (.text:ti_sysbios_gates_GateSwi_enter__E)
                  8001d780    00000140                  : BIOS.obj (.text:ti_sysbios_knl_Semaphore_Instance_init__E)
                  8001d8c0    00000140                  : BIOS.obj (.text:ti_sysbios_knl_Task_blockI__E)
                  8001da00    00000140                  : BIOS.obj (.text:ti_sysbios_knl_Task_postInit__I)
                  8001db40    00000140     ti.targets.rts6000.ae66 : Core-mem.oe66 (.text:xdc_runtime_Core_deleteObject__I)
                  8001dc80    00000140                             : LoggerBuf.oe66 (.text:xdc_runtime_LoggerBuf_setFilterLevel__E)
                  8001ddc0    00000140                             : Text.oe66 (.text:xdc_runtime_Text_putLab__E)
                  8001df00    00000120     ipc.ae66 : Ipc.obj (.text:GateMP_close)
                  8001e020    00000120              : Ipc.obj (.text:MultiProc_getName)
                  8001e140    00000120     ti.drv.qmss.ae66 : qmss_drv.oe66 (.text:Qmss_rmService)
                  8001e260    00000120     boot.ae66 : autoinit.oe66 (.text:_auto_init_elf)
                  8001e380    00000120     rts6600_elf.lib : _printfi.c.obj (.text:_pconv_f)
                  8001e4a0    00000120     ti.drv.cppi.ae66 : cppi_drv.oe66 (.text:cppiRmService)
                  8001e5c0    00000120     ipc.ae66 : Ipc.obj (.text:ti_sdo_ipc_Notify_Module_startup__E)
                  8001e6e0    00000120     app_pe66.oe66 (.text:ti_sdo_ipc_Notify_create)
                  8001e800    00000120     ipc.ae66 : Ipc.obj (.text:ti_sdo_ipc_gates_GateHWSem_Instance_init__E)
                  8001e920    00000120              : Ipc.obj (.text:ti_sdo_utils_NameServer_removeLocal__I)
                  8001ea40    00000120     sysbios.ae66 : BIOS.obj (.text:ti_sysbios_family_c64p_Hwi_Instance_init__E)
                  8001eb60    00000120                  : BIOS.obj (.text:ti_sysbios_knl_Swi_restoreHwi__E)
                  8001ec80    00000120     ti.targets.rts6000.ae66 : LoggerBuf.oe66 (.text:xdc_runtime_LoggerBuf_getFilterLevel__E)
                  8001eda0    00000100     rts6600_elf.lib : copy_decompress_rle.c.obj (.text:__TI_decompress_rle_core)
                  8001eea0    00000100                     : _printfi.c.obj (.text:_mcpy)
                  8001efa0    00000100                     : atoi.c.obj (.text:atoi)
                  8001f0a0    00000100     ipc.ae66 : Ipc.obj (.text:ti_sdo_ipc_Ipc_procSyncFinish__I)
                  8001f1a0    00000100              : Ipc.obj (.text:ti_sdo_ipc_Notify_exec__F)
                  8001f2a0    00000100              : Ipc.obj (.text:ti_sdo_ipc_SharedRegion_attach__F)
                  8001f3a0    00000100              : Ipc.obj (.text:ti_sdo_ipc_family_tci663x_Interrupt_isr__I)
                  8001f4a0    00000100              : Ipc.obj (.text:ti_sdo_ipc_gates_GateHWSem_enter__E)
                  8001f5a0    00000100              : Ipc.obj (.text:ti_sdo_ipc_heaps_HeapMemMP_getStats__E)
                  8001f6a0    00000100     sysbios.ae66 : BIOS.obj (.text:ti_sysbios_family_c64p_Hwi_Instance_finalize__E)
                  8001f7a0    00000100                  : BIOS.obj (.text:ti_sysbios_gates_GateMutexPri_leave__E)
                  8001f8a0    00000100                  : BIOS.obj (.text:ti_sysbios_knl_Task_unblockI__E)
                  8001f9a0    00000100                  : BIOS.obj (.text:ti_sysbios_timers_timer64_Timer_initDevice__I)
                  8001faa0    00000100                  : BIOS.obj (.text:ti_sysbios_xdcruntime_GateThreadSupport_leave__E)
                  8001fba0    00000100     ti.targets.rts6000.ae66 : Error.oe66 (.text:xdc_runtime_Error_print__E)
                  8001fca0    00000100                             : Memory.oe66 (.text:xdc_runtime_Memory_alloc__E)
                  8001fda0    00000100                             : Startup.oe66 (.text:xdc_runtime_Startup_exec__E)
                  8001fea0    000000e0     rts6600_elf.lib : hostwrite.c.obj (.text:HOSTwrite)
                  8001ff80    000000e0     ipc.ae66 : Ipc.obj (.text:HeapMemMP_openByAddr)
                  80020060    000000e0              : Ipc.obj (.text:MessageQ_Params_init__S)
                  80020140    000000e0     ti.drv.qmss.ae66 : qmss_drv.oe66 (.text:Qmss_rmNameService)
                  80020220    000000e0     rts6600_elf.lib : _ltoa.c.obj (.text:__TI_ltoa)
                  80020300    000000e0                     : exit.c.obj (.text:exit)
                  800203e0    000000e0                     : memset.c.obj (.text:memset)
                  800204c0    000000e0     ipc.ae66 : Ipc.obj (.text:ti_sdo_ipc_GateMP_start__F)
                  800205a0    000000e0              : Ipc.obj (.text:ti_sdo_ipc_MessageQ_Module_startup__E)
                  80020680    000000e0              : Ipc.obj (.text:ti_sdo_ipc_Notify_Instance_finalize__E)
                  80020760    000000e0              : Ipc.obj (.text:ti_sdo_ipc_SharedRegion_clearReservedMemory__F)
                  80020840    000000e0              : Ipc.obj (.text:ti_sdo_ipc_family_tci663x_Interrupt_intRegister__E)
                  80020920    000000e0              : Ipc.obj (.text:ti_sdo_ipc_gates_GateMPSupportNull_enter__E)
                  80020a00    000000e0              : Ipc.obj (.text:ti_sdo_ipc_gates_GateMPSupportNull_leave__E)
                  80020ae0    000000e0              : Ipc.obj (.text:ti_sdo_ipc_heaps_HeapMemMP_Instance_finalize__E)
                  80020bc0    000000e0              : Ipc.obj (.text:ti_sdo_ipc_nsremote_NameServerRemoteNotify_Instance_finalize__E)
                  80020ca0    000000e0              : Ipc.obj (.text:ti_sdo_ipc_transports_TransportShmNotify_put__E)
                  80020d80    000000e0              : Ipc.obj (.text:ti_sdo_utils_NameServer_findLocal__I)
                  80020e60    000000e0     sysbios.ae66 : BIOS.obj (.text:ti_sysbios_heaps_HeapMem_alloc__E)
                  80020f40    000000e0                  : BIOS.obj (.text:ti_sysbios_knl_Swi_Instance_finalize__E)
                  80021020    000000e0                  : BIOS.obj (.text:ti_sysbios_knl_Swi_runLoop__I)
                  80021100    000000e0                  : BIOS.obj (.text:ti_sysbios_timers_timer64_Timer_startup__E)
                  800211e0    000000e0     ti.targets.rts6000.ae66 : Text.oe66 (.text:xdc_runtime_Text_visitRope2__I)
                  800212c0    000000c0     ti.drv.qmss.ae66 : qmss_drv.oe66 (.text:Qmss_getMemRegQueueHandleSubSys)
                  80021380    000000c0     ipc.ae66 : Ipc.obj (.text:SharedRegion_getId)
                  80021440    000000c0     rts6600_elf.lib : divu.asm.obj (.text:__divu)
                  80021500    000000c0     ti.drv.cppi.ae66 : cppi_listlib.oe66 (.text:cppi_list_cat)
                  800215c0    000000c0     app_pe66.oe66 (.text:ti_sdo_ipc_GateMP_create)
                  80021680    000000c0     ipc.ae66 : Ipc.obj (.text:ti_sdo_ipc_GateMP_getRegion0ReservedSize__F)
                  80021740    000000c0     app_pe66.oe66 (.text:ti_sdo_ipc_MessageQ_create)
                  80021800    000000c0     ipc.ae66 : Ipc.obj (.text:ti_sdo_ipc_MessageQ_grow__I)
                  800218c0    000000c0     app_pe66.oe66 (.text:ti_sdo_ipc_gates_GatePeterson_Object__create__S)
                  80021980    000000c0     app_pe66.oe66 (.text:ti_sdo_ipc_gates_GatePeterson_create)
                  80021a40    000000c0     app_pe66.oe66 (.text:ti_sdo_ipc_heaps_HeapMemMP_Object__create__S)
                  80021b00    000000c0     app_pe66.oe66 (.text:ti_sdo_ipc_heaps_HeapMemMP_create)
                  80021bc0    000000c0     ipc.ae66 : Ipc.obj (.text:ti_sdo_ipc_notifyDrivers_NotifyDriverCirc_disableEvent__E)
                  80021c80    000000c0              : Ipc.obj (.text:ti_sdo_ipc_notifyDrivers_NotifyDriverCirc_enable__E)
                  80021d40    000000c0     app_pe66.oe66 (.text:ti_sdo_ipc_nsremote_NameServerRemoteNotify_Object__create__S)
                  80021e00    000000c0     app_pe66.oe66 (.text:ti_sdo_ipc_nsremote_NameServerRemoteNotify_create)
                  80021ec0    000000c0     ipc.ae66 : Ipc.obj (.text:ti_sdo_ipc_transports_TransportShmNotify_Instance_init__E)
                  80021f80    000000c0     app_pe66.oe66 (.text:ti_sdo_ipc_transports_TransportShmNotify_Object__create__S)
                  80022040    000000c0     app_pe66.oe66 (.text:ti_sdo_ipc_transports_TransportShmNotify_create)
                  80022100    000000c0     app_pe66.oe66 (.text:ti_sysbios_family_c64p_Hwi_create)
                  800221c0    000000c0     sysbios.ae66 : BIOS.obj (.text:ti_sysbios_gates_GateAll_leave__E)
                  80022280    000000c0     app_pe66.oe66 (.text:ti_sysbios_hal_Hwi_create)
                  80022340    000000c0     sysbios.ae66 : BIOS.obj (.text:ti_sysbios_heaps_HeapMem_getStats__E)
                  80022400    000000c0                  : BIOS.obj (.text:ti_sysbios_knl_Clock_logTick__E)
                  800224c0    000000c0                  : BIOS.obj (.text:ti_sysbios_knl_Swi_schedule__I)
                  80022580    000000c0                  : BIOS.obj (.text:ti_sysbios_knl_Task_allBlockedFunction__I)
                  80022640    000000c0     app_pe66.oe66 (.text:ti_sysbios_knl_Task_create)
                  80022700    000000c0     app_pe66.oe66 (.text:ti_sysbios_syncs_SyncSem_Object__create__S)
                  800227c0    000000c0     app_pe66.oe66 (.text:ti_sysbios_syncs_SyncSem_create)
                  80022880    000000c0     rts6600_elf.lib : tls.c.obj (.text:tls:init:__TI_tls_init)
                  80022940    000000c0     ti.targets.rts6000.ae66 : Assert.oe66 (.text:xdc_runtime_Assert_raise__I)
                  80022a00    000000c0                             : Error.oe66 (.text:xdc_runtime_Error_setX__E)
                  80022ac0    000000c0     app_pe66.oe66 (.text:xdc_runtime_LoggerBuf_Object__create__S)
                  80022b80    000000c0     ti.targets.rts6000.ae66 : SysMin.oe66 (.text:xdc_runtime_SysMin_abort__E)
                  80022c40    000000c0                             : SysMin.oe66 (.text:xdc_runtime_SysMin_flush__E)
                  80022d00    000000a0     ti.drv.qmss.ae66 : qmss_drv.oe66 (.text:Qmss_queueOpenSubSys)
                  80022da0    000000a0     rts6600_elf.lib : remu.asm.obj (.text:__remu)
                  80022e40    000000a0     boot.ae66 : boot.oe66 (.text:_c_int00)
                  80022ee0    000000a0     rts6600_elf.lib : _printfi.c.obj (.text:_ecpy)
                  80022f80    000000a0     sysbios.ae66 : c64p_Hwi_asm.obj (.text:_ti_sysbios_family_c64p_Hwi_plug__E)
                  80023020    000000a0     rts6600_elf.lib : memcpy64.asm.obj (.text:memcpy)
                  800230c0    000000a0     ipc.ae66 : Ipc.obj (.text:ti_sdo_ipc_family_tci663x_Interrupt_intSend__E)
                  80023160    000000a0              : Ipc.obj (.text:ti_sdo_ipc_family_tci663x_NotifyCircSetup_attach__E)
                  80023200    000000a0              : Ipc.obj (.text:ti_sdo_ipc_gates_GatePeterson_leave__E)
                  800232a0    000000a0              : Ipc.obj (.text:ti_sdo_ipc_gates_GatePeterson_postInit__I)
                  80023340    000000a0              : Ipc.obj (.text:ti_sdo_ipc_nsremote_NameServerRemoteNotify_detach__E)
                  800233e0    000000a0              : Ipc.obj (.text:ti_sdo_ipc_transports_TransportShmNotifySetup_attach__E)
                  80023480    000000a0              : Ipc.obj (.text:ti_sdo_ipc_transports_TransportShmNotify_notifyFxn__I)
                  80023520    000000a0              : Ipc.obj (.text:ti_sdo_utils_NameServer_Module_startup__E)
                  800235c0    000000a0              : Ipc.obj (.text:ti_sdo_utils_NameServer_postInit__I)
                  80023660    000000a0     sysbios.ae66 : BIOS.obj (.text:ti_sysbios_family_c64p_Exception_Module_startup__E)
                  80023700    000000a0                  : BIOS.obj (.text:ti_sysbios_family_c64p_Hwi_dispatchC__I)
                  800237a0    000000a0                  : BIOS.obj (.text:ti_sysbios_family_c64p_Hwi_getStackInfo__E)
                  80023840    000000a0                  : BIOS.obj (.text:ti_sysbios_gates_GateSwi_leave__E)
                  800238e0    000000a0     app_pe66.oe66 (.text:ti_sysbios_knl_Swi_construct)
                  80023980    000000a0     sysbios.ae66 : BIOS.obj (.text:ti_sysbios_timers_timer64_Timer_stop__E)
                  80023a20    000000a0     ti.targets.rts6000.ae66 : Core-params.oe66 (.text:xdc_runtime_Core_assignParams__I)
                  80023ac0    000000a0                             : SysMin.oe66 (.text:xdc_runtime_SysMin_putch__E)
                  80023b60    000000a0                             : System.oe66 (.text:xdc_runtime_System_formatNum__I)
                  80023c00    000000a0                             : System.oe66 (.text:xdc_runtime_System_putchar__I)
                  80023ca0    000000a0                             : Text.oe66 (.text:xdc_runtime_Text_printVisFxn__I)
                  80023d40    000000a0                             : Text.oe66 (.text:xdc_runtime_Text_xprintf__I)
                  80023de0    000000a0     app_pe66.oe66 (.text:xdc_runtime_knl_GateThread_Object__create__S)
                  80023e80    000000a0     app_pe66.oe66 (.text:xdc_runtime_knl_GateThread_create)
                  80023f20    00000080     ipc.ae66 : Ipc.obj (.text:HeapMemMP_restore)
                  80023fa0    00000080     ti.drv.qmss.ae66 : qmss_drv.oe66 (.text:Qmss_queueOpen)
                  80024020    00000080     rts6600_elf.lib : trgmsg.c.obj (.text:__TI_readmsg)
                  800240a0    00000080                     : llshift.c.obj (.text:__c6xabi_llshl)
                  80024120    00000080                     : snprintf.c.obj (.text:_outs)
                  800241a0    00000080     sysbios.ae66 : c62_TaskSupport_asm.obj (.text:_ti_sysbios_family_c62_TaskSupport_swap__E)
                  80024220    00000080     ti.drv.cppi.ae66 : cppi_heap.oe66 (.text:cppi_internal_heap_cache_begin)
                  800242a0    00000080                      : cppi_heap.oe66 (.text:cppi_internal_heap_malloc)
                  80024320    00000080                      : cppi_listlib.oe66 (.text:cppi_list_add)
                  800243a0    00000080                      : cppi_listlib.oe66 (.text:cppi_list_remove)
                  80024420    00000080     rts6600_elf.lib : snprintf.c.obj (.text:snprintf)
                  800244a0    00000080     ipc.ae66 : Ipc.obj (.text:ti_sdo_ipc_Ipc_getMasterAddr__I)
                  80024520    00000080              : Ipc.obj (.text:ti_sdo_ipc_family_tci663x_Interrupt_intClear__E)
                  800245a0    00000080              : Ipc.obj (.text:ti_sdo_ipc_family_tci663x_Interrupt_intUnregister__E)
                  80024620    00000080              : Ipc.obj (.text:ti_sdo_ipc_gates_GateHWSem_Module_startup__E)
                  800246a0    00000080     app_pe66.oe66 (.text:ti_sdo_ipc_gates_GateHWSem_Object__create__S)
                  80024720    00000080     app_pe66.oe66 (.text:ti_sdo_ipc_gates_GateHWSem_create)
                  800247a0    00000080     app_pe66.oe66 (.text:ti_sdo_ipc_gates_GateMPSupportNull_Object__create__S)
                  80024820    00000080     app_pe66.oe66 (.text:ti_sdo_ipc_gates_GateMPSupportNull_create)
                  800248a0    00000080     ipc.ae66 : Ipc.obj (.text:ti_sdo_ipc_notifyDrivers_NotifyDriverCirc_Instance_finalize__E)
                  80024920    00000080     app_pe66.oe66 (.text:ti_sdo_ipc_notifyDrivers_NotifyDriverCirc_create)
                  800249a0    00000080     ipc.ae66 : Ipc.obj (.text:ti_sdo_ipc_transports_TransportShmNotify_Instance_finalize__E)
                  80024a20    00000080     app_pe66.oe66 (.text:ti_sysbios_BIOS_atExitFunc__I)
                  80024aa0    00000080     app_pe66.oe66 (.text:ti_sysbios_BIOS_registerRTSLock__I)
                  80024b20    00000080     sysbios.ae66 : BIOS.obj (.text:ti_sysbios_family_c66_Cache_invL1pAll__E)
                  80024ba0    00000080     app_pe66.oe66 (.text:ti_sysbios_gates_GateAll_Object__create__S)
                  80024c20    00000080     app_pe66.oe66 (.text:ti_sysbios_gates_GateHwi_Object__create__S)
                  80024ca0    00000080     app_pe66.oe66 (.text:ti_sysbios_gates_GateMutexPri_Object__create__S)
                  80024d20    00000080     app_pe66.oe66 (.text:ti_sysbios_gates_GateMutex_Object__create__S)
                  80024da0    00000080     app_pe66.oe66 (.text:ti_sysbios_gates_GateSwi_Object__create__S)
                  80024e20    00000080     sysbios.ae66 : BIOS.obj (.text:ti_sysbios_hal_Hwi_checkStack)
                  80024ea0    00000080                  : BIOS.obj (.text:ti_sysbios_hal_Hwi_initStack)
                  80024f20    00000080     app_pe66.oe66 (.text:ti_sysbios_heaps_HeapMem_Object__create__S)
                  80024fa0    00000080     sysbios.ae66 : BIOS.obj (.text:ti_sysbios_heaps_HeapMem_init__I)
                  80025020    00000080     app_pe66.oe66 (.text:ti_sysbios_knl_Clock_doTick__I)
                  800250a0    00000080     sysbios.ae66 : BIOS.obj (.text:ti_sysbios_knl_Idle_run__E)
                  80025120    00000080     app_pe66.oe66 (.text:ti_sysbios_knl_Semaphore_create)
                  800251a0    00000080     sysbios.ae66 : BIOS.obj (.text:ti_sysbios_knl_Semaphore_pendTimeout__I)
                  80025220    00000080                  : BIOS.obj (.text:ti_sysbios_knl_Swi_startup__E)
                  800252a0    00000080                  : BIOS.obj (.text:ti_sysbios_knl_Task_restore__E)
                  80025320    00000080                  : BIOS.obj (.text:ti_sysbios_syncs_SyncSem_wait__E)
                  800253a0    00000080     app_pe66.oe66 (.text:ti_sysbios_xdcruntime_GateThreadSupport_create)
                  80025420    00000080     ti.targets.rts6000.ae66 : Core-label.oe66 (.text:xdc_runtime_Core_assignLabel__I)
                  800254a0    00000080                             : LoggerBuf.oe66 (.text:xdc_runtime_LoggerBuf_Instance_init__E)
                  80025520    00000080                             : LoggerBuf.oe66 (.text:xdc_runtime_LoggerBuf_Module_startup__E)
                  800255a0    00000080                             : LoggerBuf.oe66 (.text:xdc_runtime_LoggerBuf_filterOutEvent__I)
                  80025620    00000080     app_pe66.oe66 (.text:xdc_runtime_SysMin_output__I)
                  800256a0    00000080     ti.targets.rts6000.ae66 : System.oe66 (.text:xdc_runtime_System_atexit__E)
                  80025720    00000080                             : System.oe66 (.text:xdc_runtime_System_avprintf__E)
                  800257a0    00000080                             : System.oe66 (.text:xdc_runtime_System_processAtExit__E)
                  80025820    00000080                             : System.oe66 (.text:xdc_runtime_System_vprintf__E)
                  800258a0    00000060     ipc.ae66 : Ipc.obj (.text:HeapMemMP_create)
                  80025900    00000060              : Ipc.obj (.text:HeapMemMP_getRTSCParams$18)
                  80025960    00000060     rts6600_elf.lib : frcmpyd_div.c.obj (.text:__TI_frcmpyd_div)
                  800259c0    00000060                     : trgmsg.c.obj (.text:__TI_writemsg)
                  80025a20    00000060                     : llshift.c.obj (.text:__c6xabi_llshru)
                  80025a80    00000060                     : imath64.c.obj (.text:_subcull)
                  80025ae0    00000060     sysbios.ae66 : c64p_Hwi_asm_switch.obj (.text:_ti_sysbios_family_c64p_Hwi_switchAndDispatch__I)
                  80025b40    00000060                  : c64p_Hwi_asm_switch.obj (.text:_ti_sysbios_family_xxx_Hwi_switchAndRunFunc)
                  80025ba0    00000060     ti.drv.cppi.ae66 : cppi_listlib.oe66 (.text:cppi_list_cache_invalidate)
                  80025c00    00000060     init.obj (.text)
                  80025c60    00000060     rts6600_elf.lib : memccpy.c.obj (.text:memccpy)
                  80025cc0    00000060     app_pe66.oe66 (.text:ti_sdo_ipc_GateMP_Object__delete__S)
                  80025d20    00000060     ipc.ae66 : Ipc.obj (.text:ti_sdo_ipc_Ipc_getSlaveAddr__I)
                  80025d80    00000060              : Ipc.obj (.text:ti_sdo_ipc_Ipc_reservedSizePerProc__I)
                  80025de0    00000060              : Ipc.obj (.text:ti_sdo_ipc_family_tci663x_NotifyCircSetup_numIntLines__E)
                  80025e40    00000060              : Ipc.obj (.text:ti_sdo_ipc_family_tci663x_NotifyCircSetup_sharedMemReq__E)
                  80025ea0    00000060     app_pe66.oe66 (.text:ti_sdo_ipc_gates_GatePeterson_Object__delete__S)
                  80025f00    00000060     ipc.ae66 : Ipc.obj (.text:ti_sdo_ipc_gates_GatePeterson_sharedMemReq__E)
                  80025f60    00000060     app_pe66.oe66 (.text:ti_sdo_ipc_heaps_HeapMemMP_Object__delete__S)
                  80025fc0    00000060     app_pe66.oe66 (.text:ti_sdo_ipc_notifyDrivers_NotifyDriverCirc_Object__delete__S)
                  80026020    00000060     app_pe66.oe66 (.text:ti_sdo_ipc_nsremote_NameServerRemoteNotify_Object__delete__S)
                  80026080    00000060     app_pe66.oe66 (.text:ti_sdo_ipc_transports_TransportShmNotify_Object__delete__S)
                  800260e0    00000060     app_pe66.oe66 (.text:ti_sdo_utils_List_construct)
                  80026140    00000060     app_pe66.oe66 (.text:ti_sysbios_BIOS_errorRaiseHook__I)
                  800261a0    00000060     app_pe66.oe66 (.text:ti_sysbios_BIOS_removeRTSLock__I)
                  80026200    00000060     app_pe66.oe66 (.text:ti_sysbios_BIOS_startFunc__I)
                  80026260    00000060     sysbios.ae66 : BIOS.obj (.text:ti_sysbios_family_c62_TaskSupport_start__E)
                  800262c0    00000060     app_pe66.oe66 (.text:ti_sysbios_family_c64p_Hwi_Object__delete__S)
                  80026320    00000060     sysbios.ae66 : BIOS.obj (.text:ti_sysbios_family_c66_Cache_Module_startup__E)
                  80026380    00000060                  : BIOS.obj (.text:ti_sysbios_gates_GateAll_enter__E)
                  800263e0    00000060     app_pe66.oe66 (.text:ti_sysbios_gates_GateMutexPri_Object__delete__S)
                  80026440    00000060     app_pe66.oe66 (.text:ti_sysbios_gates_GateMutexPri_construct)
                  800264a0    00000060     app_pe66.oe66 (.text:ti_sysbios_gates_GateMutex_Object__delete__S)
                  80026500    00000060     app_pe66.oe66 (.text:ti_sysbios_hal_Hwi_Object__delete__S)
                  80026560    00000060     sysbios.ae66 : BIOS.obj (.text:ti_sysbios_heaps_HeapMem_free__E)
                  800265c0    00000060                  : BIOS.obj (.text:ti_sysbios_knl_Clock_Module_startup__E)
                  80026620    00000060     app_pe66.oe66 (.text:ti_sysbios_knl_Queue_construct)
                  80026680    00000060     app_pe66.oe66 (.text:ti_sysbios_knl_Semaphore_Object__delete__S)
                  800266e0    00000060     app_pe66.oe66 (.text:ti_sysbios_knl_Semaphore_construct)
                  80026740    00000060     sysbios.ae66 : BIOS.obj (.text:ti_sysbios_knl_Swi_Module_startup__E)
                  800267a0    00000060                  : BIOS.obj (.text:ti_sysbios_knl_Task_enter__I)
                  80026800    00000060     app_pe66.oe66 (.text:ti_sysbios_syncs_SyncSem_Object__delete__S)
                  80026860    00000060     app_pe66.oe66 (.text:ti_sysbios_xdcruntime_GateThreadSupport_Object__delete__S)
                  800268c0    00000060     app_pe66.oe66 (.text:xdc_runtime_LoggerBuf_Object__delete__S)
                  80026920    00000060     ti.targets.rts6000.ae66 : LoggerBuf.oe66 (.text:xdc_runtime_LoggerBuf_reset__E)
                  80026980    00000060                             : Memory.oe66 (.text:xdc_runtime_Memory_valloc__E)
                  800269e0    00000060                             : Text.oe66 (.text:xdc_runtime_Text_cordText__E)
                  80026a40    00000060     app_pe66.oe66 (.text:xdc_runtime_knl_GateThread_Object__delete__S)
                  80026aa0    00000040     ipc.ae66 : Ipc.obj (.text:GateMP_Params_init)
                  80026ae0    00000040              : Ipc.obj (.text:HeapMemMP_Params_init)
                  80026b20    00000040              : Ipc.obj (.text:Notify_attach)
                  80026b60    00000040              : Ipc.obj (.text:Notify_sharedMemReq)
                  80026ba0    00000040     ti.drv.qmss.ae66 : qmss_drv.oe66 (.text:Qmss_getMemRegDescSizeSubSys)
                  80026be0    00000040                      : qmss_drv.oe66 (.text:Qmss_start)
                  80026c20    00000040     rts6600_elf.lib : isinf.c.obj (.text:__c6xabi_isinf)
                  80026c60    00000040                     : _printfi.c.obj (.text:__c6xabi_isnan)
                  80026ca0    00000040                     : strasg.asm.obj (.text:__strasgi_64plus)
                  80026ce0    00000040                     : args_main.c.obj (.text:_args_main)
                  80026d20    00000040                     : snprintf.c.obj (.text:_outc)
                  80026d60    00000040     sysbios.ae66 : c62_TaskSupport_asm.obj (.text:_ti_sysbios_family_c62_TaskSupport_buildTaskStack)
                  80026da0    00000040     ipc.ae66 : Ipc.obj (.text:ti_sdo_ipc_Ipc_getRegion0ReservedSize__I)
                  80026de0    00000040     app_pe66.oe66 (.text:ti_sdo_ipc_gates_GateHWSem_Handle__label__S)
                  80026e20    00000040     app_pe66.oe66 (.text:ti_sdo_ipc_gates_GateHWSem_Object__delete__S)
                  80026e60    00000040     ipc.ae66 : Ipc.obj (.text:ti_sdo_ipc_gates_GateHWSem_leave__E)
                  80026ea0    00000040     app_pe66.oe66 (.text:ti_sdo_ipc_gates_GateMPSupportNull_Handle__label__S)
                  80026ee0    00000040     app_pe66.oe66 (.text:ti_sdo_ipc_gates_GateMPSupportNull_Object__delete__S)
                  80026f20    00000040     app_pe66.oe66 (.text:ti_sdo_ipc_gates_GatePeterson_Handle__label__S)
                  80026f60    00000040     ipc.ae66 : Ipc.obj (.text:ti_sdo_ipc_gates_GatePeterson_Instance_finalize__E)
                  80026fa0    00000040     app_pe66.oe66 (.text:ti_sdo_ipc_heaps_HeapMemMP_Handle__label__S)
                  80026fe0    00000040     app_pe66.oe66 (.text:ti_sdo_ipc_notifyDrivers_NotifyDriverCirc_Handle__label__S)
                  80027020    00000040     ipc.ae66 : Ipc.obj (.text:ti_sdo_ipc_notifyDrivers_NotifyDriverCirc_registerEvent__E)
                  80027060    00000040              : Ipc.obj (.text:ti_sdo_ipc_notifyDrivers_NotifyDriverCirc_unregisterEvent__E)
                  800270a0    00000040     app_pe66.oe66 (.text:ti_sdo_ipc_nsremote_NameServerRemoteNotify_Handle__label__S)
                  800270e0    00000040     ipc.ae66 : Ipc.obj (.text:ti_sdo_ipc_nsremote_NameServerRemoteNotify_swiFxnResponse__I)
                  80027120    00000040              : Ipc.obj (.text:ti_sdo_ipc_transports_TransportShmNotifySetup_isRegistered__E)
                  80027160    00000040     app_pe66.oe66 (.text:ti_sdo_ipc_transports_TransportShmNotify_Handle__label__S)
                  800271a0    00000040     ipc.ae66 : Ipc.obj (.text:ti_sdo_utils_List_dequeue__E)
                  800271e0    00000040     app_pe66.oe66 (.text:ti_sdo_utils_NameServer_Object__get__S)
                  80027220    00000040     app_pe66.oe66 (.text:ti_sysbios_BIOS_exitFunc__I)
                  80027260    00000040     app_pe66.oe66 (.text:ti_sysbios_BIOS_rtsLock__I)
                  800272a0    00000040     app_pe66.oe66 (.text:ti_sysbios_BIOS_rtsUnlock__I)
                  800272e0    00000040     sysbios.ae66 : BIOS.obj (.text:ti_sysbios_family_c64p_Hwi_disableInterrupt__E)
                  80027320    00000040                  : BIOS.obj (.text:ti_sysbios_family_c64p_Hwi_enableInterrupt__E)
                  80027360    00000040     app_pe66.oe66 (.text:ti_sysbios_gates_GateAll_Handle__label__S)
                  800273a0    00000040     app_pe66.oe66 (.text:ti_sysbios_gates_GateAll_Object__delete__S)
                  800273e0    00000040     app_pe66.oe66 (.text:ti_sysbios_gates_GateHwi_Handle__label__S)
                  80027420    00000040     app_pe66.oe66 (.text:ti_sysbios_gates_GateHwi_Object__delete__S)
                  80027460    00000040     app_pe66.oe66 (.text:ti_sysbios_gates_GateMutexPri_Handle__label__S)
                  800274a0    00000040     sysbios.ae66 : BIOS.obj (.text:ti_sysbios_gates_GateMutexPri_Instance_init__E)
                  800274e0    00000040     app_pe66.oe66 (.text:ti_sysbios_gates_GateMutexPri_destruct)
                  80027520    00000040     app_pe66.oe66 (.text:ti_sysbios_gates_GateMutex_Handle__label__S)
                  80027560    00000040     sysbios.ae66 : BIOS.obj (.text:ti_sysbios_gates_GateMutex_Instance_init__E)
                  800275a0    00000040                  : BIOS.obj (.text:ti_sysbios_gates_GateMutex_leave__E)
                  800275e0    00000040     app_pe66.oe66 (.text:ti_sysbios_gates_GateSwi_Handle__label__S)
                  80027620    00000040     app_pe66.oe66 (.text:ti_sysbios_gates_GateSwi_Object__delete__S)
                  80027660    00000040     sysbios.ae66 : BIOS.obj (.text:ti_sysbios_hal_Hwi_Instance_init__E)
                  800276a0    00000040     app_pe66.oe66 (.text:ti_sysbios_heaps_HeapMem_Handle__label__S)
                  800276e0    00000040     app_pe66.oe66 (.text:ti_sysbios_heaps_HeapMem_Object__delete__S)
                  80027720    00000040     app_pe66.oe66 (.text:ti_sysbios_heaps_HeapMem_Object__get__S)
                  80027760    00000040     app_pe66.oe66 (.text:ti_sysbios_knl_Semaphore_destruct)
                  800277a0    00000040     app_pe66.oe66 (.text:ti_sysbios_knl_Swi_Object__get__S)
                  800277e0    00000040     app_pe66.oe66 (.text:ti_sysbios_knl_Swi_destruct)
                  80027820    00000040     app_pe66.oe66 (.text:ti_sysbios_knl_Task_Object__get__S)
                  80027860    00000040     sysbios.ae66 : BIOS.obj (.text:ti_sysbios_knl_Task_sleepTimeout__I)
                  800278a0    00000040     app_pe66.oe66 (.text:ti_sysbios_syncs_SyncSem_Handle__label__S)
                  800278e0    00000040     rts6600_elf.lib : wcslen.c.obj (.text:wcslen)
                  80027920    00000040     ti.targets.rts6000.ae66 : Error.oe66 (.text:xdc_runtime_Error_check__E)
                  80027960    00000040                             : Error.oe66 (.text:xdc_runtime_Error_init__E)
                  800279a0    00000040     app_pe66.oe66 (.text:xdc_runtime_GateNull_Handle__label__S)
                  800279e0    00000040     app_pe66.oe66 (.text:xdc_runtime_GateNull_Object__create__S)
                  80027a20    00000040     app_pe66.oe66 (.text:xdc_runtime_GateNull_Object__delete__S)
                  80027a60    00000040     app_pe66.oe66 (.text:xdc_runtime_LoggerBuf_Handle__label__S)
                  80027aa0    00000040     ti.targets.rts6000.ae66 : LoggerBuf.oe66 (.text:xdc_runtime_LoggerBuf_Instance_finalize__E)
                  80027ae0    00000040     app_pe66.oe66 (.text:xdc_runtime_LoggerBuf_Object__get__S)
                  80027b20    00000040     ti.targets.rts6000.ae66 : LoggerBuf.oe66 (.text:xdc_runtime_LoggerBuf_write0__E)
                  80027b60    00000040                             : LoggerBuf.oe66 (.text:xdc_runtime_LoggerBuf_write1__E)
                  80027ba0    00000040                             : LoggerBuf.oe66 (.text:xdc_runtime_LoggerBuf_write2__E)
                  80027be0    00000040                             : Registry.oe66 (.text:xdc_runtime_Registry_findById__E)
                  80027c20    00000040                             : SysMin.oe66 (.text:xdc_runtime_SysMin_Module_startup__E)
                  80027c60    00000040                             : SysMin.oe66 (.text:xdc_runtime_SysMin_exit__E)
                  80027ca0    00000040                             : System.oe66 (.text:xdc_runtime_System_abort__E)
                  80027ce0    00000040     app_pe66.oe66 (.text:xdc_runtime_System_aprintf__E)
                  80027d20    00000040     ti.targets.rts6000.ae66 : System.oe66 (.text:xdc_runtime_System_exit__E)
                  80027d60    00000040     app_pe66.oe66 (.text:xdc_runtime_System_printf__E)
                  80027da0    00000040     app_pe66.oe66 (.text:xdc_runtime_knl_GateThread_Handle__label__S)
                  80027de0    00000040     ti.targets.rts6000.ae66 : GateThread.oe66 (.text:xdc_runtime_knl_GateThread_Instance_init__E)
                  80027e20    00000020     ti.drv.cppi.ae66 : cppi_drv.oe66 (.text:Cppi_getChannelNumber)
                  80027e40    00000020                      : cppi_desc.oe66 (.text:Cppi_initDescriptor)
                  80027e60    00000020                      : cppi_drv.oe66 (.text:Cppi_txChannelOpen)
                  80027e80    00000020     ipc.ae66 : Ipc.obj (.text:GateMP_delete)
                  80027ea0    00000020              : Ipc.obj (.text:GateMP_getDefaultRemote)
                  80027ec0    00000020              : Ipc.obj (.text:GateMP_getSharedParams$4)
                  80027ee0    00000020              : Ipc.obj (.text:HeapMemMP_getSharedParams$18)
                  80027f00    00000020              : Ipc.obj (.text:MultiProc_getBaseIdOfCluster)
                  80027f20    00000020              : Ipc.obj (.text:MultiProc_self)
                  80027f40    00000020              : Ipc.obj (.text:NameServer_addUInt32)
                  80027f60    00000020              : Ipc.obj (.text:NameServer_getLocalUInt32)
                  80027f80    00000020              : Ipc.obj (.text:NameServer_removeEntry)
                  80027fa0    00000020              : Ipc.obj (.text:Notify_numIntLines)
                  80027fc0    00000020     ti.drv.qmss.ae66 : qmss_drv.oe66 (.text:Qmss_getQueueNumber)
                  80027fe0    00000020                      : qmss_drv.oe66 (.text:Qmss_init)
                  80028000    00000020                      : qmss_drv.oe66 (.text:Qmss_insertMemoryRegion)
                  80028020    00000020     ipc.ae66 : Ipc.obj (.text:SharedRegion_invalidSRPtr)
                  80028040    00000020     app_pe66.oe66 (.text:_GateMP_virtToPhys)
                  80028060    00000020     rts6600_elf.lib : errno.c.obj (.text:__c6xabi_errno_addr)
                  80028080    00000020                     : push.asm.obj (.text:__pop_rts)
                  800280a0    00000020                     : push.asm.obj (.text:__push_rts)
                  800280c0    00000020                     : _lock.c.obj (.text:_nop)
                  800280e0    00000020                     : _lock.c.obj (.text:_register_lock)
                  80028100    00000020                     : _data_synch.c.obj (.text:_register_synch_api)
                  80028120    00000020                     : _lock.c.obj (.text:_register_unlock)
                  80028140    00000020                     : signbit.c.obj (.text:_signbit)
                  80028160    00000020     sysbios.ae66 : c62_TaskSupport_asm.obj (.text:_ti_sysbios_family_c62_TaskSupport_glue)
                  80028180    00000020     rts6600_elf.lib : exit.c.obj (.text:abort)
                  800281a0    00000020     ti.drv.cppi.ae66 : cppi_listlib.oe66 (.text:cppi_list_get_head)
                  800281c0    00000020                      : cppi_listlib.oe66 (.text:cppi_list_get_next)
                  800281e0    00000020     rts6600_elf.lib : copy_decompress_none.c.obj (.text:decompress:none:__TI_decompress_none)
                  80028200    00000020                     : copy_decompress_rle.c.obj (.text:decompress:rle24:__TI_decompress_rle24)
                  80028220    00000020     app_pe66.oe66 (.text:ti_sdo_ipc_GateMP_Params__init__S)
                  80028240    00000020     app_pe66.oe66 (.text:ti_sdo_ipc_GateMP_RemoteCustom1Proxy_Proxy__abstract__S)
                  80028260    00000020     app_pe66.oe66 (.text:ti_sdo_ipc_GateMP_RemoteCustom1Proxy_Proxy__delegate__S)
                  80028280    00000020     app_pe66.oe66 (.text:ti_sdo_ipc_GateMP_RemoteCustom1Proxy_create)
                  800282a0    00000020     app_pe66.oe66 (.text:ti_sdo_ipc_GateMP_RemoteCustom1Proxy_delete)
                  800282c0    00000020     app_pe66.oe66 (.text:ti_sdo_ipc_GateMP_RemoteCustom2Proxy_Proxy__abstract__S)
                  800282e0    00000020     app_pe66.oe66 (.text:ti_sdo_ipc_GateMP_RemoteCustom2Proxy_Proxy__delegate__S)
                  80028300    00000020     app_pe66.oe66 (.text:ti_sdo_ipc_GateMP_RemoteCustom2Proxy_create)
                  80028320    00000020     app_pe66.oe66 (.text:ti_sdo_ipc_GateMP_RemoteCustom2Proxy_delete)
                  80028340    00000020     app_pe66.oe66 (.text:ti_sdo_ipc_GateMP_RemoteSystemProxy_Proxy__abstract__S)
                  80028360    00000020     app_pe66.oe66 (.text:ti_sdo_ipc_GateMP_RemoteSystemProxy_Proxy__delegate__S)
                  80028380    00000020     app_pe66.oe66 (.text:ti_sdo_ipc_GateMP_RemoteSystemProxy_create)
                  800283a0    00000020     app_pe66.oe66 (.text:ti_sdo_ipc_GateMP_RemoteSystemProxy_delete)
                  800283c0    00000020     app_pe66.oe66 (.text:ti_sdo_ipc_GateMP_delete)
                  800283e0    00000020     ipc.ae66 : Ipc.obj (.text:ti_sdo_ipc_GateMP_getSharedAddr__F)
                  80028400    00000020              : Ipc.obj (.text:ti_sdo_ipc_GateMP_setDefaultRemote__F)
                  80028420    00000020     app_pe66.oe66 (.text:ti_sdo_ipc_MessageQ_Object__get__S)
                  80028440    00000020     app_pe66.oe66 (.text:ti_sdo_ipc_MessageQ_Params__init__S)
                  80028460    00000020     app_pe66.oe66 (.text:ti_sdo_ipc_Notify_Module_GateProxy_enter__E)
                  80028480    00000020     app_pe66.oe66 (.text:ti_sdo_ipc_Notify_Module_GateProxy_leave__E)
                  800284a0    00000020     ipc.ae66 : Ipc.obj (.text:ti_sdo_ipc_family_tci663x_Interrupt_intDisable__E)
                  800284c0    00000020              : Ipc.obj (.text:ti_sdo_ipc_family_tci663x_Interrupt_intEnable__E)
                  800284e0    00000020     app_pe66.oe66 (.text:ti_sdo_ipc_gates_GateHWSem_Params__init__S)
                  80028500    00000020     ipc.ae66 : Ipc.obj (.text:ti_sdo_ipc_gates_GateHWSem_getReservedMask__E)
                  80028520    00000020              : Ipc.obj (.text:ti_sdo_ipc_gates_GateHWSem_query__E)
                  80028540    00000020              : Ipc.obj (.text:ti_sdo_ipc_gates_GateHWSem_sharedMemReq__E)
                  80028560    00000020              : Ipc.obj (.text:ti_sdo_ipc_gates_GateMPSupportNull_Instance_init__E)
                  80028580    00000020     app_pe66.oe66 (.text:ti_sdo_ipc_gates_GateMPSupportNull_Params__init__S)
                  800285a0    00000020     ipc.ae66 : Ipc.obj (.text:ti_sdo_ipc_gates_GateMPSupportNull_getReservedMask__E)
                  800285c0    00000020              : Ipc.obj (.text:ti_sdo_ipc_gates_GateMPSupportNull_query__E)
                  800285e0    00000020              : Ipc.obj (.text:ti_sdo_ipc_gates_GateMPSupportNull_sharedMemReq__E)
                  80028600    00000020     app_pe66.oe66 (.text:ti_sdo_ipc_gates_GatePeterson_Params__init__S)
                  80028620    00000020     ipc.ae66 : Ipc.obj (.text:ti_sdo_ipc_gates_GatePeterson_getReservedMask__E)
                  80028640    00000020              : Ipc.obj (.text:ti_sdo_ipc_gates_GatePeterson_query__E)
                  80028660    00000020     app_pe66.oe66 (.text:ti_sdo_ipc_heaps_HeapMemMP_Params__init__S)
                  80028680    00000020     ipc.ae66 : Ipc.obj (.text:ti_sdo_ipc_heaps_HeapMemMP_isBlocking__E)
                  800286a0    00000020     app_pe66.oe66 (.text:ti_sdo_ipc_notifyDrivers_NotifyDriverCirc_Params__init__S)
                  800286c0    00000020     app_pe66.oe66 (.text:ti_sdo_ipc_notifyDrivers_NotifyDriverCirc_delete)
                  800286e0    00000020     ipc.ae66 : Ipc.obj (.text:ti_sdo_ipc_notifyDrivers_NotifyDriverCirc_disable__E)
                  80028700    00000020              : Ipc.obj (.text:ti_sdo_ipc_notifyDrivers_NotifyDriverCirc_enableEvent__E)
                  80028720    00000020              : Ipc.obj (.text:ti_sdo_ipc_notifyDrivers_NotifyDriverCirc_setNotifyHandle__E)
                  80028740    00000020     app_pe66.oe66 (.text:ti_sdo_ipc_nsremote_NameServerRemoteNotify_Object__first__S)
                  80028760    00000020     app_pe66.oe66 (.text:ti_sdo_ipc_nsremote_NameServerRemoteNotify_Object__next__S)
                  80028780    00000020     app_pe66.oe66 (.text:ti_sdo_ipc_nsremote_NameServerRemoteNotify_Params__init__S)
                  800287a0    00000020     app_pe66.oe66 (.text:ti_sdo_ipc_nsremote_NameServerRemoteNotify_delete)
                  800287c0    00000020     ipc.ae66 : Ipc.obj (.text:ti_sdo_ipc_nsremote_NameServerRemoteNotify_sharedMemReq__E)
                  800287e0    00000020              : Ipc.obj (.text:ti_sdo_ipc_transports_TransportShmNotifySetup_sharedMemReq__E)
                  80028800    00000020     app_pe66.oe66 (.text:ti_sdo_ipc_transports_TransportShmNotify_Params__init__S)
                  80028820    00000020     ipc.ae66 : Ipc.obj (.text:ti_sdo_ipc_transports_TransportShmNotify_control__E)
                  80028840    00000020              : Ipc.obj (.text:ti_sdo_ipc_transports_TransportShmNotify_getStatus__E)
                  80028860    00000020              : Ipc.obj (.text:ti_sdo_ipc_transports_TransportShmNotify_setErrFxn__E)
                  80028880    00000020              : Ipc.obj (.text:ti_sdo_utils_List_Instance_init__E)
                  800288a0    00000020     app_pe66.oe66 (.text:ti_sdo_utils_List_Object__get__S)
                  800288c0    00000020     app_pe66.oe66 (.text:ti_sdo_utils_List_destruct)
                  800288e0    00000020     ipc.ae66 : Ipc.obj (.text:ti_sdo_utils_List_enqueueHead__E)
                  80028900    00000020              : Ipc.obj (.text:ti_sdo_utils_List_enqueue__E)
                  80028920    00000020              : Ipc.obj (.text:ti_sdo_utils_List_get__E)
                  80028940    00000020              : Ipc.obj (.text:ti_sdo_utils_List_next__E)
                  80028960    00000020              : Ipc.obj (.text:ti_sdo_utils_List_putHead__E)
                  80028980    00000020              : Ipc.obj (.text:ti_sdo_utils_List_put__E)
                  800289a0    00000020              : Ipc.obj (.text:ti_sdo_utils_List_remove__E)
                  800289c0    00000020     app_pe66.oe66 (.text:ti_sdo_utils_MultiProc_Module__startupDone__S)
                  800289e0    00000020     ipc.ae66 : Ipc.obj (.text:ti_sdo_utils_MultiProc_getClusterId__F)
                  80028a00    00000020     app_pe66.oe66 (.text:ti_sdo_utils_NameServer_Module__startupDone__F)
                  80028a20    00000020     app_pe66.oe66 (.text:ti_sdo_utils_NameServer_Object__first__S)
                  80028a40    00000020     app_pe66.oe66 (.text:ti_sdo_utils_NameServer_Object__next__S)
                  80028a60    00000020     app_pe66.oe66 (.text:ti_sysbios_BIOS_RtsGateProxy_enter__E)
                  80028a80    00000020     app_pe66.oe66 (.text:ti_sysbios_BIOS_RtsGateProxy_leave__E)
                  80028aa0    00000020     sysbios.ae66 : BIOS.obj (.text:ti_sysbios_BIOS_exit__E)
                  80028ac0    00000020                  : BIOS.obj (.text:ti_sysbios_BIOS_linkedWithIncorrectBootLibrary__E)
                  80028ae0    00000020     app_pe66.oe66 (.text:ti_sysbios_BIOS_nullFunc__I)
                  80028b00    00000020     sysbios.ae66 : BIOS.obj (.text:ti_sysbios_BIOS_setThreadType__E)
                  80028b20    00000020                  : BIOS.obj (.text:ti_sysbios_BIOS_start__E)
                  80028b40    00000020     app_pe66.oe66 (.text:ti_sysbios_family_c62_TaskSupport_Module__startupDone__S)
                  80028b60    00000020     sysbios.ae66 : BIOS.obj (.text:ti_sysbios_family_c62_TaskSupport_checkStack__E)
                  80028b80    00000020                  : BIOS.obj (.text:ti_sysbios_family_c62_TaskSupport_getStackAlignment__E)
                  80028ba0    00000020     app_pe66.oe66 (.text:ti_sysbios_family_c64p_Hwi_Module__startupDone__F)
                  80028bc0    00000020     sysbios.ae66 : BIOS.obj (.text:ti_sysbios_family_c64p_Hwi_clearInterrupt__E)
                  80028be0    00000020                  : BIOS.obj (.text:ti_sysbios_family_c64p_Hwi_startup__E)
                  80028c00    00000020                  : BIOS.obj (.text:ti_sysbios_family_c64p_Hwi_switchFromBootStack__E)
                  80028c20    00000020                  : BIOS.obj (.text:ti_sysbios_family_c64p_Hwi_unPluggedInterrupt__I)
                  80028c40    00000020                  : BIOS.obj (.text:ti_sysbios_family_c64p_TimestampProvider_Module_startup__E)
                  80028c60    00000020                  : BIOS.obj (.text:ti_sysbios_family_c64p_TimestampProvider_get32__E)
                  80028c80    00000020                  : BIOS.obj (.text:ti_sysbios_family_c64p_TimestampProvider_get64__E)
                  80028ca0    00000020                  : BIOS.obj (.text:ti_sysbios_family_c64p_tci6488_TimerSupport_enable__E)
                  80028cc0    00000020                  : BIOS.obj (.text:ti_sysbios_family_c66_Cache_RTSSynchInv__I)
                  80028ce0    00000020                  : BIOS.obj (.text:ti_sysbios_family_c66_Cache_RTSSynchWbInv__I)
                  80028d00    00000020                  : BIOS.obj (.text:ti_sysbios_family_c66_Cache_RTSSynchWb__I)
                  80028d20    00000020                  : BIOS.obj (.text:ti_sysbios_family_c66_Cache_inv__E)
                  80028d40    00000020                  : BIOS.obj (.text:ti_sysbios_family_c66_Cache_wait__E)
                  80028d60    00000020                  : BIOS.obj (.text:ti_sysbios_family_c66_Cache_wbInv__E)
                  80028d80    00000020                  : BIOS.obj (.text:ti_sysbios_family_c66_Cache_wb__E)
                  80028da0    00000020                  : BIOS.obj (.text:ti_sysbios_gates_GateAll_Instance_init__E)
                  80028dc0    00000020                  : BIOS.obj (.text:ti_sysbios_gates_GateAll_query__E)
                  80028de0    00000020                  : BIOS.obj (.text:ti_sysbios_gates_GateHwi_Instance_init__E)
                  80028e00    00000020                  : BIOS.obj (.text:ti_sysbios_gates_GateHwi_enter__E)
                  80028e20    00000020                  : BIOS.obj (.text:ti_sysbios_gates_GateHwi_leave__E)
                  80028e40    00000020                  : BIOS.obj (.text:ti_sysbios_gates_GateHwi_query__E)
                  80028e60    00000020                  : BIOS.obj (.text:ti_sysbios_gates_GateMutexPri_Instance_finalize__E)
                  80028e80    00000020                  : BIOS.obj (.text:ti_sysbios_gates_GateMutexPri_query__E)
                  80028ea0    00000020                  : BIOS.obj (.text:ti_sysbios_gates_GateMutex_Instance_finalize__E)
                  80028ec0    00000020                  : BIOS.obj (.text:ti_sysbios_gates_GateMutex_query__E)
                  80028ee0    00000020                  : BIOS.obj (.text:ti_sysbios_gates_GateSwi_Instance_init__E)
                  80028f00    00000020                  : BIOS.obj (.text:ti_sysbios_gates_GateSwi_query__E)
                  80028f20    00000020     app_pe66.oe66 (.text:ti_sysbios_hal_Hwi_HwiProxy_create)
                  80028f40    00000020     app_pe66.oe66 (.text:ti_sysbios_hal_Hwi_HwiProxy_delete)
                  80028f60    00000020     sysbios.ae66 : BIOS.obj (.text:ti_sysbios_hal_Hwi_Instance_finalize__E)
                  80028f80    00000020                  : BIOS.obj (.text:ti_sysbios_hal_Hwi_Module_startup__E)
                  80028fa0    00000020     app_pe66.oe66 (.text:ti_sysbios_hal_Hwi_Params__init__S)
                  80028fc0    00000020     app_pe66.oe66 (.text:ti_sysbios_hal_Hwi_delete)
                  80028fe0    00000020     app_pe66.oe66 (.text:ti_sysbios_heaps_HeapMem_Module_GateProxy_enter__E)
                  80029000    00000020     app_pe66.oe66 (.text:ti_sysbios_heaps_HeapMem_Module_GateProxy_leave__E)
                  80029020    00000020     sysbios.ae66 : BIOS.obj (.text:ti_sysbios_heaps_HeapMem_isBlocking__E)
                  80029040    00000020     app_pe66.oe66 (.text:ti_sysbios_knl_Clock_TimerProxy_getMaxTicks__E)
                  80029060    00000020     sysbios.ae66 : BIOS.obj (.text:ti_sysbios_knl_Idle_loop__E)
                  80029080    00000020                  : BIOS.obj (.text:ti_sysbios_knl_Queue_Instance_init__E)
                  800290a0    00000020     app_pe66.oe66 (.text:ti_sysbios_knl_Queue_Object__get__S)
                  800290c0    00000020     app_pe66.oe66 (.text:ti_sysbios_knl_Queue_destruct)
                  800290e0    00000020     sysbios.ae66 : BIOS.obj (.text:ti_sysbios_knl_Queue_empty__E)
                  80029100    00000020                  : BIOS.obj (.text:ti_sysbios_knl_Semaphore_Instance_finalize__E)
                  80029120    00000020     app_pe66.oe66 (.text:ti_sysbios_knl_Semaphore_Params__init__S)
                  80029140    00000020     app_pe66.oe66 (.text:ti_sysbios_knl_Semaphore_delete)
                  80029160    00000020     app_pe66.oe66 (.text:ti_sysbios_knl_Swi_Params__init__S)
                  80029180    00000020     sysbios.ae66 : BIOS.obj (.text:ti_sysbios_knl_Swi_disable__E)
                  800291a0    00000020                  : BIOS.obj (.text:ti_sysbios_knl_Task_disable__E)
                  800291c0    00000020                  : BIOS.obj (.text:ti_sysbios_knl_Task_startup__E)
                  800291e0    00000020                  : BIOS.obj (.text:ti_sysbios_syncs_SyncSem_Instance_finalize__E)
                  80029200    00000020     app_pe66.oe66 (.text:ti_sysbios_syncs_SyncSem_delete)
                  80029220    00000020     sysbios.ae66 : BIOS.obj (.text:ti_sysbios_syncs_SyncSem_query__E)
                  80029240    00000020                  : BIOS.obj (.text:ti_sysbios_syncs_SyncSem_signal__E)
                  80029260    00000020     app_pe66.oe66 (.text:ti_sysbios_timers_timer64_Timer_Module__startupDone__F)
                  80029280    00000020     sysbios.ae66 : BIOS.obj (.text:ti_sysbios_timers_timer64_Timer_getMaxTicks__E)
                  800292a0    00000020                  : BIOS.obj (.text:ti_sysbios_xdcruntime_GateThreadSupport_Instance_finalize__E)
                  800292c0    00000020                  : BIOS.obj (.text:ti_sysbios_xdcruntime_GateThreadSupport_Instance_init__E)
                  800292e0    00000020                  : BIOS.obj (.text:ti_sysbios_xdcruntime_GateThreadSupport_enter__E)
                  80029300    00000020     ti.targets.rts6000.ae66 : Error.oe66 (.text:xdc_runtime_Error_getSite__E)
                  80029320    00000020                             : Error.oe66 (.text:xdc_runtime_Error_raiseX__E)
                  80029340    00000020                             : GateNull.oe66 (.text:xdc_runtime_GateNull_enter__E)
                  80029360    00000020                             : GateNull.oe66 (.text:xdc_runtime_GateNull_leave__E)
                  80029380    00000020                             : GateNull.oe66 (.text:xdc_runtime_GateNull_query__E)
                  800293a0    00000020                             : Gate.oe66 (.text:xdc_runtime_Gate_enterSystem__E)
                  800293c0    00000020                             : Gate.oe66 (.text:xdc_runtime_Gate_leaveSystem__E)
                  800293e0    00000020     app_pe66.oe66 (.text:xdc_runtime_IHeap_alloc)
                  80029400    00000020     app_pe66.oe66 (.text:xdc_runtime_IHeap_free)
                  80029420    00000020     app_pe66.oe66 (.text:xdc_runtime_LoggerBuf_Module_GateProxy_enter__E)
                  80029440    00000020     app_pe66.oe66 (.text:xdc_runtime_LoggerBuf_Module_GateProxy_leave__E)
                  80029460    00000020     ti.targets.rts6000.ae66 : LoggerBuf.oe66 (.text:xdc_runtime_LoggerBuf_disable__E)
                  80029480    00000020                             : LoggerBuf.oe66 (.text:xdc_runtime_LoggerBuf_enable__E)
                  800294a0    00000020                             : Memory.oe66 (.text:xdc_runtime_Memory_calloc__E)
                  800294c0    00000020                             : Memory.oe66 (.text:xdc_runtime_Memory_free__E)
                  800294e0    00000020                             : Memory.oe66 (.text:xdc_runtime_Memory_getMaxDefaultTypeAlign__E)
                  80029500    00000020     app_pe66.oe66 (.text:xdc_runtime_Startup_Module__startupDone__S)
                  80029520    00000020     app_pe66.oe66 (.text:xdc_runtime_Startup_exec__I)
                  80029540    00000020     ti.targets.rts6000.ae66 : Startup.oe66 (.text:xdc_runtime_Startup_rtsDone__E)
                  80029560    00000020                             : SysMin.oe66 (.text:xdc_runtime_SysMin_ready__E)
                  80029580    00000020     app_pe66.oe66 (.text:xdc_runtime_System_Module_GateProxy_enter__E)
                  800295a0    00000020     app_pe66.oe66 (.text:xdc_runtime_System_Module_GateProxy_leave__E)
                  800295c0    00000020     ti.targets.rts6000.ae66 : System.oe66 (.text:xdc_runtime_System_Module_startup__E)
                  800295e0    00000020                             : System.oe66 (.text:xdc_runtime_System_vsnprintf__E)
                  80029600    00000020                             : Text.oe66 (.text:xdc_runtime_Text_ropeText__E)
                  80029620    00000020     app_pe66.oe66 (.text:xdc_runtime_Text_visitRope__I)
                  80029640    00000020     ti.targets.rts6000.ae66 : GateThread.oe66 (.text:xdc_runtime_knl_GateThread_Instance_finalize__E)
                  80029660    00000020     app_pe66.oe66 (.text:xdc_runtime_knl_GateThread_Module__startupDone__S)
                  80029680    00000020     app_pe66.oe66 (.text:xdc_runtime_knl_GateThread_Proxy_create)
                  800296a0    00000020     app_pe66.oe66 (.text:xdc_runtime_knl_GateThread_Proxy_delete)
                  800296c0    00000020     app_pe66.oe66 (.text:xdc_runtime_knl_GateThread_Proxy_enter__E)
                  800296e0    00000020     app_pe66.oe66 (.text:xdc_runtime_knl_GateThread_Proxy_leave__E)
                  80029700    00000020     ti.targets.rts6000.ae66 : GateThread.oe66 (.text:xdc_runtime_knl_GateThread_enter__E)
                  80029720    00000020                             : GateThread.oe66 (.text:xdc_runtime_knl_GateThread_leave__E)

.far       0    80029740    000111d2     UNINITIALIZED
                  80029740    0000c800     (.common:ti_sysbios_heaps_HeapMem_Instance_State_0_buf__A)
                  80035f40    00004000     app_pe66.oe66 (.far:taskStackSection)
                  80039f40    000005a8     ti.drv.qmss.ae66 : qmss_drv.oe66 (.far:local:uninit)
                  8003a4e8    00000200     (.common:xdc_runtime_LoggerBuf_Instance_State_0_entryArr__A)
                  8003a6e8    00000200     (.common:xdc_runtime_SysMin_Module_State_0_outbuf__A)
                  8003a8e8    0000001c     (.common:rxQueHnd)
                  8003a904    00000004     --HOLE--
                  8003a908    00000008     (.common:parmbuf)
                  8003a910    00000002                      : qmss_drv.oe66 (.far:local:init)

.const     0    8003a918    00004fac     
                  8003a918    00002e42     app_pe66.oe66 (.const:xdc_runtime_Text_charTab__A)
                  8003d75a    00000002     app_pe66.oe66 (.const:ti_sdo_ipc_GateMP_Module__id__C)
                  8003d75c    00000518     sysbios.ae66 : BIOS.obj (.const:.string)
                  8003dc74    00000004     core_2_core_interface.obj (.const:$P$T0$1)
                  8003dc78    00000400     app_pe66.oe66 (.const:ti_sysbios_family_c66_Cache_marvalues__C)
                  8003e078    00000264     qmss_init.obj (.const:.string)
                  8003e2dc    00000004     ti.targets.rts6000.ae66 : Assert.oe66 (.const:.string)
                  8003e2e0    00000184     app_pe66.oe66 (.const:xdc_runtime_Text_nodeTab__A)
                  8003e464    00000004     app_pe66.oe66 (.const:ti_sdo_ipc_GateMP_A_invalidClose__C)
                  8003e468    00000101     rts6600_elf.lib : ctype.c.obj (.const:.string:_ctypes_)
                  8003e569    00000001     app_pe66.oe66 (.const:ti_sysbios_timers_timer64_Timer_localTimerBaseId__C)
                  8003e56a    00000002     app_pe66.oe66 (.const:ti_sdo_ipc_GateMP_Module__loggerDefined__C)
                  8003e56c    000000c0     app_pe66.oe66 (.const:.string)
                  8003e62c    0000007c     main.obj (.const:.string)
                  8003e6a8    00000068     core_2_core_interface.obj (.const:.string)
                  8003e710    00000058     ti.targets.rts6000.ae66 : Error.oe66 (.const:.string)
                  8003e768    00000054     ipc.ae66 : Ipc.obj (.const:.string)
                  8003e7bc    00000044     app_pe66.oe66 (.const:ti_sysbios_knl_Task_Object__PARAMS__C)
                  8003e800    00000044     app_pe66.oe66 (.const:xdc_runtime_Startup_sfxnTab__A)
                  8003e844    00000040     ti.targets.rts6000.ae66 : Text.oe66 (.const:.string)
                  8003e884    0000003c     app_pe66.oe66 (.const:xdc_runtime_LoggerBuf_Module__FXNS__C)
                  8003e8c0    00000038     app_pe66.oe66 (.const:ti_sdo_ipc_notifyDrivers_NotifyDriverCirc_Module__FXNS__C)
                  8003e8f8    00000034     app_pe66.oe66 (.const:ti_sdo_ipc_GateMP_Object__PARAMS__C)
                  8003e92c    00000034     app_pe66.oe66 (.const:ti_sdo_ipc_notifyDrivers_NotifyDriverCirc_Object__PARAMS__C)
                  8003e960    00000030     app_pe66.oe66 (.const:ti_sdo_ipc_heaps_HeapMemMP_Object__PARAMS__C)
                  8003e990    00000030     app_pe66.oe66 (.const:ti_sysbios_family_c64p_Hwi_Object__PARAMS__C)
                  8003e9c0    0000002c     ti.targets.rts6000.ae66 : Startup.oe66 (.const:.string)
                  8003e9ec    0000002c     app_pe66.oe66 (.const:ti_sdo_ipc_gates_GateHWSem_Module__FXNS__C)
                  8003ea18    0000002c     app_pe66.oe66 (.const:ti_sdo_ipc_gates_GateMPSupportNull_Module__FXNS__C)
                  8003ea44    0000002c     app_pe66.oe66 (.const:ti_sdo_ipc_gates_GatePeterson_Module__FXNS__C)
                  8003ea70    0000002c     app_pe66.oe66 (.const:ti_sysbios_hal_Hwi_Object__PARAMS__C)
                  8003ea9c    00000028     app_pe66.oe66 (.const:ti_sdo_ipc_heaps_HeapMemMP_Module__FXNS__C)
                  8003eac4    00000028     app_pe66.oe66 (.const:ti_sdo_ipc_nsremote_NameServerRemoteNotify_Module__FXNS__C)
                  8003eaec    00000028     app_pe66.oe66 (.const:ti_sdo_ipc_transports_TransportShmNotify_Module__FXNS__C)
                  8003eb14    00000028     app_pe66.oe66 (.const:ti_sysbios_heaps_HeapMem_Module__FXNS__C)
                  8003eb3c    00000028     app_pe66.oe66 (.const:ti_sysbios_knl_Swi_Object__PARAMS__C)
                  8003eb64    00000028     app_pe66.oe66 (.const:xdc_runtime_LoggerBuf_Object__PARAMS__C)
                  8003eb8c    00000024     init.obj (.const:.string)
                  8003ebb0    00000024     rts6600_elf.lib : _printfi.c.obj (.const:.string)
                  8003ebd4    00000024     app_pe66.oe66 (.const:ti_sdo_ipc_gates_GateHWSem_Object__PARAMS__C)
[...]
8003f7f4  xdc_runtime_LoggerBuf_Module__gateObj__C                                  
8003f7f8  xdc_runtime_LoggerBuf_Object__count__C                                    
8003f7fc  xdc_runtime_LoggerBuf_statusLogger__C                                     
8003f800  xdc_runtime_Memory_defaultHeapInstance__C                                 
8003f804  xdc_runtime_Startup_execImpl__C                                           
8003f808  xdc_runtime_Startup_maxPasses__C                                          
8003f80c  xdc_runtime_Startup_sfxnRts__C                                            
8003f810  xdc_runtime_Startup_sfxnTab__C                                            
8003f814  xdc_runtime_SysMin_bufSize__C                                             
8003f818  xdc_runtime_SysMin_outputFunc__C                                          
8003f81c  xdc_runtime_System_Module__gateObj__C                                     
8003f820  xdc_runtime_System_abortFxn__C                                            
8003f824  xdc_runtime_System_exitFxn__C                                             
8003f828  xdc_runtime_System_extendFxn__C                                           
8003f82c  xdc_runtime_System_maxAtexitHandlers__C                                   
8003f830  xdc_runtime_Text_charTab__C                                               
8003f834  xdc_runtime_Text_nameEmpty__C                                             
8003f838  xdc_runtime_Text_nameStatic__C                                            
8003f83c  xdc_runtime_Text_nameUnknown__C                                           
8003f840  xdc_runtime_Text_nodeTab__C                                               
8003f844  xdc_runtime_Text_visitRopeFxn__C                                          
8003f848  xdc_runtime_knl_ISync_Interface__BASE__C                                  
8003f84c  ti_sdo_ipc_Ipc_generateSlaveDataForHost__C                                
8003f84e  ti_sdo_ipc_MessageQ_Module__id__C                                         
8003f850  ti_sdo_ipc_MessageQ_Module__loggerDefined__C                              
8003f852  ti_sdo_ipc_Notify_Module__id__C                                           
8003f854  ti_sdo_ipc_Notify_numLines__C                                             
8003f856  ti_sdo_ipc_Notify_reservedEvents__C                                       
8003f858  ti_sdo_ipc_SharedRegion_Module__id__C                                     
8003f85a  ti_sdo_ipc_SharedRegion_numEntries__C                                     
8003f85c  ti_sdo_ipc_SharedRegion_translate__C                                      
8003f85e  ti_sdo_ipc_family_tci663x_Interrupt_Module__id__C                         
8003f860  ti_sdo_ipc_family_tci663x_Interrupt_enableKick__C                         
8003f862  ti_sdo_ipc_family_tci663x_NotifyCircSetup_includeHost__C                  
8003f864  ti_sdo_ipc_gates_GateHWSem_Module__id__C                                  
8003f866  ti_sdo_ipc_gates_GateMPSupportNull_Module__id__C                          
8003f868  ti_sdo_ipc_gates_GatePeterson_Module__id__C                               
8003f86a  ti_sdo_ipc_heaps_HeapMemMP_Module__id__C                                  
8003f86c  ti_sdo_ipc_notifyDrivers_NotifyDriverCirc_Module__id__C                   
8003f86e  ti_sdo_ipc_notifyDrivers_NotifyDriverCirc_enableStats__C                  
8003f870  ti_sdo_ipc_nsremote_NameServerRemoteNotify_Module__id__C                  
8003f872  ti_sdo_ipc_transports_TransportShmNotify_alwaysWriteBackMsg__C            
8003f874  ti_sdo_ipc_transports_TransportShmNotify_notifyEventId__C                 
8003f876  ti_sdo_utils_MultiProc_Module__id__C                                      
8003f878  ti_sdo_utils_MultiProc_numProcessors__C                                   
8003f87a  ti_sdo_utils_MultiProc_numProcsInCluster__C                               
8003f87c  ti_sdo_utils_NameServer_Module__id__C                                     
8003f87e  ti_sysbios_family_c64p_Exception_Module__id__C                            
8003f880  ti_sysbios_family_c64p_Exception_useInternalBuffer__C                     
8003f882  ti_sysbios_family_c64p_Hwi_Module__id__C                                  
8003f884  ti_sysbios_family_c64p_Hwi_Module__loggerDefined__C                       
8003f886  ti_sysbios_family_c66_Cache_Module__id__C                                 
8003f888  ti_sysbios_family_c66_Cache_registerRTSSynch__C                           
8003f88a  ti_sysbios_gates_GateMutexPri_Module__id__C                               
8003f88c  ti_sysbios_gates_GateMutex_Module__id__C                                  
8003f88e  ti_sysbios_gates_GateSwi_Module__id__C                                    
8003f890  ti_sysbios_hal_Hwi_Module__id__C                                          
8003f892  ti_sysbios_heaps_HeapMem_Module__id__C                                    
8003f894  ti_sysbios_knl_Clock_Module__id__C                                        
8003f896  ti_sysbios_knl_Clock_Module__loggerDefined__C                             
8003f898  ti_sysbios_knl_Semaphore_Module__id__C                                    
8003f89a  ti_sysbios_knl_Semaphore_Module__loggerDefined__C                         
8003f89c  ti_sysbios_knl_Swi_Module__id__C                                          
8003f89e  ti_sysbios_knl_Swi_Module__loggerDefined__C                               
8003f8a0  ti_sysbios_knl_Task_Module__id__C                                         
8003f8a2  ti_sysbios_knl_Task_Module__loggerDefined__C                              
8003f8a4  ti_sysbios_syncs_SyncSem_Module__id__C                                    
8003f8a6  ti_sysbios_timers_timer64_Timer_Module__id__C                             
8003f8a8  ti_sysbios_timers_timer64_Timer_startupNeeded__C                          
8003f8aa  ti_sysbios_timers_timer64_Timer_useTimer64pRegMap__C                      
8003f8ac  xdc_runtime_Core_Module__id__C                                            
8003f8ae  xdc_runtime_Error_Module__loggerDefined__C                                
8003f8b0  xdc_runtime_Error_maxDepth__C                                             
8003f8b2  xdc_runtime_LoggerBuf_Module__id__C                                       
8003f8b4  xdc_runtime_LoggerBuf_filterByLevel__C                                    
8003f8b6  xdc_runtime_Main_Module__id__C                                            
8003f8b8  xdc_runtime_Memory_Module__id__C                                          
8003f8ba  xdc_runtime_SysMin_flushAtExit__C                                         
8003f8bc  xdc_runtime_Text_charCnt__C                                               
8003f8be  xdc_runtime_Text_isLoaded__C                                              
8003f8c0  xdc_runtime_Text_registryModsLastId__C                                    
8003f8c2  xdc_runtime_Text_unnamedModsLastId__C                                     
8003f8c8  cppiGblCPDMACfgParams                                                     
800402a0  ti_sdo_ipc_GateMP_Module_State_0_remoteCustom1Gates__A                    
80040aa0  data                                                                      
80040fa0  GlobalQmGroup0                                                            
800412e4  qmssGblCfgParams                                                          
800415b4  _lock                                                                     
800415b8  GlobalQmGroup1                                                            
800417f4  _unlock                                                                   
800417f8  ti_sysbios_timers_timer64_Timer_Module_State_0_device__A                  
80041978  ti_sdo_utils_NameServer_Object__table__V                                  
80041a2c  __errno                                                                   
80041a2c  errno                                                                     
80041a30  ti_sdo_ipc_SharedRegion_Module_State_0_regions__A                         
80041ac0  ti_sdo_ipc_GateMP_Module_State_0_remoteSystemGates__A                     
80041b40  ti_sysbios_knl_Swi_Module_State_0_readyQ__A                               
80041bc0  ti_sysbios_knl_Task_Module_State_0_readyQ__A                              
80041c40  ti_sysbios_timers_timer64_Timer_Module_State_0_gctrl__A                   
80041cc0  ti_sysbios_timers_timer64_Timer_Module_State_0_handles__A                 
80041d40  ti_sysbios_timers_timer64_Timer_Module_State_0_intFreqs__A                
80041dc0  ti_sysbios_family_c64p_Hwi_Module__state__V                               
80041e2c  ti_sdo_ipc_MessageQ_Module__state__V                                      
80041e94  ti_sdo_ipc_SharedRegion_Module__state__V                                  
80041e98  ti_sysbios_knl_Task_Object__table__V                                      
80041ef4  ti_sdo_ipc_GateMP_Module__state__V                                        
80041f44  ti_sdo_ipc_heaps_HeapMemMP_Module__state__V                               
80041f48  ti_sysbios_timers_timer64_Timer_Object__table__V                          
80041f98  ti_sysbios_knl_Task_Module__state__V                                      
80041fe0  ti_sysbios_gates_GateMutex_Object__table__V                               
80042020  ti_sysbios_family_c64p_Exception_Module__state__V                         
80042050  ti_sysbios_knl_Swi_Object__table__V                                       
80042080  ti_sysbios_knl_Clock_Module__state__V                                     
800420ac  ti_sdo_ipc_transports_TransportShmNotifySetup_Module__state__V            
800420b0  ti_sdo_ipc_Ipc_Module_State_0_procEntry__A                                
800420d8  ti_sysbios_BIOS_Module__state__V                                          
800420fc  xdc_runtime_Memory_Module__state__V                                       
80042100  xdc_runtime_LoggerBuf_Object__table__V                                    
80042124  xdc_runtime_Error_Module__state__V                                        
80042128  ti_sdo_ipc_MessageQ_Module_State_0_heaps__A                               
80042148  xdc_runtime_Error_IgnoreBlock                                             
80042168  ti_sysbios_knl_Swi_Module__state__V                                       
80042188  ti_sysbios_family_c64p_Hwi_Object__table__V                               
800421a0  ti_sysbios_gates_GateMutexPri_Object__table__V                            
800421b8  ti_sysbios_heaps_HeapMem_Object__table__V                                 
800421d0  ti_sysbios_timers_timer64_Timer_Module__state__V                          
800421e8  cppiGblCfgParams                                                          
800421fc  cppiLObj                                                                  
80042210  ti_sdo_ipc_family_tci663x_Interrupt_Module__state__V                      
80042228  ti_sdo_ipc_MessageQ_Module_State_0_transports__A                          
80042238  ti_sdo_ipc_family_tci663x_Interrupt_Module_State_0_clientTab__A           
80042248  ti_sdo_ipc_family_tci663x_Interrupt_Module_State_0_hwTab__A               
80042258  ti_sysbios_gates_GateAll_Object__table__V                                 
80042268  xdc_runtime_System_Module_State_0_atexitHandlers__A                       
80042278  __TI_cleanup_ptr                                                          
8004227c  __TI_dtors_ptr                                                            
80042280  __TI_enable_exit_profile_output                                           
80042284  ti_sdo_ipc_Ipc_Module__state__V                                           
80042290  ti_sdo_utils_NameServer_Module__state__V                                  
800422a0  ti_sysbios_gates_GateSwi_Object__table__V                                 
800422ac  xdc_runtime_SysMin_Module__state__V                                       
800422b8  ti_sdo_ipc_GateMP_Module__root__V                                         
800422c0  ti_sdo_ipc_MessageQ_Module__root__V                                       
800422c8  ti_sdo_ipc_Notify_Module_State_0_notifyHandles__A                         
800422d0  ti_sdo_ipc_Notify_Module__root__V                                         
800422d8  ti_sdo_ipc_Notify_Module__state__V                                        
800422e0  ti_sdo_ipc_gates_GateHWSem_Module__root__V                                
800422e8  ti_sdo_ipc_gates_GateMPSupportNull_Module__root__V                        
800422f0  ti_sdo_ipc_gates_GatePeterson_Module__root__V                             
800422f8  ti_sdo_ipc_heaps_HeapMemMP_Module__root__V                                
80042300  ti_sdo_ipc_notifyDrivers_NotifyDriverCirc_Module__root__V                 
80042308  ti_sdo_ipc_nsremote_NameServerRemoteNotify_Module__root__V                
80042310  ti_sdo_ipc_transports_TransportShmNotifySetup_Module_State_0_handles__A   
80042318  ti_sdo_ipc_transports_TransportShmNotify_Module__root__V                  
80042320  ti_sdo_utils_List_Module__root__V                                         
80042328  ti_sdo_utils_MultiProc_Module__state__V                                   
80042330  ti_sdo_utils_NameServer_Module_State_0_nsRemoteHandle__A                  
80042338  ti_sdo_utils_NameServer_Module__root__V                                   
80042340  ti_sysbios_family_c64p_Hwi_Module__root__V                                
80042348  ti_sysbios_gates_GateAll_Module__root__V                                  
80042350  ti_sysbios_gates_GateHwi_Module__root__V                                  
80042358  ti_sysbios_gates_GateMutexPri_Module__root__V                             
80042360  ti_sysbios_gates_GateMutex_Module__root__V                                
80042368  ti_sysbios_gates_GateSwi_Module__root__V                                  
80042370  ti_sysbios_hal_Hwi_Module__root__V                                        
80042378  ti_sysbios_hal_Hwi_Object__table__V                                       
80042380  ti_sysbios_heaps_HeapMem_Module__root__V                                  
80042388  ti_sysbios_knl_Queue_Module__root__V                                      
80042390  ti_sysbios_knl_Semaphore_Module__root__V                                  
80042398  ti_sysbios_knl_Swi_Module__root__V                                        
800423a0  ti_sysbios_knl_Task_Module__root__V                                       
800423a8  ti_sysbios_syncs_SyncSem_Module__root__V                                  
800423b0  ti_sysbios_xdcruntime_GateThreadSupport_Module__root__V                   
800423b8  xdc_runtime_GateNull_Module__root__V                                      
800423c0  xdc_runtime_LoggerBuf_Module__root__V                                     
800423c8  xdc_runtime_Registry_Module__state__V                                     
800423d0  xdc_runtime_Startup_Module__state__V                                      
800423d8  xdc_runtime_System_Module__state__V                                       
800423e0  xdc_runtime_knl_GateThread_Module__root__V                                
800423e8  xdc_runtime_LoggerBuf_Module__state__V                                    
800423f0  ti_sdo_ipc_Notify_Module_State_0_notifyHandles_0__A                       
800423f8  ti_sdo_ipc_Notify_Module_State_0_notifyHandles_1__A                       
80042400  ti_sdo_utils_MultiProc_Module_State_0_clusterProcList__A                  
80042408  ti_sysbios_gates_GateHwi_Object__table__V                                 
80042410  ti_sysbios_knl_Task_Module_State_0_idleTask__A                            
80042418  xdc_runtime_GateNull_Object__table__V                                     
80042420  __CIOBUF_                                                                 
80042588  Ipc_sr0MemorySetup                                                        
80042588  __TI_STATIC_BASE                                                          
8004258c  cppiHnd                                                                   
80042590  freeQueHnd                                                                
80042594  rxChHnd                                                                   
80042598  rx_flowhnd                                                                
8004259c  txChHnd                                                                   
800425a0  txQueHnd                                                                  
800425a4  qmssMallocCounter                                                         
800425a8  qmssFreeCounter                                                           
800425ac  cppiMallocCounter                                                         
800425b0  cppiFreeCounter                                                           
800425b4  rmMallocCounter                                                           
800425b8  rmFreeCounter                                                             
800425bc  dataLen                                                                   
800425c0  core_name                                                                 
800425c4  core_id                                                                   
80042800  ti_sysbios_family_c64p_Hwi0                                               
80042800  ti_sysbios_family_c64p_Hwi_int0                                           
80042820  ti_sysbios_family_c64p_Hwi_int1                                           
80042840  ti_sysbios_family_c64p_Hwi_int2                                           
80042860  ti_sysbios_family_c64p_Hwi_int3                                           
80042880  ti_sysbios_family_c64p_Hwi_int4                                           
800428a0  ti_sysbios_family_c64p_Hwi_int5                                           
800428c0  ti_sysbios_family_c64p_Hwi_int6                                           
800428e0  ti_sysbios_family_c64p_Hwi_int7                                           
80042900  ti_sysbios_family_c64p_Hwi_int8                                           
80042920  ti_sysbios_family_c64p_Hwi_int9                                           
80042940  ti_sysbios_family_c64p_Hwi_int10                                          
80042960  ti_sysbios_family_c64p_Hwi_int11                                          
80042980  ti_sysbios_family_c64p_Hwi_int12                                          
800429a0  ti_sysbios_family_c64p_Hwi_int13                                          
800429c0  ti_sysbios_family_c64p_Hwi_int14                                          
800429e0  ti_sysbios_family_c64p_Hwi_int15                                          
80043dc4  __TI_Handler_Table_Base                                                   
80043dcc  __TI_Handler_Table_Limit                                                  
80043dd0  __TI_CINIT_Base                                                           
80043e10  __TI_CINIT_Limit                                                          
ffffffff  __TI_pprof_out_hndl                                                       
ffffffff  __TI_prof_data_size                                                       
ffffffff  __TI_prof_data_start                                                      
ffffffff  __binit__                                                                 
ffffffff  __c_args__                                                                
ffffffff  binit                                                                     
UNDEFED   __TI_INITARRAY_Base                                                       
UNDEFED   __TI_INITARRAY_Limit                                                      
UNDEFED   __TI_TLS_INIT_Base                                                        
UNDEFED   __TI_TLS_INIT_Limit                                                       

[1436 symbols]
