******************************************************************************
               TMS320C6x Linker PC v8.3.3                      
******************************************************************************
>> Linked Mon May 13 17:30:36 2019

OUTPUT FILE NAME:   <basic-platform.out>
ENTRY POINT SYMBOL: "_c_int00"  address: 80021fc0


MEMORY CONFIGURATION

         name            origin    length      used     unused   attr    fill
----------------------  --------  ---------  --------  --------  ----  --------
  L2SRAM                00800000   00100000  00026000  000da000  RW X
  MSMCSRAM              0c000000   00600000  00207802  003f87fe  RW X
  DDR                   80000000   08000000  00042774  07fbd88c  RW X
  CORE1DDR              88000000   08000000  00000000  08000000  R  X


SEGMENT ALLOCATION MAP

run origin  load origin   length   init length attrs members
----------  ----------- ---------- ----------- ----- -------
00800000    00800000    00026000   00000000    rw-
  00800000    00800000    00022000   00000000    rw- .L2RAM
  00822000    00822000    00004000   00000000    rw- .stack
0c200000    0c200000    00006882   00000000    rw-
  0c200000    0c200000    00006882   00000000    rw- .qmss
0c206900    0c206900    00000f80   00000000    rw-
  0c206900    0c206900    00000f80   00000000    rw- .cppi
80000000    80000000    000288c0   000288c0    r-x
  80000000    80000000    000288c0   000288c0    r-x .text
800288c0    800288c0    000111b2   00000000    rw-
  800288c0    800288c0    000111b2   00000000    rw- .far
80039a78    80039a78    00004ef8   00004ef8    r--
  80039a78    80039a78    00004ef8   00004ef8    r-- .const
8003e970    8003e970    00002654   00000000    rw-
  8003e970    8003e970    00002654   00000000    rw- .fardata
80040fc4    80040fc4    00000038   00000038    r--
  80040fc4    80040fc4    00000038   00000038    r-- .switch.1
80041000    80041000    00000200   00000200    r-x
  80041000    80041000    00000200   00000200    r-x .vecs
80041200    80041200    00000120   00000000    rw-
  80041200    80041200    00000120   00000000    rw- .cio
80041320    80041320    00000010   00000010    r--
  80041320    80041320    00000010   00000010    r-- .switch.2
80041330    80041330    00000038   00000000    rw-
  80041330    80041330    00000020   00000000    rw- .bss
  80041350    80041350    00000018   00000000    rw- .neardata
80041368    80041368    00000006   00000000    r--
  80041368    80041368    00000006   00000000    r-- .rodata
80041370    80041370    00001410   00001410    r--
  80041370    80041370    00001410   00001410    r-- .cinit


SECTION ALLOCATION MAP

 output                                  attributes/
section   page    origin      length       input sections
--------  ----  ----------  ----------   ----------------
ti.sdo.ipc.SharedRegion_0 
*          0    0c000000    00200000     NOLOAD SECTION
                  0c000000    00200000     --HOLE--

.L2RAM     0    00800000    00022000     UNINITIALIZED
                  00800000    00022000     qmss_init.obj (.L2RAM)

.stack     0    00822000    00004000     UNINITIALIZED
                  00822000    00000008     boot.ae66 : boot.oe66 (.stack)
                  00822008    00003ff8     --HOLE--

.bss       0    80041330    00000020     UNINITIALIZED
                  80041330    00000004     (.common:Ipc_sr0MemorySetup)
                  80041334    00000004     (.common:cppiHnd)
                  80041338    00000004     (.common:freeQueHnd)
                  8004133c    00000004     (.common:rxChHnd)
                  80041340    00000004     (.common:rxQueHnd)
                  80041344    00000004     (.common:rx_flowhnd)
                  80041348    00000004     (.common:txChHnd)
                  8004134c    00000004     (.common:txQueHnd)

.neardata 
*          0    80041350    00000018     UNINITIALIZED
                  80041350    00000018     qmss_osal.obj (.neardata)

.rodata    0    80041368    00000006     UNINITIALIZED
                  80041368    00000006     main.obj (.rodata)

.cinit     0    80041370    00001410     
                  80041370    00001374     (.cinit..fardata.load) [load image, compression = rle]
                  800426e4    0000000d     (.cinit..L2RAM.load) [load image, compression = rle]
                  800426f1    0000000d     (.cinit..far.load) [load image, compression = rle]
                  800426fe    0000000c     (.cinit..rodata.load) [load image, compression = rle]
                  8004270a    0000000b     (.cinit..cppi.load) [load image, compression = rle]
                  80042715    0000000b     (.cinit..qmss.load) [load image, compression = rle]
                  80042720    00000009     (.cinit..bss.load) [load image, compression = rle]
                  80042729    00000009     (.cinit..neardata.load) [load image, compression = rle]
                  80042732    00000002     --HOLE-- [fill = 0]
                  80042734    00000008     (__TI_handler_table)
                  8004273c    00000004     --HOLE-- [fill = 0]
                  80042740    00000040     (__TI_cinit_table)

.init_array 
*          0    80000000    00000000     UNINITIALIZED

.qmss      0    0c200000    00006882     UNINITIALIZED
                  0c200000    00006880     ti.drv.qmss.ae66 : qmss_drv.oe66 (.qmss:uninit)
                  0c206880    00000002                      : qmss_drv.oe66 (.qmss:init)

.cppi      0    0c206900    00000f80     UNINITIALIZED
                  0c206900    00000f80     ti.drv.cppi.ae66 : cppi_drv.oe66 (.cppi)

.vecs      0    80041000    00000200     
                  80041000    00000200     app_pe66.oe66 (.vecs)

xdc.meta   0    80000000    000000e8     COPY SECTION
                  80000000    000000e8     app_pe66.oe66 (xdc.meta)

.text      0    80000000    000288c0     
                  80000000    00001fe0     rts6600_elf.lib : _printfi.c.obj (.text:__TI_printfi)
                  80001fe0    00000ea0     ti.drv.qmss.ae66 : qmss_drv.oe66 (.text:Qmss_insertMemoryRegionSubSys)
                  80002e80    00000c60     ipc.ae66 : Ipc.obj (.text:ti_sdo_ipc_GateMP_Instance_init__E)
                  80003ae0    00000b80     qmss_init.obj (.text)
                  80004660    00000980     ti.drv.qmss.ae66 : qmss_drv.oe66 (.text:Qmss_initSubSys)
                  80004fe0    000008c0                      : qmss_drv.oe66 (.text:Qmss_internalQueueOpen)
                  800058a0    000008a0     ti.targets.rts6000.ae66 : System.oe66 (.text:xdc_runtime_System_doPrint__I)
                  80006140    00000780     sysbios.ae66 : BIOS.obj (.text:ti_sysbios_family_c64p_Exception_handler__I)
                  800068c0    00000740     ipc.ae66 : Ipc.obj (.text:MessageQ_put)
                  80007000    00000740     sysbios.ae66 : BIOS.obj (.text:ti_sysbios_knl_Semaphore_pend__E)
                  80007740    00000720     ti.drv.cppi.ae66 : cppi_drv.oe66 (.text:Cppi_configureRxFlow)
                  80007e60    00000700     sysbios.ae66 : BIOS.obj (.text:ti_sysbios_timers_timer64_Timer_Module_startup__E)
                  80008560    000006c0     qmss_osal.obj (.text)
                  80008c20    00000640     ipc.ae66 : Ipc.obj (.text:Ipc_attach)
                  80009260    00000640     rts6600_elf.lib : _printfi.c.obj (.text:_pconv_a)
                  800098a0    00000620     ipc.ae66 : Ipc.obj (.text:ti_sdo_ipc_heaps_HeapMemMP_alloc__E)
                  80009ec0    00000620     sysbios.ae66 : BIOS.obj (.text:ti_sysbios_heaps_HeapMem_allocUnprotected__E)
                  8000a4e0    00000600     rts6600_elf.lib : divd.c.obj (.text:__c6xabi_divd)
                  8000aae0    00000600     ipc.ae66 : Ipc.obj (.text:ti_sdo_ipc_GateMP_setRegion0Reserved__F)
                  8000b0e0    000005c0     ti.drv.cppi.ae66 : cppi_drv.oe66 (.text:Cppi_txChannelOpenWithHwCfg)
                  8000b6a0    000005c0     sysbios.ae66 : BIOS.obj (.text:ti_sysbios_heaps_HeapMem_freeUnprotected__E)
                  8000bc60    000005a0     ipc.ae66 : Ipc.obj (.text:ti_sdo_ipc_nsremote_NameServerRemoteNotify_Instance_init__E)
                  8000c200    00000560              : Ipc.obj (.text:ti_sdo_ipc_GateMP_Instance_finalize__E)
                  8000c760    00000540     ti.drv.cppi.ae66 : cppi_drv.oe66 (.text:Cppi_rxChannelOpen)
                  8000cca0    00000540     ipc.ae66 : Ipc.obj (.text:ti_sdo_ipc_heaps_HeapMemMP_free__E)
                  8000d1e0    00000500     sysbios.ae66 : BIOS.obj (.text:ti_sysbios_knl_Task_Instance_finalize__E)
                  8000d6e0    000004c0     ipc.ae66 : Ipc.obj (.text:ti_sdo_ipc_heaps_HeapMemMP_Instance_init__E)
                  8000dba0    00000480     ti.drv.cppi.ae66 : cppi_drv.oe66 (.text:Cppi_init)
                  8000e020    00000480                      : cppi_desc.oe66 (.text:Cppi_initDescriptorSubSys)
                  8000e4a0    00000480     ipc.ae66 : Ipc.obj (.text:NameServer_add)
                  8000e920    00000480     sysbios.ae66 : BIOS.obj (.text:ti_sysbios_gates_GateMutexPri_enter__E)
                  8000eda0    00000460                  : BIOS.obj (.text:ti_sysbios_knl_Task_sleep__E)
                  8000f200    00000440     rts6600_elf.lib : _printfi.c.obj (.text:_pconv_g)
                  8000f640    00000420     ipc.ae66 : Ipc.obj (.text:Notify_sendEvent)
                  8000fa60    00000420     sysbios.ae66 : BIOS.obj (.text:ti_sysbios_knl_Task_setPri__E)
                  8000fe80    00000400     ipc.ae66 : Ipc.obj (.text:Notify_registerEventSingle)
                  80010280    00000400              : Ipc.obj (.text:ti_sdo_ipc_nsremote_NameServerRemoteNotify_get__F)
                  80010680    000003e0              : Ipc.obj (.text:Notify_unregisterEventSingle)
                  80010a60    000003e0              : Ipc.obj (.text:ti_sdo_ipc_MessageQ_Instance_init__E)
                  80010e40    000003c0     sysbios.ae66 : BIOS.obj (.text:ti_sysbios_knl_Task_Instance_init__E)
                  80011200    000003a0                  : BIOS.obj (.text:ti_sysbios_family_c66_Cache_startup__I)
                  800115a0    00000340     ipc.ae66 : Ipc.obj (.text:ti_sdo_ipc_gates_GatePeterson_Instance_init__E)
                  800118e0    00000340              : Ipc.obj (.text:ti_sdo_ipc_notifyDrivers_NotifyDriverCirc_Instance_init__E)
                  80011c20    00000320     sysbios.ae66 : BIOS.obj (.text:ti_sysbios_timers_timer64_Timer_deviceConfig__I)
                  80011f40    00000300     ti.drv.cppi.ae66 : cppi_drv.oe66 (.text:Cppi_open)
                  80012240    00000300     ipc.ae66 : Ipc.obj (.text:ti_sdo_ipc_Notify_Instance_init__E)
                  80012540    00000300     sysbios.ae66 : BIOS.obj (.text:ti_sysbios_knl_Task_Module_startup__E)
                  80012840    000002e0     ti.drv.qmss.ae66 : qmss_drv.oe66 (.text:Qmss_internalRmStartIndex)
                  80012b20    000002e0     ipc.ae66 : Ipc.obj (.text:ti_sdo_ipc_SharedRegion_reserveMemory__F)
                  80012e00    000002e0     sysbios.ae66 : BIOS.obj (.text:ti_sysbios_heaps_HeapMem_Instance_init__E)
                  800130e0    000002c0     rts6600_elf.lib : _printfi.c.obj (.text:fcvt)
                  800133a0    000002c0     ipc.ae66 : Ipc.obj (.text:ti_sdo_ipc_heaps_HeapMemMP_postInit__I)
                  80013660    000002c0     sysbios.ae66 : BIOS.obj (.text:ti_sysbios_knl_Clock_workFunc__E)
                  80013920    000002c0     ti.targets.rts6000.ae66 : LoggerBuf.oe66 (.text:xdc_runtime_LoggerBuf_write8__E)
                  80013be0    000002a0     rts6600_elf.lib : _printfi.c.obj (.text:_pconv_e)
                  80013e80    000002a0     ipc.ae66 : Ipc.obj (.text:ti_sdo_ipc_MessageQ_registerTransport__F)
                  80014120    000002a0              : Ipc.obj (.text:ti_sdo_ipc_MessageQ_unregisterTransport__F)
                  800143c0    000002a0              : Ipc.obj (.text:ti_sdo_ipc_family_tci663x_Interrupt_Module_startup__E)
                  80014660    000002a0              : Ipc.obj (.text:ti_sdo_utils_NameServer_registerRemoteDriver__E)
                  80014900    000002a0              : Ipc.obj (.text:ti_sdo_utils_NameServer_unregisterRemoteDriver__E)
                  80014ba0    00000280              : Ipc.obj (.text:ti_sdo_ipc_notifyDrivers_NotifyDriverCirc_isr__I)
                  80014e20    00000280              : Ipc.obj (.text:ti_sdo_utils_NameServer_isRegistered__E)
                  800150a0    00000280     sysbios.ae66 : BIOS.obj (.text:ti_sysbios_family_c64p_Hwi_reconfig__E)
                  80015320    00000260                  : BIOS.obj (.text:ti_sysbios_family_c64p_Hwi_dispatchCore__I)
                  80015580    00000260                  : BIOS.obj (.text:ti_sysbios_knl_Semaphore_post__E)
                  800157e0    00000260     ti.targets.rts6000.ae66 : Startup.oe66 (.text:xdc_runtime_Startup_startMods__I)
                  80015a40    00000240     rts6600_elf.lib : imath64.c.obj (.text:__c6xabi_divull)
                  80015c80    00000240     sysbios.ae66 : BIOS.obj (.text:ti_sysbios_family_c64p_Exception_internalHandler__I)
                  80015ec0    00000240     ti.targets.rts6000.ae66 : Core-mem.oe66 (.text:xdc_runtime_Core_createObject__I)
                  80016100    00000240     app_pe66.oe66 (.text:xdc_runtime_System_printfExtend__I)
                  80016340    00000220     ipc.ae66 : Ipc.obj (.text:SharedRegion_getPtr)
                  80016560    00000220              : Ipc.obj (.text:SharedRegion_getSRPtr)
                  80016780    00000220     sysbios.ae66 : BIOS.obj (.text:ti_sysbios_knl_Swi_run__I)
                  800169a0    00000220                  : BIOS.obj (.text:ti_sysbios_timers_timer64_Timer_setPeriodMicroSecs__E)
                  80016bc0    00000200     ipc.ae66 : Ipc.obj (.text:GateMP_openByAddr)
                  80016dc0    00000200              : Ipc.obj (.text:HeapMemMP_sharedMemReq)
                  80016fc0    00000200              : Ipc.obj (.text:Ipc_start)
                  800171c0    00000200              : Ipc.obj (.text:SharedRegion_getEntry)
                  800173c0    00000200     sysbios.ae66 : c64p_Hwi_disp_always.obj (.text:_ti_sysbios_family_c64p_Hwi_dispatchAlways)
                  800175c0    00000200     ti.drv.cppi.ae66 : cppi_heap.oe66 (.text:cppi_internal_heap_add)
                  800177c0    00000200     ipc.ae66 : Ipc.obj (.text:ti_sdo_ipc_SharedRegion_start__F)
                  800179c0    00000200              : Ipc.obj (.text:ti_sdo_ipc_nsremote_NameServerRemoteNotify_swiFxnRequest__I)
                  80017bc0    00000200     ti.targets.rts6000.ae66 : Error.oe66 (.text:xdc_runtime_Error_policyDefault__E)
                  80017dc0    000001e0     ipc.ae66 : Ipc.obj (.text:GateMP_sharedMemReq)
                  80017fa0    000001e0     ti.drv.qmss.ae66 : qmss_drv.oe66 (.text:Qmss_internaldownloadFirmware)
                  80018180    000001e0     sysbios.ae66 : BIOS.obj (.text:ti_sysbios_gates_GateMutex_enter__E)
                  80018360    000001e0     ti.targets.rts6000.ae66 : LoggerBuf.oe66 (.text:xdc_runtime_LoggerBuf_write4__E)
                  80018540    000001e0                             : Text.oe66 (.text:xdc_runtime_Text_putSite__E)
                  80018720    000001c0     rts6600_elf.lib : imath40.c.obj (.text:__c6xabi_divul)
                  800188e0    000001c0                     : _printfi.c.obj (.text:_ltostr)
                  80018aa0    000001c0                     : ldexp.c.obj (.text:ldexp)
                  80018c60    000001c0     ipc.ae66 : Ipc.obj (.text:ti_sdo_ipc_Ipc_procSyncStart__I)
                  80018e20    000001c0     sysbios.ae66 : BIOS.obj (.text:ti_sysbios_knl_Task_checkStacks__E)
                  80018fe0    000001c0                  : BIOS.obj (.text:ti_sysbios_timers_timer64_Timer_getFreq__E)
                  800191a0    000001c0                  : BIOS.obj (.text:ti_sysbios_timers_timer64_Timer_start__E)
                  80019360    000001a0     ipc.ae66 : Ipc.obj (.text:GateMP_enter)
                  80019500    000001a0              : Ipc.obj (.text:GateMP_leave)
                  800196a0    000001a0              : Ipc.obj (.text:MultiProc_getId)
                  80019840    000001a0              : Ipc.obj (.text:NameServer_getLocal)
                  800199e0    000001a0     rts6600_elf.lib : frexp.c.obj (.text:frexp)
                  80019b80    000001a0     ipc.ae66 : Ipc.obj (.text:ti_sdo_ipc_notifyDrivers_NotifyDriverCirc_sendEvent__E)
                  80019d20    000001a0     sysbios.ae66 : BIOS.obj (.text:ti_sysbios_family_c66_Cache_block__I)
                  80019ec0    000001a0                  : BIOS.obj (.text:ti_sysbios_family_c66_Cache_getL2InitSize__I)
                  8001a060    000001a0                  : BIOS.obj (.text:ti_sysbios_knl_Task_schedule__I)
                  8001a200    000001a0     ti.targets.rts6000.ae66 : Core-smem.oe66 (.text:xdc_runtime_Core_constructObject__I)
                  8001a3a0    00000180     ipc.ae66 : Ipc.obj (.text:MessageQ_get)
                  8001a520    00000180              : Ipc.obj (.text:NameServer_getHandle)
                  8001a6a0    00000180     sysbios.ae66 : c64p_Exception_asm.obj (.text)
                  8001a820    00000180     ipc.ae66 : Ipc.obj (.text:ti_sdo_ipc_GateMP_attach__F)
                  8001a9a0    00000180     sysbios.ae66 : BIOS.obj (.text:ti_sysbios_knl_Swi_Instance_init__E)
                  8001ab20    00000180                  : BIOS.obj (.text:ti_sysbios_knl_Task_exit__E)
                  8001aca0    00000180                  : BIOS.obj (.text:ti_sysbios_knl_Task_startCore__E)
                  8001ae20    00000180                  : BIOS.obj (.text:ti_sysbios_syncs_SyncSem_Instance_init__E)
                  8001afa0    00000160     ipc.ae66 : Ipc.obj (.text:ti_sdo_ipc_GateMP_openRegion0Reserved__F)
                  8001b100    00000160              : Ipc.obj (.text:ti_sdo_ipc_MessageQ_Instance_finalize__E)
                  8001b260    00000160              : Ipc.obj (.text:ti_sdo_ipc_notifyDrivers_NotifyDriverCirc_sharedMemReq__F)
                  8001b3c0    00000160     sysbios.ae66 : BIOS.obj (.text:ti_sysbios_family_c64p_Hwi_Module_startup__E)
                  8001b520    00000160                  : BIOS.obj (.text:ti_sysbios_knl_Swi_post__E)
                  8001b680    00000160     ti.targets.rts6000.ae66 : Text.oe66 (.text:xdc_runtime_Text_putMod__E)
                  8001b7e0    00000140     ipc.ae66 : Ipc.obj (.text:MessageQ_create)
                  8001b920    00000140              : Ipc.obj (.text:Notify_intLineRegistered)
                  8001ba60    00000140     ti.drv.qmss.ae66 : qmss_drv.oe66 (.text:Qmss_rmServiceGroups)
                  8001bba0    00000140                      : qmss_drv.oe66 (.text:Qmss_startSubSysCfg)
                  8001bce0    00000140     ipc.ae66 : Ipc.obj (.text:SharedRegion_getCacheLineSize)
                  8001be20    00000140              : Ipc.obj (.text:SharedRegion_getHeap)
                  8001bf60    00000140              : Ipc.obj (.text:SharedRegion_isCacheEnabled)
                  8001c0a0    00000140              : Ipc.obj (.text:ti_sdo_ipc_GateMP_createLocal__F)
                  8001c1e0    00000140              : Ipc.obj (.text:ti_sdo_ipc_GateMP_getFreeResource__I)
                  8001c320    00000140              : Ipc.obj (.text:ti_sdo_ipc_gates_GatePeterson_enter__E)
                  8001c460    00000140              : Ipc.obj (.text:ti_sdo_ipc_nsremote_NameServerRemoteNotify_attach__E)
                  8001c5a0    00000140              : Ipc.obj (.text:ti_sdo_ipc_nsremote_NameServerRemoteNotify_cbFxn__I)
                  8001c6e0    00000140     sysbios.ae66 : BIOS.obj (.text:ti_sysbios_gates_GateSwi_enter__E)
                  8001c820    00000140                  : BIOS.obj (.text:ti_sysbios_knl_Semaphore_Instance_init__E)
                  8001c960    00000140                  : BIOS.obj (.text:ti_sysbios_knl_Task_blockI__E)
                  8001caa0    00000140                  : BIOS.obj (.text:ti_sysbios_knl_Task_postInit__I)
                  8001cbe0    00000140     ti.targets.rts6000.ae66 : Core-mem.oe66 (.text:xdc_runtime_Core_deleteObject__I)
                  8001cd20    00000140                             : LoggerBuf.oe66 (.text:xdc_runtime_LoggerBuf_setFilterLevel__E)
                  8001ce60    00000140                             : Text.oe66 (.text:xdc_runtime_Text_putLab__E)
                  8001cfa0    00000120     ipc.ae66 : Ipc.obj (.text:GateMP_close)
                  8001d0c0    00000120              : Ipc.obj (.text:MultiProc_getName)
                  8001d1e0    00000120     ti.drv.qmss.ae66 : qmss_drv.oe66 (.text:Qmss_rmService)
                  8001d300    00000120     boot.ae66 : autoinit.oe66 (.text:_auto_init_elf)
                  8001d420    00000120     rts6600_elf.lib : _printfi.c.obj (.text:_pconv_f)
                  8001d540    00000120     ti.drv.cppi.ae66 : cppi_drv.oe66 (.text:cppiRmService)
                  8001d660    00000120     ipc.ae66 : Ipc.obj (.text:ti_sdo_ipc_Notify_Module_startup__E)
                  8001d780    00000120     app_pe66.oe66 (.text:ti_sdo_ipc_Notify_create)
                  8001d8a0    00000120     ipc.ae66 : Ipc.obj (.text:ti_sdo_ipc_gates_GateHWSem_Instance_init__E)
                  8001d9c0    00000120              : Ipc.obj (.text:ti_sdo_utils_NameServer_removeLocal__I)
                  8001dae0    00000120     sysbios.ae66 : BIOS.obj (.text:ti_sysbios_family_c64p_Hwi_Instance_init__E)
                  8001dc00    00000120                  : BIOS.obj (.text:ti_sysbios_knl_Swi_restoreHwi__E)
                  8001dd20    00000120     ti.targets.rts6000.ae66 : LoggerBuf.oe66 (.text:xdc_runtime_LoggerBuf_getFilterLevel__E)
                  8001de40    00000100     rts6600_elf.lib : copy_decompress_rle.c.obj (.text:__TI_decompress_rle_core)
                  8001df40    00000100                     : _printfi.c.obj (.text:_mcpy)
                  8001e040    00000100                     : atoi.c.obj (.text:atoi)
                  8001e140    00000100     ipc.ae66 : Ipc.obj (.text:ti_sdo_ipc_Ipc_procSyncFinish__I)
                  8001e240    00000100              : Ipc.obj (.text:ti_sdo_ipc_Notify_exec__F)
                  8001e340    00000100              : Ipc.obj (.text:ti_sdo_ipc_SharedRegion_attach__F)
                  8001e440    00000100              : Ipc.obj (.text:ti_sdo_ipc_family_tci663x_Interrupt_isr__I)
                  8001e540    00000100              : Ipc.obj (.text:ti_sdo_ipc_gates_GateHWSem_enter__E)
                  8001e640    00000100              : Ipc.obj (.text:ti_sdo_ipc_heaps_HeapMemMP_getStats__E)
                  8001e740    00000100     sysbios.ae66 : BIOS.obj (.text:ti_sysbios_family_c64p_Hwi_Instance_finalize__E)
                  8001e840    00000100                  : BIOS.obj (.text:ti_sysbios_gates_GateMutexPri_leave__E)
                  8001e940    00000100                  : BIOS.obj (.text:ti_sysbios_knl_Task_unblockI__E)
                  8001ea40    00000100                  : BIOS.obj (.text:ti_sysbios_timers_timer64_Timer_initDevice__I)
                  8001eb40    00000100                  : BIOS.obj (.text:ti_sysbios_xdcruntime_GateThreadSupport_leave__E)
                  8001ec40    00000100     ti.targets.rts6000.ae66 : Error.oe66 (.text:xdc_runtime_Error_print__E)
                  8001ed40    00000100                             : Memory.oe66 (.text:xdc_runtime_Memory_alloc__E)
                  8001ee40    00000100                             : Startup.oe66 (.text:xdc_runtime_Startup_exec__E)
                  8001ef40    000000e0     rts6600_elf.lib : hostwrite.c.obj (.text:HOSTwrite)
                  8001f020    000000e0     ipc.ae66 : Ipc.obj (.text:HeapMemMP_openByAddr)
                  8001f100    000000e0              : Ipc.obj (.text:MessageQ_Params_init__S)
                  8001f1e0    000000e0     ti.drv.qmss.ae66 : qmss_drv.oe66 (.text:Qmss_rmNameService)
                  8001f2c0    000000e0     rts6600_elf.lib : _ltoa.c.obj (.text:__TI_ltoa)
                  8001f3a0    000000e0                     : exit.c.obj (.text:exit)
                  8001f480    000000e0     main.obj (.text)
                  8001f560    000000e0     rts6600_elf.lib : memset.c.obj (.text:memset)
                  8001f640    000000e0     ipc.ae66 : Ipc.obj (.text:ti_sdo_ipc_GateMP_start__F)
                  8001f720    000000e0              : Ipc.obj (.text:ti_sdo_ipc_MessageQ_Module_startup__E)
                  8001f800    000000e0              : Ipc.obj (.text:ti_sdo_ipc_Notify_Instance_finalize__E)
                  8001f8e0    000000e0              : Ipc.obj (.text:ti_sdo_ipc_SharedRegion_clearReservedMemory__F)
                  8001f9c0    000000e0              : Ipc.obj (.text:ti_sdo_ipc_family_tci663x_Interrupt_intRegister__E)
                  8001faa0    000000e0              : Ipc.obj (.text:ti_sdo_ipc_gates_GateMPSupportNull_enter__E)
                  8001fb80    000000e0              : Ipc.obj (.text:ti_sdo_ipc_gates_GateMPSupportNull_leave__E)
                  8001fc60    000000e0              : Ipc.obj (.text:ti_sdo_ipc_heaps_HeapMemMP_Instance_finalize__E)
                  8001fd40    000000e0              : Ipc.obj (.text:ti_sdo_ipc_nsremote_NameServerRemoteNotify_Instance_finalize__E)
                  8001fe20    000000e0              : Ipc.obj (.text:ti_sdo_ipc_transports_TransportShmNotify_put__E)
                  8001ff00    000000e0              : Ipc.obj (.text:ti_sdo_utils_NameServer_findLocal__I)
                  8001ffe0    000000e0     sysbios.ae66 : BIOS.obj (.text:ti_sysbios_heaps_HeapMem_alloc__E)
                  800200c0    000000e0                  : BIOS.obj (.text:ti_sysbios_knl_Swi_Instance_finalize__E)
                  800201a0    000000e0                  : BIOS.obj (.text:ti_sysbios_knl_Swi_runLoop__I)
                  80020280    000000e0                  : BIOS.obj (.text:ti_sysbios_timers_timer64_Timer_startup__E)
                  80020360    000000e0     ti.targets.rts6000.ae66 : Text.oe66 (.text:xdc_runtime_Text_visitRope2__I)
                  80020440    000000c0     ti.drv.qmss.ae66 : qmss_drv.oe66 (.text:Qmss_getMemRegQueueHandleSubSys)
                  80020500    000000c0     ipc.ae66 : Ipc.obj (.text:SharedRegion_getId)
                  800205c0    000000c0     rts6600_elf.lib : divu.asm.obj (.text:__divu)
                  80020680    000000c0     ti.drv.cppi.ae66 : cppi_listlib.oe66 (.text:cppi_list_cat)
                  80020740    000000c0     app_pe66.oe66 (.text:ti_sdo_ipc_GateMP_create)
                  80020800    000000c0     ipc.ae66 : Ipc.obj (.text:ti_sdo_ipc_GateMP_getRegion0ReservedSize__F)
                  800208c0    000000c0     app_pe66.oe66 (.text:ti_sdo_ipc_MessageQ_create)
                  80020980    000000c0     ipc.ae66 : Ipc.obj (.text:ti_sdo_ipc_MessageQ_grow__I)
                  80020a40    000000c0     app_pe66.oe66 (.text:ti_sdo_ipc_gates_GatePeterson_Object__create__S)
                  80020b00    000000c0     app_pe66.oe66 (.text:ti_sdo_ipc_gates_GatePeterson_create)
                  80020bc0    000000c0     app_pe66.oe66 (.text:ti_sdo_ipc_heaps_HeapMemMP_Object__create__S)
                  80020c80    000000c0     app_pe66.oe66 (.text:ti_sdo_ipc_heaps_HeapMemMP_create)
                  80020d40    000000c0     ipc.ae66 : Ipc.obj (.text:ti_sdo_ipc_notifyDrivers_NotifyDriverCirc_disableEvent__E)
                  80020e00    000000c0              : Ipc.obj (.text:ti_sdo_ipc_notifyDrivers_NotifyDriverCirc_enable__E)
                  80020ec0    000000c0     app_pe66.oe66 (.text:ti_sdo_ipc_nsremote_NameServerRemoteNotify_Object__create__S)
                  80020f80    000000c0     app_pe66.oe66 (.text:ti_sdo_ipc_nsremote_NameServerRemoteNotify_create)
                  80021040    000000c0     ipc.ae66 : Ipc.obj (.text:ti_sdo_ipc_transports_TransportShmNotify_Instance_init__E)
                  80021100    000000c0     app_pe66.oe66 (.text:ti_sdo_ipc_transports_TransportShmNotify_Object__create__S)
                  800211c0    000000c0     app_pe66.oe66 (.text:ti_sdo_ipc_transports_TransportShmNotify_create)
                  80021280    000000c0     app_pe66.oe66 (.text:ti_sysbios_family_c64p_Hwi_create)
                  80021340    000000c0     sysbios.ae66 : BIOS.obj (.text:ti_sysbios_gates_GateAll_leave__E)
                  80021400    000000c0     app_pe66.oe66 (.text:ti_sysbios_hal_Hwi_create)
                  800214c0    000000c0     sysbios.ae66 : BIOS.obj (.text:ti_sysbios_heaps_HeapMem_getStats__E)
                  80021580    000000c0                  : BIOS.obj (.text:ti_sysbios_knl_Clock_logTick__E)
                  80021640    000000c0                  : BIOS.obj (.text:ti_sysbios_knl_Swi_schedule__I)
                  80021700    000000c0                  : BIOS.obj (.text:ti_sysbios_knl_Task_allBlockedFunction__I)
                  800217c0    000000c0     app_pe66.oe66 (.text:ti_sysbios_knl_Task_create)
                  80021880    000000c0     app_pe66.oe66 (.text:ti_sysbios_syncs_SyncSem_Object__create__S)
                  80021940    000000c0     app_pe66.oe66 (.text:ti_sysbios_syncs_SyncSem_create)
                  80021a00    000000c0     rts6600_elf.lib : tls.c.obj (.text:tls:init:__TI_tls_init)
                  80021ac0    000000c0     ti.targets.rts6000.ae66 : Assert.oe66 (.text:xdc_runtime_Assert_raise__I)
                  80021b80    000000c0                             : Error.oe66 (.text:xdc_runtime_Error_setX__E)
                  80021c40    000000c0     app_pe66.oe66 (.text:xdc_runtime_LoggerBuf_Object__create__S)
                  80021d00    000000c0     ti.targets.rts6000.ae66 : SysMin.oe66 (.text:xdc_runtime_SysMin_abort__E)
                  80021dc0    000000c0                             : SysMin.oe66 (.text:xdc_runtime_SysMin_flush__E)
                  80021e80    000000a0     ti.drv.qmss.ae66 : qmss_drv.oe66 (.text:Qmss_queueOpenSubSys)
                  80021f20    000000a0     rts6600_elf.lib : remu.asm.obj (.text:__remu)
                  80021fc0    000000a0     boot.ae66 : boot.oe66 (.text:_c_int00)
                  80022060    000000a0     rts6600_elf.lib : _printfi.c.obj (.text:_ecpy)
                  80022100    000000a0     sysbios.ae66 : c64p_Hwi_asm.obj (.text:_ti_sysbios_family_c64p_Hwi_plug__E)
                  800221a0    000000a0     rts6600_elf.lib : memcpy64.asm.obj (.text:memcpy)
                  80022240    000000a0     ipc.ae66 : Ipc.obj (.text:ti_sdo_ipc_family_tci663x_Interrupt_intSend__E)
                  800222e0    000000a0              : Ipc.obj (.text:ti_sdo_ipc_family_tci663x_NotifyCircSetup_attach__E)
                  80022380    000000a0              : Ipc.obj (.text:ti_sdo_ipc_gates_GatePeterson_leave__E)
                  80022420    000000a0              : Ipc.obj (.text:ti_sdo_ipc_gates_GatePeterson_postInit__I)
                  800224c0    000000a0              : Ipc.obj (.text:ti_sdo_ipc_nsremote_NameServerRemoteNotify_detach__E)
                  80022560    000000a0              : Ipc.obj (.text:ti_sdo_ipc_transports_TransportShmNotifySetup_attach__E)
                  80022600    000000a0              : Ipc.obj (.text:ti_sdo_ipc_transports_TransportShmNotify_notifyFxn__I)
                  800226a0    000000a0              : Ipc.obj (.text:ti_sdo_utils_NameServer_Module_startup__E)
                  80022740    000000a0              : Ipc.obj (.text:ti_sdo_utils_NameServer_postInit__I)
                  800227e0    000000a0     sysbios.ae66 : BIOS.obj (.text:ti_sysbios_family_c64p_Exception_Module_startup__E)
                  80022880    000000a0                  : BIOS.obj (.text:ti_sysbios_family_c64p_Hwi_dispatchC__I)
                  80022920    000000a0                  : BIOS.obj (.text:ti_sysbios_family_c64p_Hwi_getStackInfo__E)
                  800229c0    000000a0                  : BIOS.obj (.text:ti_sysbios_gates_GateSwi_leave__E)
                  80022a60    000000a0     app_pe66.oe66 (.text:ti_sysbios_knl_Swi_construct)
                  80022b00    000000a0     sysbios.ae66 : BIOS.obj (.text:ti_sysbios_timers_timer64_Timer_stop__E)
                  80022ba0    000000a0     ti.targets.rts6000.ae66 : Core-params.oe66 (.text:xdc_runtime_Core_assignParams__I)
                  80022c40    000000a0                             : SysMin.oe66 (.text:xdc_runtime_SysMin_putch__E)
                  80022ce0    000000a0                             : System.oe66 (.text:xdc_runtime_System_formatNum__I)
                  80022d80    000000a0                             : System.oe66 (.text:xdc_runtime_System_putchar__I)
                  80022e20    000000a0                             : Text.oe66 (.text:xdc_runtime_Text_printVisFxn__I)
                  80022ec0    000000a0                             : Text.oe66 (.text:xdc_runtime_Text_xprintf__I)
                  80022f60    000000a0     app_pe66.oe66 (.text:xdc_runtime_knl_GateThread_Object__create__S)
                  80023000    000000a0     app_pe66.oe66 (.text:xdc_runtime_knl_GateThread_create)
                  800230a0    00000080     ipc.ae66 : Ipc.obj (.text:HeapMemMP_restore)
                  80023120    00000080     ti.drv.qmss.ae66 : qmss_drv.oe66 (.text:Qmss_queueOpen)
                  800231a0    00000080     rts6600_elf.lib : trgmsg.c.obj (.text:__TI_readmsg)
                  80023220    00000080                     : llshift.c.obj (.text:__c6xabi_llshl)
                  800232a0    00000080                     : snprintf.c.obj (.text:_outs)
                  80023320    00000080     sysbios.ae66 : c62_TaskSupport_asm.obj (.text:_ti_sysbios_family_c62_TaskSupport_swap__E)
                  800233a0    00000080     ti.drv.cppi.ae66 : cppi_heap.oe66 (.text:cppi_internal_heap_cache_begin)
                  80023420    00000080                      : cppi_heap.oe66 (.text:cppi_internal_heap_malloc)
                  800234a0    00000080                      : cppi_listlib.oe66 (.text:cppi_list_add)
                  80023520    00000080                      : cppi_listlib.oe66 (.text:cppi_list_remove)
                  800235a0    00000080     rts6600_elf.lib : snprintf.c.obj (.text:snprintf)
                  80023620    00000080     ipc.ae66 : Ipc.obj (.text:ti_sdo_ipc_Ipc_getMasterAddr__I)
                  800236a0    00000080              : Ipc.obj (.text:ti_sdo_ipc_family_tci663x_Interrupt_intClear__E)
                  80023720    00000080              : Ipc.obj (.text:ti_sdo_ipc_family_tci663x_Interrupt_intUnregister__E)
                  800237a0    00000080              : Ipc.obj (.text:ti_sdo_ipc_gates_GateHWSem_Module_startup__E)
                  80023820    00000080     app_pe66.oe66 (.text:ti_sdo_ipc_gates_GateHWSem_Object__create__S)
                  800238a0    00000080     app_pe66.oe66 (.text:ti_sdo_ipc_gates_GateHWSem_create)
                  80023920    00000080     app_pe66.oe66 (.text:ti_sdo_ipc_gates_GateMPSupportNull_Object__create__S)
                  800239a0    00000080     app_pe66.oe66 (.text:ti_sdo_ipc_gates_GateMPSupportNull_create)
                  80023a20    00000080     ipc.ae66 : Ipc.obj (.text:ti_sdo_ipc_notifyDrivers_NotifyDriverCirc_Instance_finalize__E)
                  80023aa0    00000080     app_pe66.oe66 (.text:ti_sdo_ipc_notifyDrivers_NotifyDriverCirc_create)
                  80023b20    00000080     ipc.ae66 : Ipc.obj (.text:ti_sdo_ipc_transports_TransportShmNotify_Instance_finalize__E)
                  80023ba0    00000080     app_pe66.oe66 (.text:ti_sysbios_BIOS_atExitFunc__I)
                  80023c20    00000080     app_pe66.oe66 (.text:ti_sysbios_BIOS_registerRTSLock__I)
                  80023ca0    00000080     sysbios.ae66 : BIOS.obj (.text:ti_sysbios_family_c66_Cache_invL1pAll__E)
                  80023d20    00000080     app_pe66.oe66 (.text:ti_sysbios_gates_GateAll_Object__create__S)
                  80023da0    00000080     app_pe66.oe66 (.text:ti_sysbios_gates_GateHwi_Object__create__S)
                  80023e20    00000080     app_pe66.oe66 (.text:ti_sysbios_gates_GateMutexPri_Object__create__S)
                  80023ea0    00000080     app_pe66.oe66 (.text:ti_sysbios_gates_GateMutex_Object__create__S)
                  80023f20    00000080     app_pe66.oe66 (.text:ti_sysbios_gates_GateSwi_Object__create__S)
                  80023fa0    00000080     sysbios.ae66 : BIOS.obj (.text:ti_sysbios_hal_Hwi_checkStack)
                  80024020    00000080                  : BIOS.obj (.text:ti_sysbios_hal_Hwi_initStack)
                  800240a0    00000080     app_pe66.oe66 (.text:ti_sysbios_heaps_HeapMem_Object__create__S)
                  80024120    00000080     sysbios.ae66 : BIOS.obj (.text:ti_sysbios_heaps_HeapMem_init__I)
                  800241a0    00000080     app_pe66.oe66 (.text:ti_sysbios_knl_Clock_doTick__I)
                  80024220    00000080     sysbios.ae66 : BIOS.obj (.text:ti_sysbios_knl_Idle_run__E)
                  800242a0    00000080     app_pe66.oe66 (.text:ti_sysbios_knl_Semaphore_create)
                  80024320    00000080     sysbios.ae66 : BIOS.obj (.text:ti_sysbios_knl_Semaphore_pendTimeout__I)
                  800243a0    00000080                  : BIOS.obj (.text:ti_sysbios_knl_Swi_startup__E)
                  80024420    00000080                  : BIOS.obj (.text:ti_sysbios_knl_Task_restore__E)
                  800244a0    00000080                  : BIOS.obj (.text:ti_sysbios_syncs_SyncSem_wait__E)
                  80024520    00000080     app_pe66.oe66 (.text:ti_sysbios_xdcruntime_GateThreadSupport_create)
                  800245a0    00000080     ti.targets.rts6000.ae66 : Core-label.oe66 (.text:xdc_runtime_Core_assignLabel__I)
                  80024620    00000080                             : LoggerBuf.oe66 (.text:xdc_runtime_LoggerBuf_Instance_init__E)
                  800246a0    00000080                             : LoggerBuf.oe66 (.text:xdc_runtime_LoggerBuf_Module_startup__E)
                  80024720    00000080                             : LoggerBuf.oe66 (.text:xdc_runtime_LoggerBuf_filterOutEvent__I)
                  800247a0    00000080     app_pe66.oe66 (.text:xdc_runtime_SysMin_output__I)
                  80024820    00000080     ti.targets.rts6000.ae66 : System.oe66 (.text:xdc_runtime_System_atexit__E)
                  800248a0    00000080                             : System.oe66 (.text:xdc_runtime_System_avprintf__E)
                  80024920    00000080                             : System.oe66 (.text:xdc_runtime_System_processAtExit__E)
                  800249a0    00000080                             : System.oe66 (.text:xdc_runtime_System_vprintf__E)
                  80024a20    00000060     ipc.ae66 : Ipc.obj (.text:HeapMemMP_create)
                  80024a80    00000060              : Ipc.obj (.text:HeapMemMP_getRTSCParams$18)
                  80024ae0    00000060     rts6600_elf.lib : frcmpyd_div.c.obj (.text:__TI_frcmpyd_div)
                  80024b40    00000060                     : trgmsg.c.obj (.text:__TI_writemsg)
                  80024ba0    00000060                     : llshift.c.obj (.text:__c6xabi_llshru)
                  80024c00    00000060                     : imath64.c.obj (.text:_subcull)
                  80024c60    00000060     sysbios.ae66 : c64p_Hwi_asm_switch.obj (.text:_ti_sysbios_family_c64p_Hwi_switchAndDispatch__I)
                  80024cc0    00000060                  : c64p_Hwi_asm_switch.obj (.text:_ti_sysbios_family_xxx_Hwi_switchAndRunFunc)
                  80024d20    00000060     ti.drv.cppi.ae66 : cppi_listlib.oe66 (.text:cppi_list_cache_invalidate)
                  80024d80    00000060     init.obj (.text)
                  80024de0    00000060     rts6600_elf.lib : memccpy.c.obj (.text:memccpy)
                  80024e40    00000060     app_pe66.oe66 (.text:ti_sdo_ipc_GateMP_Object__delete__S)
                  80024ea0    00000060     ipc.ae66 : Ipc.obj (.text:ti_sdo_ipc_Ipc_getSlaveAddr__I)
                  80024f00    00000060              : Ipc.obj (.text:ti_sdo_ipc_Ipc_reservedSizePerProc__I)
                  80024f60    00000060              : Ipc.obj (.text:ti_sdo_ipc_family_tci663x_NotifyCircSetup_numIntLines__E)
                  80024fc0    00000060              : Ipc.obj (.text:ti_sdo_ipc_family_tci663x_NotifyCircSetup_sharedMemReq__E)
                  80025020    00000060     app_pe66.oe66 (.text:ti_sdo_ipc_gates_GatePeterson_Object__delete__S)
                  80025080    00000060     ipc.ae66 : Ipc.obj (.text:ti_sdo_ipc_gates_GatePeterson_sharedMemReq__E)
                  800250e0    00000060     app_pe66.oe66 (.text:ti_sdo_ipc_heaps_HeapMemMP_Object__delete__S)
                  80025140    00000060     app_pe66.oe66 (.text:ti_sdo_ipc_notifyDrivers_NotifyDriverCirc_Object__delete__S)
                  800251a0    00000060     app_pe66.oe66 (.text:ti_sdo_ipc_nsremote_NameServerRemoteNotify_Object__delete__S)
                  80025200    00000060     app_pe66.oe66 (.text:ti_sdo_ipc_transports_TransportShmNotify_Object__delete__S)
                  80025260    00000060     app_pe66.oe66 (.text:ti_sdo_utils_List_construct)
                  800252c0    00000060     app_pe66.oe66 (.text:ti_sysbios_BIOS_errorRaiseHook__I)
                  80025320    00000060     app_pe66.oe66 (.text:ti_sysbios_BIOS_removeRTSLock__I)
                  80025380    00000060     app_pe66.oe66 (.text:ti_sysbios_BIOS_startFunc__I)
                  800253e0    00000060     sysbios.ae66 : BIOS.obj (.text:ti_sysbios_family_c62_TaskSupport_start__E)
                  80025440    00000060     app_pe66.oe66 (.text:ti_sysbios_family_c64p_Hwi_Object__delete__S)
                  800254a0    00000060     sysbios.ae66 : BIOS.obj (.text:ti_sysbios_family_c66_Cache_Module_startup__E)
                  80025500    00000060                  : BIOS.obj (.text:ti_sysbios_gates_GateAll_enter__E)
                  80025560    00000060     app_pe66.oe66 (.text:ti_sysbios_gates_GateMutexPri_Object__delete__S)
                  800255c0    00000060     app_pe66.oe66 (.text:ti_sysbios_gates_GateMutexPri_construct)
                  80025620    00000060     app_pe66.oe66 (.text:ti_sysbios_gates_GateMutex_Object__delete__S)
                  80025680    00000060     app_pe66.oe66 (.text:ti_sysbios_hal_Hwi_Object__delete__S)
                  800256e0    00000060     sysbios.ae66 : BIOS.obj (.text:ti_sysbios_heaps_HeapMem_free__E)
                  80025740    00000060                  : BIOS.obj (.text:ti_sysbios_knl_Clock_Module_startup__E)
                  800257a0    00000060     app_pe66.oe66 (.text:ti_sysbios_knl_Queue_construct)
                  80025800    00000060     app_pe66.oe66 (.text:ti_sysbios_knl_Semaphore_Object__delete__S)
                  80025860    00000060     app_pe66.oe66 (.text:ti_sysbios_knl_Semaphore_construct)
                  800258c0    00000060     sysbios.ae66 : BIOS.obj (.text:ti_sysbios_knl_Swi_Module_startup__E)
                  80025920    00000060                  : BIOS.obj (.text:ti_sysbios_knl_Task_enter__I)
                  80025980    00000060     app_pe66.oe66 (.text:ti_sysbios_syncs_SyncSem_Object__delete__S)
                  800259e0    00000060     app_pe66.oe66 (.text:ti_sysbios_xdcruntime_GateThreadSupport_Object__delete__S)
                  80025a40    00000060     app_pe66.oe66 (.text:xdc_runtime_LoggerBuf_Object__delete__S)
                  80025aa0    00000060     ti.targets.rts6000.ae66 : LoggerBuf.oe66 (.text:xdc_runtime_LoggerBuf_reset__E)
                  80025b00    00000060                             : Memory.oe66 (.text:xdc_runtime_Memory_valloc__E)
                  80025b60    00000060                             : Text.oe66 (.text:xdc_runtime_Text_cordText__E)
                  80025bc0    00000060     app_pe66.oe66 (.text:xdc_runtime_knl_GateThread_Object__delete__S)
                  80025c20    00000040     ipc.ae66 : Ipc.obj (.text:GateMP_Params_init)
                  80025c60    00000040              : Ipc.obj (.text:HeapMemMP_Params_init)
                  80025ca0    00000040              : Ipc.obj (.text:Notify_attach)
                  80025ce0    00000040              : Ipc.obj (.text:Notify_sharedMemReq)
                  80025d20    00000040     ti.drv.qmss.ae66 : qmss_drv.oe66 (.text:Qmss_getMemRegDescSizeSubSys)
                  80025d60    00000040                      : qmss_drv.oe66 (.text:Qmss_start)
                  80025da0    00000040     rts6600_elf.lib : isinf.c.obj (.text:__c6xabi_isinf)
                  80025de0    00000040                     : _printfi.c.obj (.text:__c6xabi_isnan)
                  80025e20    00000040                     : strasg.asm.obj (.text:__strasgi_64plus)
                  80025e60    00000040                     : args_main.c.obj (.text:_args_main)
                  80025ea0    00000040                     : snprintf.c.obj (.text:_outc)
                  80025ee0    00000040     sysbios.ae66 : c62_TaskSupport_asm.obj (.text:_ti_sysbios_family_c62_TaskSupport_buildTaskStack)
                  80025f20    00000040     ipc.ae66 : Ipc.obj (.text:ti_sdo_ipc_Ipc_getRegion0ReservedSize__I)
                  80025f60    00000040     app_pe66.oe66 (.text:ti_sdo_ipc_gates_GateHWSem_Handle__label__S)
                  80025fa0    00000040     app_pe66.oe66 (.text:ti_sdo_ipc_gates_GateHWSem_Object__delete__S)
                  80025fe0    00000040     ipc.ae66 : Ipc.obj (.text:ti_sdo_ipc_gates_GateHWSem_leave__E)
                  80026020    00000040     app_pe66.oe66 (.text:ti_sdo_ipc_gates_GateMPSupportNull_Handle__label__S)
                  80026060    00000040     app_pe66.oe66 (.text:ti_sdo_ipc_gates_GateMPSupportNull_Object__delete__S)
                  800260a0    00000040     app_pe66.oe66 (.text:ti_sdo_ipc_gates_GatePeterson_Handle__label__S)
                  800260e0    00000040     ipc.ae66 : Ipc.obj (.text:ti_sdo_ipc_gates_GatePeterson_Instance_finalize__E)
                  80026120    00000040     app_pe66.oe66 (.text:ti_sdo_ipc_heaps_HeapMemMP_Handle__label__S)
                  80026160    00000040     app_pe66.oe66 (.text:ti_sdo_ipc_notifyDrivers_NotifyDriverCirc_Handle__label__S)
                  800261a0    00000040     ipc.ae66 : Ipc.obj (.text:ti_sdo_ipc_notifyDrivers_NotifyDriverCirc_registerEvent__E)
                  800261e0    00000040              : Ipc.obj (.text:ti_sdo_ipc_notifyDrivers_NotifyDriverCirc_unregisterEvent__E)
                  80026220    00000040     app_pe66.oe66 (.text:ti_sdo_ipc_nsremote_NameServerRemoteNotify_Handle__label__S)
                  80026260    00000040     ipc.ae66 : Ipc.obj (.text:ti_sdo_ipc_nsremote_NameServerRemoteNotify_swiFxnResponse__I)
                  800262a0    00000040              : Ipc.obj (.text:ti_sdo_ipc_transports_TransportShmNotifySetup_isRegistered__E)
                  800262e0    00000040     app_pe66.oe66 (.text:ti_sdo_ipc_transports_TransportShmNotify_Handle__label__S)
                  80026320    00000040     ipc.ae66 : Ipc.obj (.text:ti_sdo_utils_List_dequeue__E)
                  80026360    00000040     app_pe66.oe66 (.text:ti_sdo_utils_NameServer_Object__get__S)
                  800263a0    00000040     app_pe66.oe66 (.text:ti_sysbios_BIOS_exitFunc__I)
                  800263e0    00000040     app_pe66.oe66 (.text:ti_sysbios_BIOS_rtsLock__I)
                  80026420    00000040     app_pe66.oe66 (.text:ti_sysbios_BIOS_rtsUnlock__I)
                  80026460    00000040     sysbios.ae66 : BIOS.obj (.text:ti_sysbios_family_c64p_Hwi_disableInterrupt__E)
                  800264a0    00000040                  : BIOS.obj (.text:ti_sysbios_family_c64p_Hwi_enableInterrupt__E)
                  800264e0    00000040     app_pe66.oe66 (.text:ti_sysbios_gates_GateAll_Handle__label__S)
                  80026520    00000040     app_pe66.oe66 (.text:ti_sysbios_gates_GateAll_Object__delete__S)
                  80026560    00000040     app_pe66.oe66 (.text:ti_sysbios_gates_GateHwi_Handle__label__S)
                  800265a0    00000040     app_pe66.oe66 (.text:ti_sysbios_gates_GateHwi_Object__delete__S)
                  800265e0    00000040     app_pe66.oe66 (.text:ti_sysbios_gates_GateMutexPri_Handle__label__S)
                  80026620    00000040     sysbios.ae66 : BIOS.obj (.text:ti_sysbios_gates_GateMutexPri_Instance_init__E)
                  80026660    00000040     app_pe66.oe66 (.text:ti_sysbios_gates_GateMutexPri_destruct)
                  800266a0    00000040     app_pe66.oe66 (.text:ti_sysbios_gates_GateMutex_Handle__label__S)
                  800266e0    00000040     sysbios.ae66 : BIOS.obj (.text:ti_sysbios_gates_GateMutex_Instance_init__E)
                  80026720    00000040                  : BIOS.obj (.text:ti_sysbios_gates_GateMutex_leave__E)
                  80026760    00000040     app_pe66.oe66 (.text:ti_sysbios_gates_GateSwi_Handle__label__S)
                  800267a0    00000040     app_pe66.oe66 (.text:ti_sysbios_gates_GateSwi_Object__delete__S)
                  800267e0    00000040     sysbios.ae66 : BIOS.obj (.text:ti_sysbios_hal_Hwi_Instance_init__E)
                  80026820    00000040     app_pe66.oe66 (.text:ti_sysbios_heaps_HeapMem_Handle__label__S)
                  80026860    00000040     app_pe66.oe66 (.text:ti_sysbios_heaps_HeapMem_Object__delete__S)
                  800268a0    00000040     app_pe66.oe66 (.text:ti_sysbios_heaps_HeapMem_Object__get__S)
                  800268e0    00000040     app_pe66.oe66 (.text:ti_sysbios_knl_Semaphore_destruct)
                  80026920    00000040     app_pe66.oe66 (.text:ti_sysbios_knl_Swi_Object__get__S)
                  80026960    00000040     app_pe66.oe66 (.text:ti_sysbios_knl_Swi_destruct)
                  800269a0    00000040     app_pe66.oe66 (.text:ti_sysbios_knl_Task_Object__get__S)
                  800269e0    00000040     sysbios.ae66 : BIOS.obj (.text:ti_sysbios_knl_Task_sleepTimeout__I)
                  80026a20    00000040     app_pe66.oe66 (.text:ti_sysbios_syncs_SyncSem_Handle__label__S)
                  80026a60    00000040     rts6600_elf.lib : wcslen.c.obj (.text:wcslen)
                  80026aa0    00000040     ti.targets.rts6000.ae66 : Error.oe66 (.text:xdc_runtime_Error_check__E)
                  80026ae0    00000040                             : Error.oe66 (.text:xdc_runtime_Error_init__E)
                  80026b20    00000040     app_pe66.oe66 (.text:xdc_runtime_GateNull_Handle__label__S)
                  80026b60    00000040     app_pe66.oe66 (.text:xdc_runtime_GateNull_Object__create__S)
                  80026ba0    00000040     app_pe66.oe66 (.text:xdc_runtime_GateNull_Object__delete__S)
                  80026be0    00000040     app_pe66.oe66 (.text:xdc_runtime_LoggerBuf_Handle__label__S)
                  80026c20    00000040     ti.targets.rts6000.ae66 : LoggerBuf.oe66 (.text:xdc_runtime_LoggerBuf_Instance_finalize__E)
                  80026c60    00000040     app_pe66.oe66 (.text:xdc_runtime_LoggerBuf_Object__get__S)
                  80026ca0    00000040     ti.targets.rts6000.ae66 : LoggerBuf.oe66 (.text:xdc_runtime_LoggerBuf_write0__E)
                  80026ce0    00000040                             : LoggerBuf.oe66 (.text:xdc_runtime_LoggerBuf_write1__E)
                  80026d20    00000040                             : LoggerBuf.oe66 (.text:xdc_runtime_LoggerBuf_write2__E)
                  80026d60    00000040                             : Registry.oe66 (.text:xdc_runtime_Registry_findById__E)
                  80026da0    00000040                             : SysMin.oe66 (.text:xdc_runtime_SysMin_Module_startup__E)
                  80026de0    00000040                             : SysMin.oe66 (.text:xdc_runtime_SysMin_exit__E)
                  80026e20    00000040                             : System.oe66 (.text:xdc_runtime_System_abort__E)
                  80026e60    00000040     app_pe66.oe66 (.text:xdc_runtime_System_aprintf__E)
                  80026ea0    00000040     ti.targets.rts6000.ae66 : System.oe66 (.text:xdc_runtime_System_exit__E)
                  80026ee0    00000040     app_pe66.oe66 (.text:xdc_runtime_System_printf__E)
                  80026f20    00000040     app_pe66.oe66 (.text:xdc_runtime_knl_GateThread_Handle__label__S)
                  80026f60    00000040     ti.targets.rts6000.ae66 : GateThread.oe66 (.text:xdc_runtime_knl_GateThread_Instance_init__E)
                  80026fa0    00000020     ti.drv.cppi.ae66 : cppi_drv.oe66 (.text:Cppi_getChannelNumber)
                  80026fc0    00000020                      : cppi_desc.oe66 (.text:Cppi_initDescriptor)
                  80026fe0    00000020                      : cppi_drv.oe66 (.text:Cppi_txChannelOpen)
                  80027000    00000020     ipc.ae66 : Ipc.obj (.text:GateMP_delete)
                  80027020    00000020              : Ipc.obj (.text:GateMP_getDefaultRemote)
                  80027040    00000020              : Ipc.obj (.text:GateMP_getSharedParams$4)
                  80027060    00000020              : Ipc.obj (.text:HeapMemMP_getSharedParams$18)
                  80027080    00000020              : Ipc.obj (.text:MultiProc_getBaseIdOfCluster)
                  800270a0    00000020              : Ipc.obj (.text:MultiProc_self)
                  800270c0    00000020              : Ipc.obj (.text:NameServer_addUInt32)
                  800270e0    00000020              : Ipc.obj (.text:NameServer_getLocalUInt32)
                  80027100    00000020              : Ipc.obj (.text:NameServer_removeEntry)
                  80027120    00000020              : Ipc.obj (.text:Notify_numIntLines)
                  80027140    00000020     ti.drv.qmss.ae66 : qmss_drv.oe66 (.text:Qmss_getQueueNumber)
                  80027160    00000020                      : qmss_drv.oe66 (.text:Qmss_init)
                  80027180    00000020                      : qmss_drv.oe66 (.text:Qmss_insertMemoryRegion)
                  800271a0    00000020     ipc.ae66 : Ipc.obj (.text:SharedRegion_invalidSRPtr)
                  800271c0    00000020     app_pe66.oe66 (.text:_GateMP_virtToPhys)
                  800271e0    00000020     rts6600_elf.lib : errno.c.obj (.text:__c6xabi_errno_addr)
                  80027200    00000020                     : push.asm.obj (.text:__pop_rts)
                  80027220    00000020                     : push.asm.obj (.text:__push_rts)
                  80027240    00000020                     : _lock.c.obj (.text:_nop)
                  80027260    00000020                     : _lock.c.obj (.text:_register_lock)
                  80027280    00000020                     : _data_synch.c.obj (.text:_register_synch_api)
                  800272a0    00000020                     : _lock.c.obj (.text:_register_unlock)
                  800272c0    00000020                     : signbit.c.obj (.text:_signbit)
                  800272e0    00000020     sysbios.ae66 : c62_TaskSupport_asm.obj (.text:_ti_sysbios_family_c62_TaskSupport_glue)
                  80027300    00000020     rts6600_elf.lib : exit.c.obj (.text:abort)
                  80027320    00000020     ti.drv.cppi.ae66 : cppi_listlib.oe66 (.text:cppi_list_get_head)
                  80027340    00000020                      : cppi_listlib.oe66 (.text:cppi_list_get_next)
                  80027360    00000020     rts6600_elf.lib : copy_decompress_none.c.obj (.text:decompress:none:__TI_decompress_none)
                  80027380    00000020                     : copy_decompress_rle.c.obj (.text:decompress:rle24:__TI_decompress_rle24)
                  800273a0    00000020     app_pe66.oe66 (.text:ti_sdo_ipc_GateMP_Params__init__S)
                  800273c0    00000020     app_pe66.oe66 (.text:ti_sdo_ipc_GateMP_RemoteCustom1Proxy_Proxy__abstract__S)
                  800273e0    00000020     app_pe66.oe66 (.text:ti_sdo_ipc_GateMP_RemoteCustom1Proxy_Proxy__delegate__S)
                  80027400    00000020     app_pe66.oe66 (.text:ti_sdo_ipc_GateMP_RemoteCustom1Proxy_create)
                  80027420    00000020     app_pe66.oe66 (.text:ti_sdo_ipc_GateMP_RemoteCustom1Proxy_delete)
                  80027440    00000020     app_pe66.oe66 (.text:ti_sdo_ipc_GateMP_RemoteCustom2Proxy_Proxy__abstract__S)
                  80027460    00000020     app_pe66.oe66 (.text:ti_sdo_ipc_GateMP_RemoteCustom2Proxy_Proxy__delegate__S)
                  80027480    00000020     app_pe66.oe66 (.text:ti_sdo_ipc_GateMP_RemoteCustom2Proxy_create)
                  800274a0    00000020     app_pe66.oe66 (.text:ti_sdo_ipc_GateMP_RemoteCustom2Proxy_delete)
                  800274c0    00000020     app_pe66.oe66 (.text:ti_sdo_ipc_GateMP_RemoteSystemProxy_Proxy__abstract__S)
                  800274e0    00000020     app_pe66.oe66 (.text:ti_sdo_ipc_GateMP_RemoteSystemProxy_Proxy__delegate__S)
                  80027500    00000020     app_pe66.oe66 (.text:ti_sdo_ipc_GateMP_RemoteSystemProxy_create)
                  80027520    00000020     app_pe66.oe66 (.text:ti_sdo_ipc_GateMP_RemoteSystemProxy_delete)
                  80027540    00000020     app_pe66.oe66 (.text:ti_sdo_ipc_GateMP_delete)
                  80027560    00000020     ipc.ae66 : Ipc.obj (.text:ti_sdo_ipc_GateMP_getSharedAddr__F)
                  80027580    00000020              : Ipc.obj (.text:ti_sdo_ipc_GateMP_setDefaultRemote__F)
                  800275a0    00000020     app_pe66.oe66 (.text:ti_sdo_ipc_MessageQ_Object__get__S)
                  800275c0    00000020     app_pe66.oe66 (.text:ti_sdo_ipc_MessageQ_Params__init__S)
                  800275e0    00000020     app_pe66.oe66 (.text:ti_sdo_ipc_Notify_Module_GateProxy_enter__E)
                  80027600    00000020     app_pe66.oe66 (.text:ti_sdo_ipc_Notify_Module_GateProxy_leave__E)
                  80027620    00000020     ipc.ae66 : Ipc.obj (.text:ti_sdo_ipc_family_tci663x_Interrupt_intDisable__E)
                  80027640    00000020              : Ipc.obj (.text:ti_sdo_ipc_family_tci663x_Interrupt_intEnable__E)
                  80027660    00000020     app_pe66.oe66 (.text:ti_sdo_ipc_gates_GateHWSem_Params__init__S)
                  80027680    00000020     ipc.ae66 : Ipc.obj (.text:ti_sdo_ipc_gates_GateHWSem_getReservedMask__E)
                  800276a0    00000020              : Ipc.obj (.text:ti_sdo_ipc_gates_GateHWSem_query__E)
                  800276c0    00000020              : Ipc.obj (.text:ti_sdo_ipc_gates_GateHWSem_sharedMemReq__E)
                  800276e0    00000020              : Ipc.obj (.text:ti_sdo_ipc_gates_GateMPSupportNull_Instance_init__E)
                  80027700    00000020     app_pe66.oe66 (.text:ti_sdo_ipc_gates_GateMPSupportNull_Params__init__S)
                  80027720    00000020     ipc.ae66 : Ipc.obj (.text:ti_sdo_ipc_gates_GateMPSupportNull_getReservedMask__E)
                  80027740    00000020              : Ipc.obj (.text:ti_sdo_ipc_gates_GateMPSupportNull_query__E)
                  80027760    00000020              : Ipc.obj (.text:ti_sdo_ipc_gates_GateMPSupportNull_sharedMemReq__E)
                  80027780    00000020     app_pe66.oe66 (.text:ti_sdo_ipc_gates_GatePeterson_Params__init__S)
                  800277a0    00000020     ipc.ae66 : Ipc.obj (.text:ti_sdo_ipc_gates_GatePeterson_getReservedMask__E)
                  800277c0    00000020              : Ipc.obj (.text:ti_sdo_ipc_gates_GatePeterson_query__E)
                  800277e0    00000020     app_pe66.oe66 (.text:ti_sdo_ipc_heaps_HeapMemMP_Params__init__S)
                  80027800    00000020     ipc.ae66 : Ipc.obj (.text:ti_sdo_ipc_heaps_HeapMemMP_isBlocking__E)
                  80027820    00000020     app_pe66.oe66 (.text:ti_sdo_ipc_notifyDrivers_NotifyDriverCirc_Params__init__S)
                  80027840    00000020     app_pe66.oe66 (.text:ti_sdo_ipc_notifyDrivers_NotifyDriverCirc_delete)
                  80027860    00000020     ipc.ae66 : Ipc.obj (.text:ti_sdo_ipc_notifyDrivers_NotifyDriverCirc_disable__E)
                  80027880    00000020              : Ipc.obj (.text:ti_sdo_ipc_notifyDrivers_NotifyDriverCirc_enableEvent__E)
                  800278a0    00000020              : Ipc.obj (.text:ti_sdo_ipc_notifyDrivers_NotifyDriverCirc_setNotifyHandle__E)
                  800278c0    00000020     app_pe66.oe66 (.text:ti_sdo_ipc_nsremote_NameServerRemoteNotify_Object__first__S)
                  800278e0    00000020     app_pe66.oe66 (.text:ti_sdo_ipc_nsremote_NameServerRemoteNotify_Object__next__S)
                  80027900    00000020     app_pe66.oe66 (.text:ti_sdo_ipc_nsremote_NameServerRemoteNotify_Params__init__S)
                  80027920    00000020     app_pe66.oe66 (.text:ti_sdo_ipc_nsremote_NameServerRemoteNotify_delete)
                  80027940    00000020     ipc.ae66 : Ipc.obj (.text:ti_sdo_ipc_nsremote_NameServerRemoteNotify_sharedMemReq__E)
                  80027960    00000020              : Ipc.obj (.text:ti_sdo_ipc_transports_TransportShmNotifySetup_sharedMemReq__E)
                  80027980    00000020     app_pe66.oe66 (.text:ti_sdo_ipc_transports_TransportShmNotify_Params__init__S)
                  800279a0    00000020     ipc.ae66 : Ipc.obj (.text:ti_sdo_ipc_transports_TransportShmNotify_control__E)
                  800279c0    00000020              : Ipc.obj (.text:ti_sdo_ipc_transports_TransportShmNotify_getStatus__E)
                  800279e0    00000020              : Ipc.obj (.text:ti_sdo_ipc_transports_TransportShmNotify_setErrFxn__E)
                  80027a00    00000020              : Ipc.obj (.text:ti_sdo_utils_List_Instance_init__E)
                  80027a20    00000020     app_pe66.oe66 (.text:ti_sdo_utils_List_Object__get__S)
                  80027a40    00000020     app_pe66.oe66 (.text:ti_sdo_utils_List_destruct)
                  80027a60    00000020     ipc.ae66 : Ipc.obj (.text:ti_sdo_utils_List_enqueueHead__E)
                  80027a80    00000020              : Ipc.obj (.text:ti_sdo_utils_List_enqueue__E)
                  80027aa0    00000020              : Ipc.obj (.text:ti_sdo_utils_List_get__E)
                  80027ac0    00000020              : Ipc.obj (.text:ti_sdo_utils_List_next__E)
                  80027ae0    00000020              : Ipc.obj (.text:ti_sdo_utils_List_putHead__E)
                  80027b00    00000020              : Ipc.obj (.text:ti_sdo_utils_List_put__E)
                  80027b20    00000020              : Ipc.obj (.text:ti_sdo_utils_List_remove__E)
                  80027b40    00000020     app_pe66.oe66 (.text:ti_sdo_utils_MultiProc_Module__startupDone__S)
                  80027b60    00000020     ipc.ae66 : Ipc.obj (.text:ti_sdo_utils_MultiProc_getClusterId__F)
                  80027b80    00000020     app_pe66.oe66 (.text:ti_sdo_utils_NameServer_Module__startupDone__F)
                  80027ba0    00000020     app_pe66.oe66 (.text:ti_sdo_utils_NameServer_Object__first__S)
                  80027bc0    00000020     app_pe66.oe66 (.text:ti_sdo_utils_NameServer_Object__next__S)
                  80027be0    00000020     app_pe66.oe66 (.text:ti_sysbios_BIOS_RtsGateProxy_enter__E)
                  80027c00    00000020     app_pe66.oe66 (.text:ti_sysbios_BIOS_RtsGateProxy_leave__E)
                  80027c20    00000020     sysbios.ae66 : BIOS.obj (.text:ti_sysbios_BIOS_exit__E)
                  80027c40    00000020                  : BIOS.obj (.text:ti_sysbios_BIOS_linkedWithIncorrectBootLibrary__E)
                  80027c60    00000020     app_pe66.oe66 (.text:ti_sysbios_BIOS_nullFunc__I)
                  80027c80    00000020     sysbios.ae66 : BIOS.obj (.text:ti_sysbios_BIOS_setThreadType__E)
                  80027ca0    00000020                  : BIOS.obj (.text:ti_sysbios_BIOS_start__E)
                  80027cc0    00000020     app_pe66.oe66 (.text:ti_sysbios_family_c62_TaskSupport_Module__startupDone__S)
                  80027ce0    00000020     sysbios.ae66 : BIOS.obj (.text:ti_sysbios_family_c62_TaskSupport_checkStack__E)
                  80027d00    00000020                  : BIOS.obj (.text:ti_sysbios_family_c62_TaskSupport_getStackAlignment__E)
                  80027d20    00000020     app_pe66.oe66 (.text:ti_sysbios_family_c64p_Hwi_Module__startupDone__F)
                  80027d40    00000020     sysbios.ae66 : BIOS.obj (.text:ti_sysbios_family_c64p_Hwi_clearInterrupt__E)
                  80027d60    00000020                  : BIOS.obj (.text:ti_sysbios_family_c64p_Hwi_startup__E)
                  80027d80    00000020                  : BIOS.obj (.text:ti_sysbios_family_c64p_Hwi_switchFromBootStack__E)
                  80027da0    00000020                  : BIOS.obj (.text:ti_sysbios_family_c64p_Hwi_unPluggedInterrupt__I)
                  80027dc0    00000020                  : BIOS.obj (.text:ti_sysbios_family_c64p_TimestampProvider_Module_startup__E)
                  80027de0    00000020                  : BIOS.obj (.text:ti_sysbios_family_c64p_TimestampProvider_get32__E)
                  80027e00    00000020                  : BIOS.obj (.text:ti_sysbios_family_c64p_TimestampProvider_get64__E)
                  80027e20    00000020                  : BIOS.obj (.text:ti_sysbios_family_c64p_tci6488_TimerSupport_enable__E)
                  80027e40    00000020                  : BIOS.obj (.text:ti_sysbios_family_c66_Cache_RTSSynchInv__I)
                  80027e60    00000020                  : BIOS.obj (.text:ti_sysbios_family_c66_Cache_RTSSynchWbInv__I)
                  80027e80    00000020                  : BIOS.obj (.text:ti_sysbios_family_c66_Cache_RTSSynchWb__I)
                  80027ea0    00000020                  : BIOS.obj (.text:ti_sysbios_family_c66_Cache_inv__E)
                  80027ec0    00000020                  : BIOS.obj (.text:ti_sysbios_family_c66_Cache_wait__E)
                  80027ee0    00000020                  : BIOS.obj (.text:ti_sysbios_family_c66_Cache_wbInv__E)
                  80027f00    00000020                  : BIOS.obj (.text:ti_sysbios_family_c66_Cache_wb__E)
                  80027f20    00000020                  : BIOS.obj (.text:ti_sysbios_gates_GateAll_Instance_init__E)
                  80027f40    00000020                  : BIOS.obj (.text:ti_sysbios_gates_GateAll_query__E)
                  80027f60    00000020                  : BIOS.obj (.text:ti_sysbios_gates_GateHwi_Instance_init__E)
                  80027f80    00000020                  : BIOS.obj (.text:ti_sysbios_gates_GateHwi_enter__E)
                  80027fa0    00000020                  : BIOS.obj (.text:ti_sysbios_gates_GateHwi_leave__E)
                  80027fc0    00000020                  : BIOS.obj (.text:ti_sysbios_gates_GateHwi_query__E)
                  80027fe0    00000020                  : BIOS.obj (.text:ti_sysbios_gates_GateMutexPri_Instance_finalize__E)
                  80028000    00000020                  : BIOS.obj (.text:ti_sysbios_gates_GateMutexPri_query__E)
                  80028020    00000020                  : BIOS.obj (.text:ti_sysbios_gates_GateMutex_Instance_finalize__E)
                  80028040    00000020                  : BIOS.obj (.text:ti_sysbios_gates_GateMutex_query__E)
                  80028060    00000020                  : BIOS.obj (.text:ti_sysbios_gates_GateSwi_Instance_init__E)
                  80028080    00000020                  : BIOS.obj (.text:ti_sysbios_gates_GateSwi_query__E)
                  800280a0    00000020     app_pe66.oe66 (.text:ti_sysbios_hal_Hwi_HwiProxy_create)
                  800280c0    00000020     app_pe66.oe66 (.text:ti_sysbios_hal_Hwi_HwiProxy_delete)
                  800280e0    00000020     sysbios.ae66 : BIOS.obj (.text:ti_sysbios_hal_Hwi_Instance_finalize__E)
                  80028100    00000020                  : BIOS.obj (.text:ti_sysbios_hal_Hwi_Module_startup__E)
                  80028120    00000020     app_pe66.oe66 (.text:ti_sysbios_hal_Hwi_Params__init__S)
                  80028140    00000020     app_pe66.oe66 (.text:ti_sysbios_hal_Hwi_delete)
                  80028160    00000020     app_pe66.oe66 (.text:ti_sysbios_heaps_HeapMem_Module_GateProxy_enter__E)
                  80028180    00000020     app_pe66.oe66 (.text:ti_sysbios_heaps_HeapMem_Module_GateProxy_leave__E)
                  800281a0    00000020     sysbios.ae66 : BIOS.obj (.text:ti_sysbios_heaps_HeapMem_isBlocking__E)
                  800281c0    00000020     app_pe66.oe66 (.text:ti_sysbios_knl_Clock_TimerProxy_getMaxTicks__E)
                  800281e0    00000020     sysbios.ae66 : BIOS.obj (.text:ti_sysbios_knl_Idle_loop__E)
                  80028200    00000020                  : BIOS.obj (.text:ti_sysbios_knl_Queue_Instance_init__E)
                  80028220    00000020     app_pe66.oe66 (.text:ti_sysbios_knl_Queue_Object__get__S)
                  80028240    00000020     app_pe66.oe66 (.text:ti_sysbios_knl_Queue_destruct)
                  80028260    00000020     sysbios.ae66 : BIOS.obj (.text:ti_sysbios_knl_Queue_empty__E)
                  80028280    00000020                  : BIOS.obj (.text:ti_sysbios_knl_Semaphore_Instance_finalize__E)
                  800282a0    00000020     app_pe66.oe66 (.text:ti_sysbios_knl_Semaphore_Params__init__S)
                  800282c0    00000020     app_pe66.oe66 (.text:ti_sysbios_knl_Semaphore_delete)
                  800282e0    00000020     app_pe66.oe66 (.text:ti_sysbios_knl_Swi_Params__init__S)
                  80028300    00000020     sysbios.ae66 : BIOS.obj (.text:ti_sysbios_knl_Swi_disable__E)
                  80028320    00000020                  : BIOS.obj (.text:ti_sysbios_knl_Task_disable__E)
                  80028340    00000020                  : BIOS.obj (.text:ti_sysbios_knl_Task_startup__E)
                  80028360    00000020                  : BIOS.obj (.text:ti_sysbios_syncs_SyncSem_Instance_finalize__E)
                  80028380    00000020     app_pe66.oe66 (.text:ti_sysbios_syncs_SyncSem_delete)
                  800283a0    00000020     sysbios.ae66 : BIOS.obj (.text:ti_sysbios_syncs_SyncSem_query__E)
                  800283c0    00000020                  : BIOS.obj (.text:ti_sysbios_syncs_SyncSem_signal__E)
                  800283e0    00000020     app_pe66.oe66 (.text:ti_sysbios_timers_timer64_Timer_Module__startupDone__F)
                  80028400    00000020     sysbios.ae66 : BIOS.obj (.text:ti_sysbios_timers_timer64_Timer_getMaxTicks__E)
                  80028420    00000020                  : BIOS.obj (.text:ti_sysbios_xdcruntime_GateThreadSupport_Instance_finalize__E)
                  80028440    00000020                  : BIOS.obj (.text:ti_sysbios_xdcruntime_GateThreadSupport_Instance_init__E)
                  80028460    00000020                  : BIOS.obj (.text:ti_sysbios_xdcruntime_GateThreadSupport_enter__E)
                  80028480    00000020     ti.targets.rts6000.ae66 : Error.oe66 (.text:xdc_runtime_Error_getSite__E)
                  800284a0    00000020                             : Error.oe66 (.text:xdc_runtime_Error_raiseX__E)
                  800284c0    00000020                             : GateNull.oe66 (.text:xdc_runtime_GateNull_enter__E)
                  800284e0    00000020                             : GateNull.oe66 (.text:xdc_runtime_GateNull_leave__E)
                  80028500    00000020                             : GateNull.oe66 (.text:xdc_runtime_GateNull_query__E)
                  80028520    00000020                             : Gate.oe66 (.text:xdc_runtime_Gate_enterSystem__E)
                  80028540    00000020                             : Gate.oe66 (.text:xdc_runtime_Gate_leaveSystem__E)
                  80028560    00000020     app_pe66.oe66 (.text:xdc_runtime_IHeap_alloc)
                  80028580    00000020     app_pe66.oe66 (.text:xdc_runtime_IHeap_free)
                  800285a0    00000020     app_pe66.oe66 (.text:xdc_runtime_LoggerBuf_Module_GateProxy_enter__E)
                  800285c0    00000020     app_pe66.oe66 (.text:xdc_runtime_LoggerBuf_Module_GateProxy_leave__E)
                  800285e0    00000020     ti.targets.rts6000.ae66 : LoggerBuf.oe66 (.text:xdc_runtime_LoggerBuf_disable__E)
                  80028600    00000020                             : LoggerBuf.oe66 (.text:xdc_runtime_LoggerBuf_enable__E)
                  80028620    00000020                             : Memory.oe66 (.text:xdc_runtime_Memory_calloc__E)
                  80028640    00000020                             : Memory.oe66 (.text:xdc_runtime_Memory_free__E)
                  80028660    00000020                             : Memory.oe66 (.text:xdc_runtime_Memory_getMaxDefaultTypeAlign__E)
                  80028680    00000020     app_pe66.oe66 (.text:xdc_runtime_Startup_Module__startupDone__S)
                  800286a0    00000020     app_pe66.oe66 (.text:xdc_runtime_Startup_exec__I)
                  800286c0    00000020     ti.targets.rts6000.ae66 : Startup.oe66 (.text:xdc_runtime_Startup_rtsDone__E)
                  800286e0    00000020                             : SysMin.oe66 (.text:xdc_runtime_SysMin_ready__E)
                  80028700    00000020     app_pe66.oe66 (.text:xdc_runtime_System_Module_GateProxy_enter__E)
                  80028720    00000020     app_pe66.oe66 (.text:xdc_runtime_System_Module_GateProxy_leave__E)
                  80028740    00000020     ti.targets.rts6000.ae66 : System.oe66 (.text:xdc_runtime_System_Module_startup__E)
                  80028760    00000020                             : System.oe66 (.text:xdc_runtime_System_vsnprintf__E)
                  80028780    00000020                             : Text.oe66 (.text:xdc_runtime_Text_ropeText__E)
                  800287a0    00000020     app_pe66.oe66 (.text:xdc_runtime_Text_visitRope__I)
                  800287c0    00000020     ti.targets.rts6000.ae66 : GateThread.oe66 (.text:xdc_runtime_knl_GateThread_Instance_finalize__E)
                  800287e0    00000020     app_pe66.oe66 (.text:xdc_runtime_knl_GateThread_Module__startupDone__S)
                  80028800    00000020     app_pe66.oe66 (.text:xdc_runtime_knl_GateThread_Proxy_create)
                  80028820    00000020     app_pe66.oe66 (.text:xdc_runtime_knl_GateThread_Proxy_delete)
                  80028840    00000020     app_pe66.oe66 (.text:xdc_runtime_knl_GateThread_Proxy_enter__E)
                  80028860    00000020     app_pe66.oe66 (.text:xdc_runtime_knl_GateThread_Proxy_leave__E)
                  80028880    00000020     ti.targets.rts6000.ae66 : GateThread.oe66 (.text:xdc_runtime_knl_GateThread_enter__E)
                  800288a0    00000020                             : GateThread.oe66 (.text:xdc_runtime_knl_GateThread_leave__E)

.far       0    800288c0    000111b2     UNINITIALIZED
                  800288c0    0000c800     (.common:ti_sysbios_heaps_HeapMem_Instance_State_0_buf__A)
                  800350c0    00004000     app_pe66.oe66 (.far:taskStackSection)
                  800390c0    000005a8     ti.drv.qmss.ae66 : qmss_drv.oe66 (.far:local:uninit)
                  80039668    00000200     (.common:xdc_runtime_LoggerBuf_Instance_State_0_entryArr__A)
                  80039868    00000200     (.common:xdc_runtime_SysMin_Module_State_0_outbuf__A)
                  80039a68    00000008     (.common:parmbuf)
                  80039a70    00000002                      : qmss_drv.oe66 (.far:local:init)

.const     0    80039a78    00004ef8     
                  80039a78    00002e42     app_pe66.oe66 (.const:xdc_runtime_Text_charTab__A)
                  8003c8ba    00000002     app_pe66.oe66 (.const:ti_sdo_ipc_GateMP_Module__id__C)
                  8003c8bc    00000518     sysbios.ae66 : BIOS.obj (.const:.string)
                  8003cdd4    00000004     ti.targets.rts6000.ae66 : Assert.oe66 (.const:.string)
                  8003cdd8    00000400     app_pe66.oe66 (.const:ti_sysbios_family_c66_Cache_marvalues__C)
                  8003d1d8    00000264     qmss_init.obj (.const:.string)
                  8003d43c    00000004     app_pe66.oe66 (.const:ti_sdo_ipc_GateMP_A_invalidClose__C)
                  8003d440    00000184     app_pe66.oe66 (.const:xdc_runtime_Text_nodeTab__A)
                  8003d5c4    00000004     app_pe66.oe66 (.const:ti_sdo_ipc_GateMP_A_invalidDelete__C)
                  8003d5c8    00000101     rts6600_elf.lib : ctype.c.obj (.const:.string:_ctypes_)
                  8003d6c9    00000001     app_pe66.oe66 (.const:ti_sysbios_timers_timer64_Timer_localTimerBaseId__C)
                  8003d6ca    00000002     app_pe66.oe66 (.const:ti_sdo_ipc_GateMP_Module__loggerDefined__C)
                  8003d6cc    000000c0     app_pe66.oe66 (.const:.string)
                  8003d78c    00000064     main.obj (.const:.string)
                  8003d7f0    00000058     ti.targets.rts6000.ae66 : Error.oe66 (.const:.string)
                  8003d848    00000054     ipc.ae66 : Ipc.obj (.const:.string)
                  8003d89c    00000044     app_pe66.oe66 (.const:ti_sysbios_knl_Task_Object__PARAMS__C)
                  8003d8e0    00000044     app_pe66.oe66 (.const:xdc_runtime_Startup_sfxnTab__A)
                  8003d924    00000040     ti.targets.rts6000.ae66 : Text.oe66 (.const:.string)
                  8003d964    0000003c     app_pe66.oe66 (.const:xdc_runtime_LoggerBuf_Module__FXNS__C)
                  8003d9a0    00000038     app_pe66.oe66 (.const:ti_sdo_ipc_notifyDrivers_NotifyDriverCirc_Module__FXNS__C)
                  8003d9d8    00000034     app_pe66.oe66 (.const:ti_sdo_ipc_GateMP_Object__PARAMS__C)
                  8003da0c    00000034     app_pe66.oe66 (.const:ti_sdo_ipc_notifyDrivers_NotifyDriverCirc_Object__PARAMS__C)
                  8003da40    00000030     app_pe66.oe66 (.const:ti_sdo_ipc_heaps_HeapMemMP_Object__PARAMS__C)
                  8003da70    00000030     app_pe66.oe66 (.const:ti_sysbios_family_c64p_Hwi_Object__PARAMS__C)
                  8003daa0    0000002c     ti.targets.rts6000.ae66 : Startup.oe66 (.const:.string)
                  8003dacc    0000002c     app_pe66.oe66 (.const:ti_sdo_ipc_gates_GateHWSem_Module__FXNS__C)
                  8003daf8    0000002c     app_pe66.oe66 (.const:ti_sdo_ipc_gates_GateMPSupportNull_Module__FXNS__C)
                  8003db24    0000002c     app_pe66.oe66 (.const:ti_sdo_ipc_gates_GatePeterson_Module__FXNS__C)
                  8003db50    0000002c     app_pe66.oe66 (.const:ti_sysbios_hal_Hwi_Object__PARAMS__C)
                  8003db7c    00000028     app_pe66.oe66 (.const:ti_sdo_ipc_heaps_HeapMemMP_Module__FXNS__C)
                  8003dba4    00000028     app_pe66.oe66 (.const:ti_sdo_ipc_nsremote_NameServerRemoteNotify_Module__FXNS__C)
                  8003dbcc    00000028     app_pe66.oe66 (.const:ti_sdo_ipc_transports_TransportShmNotify_Module__FXNS__C)
                  8003dbf4    00000028     app_pe66.oe66 (.const:ti_sysbios_heaps_HeapMem_Module__FXNS__C)
                  8003dc1c    00000028     app_pe66.oe66 (.const:ti_sysbios_knl_Swi_Object__PARAMS__C)
                  8003dc44    00000028     app_pe66.oe66 (.const:xdc_runtime_LoggerBuf_Object__PARAMS__C)
                  8003dc6c    00000024     init.obj (.const:.string)
                  8003dc90    00000024     rts6600_elf.lib : _printfi.c.obj (.const:.string)
                  8003dcb4    00000024     app_pe66.oe66 (.const:ti_sdo_ipc_gates_GateHWSem_Object__PARAMS__C)
                  8003dcd8    00000024     app_pe66.oe66 (.const:ti_sdo_ipc_gates_GateMPSupportNull_Object__PARAMS__C)
                  8003dcfc    00000024     app_pe66.oe66 (.const:ti_sdo_ipc_gates_GatePeterson_Object__PARAMS__C)
[...]
8003e89c  xdc_runtime_LoggerBuf_E_badLevel__C                                       
8003e8a0  xdc_runtime_LoggerBuf_Module__gateObj__C                                  
8003e8a4  xdc_runtime_LoggerBuf_Object__count__C                                    
8003e8a8  xdc_runtime_LoggerBuf_statusLogger__C                                     
8003e8ac  xdc_runtime_Memory_defaultHeapInstance__C                                 
8003e8b0  xdc_runtime_Startup_execImpl__C                                           
8003e8b4  xdc_runtime_Startup_maxPasses__C                                          
8003e8b8  xdc_runtime_Startup_sfxnRts__C                                            
8003e8bc  xdc_runtime_Startup_sfxnTab__C                                            
8003e8c0  xdc_runtime_SysMin_bufSize__C                                             
8003e8c4  xdc_runtime_SysMin_outputFunc__C                                          
8003e8c8  xdc_runtime_System_Module__gateObj__C                                     
8003e8cc  xdc_runtime_System_abortFxn__C                                            
8003e8d0  xdc_runtime_System_exitFxn__C                                             
8003e8d4  xdc_runtime_System_extendFxn__C                                           
8003e8d8  xdc_runtime_System_maxAtexitHandlers__C                                   
8003e8dc  xdc_runtime_Text_charTab__C                                               
8003e8e0  xdc_runtime_Text_nameEmpty__C                                             
8003e8e4  xdc_runtime_Text_nameStatic__C                                            
8003e8e8  xdc_runtime_Text_nameUnknown__C                                           
8003e8ec  xdc_runtime_Text_nodeTab__C                                               
8003e8f0  xdc_runtime_Text_visitRopeFxn__C                                          
8003e8f4  xdc_runtime_knl_ISync_Interface__BASE__C                                  
8003e8f8  ti_sdo_ipc_Ipc_generateSlaveDataForHost__C                                
8003e8fa  ti_sdo_ipc_MessageQ_Module__id__C                                         
8003e8fc  ti_sdo_ipc_MessageQ_Module__loggerDefined__C                              
8003e8fe  ti_sdo_ipc_Notify_Module__id__C                                           
8003e900  ti_sdo_ipc_Notify_numLines__C                                             
8003e902  ti_sdo_ipc_Notify_reservedEvents__C                                       
8003e904  ti_sdo_ipc_SharedRegion_Module__id__C                                     
8003e906  ti_sdo_ipc_SharedRegion_numEntries__C                                     
8003e908  ti_sdo_ipc_SharedRegion_translate__C                                      
8003e90a  ti_sdo_ipc_family_tci663x_Interrupt_Module__id__C                         
8003e90c  ti_sdo_ipc_family_tci663x_Interrupt_enableKick__C                         
8003e90e  ti_sdo_ipc_family_tci663x_NotifyCircSetup_includeHost__C                  
8003e910  ti_sdo_ipc_gates_GateHWSem_Module__id__C                                  
8003e912  ti_sdo_ipc_gates_GateMPSupportNull_Module__id__C                          
8003e914  ti_sdo_ipc_gates_GatePeterson_Module__id__C                               
8003e916  ti_sdo_ipc_heaps_HeapMemMP_Module__id__C                                  
8003e918  ti_sdo_ipc_notifyDrivers_NotifyDriverCirc_Module__id__C                   
8003e91a  ti_sdo_ipc_notifyDrivers_NotifyDriverCirc_enableStats__C                  
8003e91c  ti_sdo_ipc_nsremote_NameServerRemoteNotify_Module__id__C                  
8003e91e  ti_sdo_ipc_transports_TransportShmNotify_alwaysWriteBackMsg__C            
8003e920  ti_sdo_ipc_transports_TransportShmNotify_notifyEventId__C                 
8003e922  ti_sdo_utils_MultiProc_Module__id__C                                      
8003e924  ti_sdo_utils_MultiProc_numProcessors__C                                   
8003e926  ti_sdo_utils_MultiProc_numProcsInCluster__C                               
8003e928  ti_sdo_utils_NameServer_Module__id__C                                     
8003e92a  ti_sysbios_family_c64p_Exception_Module__id__C                            
8003e92c  ti_sysbios_family_c64p_Exception_useInternalBuffer__C                     
8003e92e  ti_sysbios_family_c64p_Hwi_Module__id__C                                  
8003e930  ti_sysbios_family_c64p_Hwi_Module__loggerDefined__C                       
8003e932  ti_sysbios_family_c66_Cache_Module__id__C                                 
8003e934  ti_sysbios_family_c66_Cache_registerRTSSynch__C                           
8003e936  ti_sysbios_gates_GateMutexPri_Module__id__C                               
8003e938  ti_sysbios_gates_GateMutex_Module__id__C                                  
8003e93a  ti_sysbios_gates_GateSwi_Module__id__C                                    
8003e93c  ti_sysbios_hal_Hwi_Module__id__C                                          
8003e93e  ti_sysbios_heaps_HeapMem_Module__id__C                                    
8003e940  ti_sysbios_knl_Clock_Module__id__C                                        
8003e942  ti_sysbios_knl_Clock_Module__loggerDefined__C                             
8003e944  ti_sysbios_knl_Semaphore_Module__id__C                                    
8003e946  ti_sysbios_knl_Semaphore_Module__loggerDefined__C                         
8003e948  ti_sysbios_knl_Swi_Module__id__C                                          
8003e94a  ti_sysbios_knl_Swi_Module__loggerDefined__C                               
8003e94c  ti_sysbios_knl_Task_Module__id__C                                         
8003e94e  ti_sysbios_knl_Task_Module__loggerDefined__C                              
8003e950  ti_sysbios_syncs_SyncSem_Module__id__C                                    
8003e952  ti_sysbios_timers_timer64_Timer_Module__id__C                             
8003e954  ti_sysbios_timers_timer64_Timer_startupNeeded__C                          
8003e956  ti_sysbios_timers_timer64_Timer_useTimer64pRegMap__C                      
8003e958  xdc_runtime_Core_Module__id__C                                            
8003e95a  xdc_runtime_Error_Module__loggerDefined__C                                
8003e95c  xdc_runtime_Error_maxDepth__C                                             
8003e95e  xdc_runtime_LoggerBuf_Module__id__C                                       
8003e960  xdc_runtime_LoggerBuf_filterByLevel__C                                    
8003e962  xdc_runtime_Main_Module__id__C                                            
8003e964  xdc_runtime_Memory_Module__id__C                                          
8003e966  xdc_runtime_SysMin_flushAtExit__C                                         
8003e968  xdc_runtime_Text_charCnt__C                                               
8003e96a  xdc_runtime_Text_isLoaded__C                                              
8003e96c  xdc_runtime_Text_registryModsLastId__C                                    
8003e96e  xdc_runtime_Text_unnamedModsLastId__C                                     
8003e970  cppiGblCPDMACfgParams                                                     
8003f348  ti_sdo_ipc_GateMP_Module_State_0_remoteCustom1Gates__A                    
8003fb48  GlobalQmGroup0                                                            
8003fe8c  qmssGblCfgParams                                                          
8004015c  _lock                                                                     
80040160  GlobalQmGroup1                                                            
8004039c  _unlock                                                                   
800403a0  ti_sysbios_timers_timer64_Timer_Module_State_0_device__A                  
80040520  ti_sdo_utils_NameServer_Object__table__V                                  
800405d4  __errno                                                                   
800405d4  errno                                                                     
800405d8  ti_sdo_ipc_SharedRegion_Module_State_0_regions__A                         
80040668  ti_sdo_ipc_GateMP_Module_State_0_remoteSystemGates__A                     
800406e8  ti_sysbios_knl_Swi_Module_State_0_readyQ__A                               
80040768  ti_sysbios_knl_Task_Module_State_0_readyQ__A                              
800407e8  ti_sysbios_timers_timer64_Timer_Module_State_0_gctrl__A                   
80040868  ti_sysbios_timers_timer64_Timer_Module_State_0_handles__A                 
800408e8  ti_sysbios_timers_timer64_Timer_Module_State_0_intFreqs__A                
80040968  ti_sysbios_family_c64p_Hwi_Module__state__V                               
800409d4  ti_sdo_ipc_MessageQ_Module__state__V                                      
80040a3c  ti_sdo_ipc_SharedRegion_Module__state__V                                  
80040a40  ti_sysbios_knl_Task_Object__table__V                                      
80040a9c  ti_sdo_ipc_GateMP_Module__state__V                                        
80040aec  ti_sdo_ipc_heaps_HeapMemMP_Module__state__V                               
80040af0  ti_sysbios_timers_timer64_Timer_Object__table__V                          
80040b40  ti_sysbios_knl_Task_Module__state__V                                      
80040b88  ti_sysbios_gates_GateMutex_Object__table__V                               
80040bc8  ti_sysbios_family_c64p_Exception_Module__state__V                         
80040bf8  ti_sysbios_knl_Swi_Object__table__V                                       
80040c28  ti_sysbios_knl_Clock_Module__state__V                                     
80040c54  ti_sdo_ipc_transports_TransportShmNotifySetup_Module__state__V            
80040c58  ti_sdo_ipc_Ipc_Module_State_0_procEntry__A                                
80040c80  ti_sysbios_BIOS_Module__state__V                                          
80040ca4  xdc_runtime_Memory_Module__state__V                                       
80040ca8  xdc_runtime_LoggerBuf_Object__table__V                                    
80040ccc  xdc_runtime_Error_Module__state__V                                        
80040cd0  ti_sdo_ipc_MessageQ_Module_State_0_heaps__A                               
80040cf0  xdc_runtime_Error_IgnoreBlock                                             
80040d10  ti_sysbios_knl_Swi_Module__state__V                                       
80040d30  ti_sysbios_family_c64p_Hwi_Object__table__V                               
80040d48  ti_sysbios_gates_GateMutexPri_Object__table__V                            
80040d60  ti_sysbios_heaps_HeapMem_Object__table__V                                 
80040d78  ti_sysbios_timers_timer64_Timer_Module__state__V                          
80040d90  cppiGblCfgParams                                                          
80040da4  cppiLObj                                                                  
80040db8  ti_sdo_ipc_family_tci663x_Interrupt_Module__state__V                      
80040dd0  ti_sdo_ipc_MessageQ_Module_State_0_transports__A                          
80040de0  ti_sdo_ipc_family_tci663x_Interrupt_Module_State_0_clientTab__A           
80040df0  ti_sdo_ipc_family_tci663x_Interrupt_Module_State_0_hwTab__A               
80040e00  ti_sysbios_gates_GateAll_Object__table__V                                 
80040e10  xdc_runtime_System_Module_State_0_atexitHandlers__A                       
80040e20  __TI_cleanup_ptr                                                          
80040e24  __TI_dtors_ptr                                                            
80040e28  __TI_enable_exit_profile_output                                           
80040e2c  ti_sdo_ipc_Ipc_Module__state__V                                           
80040e38  ti_sdo_utils_NameServer_Module__state__V                                  
80040e48  ti_sysbios_gates_GateSwi_Object__table__V                                 
80040e54  xdc_runtime_SysMin_Module__state__V                                       
80040e60  ti_sdo_ipc_GateMP_Module__root__V                                         
80040e68  ti_sdo_ipc_MessageQ_Module__root__V                                       
80040e70  ti_sdo_ipc_Notify_Module_State_0_notifyHandles__A                         
80040e78  ti_sdo_ipc_Notify_Module__root__V                                         
80040e80  ti_sdo_ipc_Notify_Module__state__V                                        
80040e88  ti_sdo_ipc_gates_GateHWSem_Module__root__V                                
80040e90  ti_sdo_ipc_gates_GateMPSupportNull_Module__root__V                        
80040e98  ti_sdo_ipc_gates_GatePeterson_Module__root__V                             
80040ea0  ti_sdo_ipc_heaps_HeapMemMP_Module__root__V                                
80040ea8  ti_sdo_ipc_notifyDrivers_NotifyDriverCirc_Module__root__V                 
80040eb0  ti_sdo_ipc_nsremote_NameServerRemoteNotify_Module__root__V                
80040eb8  ti_sdo_ipc_transports_TransportShmNotifySetup_Module_State_0_handles__A   
80040ec0  ti_sdo_ipc_transports_TransportShmNotify_Module__root__V                  
80040ec8  ti_sdo_utils_List_Module__root__V                                         
80040ed0  ti_sdo_utils_MultiProc_Module__state__V                                   
80040ed8  ti_sdo_utils_NameServer_Module_State_0_nsRemoteHandle__A                  
80040ee0  ti_sdo_utils_NameServer_Module__root__V                                   
80040ee8  ti_sysbios_family_c64p_Hwi_Module__root__V                                
80040ef0  ti_sysbios_gates_GateAll_Module__root__V                                  
80040ef8  ti_sysbios_gates_GateHwi_Module__root__V                                  
80040f00  ti_sysbios_gates_GateMutexPri_Module__root__V                             
80040f08  ti_sysbios_gates_GateMutex_Module__root__V                                
80040f10  ti_sysbios_gates_GateSwi_Module__root__V                                  
80040f18  ti_sysbios_hal_Hwi_Module__root__V                                        
80040f20  ti_sysbios_hal_Hwi_Object__table__V                                       
80040f28  ti_sysbios_heaps_HeapMem_Module__root__V                                  
80040f30  ti_sysbios_knl_Queue_Module__root__V                                      
80040f38  ti_sysbios_knl_Semaphore_Module__root__V                                  
80040f40  ti_sysbios_knl_Swi_Module__root__V                                        
80040f48  ti_sysbios_knl_Task_Module__root__V                                       
80040f50  ti_sysbios_syncs_SyncSem_Module__root__V                                  
80040f58  ti_sysbios_xdcruntime_GateThreadSupport_Module__root__V                   
80040f60  xdc_runtime_GateNull_Module__root__V                                      
80040f68  xdc_runtime_LoggerBuf_Module__root__V                                     
80040f70  xdc_runtime_Registry_Module__state__V                                     
80040f78  xdc_runtime_Startup_Module__state__V                                      
80040f80  xdc_runtime_System_Module__state__V                                       
80040f88  xdc_runtime_knl_GateThread_Module__root__V                                
80040f90  xdc_runtime_LoggerBuf_Module__state__V                                    
80040f98  ti_sdo_ipc_Notify_Module_State_0_notifyHandles_0__A                       
80040fa0  ti_sdo_ipc_Notify_Module_State_0_notifyHandles_1__A                       
80040fa8  ti_sdo_utils_MultiProc_Module_State_0_clusterProcList__A                  
80040fb0  ti_sysbios_gates_GateHwi_Object__table__V                                 
80040fb8  ti_sysbios_knl_Task_Module_State_0_idleTask__A                            
80040fc0  xdc_runtime_GateNull_Object__table__V                                     
80041000  ti_sysbios_family_c64p_Hwi0                                               
80041000  ti_sysbios_family_c64p_Hwi_int0                                           
80041020  ti_sysbios_family_c64p_Hwi_int1                                           
80041040  ti_sysbios_family_c64p_Hwi_int2                                           
80041060  ti_sysbios_family_c64p_Hwi_int3                                           
80041080  ti_sysbios_family_c64p_Hwi_int4                                           
800410a0  ti_sysbios_family_c64p_Hwi_int5                                           
800410c0  ti_sysbios_family_c64p_Hwi_int6                                           
800410e0  ti_sysbios_family_c64p_Hwi_int7                                           
80041100  ti_sysbios_family_c64p_Hwi_int8                                           
80041120  ti_sysbios_family_c64p_Hwi_int9                                           
80041140  ti_sysbios_family_c64p_Hwi_int10                                          
80041160  ti_sysbios_family_c64p_Hwi_int11                                          
80041180  ti_sysbios_family_c64p_Hwi_int12                                          
800411a0  ti_sysbios_family_c64p_Hwi_int13                                          
800411c0  ti_sysbios_family_c64p_Hwi_int14                                          
800411e0  ti_sysbios_family_c64p_Hwi_int15                                          
80041200  __CIOBUF_                                                                 
80041330  Ipc_sr0MemorySetup                                                        
80041330  __TI_STATIC_BASE                                                          
80041334  cppiHnd                                                                   
80041338  freeQueHnd                                                                
8004133c  rxChHnd                                                                   
80041340  rxQueHnd                                                                  
80041344  rx_flowhnd                                                                
80041348  txChHnd                                                                   
8004134c  txQueHnd                                                                  
80041350  qmssMallocCounter                                                         
80041354  qmssFreeCounter                                                           
80041358  cppiMallocCounter                                                         
8004135c  cppiFreeCounter                                                           
80041360  rmMallocCounter                                                           
80041364  rmFreeCounter                                                             
80041368  core_name                                                                 
8004136c  core_id                                                                   
80042734  __TI_Handler_Table_Base                                                   
8004273c  __TI_Handler_Table_Limit                                                  
80042740  __TI_CINIT_Base                                                           
80042780  __TI_CINIT_Limit                                                          
ffffffff  __TI_pprof_out_hndl                                                       
ffffffff  __TI_prof_data_size                                                       
ffffffff  __TI_prof_data_start                                                      
ffffffff  __binit__                                                                 
ffffffff  __c_args__                                                                
ffffffff  binit                                                                     
UNDEFED   __TI_INITARRAY_Base                                                       
UNDEFED   __TI_INITARRAY_Limit                                                      
UNDEFED   __TI_TLS_INIT_Base                                                        
UNDEFED   __TI_TLS_INIT_Limit                                                       

[1427 symbols]
