******************************************************************************
               TMS320C6x Linker PC v8.3.3                      
******************************************************************************
>> Linked Tue May 14 17:12:17 2019

OUTPUT FILE NAME:   <basic-platform.out>
ENTRY POINT SYMBOL: "_c_int00"  address: 800228c0


MEMORY CONFIGURATION

         name            origin    length      used     unused   attr    fill
----------------------  --------  ---------  --------  --------  ----  --------
  L2SRAM                00800000   00100000  00025000  000db000  RW X
  MSMCSRAM              0c000000   00600000  00207802  003f87fe  RW X
  DDR                   80000000   08000000  000450c8  07fbaf38  RW X
  CORE1DDR              88000000   08000000  00000000  08000000  R  X


SEGMENT ALLOCATION MAP

run origin  load origin   length   init length attrs members
----------  ----------- ---------- ----------- ----- -------
00800000    00800000    00025000   00000000    rw-
  00800000    00800000    00021000   00000000    rw- .L2RAM
  00821000    00821000    00004000   00000000    rw- .stack
0c200000    0c200000    00006882   00000000    rw-
  0c200000    0c200000    00006882   00000000    rw- .qmss
0c206900    0c206900    00000f80   00000000    rw-
  0c206900    0c206900    00000f80   00000000    rw- .cppi
80000000    80000000    000291c0   000291c0    r-x
  80000000    80000000    000291c0   000291c0    r-x .text
800291c0    800291c0    000111b2   00000000    rw-
  800291c0    800291c0    000111b2   00000000    rw- .far
8003a378    8003a378    00004f48   00004f48    r--
  8003a378    8003a378    00004f48   00004f48    r-- .const
8003f2c0    8003f2c0    00004778   00000000    rw-
  8003f2c0    8003f2c0    00004654   00000000    rw- .fardata
  80043918    80043918    00000120   00000000    rw- .cio
80043a38    80043a38    00000048   00000048    r--
  80043a38    80043a38    00000048   00000048    r-- .switch
80043a80    80043a80    0000003c   00000000    rw-
  80043a80    80043a80    00000020   00000000    rw- .bss
  80043aa0    80043aa0    0000001c   00000000    rw- .neardata
80043abc    80043abc    00000006   00000000    r--
  80043abc    80043abc    00000006   00000000    r-- .rodata
80043c00    80043c00    00001610   00001610    r-x
  80043c00    80043c00    00000200   00000200    r-x .vecs
  80043e00    80043e00    00001410   00001410    r-- .cinit


SECTION ALLOCATION MAP

 output                                  attributes/
section   page    origin      length       input sections
--------  ----  ----------  ----------   ----------------
ti.sdo.ipc.SharedRegion_0 
*          0    0c000000    00200000     NOLOAD SECTION
                  0c000000    00200000     --HOLE--

.L2RAM     0    00800000    00021000     UNINITIALIZED
                  00800000    00021000     qmss_init.obj (.L2RAM)

.stack     0    00821000    00004000     UNINITIALIZED
                  00821000    00000008     boot.ae66 : boot.oe66 (.stack)
                  00821008    00003ff8     --HOLE--

.bss       0    80043a80    00000020     UNINITIALIZED
                  80043a80    00000004     (.common:Ipc_sr0MemorySetup)
                  80043a84    00000004     (.common:cppiHnd)
                  80043a88    00000004     (.common:freeQueHnd)
                  80043a8c    00000004     (.common:rxChHnd)
                  80043a90    00000004     (.common:rxQueHnd)
                  80043a94    00000004     (.common:rx_flowhnd)
                  80043a98    00000004     (.common:txChHnd)
                  80043a9c    00000004     (.common:txQueHnd)

.neardata 
*          0    80043aa0    0000001c     UNINITIALIZED
                  80043aa0    00000018     qmss_osal.obj (.neardata)
                  80043ab8    00000004     main.obj (.neardata)

.rodata    0    80043abc    00000006     UNINITIALIZED
                  80043abc    00000006     main.obj (.rodata)

.cinit     0    80043e00    00001410     
                  80043e00    00001376     (.cinit..fardata.load) [load image, compression = rle]
                  80045176    0000000d     (.cinit..L2RAM.load) [load image, compression = rle]
                  80045183    0000000d     (.cinit..far.load) [load image, compression = rle]
                  80045190    0000000c     (.cinit..neardata.load) [load image, compression = rle]
                  8004519c    0000000c     (.cinit..rodata.load) [load image, compression = rle]
                  800451a8    0000000b     (.cinit..cppi.load) [load image, compression = rle]
                  800451b3    0000000b     (.cinit..qmss.load) [load image, compression = rle]
                  800451be    00000009     (.cinit..bss.load) [load image, compression = rle]
                  800451c7    00000001     --HOLE-- [fill = 0]
                  800451c8    00000008     (__TI_handler_table)
                  800451d0    00000040     (__TI_cinit_table)

.init_array 
*          0    80000000    00000000     UNINITIALIZED

.qmss      0    0c200000    00006882     UNINITIALIZED
                  0c200000    00006880     ti.drv.qmss.ae66 : qmss_drv.oe66 (.qmss:uninit)
                  0c206880    00000002                      : qmss_drv.oe66 (.qmss:init)

.cppi      0    0c206900    00000f80     UNINITIALIZED
                  0c206900    00000f80     ti.drv.cppi.ae66 : cppi_drv.oe66 (.cppi)

.vecs      0    80043c00    00000200     
                  80043c00    00000200     app_pe66.oe66 (.vecs)

xdc.meta   0    80000000    000000e8     COPY SECTION
                  80000000    000000e8     app_pe66.oe66 (xdc.meta)

.text      0    80000000    000291c0     
                  80000000    00001fe0     rts6600_elf.lib : _printfi.c.obj (.text:__TI_printfi)
                  80001fe0    00000ea0     ti.drv.qmss.ae66 : qmss_drv.oe66 (.text:Qmss_insertMemoryRegionSubSys)
                  80002e80    00000c60     ipc.ae66 : Ipc.obj (.text:ti_sdo_ipc_GateMP_Instance_init__E)
                  80003ae0    00000ba0     qmss_init.obj (.text)
                  80004680    00000980     ti.drv.qmss.ae66 : qmss_drv.oe66 (.text:Qmss_initSubSys)
                  80005000    000008c0                      : qmss_drv.oe66 (.text:Qmss_internalQueueOpen)
                  800058c0    000008a0     ti.targets.rts6000.ae66 : System.oe66 (.text:xdc_runtime_System_doPrint__I)
                  80006160    00000860     core_2_core_interface.obj (.text)
                  800069c0    00000780     sysbios.ae66 : BIOS.obj (.text:ti_sysbios_family_c64p_Exception_handler__I)
                  80007140    00000740     ipc.ae66 : Ipc.obj (.text:MessageQ_put)
                  80007880    00000740     sysbios.ae66 : BIOS.obj (.text:ti_sysbios_knl_Semaphore_pend__E)
                  80007fc0    00000720     ti.drv.cppi.ae66 : cppi_drv.oe66 (.text:Cppi_configureRxFlow)
                  800086e0    00000700     sysbios.ae66 : BIOS.obj (.text:ti_sysbios_timers_timer64_Timer_Module_startup__E)
                  80008de0    000006c0     qmss_osal.obj (.text)
                  800094a0    00000640     ipc.ae66 : Ipc.obj (.text:Ipc_attach)
                  80009ae0    00000640     rts6600_elf.lib : _printfi.c.obj (.text:_pconv_a)
                  8000a120    00000620     ipc.ae66 : Ipc.obj (.text:ti_sdo_ipc_heaps_HeapMemMP_alloc__E)
                  8000a740    00000620     sysbios.ae66 : BIOS.obj (.text:ti_sysbios_heaps_HeapMem_allocUnprotected__E)
                  8000ad60    00000600     rts6600_elf.lib : divd.c.obj (.text:__c6xabi_divd)
                  8000b360    00000600     ipc.ae66 : Ipc.obj (.text:ti_sdo_ipc_GateMP_setRegion0Reserved__F)
                  8000b960    000005c0     ti.drv.cppi.ae66 : cppi_drv.oe66 (.text:Cppi_txChannelOpenWithHwCfg)
                  8000bf20    000005c0     sysbios.ae66 : BIOS.obj (.text:ti_sysbios_heaps_HeapMem_freeUnprotected__E)
                  8000c4e0    000005a0     ipc.ae66 : Ipc.obj (.text:ti_sdo_ipc_nsremote_NameServerRemoteNotify_Instance_init__E)
                  8000ca80    00000560              : Ipc.obj (.text:ti_sdo_ipc_GateMP_Instance_finalize__E)
                  8000cfe0    00000540     ti.drv.cppi.ae66 : cppi_drv.oe66 (.text:Cppi_rxChannelOpen)
                  8000d520    00000540     ipc.ae66 : Ipc.obj (.text:ti_sdo_ipc_heaps_HeapMemMP_free__E)
                  8000da60    00000500     sysbios.ae66 : BIOS.obj (.text:ti_sysbios_knl_Task_Instance_finalize__E)
                  8000df60    000004c0     ipc.ae66 : Ipc.obj (.text:ti_sdo_ipc_heaps_HeapMemMP_Instance_init__E)
                  8000e420    00000480     ti.drv.cppi.ae66 : cppi_drv.oe66 (.text:Cppi_init)
                  8000e8a0    00000480                      : cppi_desc.oe66 (.text:Cppi_initDescriptorSubSys)
                  8000ed20    00000480     ipc.ae66 : Ipc.obj (.text:NameServer_add)
                  8000f1a0    00000480     sysbios.ae66 : BIOS.obj (.text:ti_sysbios_gates_GateMutexPri_enter__E)
                  8000f620    00000460                  : BIOS.obj (.text:ti_sysbios_knl_Task_sleep__E)
                  8000fa80    00000440     rts6600_elf.lib : _printfi.c.obj (.text:_pconv_g)
                  8000fec0    00000420     ipc.ae66 : Ipc.obj (.text:Notify_sendEvent)
                  800102e0    00000420     sysbios.ae66 : BIOS.obj (.text:ti_sysbios_knl_Task_setPri__E)
                  80010700    00000400     ipc.ae66 : Ipc.obj (.text:Notify_registerEventSingle)
                  80010b00    00000400              : Ipc.obj (.text:ti_sdo_ipc_nsremote_NameServerRemoteNotify_get__F)
                  80010f00    000003e0              : Ipc.obj (.text:Notify_unregisterEventSingle)
                  800112e0    000003e0              : Ipc.obj (.text:ti_sdo_ipc_MessageQ_Instance_init__E)
                  800116c0    000003c0     sysbios.ae66 : BIOS.obj (.text:ti_sysbios_knl_Task_Instance_init__E)
                  80011a80    000003a0                  : BIOS.obj (.text:ti_sysbios_family_c66_Cache_startup__I)
                  80011e20    00000340     ipc.ae66 : Ipc.obj (.text:ti_sdo_ipc_gates_GatePeterson_Instance_init__E)
                  80012160    00000340              : Ipc.obj (.text:ti_sdo_ipc_notifyDrivers_NotifyDriverCirc_Instance_init__E)
                  800124a0    00000320     sysbios.ae66 : BIOS.obj (.text:ti_sysbios_timers_timer64_Timer_deviceConfig__I)
                  800127c0    00000300     ti.drv.cppi.ae66 : cppi_drv.oe66 (.text:Cppi_open)
                  80012ac0    00000300     ipc.ae66 : Ipc.obj (.text:ti_sdo_ipc_Notify_Instance_init__E)
                  80012dc0    00000300     sysbios.ae66 : BIOS.obj (.text:ti_sysbios_knl_Task_Module_startup__E)
                  800130c0    000002e0     ti.drv.qmss.ae66 : qmss_drv.oe66 (.text:Qmss_internalRmStartIndex)
                  800133a0    000002e0     ipc.ae66 : Ipc.obj (.text:ti_sdo_ipc_SharedRegion_reserveMemory__F)
                  80013680    000002e0     sysbios.ae66 : BIOS.obj (.text:ti_sysbios_heaps_HeapMem_Instance_init__E)
                  80013960    000002c0     rts6600_elf.lib : _printfi.c.obj (.text:fcvt)
                  80013c20    000002c0     ipc.ae66 : Ipc.obj (.text:ti_sdo_ipc_heaps_HeapMemMP_postInit__I)
                  80013ee0    000002c0     sysbios.ae66 : BIOS.obj (.text:ti_sysbios_knl_Clock_workFunc__E)
                  800141a0    000002c0     ti.targets.rts6000.ae66 : LoggerBuf.oe66 (.text:xdc_runtime_LoggerBuf_write8__E)
                  80014460    000002a0     rts6600_elf.lib : _printfi.c.obj (.text:_pconv_e)
                  80014700    000002a0     ipc.ae66 : Ipc.obj (.text:ti_sdo_ipc_MessageQ_registerTransport__F)
                  800149a0    000002a0              : Ipc.obj (.text:ti_sdo_ipc_MessageQ_unregisterTransport__F)
                  80014c40    000002a0              : Ipc.obj (.text:ti_sdo_ipc_family_tci663x_Interrupt_Module_startup__E)
                  80014ee0    000002a0              : Ipc.obj (.text:ti_sdo_utils_NameServer_registerRemoteDriver__E)
                  80015180    000002a0              : Ipc.obj (.text:ti_sdo_utils_NameServer_unregisterRemoteDriver__E)
                  80015420    00000280              : Ipc.obj (.text:ti_sdo_ipc_notifyDrivers_NotifyDriverCirc_isr__I)
                  800156a0    00000280              : Ipc.obj (.text:ti_sdo_utils_NameServer_isRegistered__E)
                  80015920    00000280     sysbios.ae66 : BIOS.obj (.text:ti_sysbios_family_c64p_Hwi_reconfig__E)
                  80015ba0    00000260                  : BIOS.obj (.text:ti_sysbios_family_c64p_Hwi_dispatchCore__I)
                  80015e00    00000260                  : BIOS.obj (.text:ti_sysbios_knl_Semaphore_post__E)
                  80016060    00000260     ti.targets.rts6000.ae66 : Startup.oe66 (.text:xdc_runtime_Startup_startMods__I)
                  800162c0    00000240     rts6600_elf.lib : imath64.c.obj (.text:__c6xabi_divull)
                  80016500    00000240     sysbios.ae66 : BIOS.obj (.text:ti_sysbios_family_c64p_Exception_internalHandler__I)
                  80016740    00000240     ti.targets.rts6000.ae66 : Core-mem.oe66 (.text:xdc_runtime_Core_createObject__I)
                  80016980    00000240     app_pe66.oe66 (.text:xdc_runtime_System_printfExtend__I)
                  80016bc0    00000220     ipc.ae66 : Ipc.obj (.text:SharedRegion_getPtr)
                  80016de0    00000220              : Ipc.obj (.text:SharedRegion_getSRPtr)
                  80017000    00000220     sysbios.ae66 : BIOS.obj (.text:ti_sysbios_knl_Swi_run__I)
                  80017220    00000220                  : BIOS.obj (.text:ti_sysbios_timers_timer64_Timer_setPeriodMicroSecs__E)
                  80017440    00000200     ipc.ae66 : Ipc.obj (.text:GateMP_openByAddr)
                  80017640    00000200              : Ipc.obj (.text:HeapMemMP_sharedMemReq)
                  80017840    00000200              : Ipc.obj (.text:Ipc_start)
                  80017a40    00000200              : Ipc.obj (.text:SharedRegion_getEntry)
                  80017c40    00000200     sysbios.ae66 : c64p_Hwi_disp_always.obj (.text:_ti_sysbios_family_c64p_Hwi_dispatchAlways)
                  80017e40    00000200     ti.drv.cppi.ae66 : cppi_heap.oe66 (.text:cppi_internal_heap_add)
                  80018040    00000200     ipc.ae66 : Ipc.obj (.text:ti_sdo_ipc_SharedRegion_start__F)
                  80018240    00000200              : Ipc.obj (.text:ti_sdo_ipc_nsremote_NameServerRemoteNotify_swiFxnRequest__I)
                  80018440    00000200     ti.targets.rts6000.ae66 : Error.oe66 (.text:xdc_runtime_Error_policyDefault__E)
                  80018640    000001e0     ipc.ae66 : Ipc.obj (.text:GateMP_sharedMemReq)
                  80018820    000001e0     ti.drv.qmss.ae66 : qmss_drv.oe66 (.text:Qmss_internaldownloadFirmware)
                  80018a00    000001e0     sysbios.ae66 : BIOS.obj (.text:ti_sysbios_gates_GateMutex_enter__E)
                  80018be0    000001e0     ti.targets.rts6000.ae66 : LoggerBuf.oe66 (.text:xdc_runtime_LoggerBuf_write4__E)
                  80018dc0    000001e0                             : Text.oe66 (.text:xdc_runtime_Text_putSite__E)
                  80018fa0    000001c0     rts6600_elf.lib : imath40.c.obj (.text:__c6xabi_divul)
                  80019160    000001c0                     : _printfi.c.obj (.text:_ltostr)
                  80019320    000001c0                     : ldexp.c.obj (.text:ldexp)
                  800194e0    000001c0     ipc.ae66 : Ipc.obj (.text:ti_sdo_ipc_Ipc_procSyncStart__I)
                  800196a0    000001c0     sysbios.ae66 : BIOS.obj (.text:ti_sysbios_knl_Task_checkStacks__E)
                  80019860    000001c0                  : BIOS.obj (.text:ti_sysbios_timers_timer64_Timer_getFreq__E)
                  80019a20    000001c0                  : BIOS.obj (.text:ti_sysbios_timers_timer64_Timer_start__E)
                  80019be0    000001a0     ipc.ae66 : Ipc.obj (.text:GateMP_enter)
                  80019d80    000001a0              : Ipc.obj (.text:GateMP_leave)
                  80019f20    000001a0              : Ipc.obj (.text:MultiProc_getId)
                  8001a0c0    000001a0              : Ipc.obj (.text:NameServer_getLocal)
                  8001a260    000001a0     rts6600_elf.lib : frexp.c.obj (.text:frexp)
                  8001a400    000001a0     ipc.ae66 : Ipc.obj (.text:ti_sdo_ipc_notifyDrivers_NotifyDriverCirc_sendEvent__E)
                  8001a5a0    000001a0     sysbios.ae66 : BIOS.obj (.text:ti_sysbios_family_c66_Cache_block__I)
                  8001a740    000001a0                  : BIOS.obj (.text:ti_sysbios_family_c66_Cache_getL2InitSize__I)
                  8001a8e0    000001a0                  : BIOS.obj (.text:ti_sysbios_knl_Task_schedule__I)
                  8001aa80    000001a0     ti.targets.rts6000.ae66 : Core-smem.oe66 (.text:xdc_runtime_Core_constructObject__I)
                  8001ac20    00000180     ipc.ae66 : Ipc.obj (.text:MessageQ_get)
                  8001ada0    00000180              : Ipc.obj (.text:NameServer_getHandle)
                  8001af20    00000180     sysbios.ae66 : c64p_Exception_asm.obj (.text)
                  8001b0a0    00000180     ipc.ae66 : Ipc.obj (.text:ti_sdo_ipc_GateMP_attach__F)
                  8001b220    00000180     sysbios.ae66 : BIOS.obj (.text:ti_sysbios_knl_Swi_Instance_init__E)
                  8001b3a0    00000180                  : BIOS.obj (.text:ti_sysbios_knl_Task_exit__E)
                  8001b520    00000180                  : BIOS.obj (.text:ti_sysbios_knl_Task_startCore__E)
                  8001b6a0    00000180                  : BIOS.obj (.text:ti_sysbios_syncs_SyncSem_Instance_init__E)
                  8001b820    00000160     main.obj (.text)
                  8001b980    00000160     ipc.ae66 : Ipc.obj (.text:ti_sdo_ipc_GateMP_openRegion0Reserved__F)
                  8001bae0    00000160              : Ipc.obj (.text:ti_sdo_ipc_MessageQ_Instance_finalize__E)
                  8001bc40    00000160              : Ipc.obj (.text:ti_sdo_ipc_notifyDrivers_NotifyDriverCirc_sharedMemReq__F)
                  8001bda0    00000160     sysbios.ae66 : BIOS.obj (.text:ti_sysbios_family_c64p_Hwi_Module_startup__E)
                  8001bf00    00000160                  : BIOS.obj (.text:ti_sysbios_knl_Swi_post__E)
                  8001c060    00000160     ti.targets.rts6000.ae66 : Text.oe66 (.text:xdc_runtime_Text_putMod__E)
                  8001c1c0    00000140     ipc.ae66 : Ipc.obj (.text:MessageQ_create)
                  8001c300    00000140              : Ipc.obj (.text:Notify_intLineRegistered)
                  8001c440    00000140     ti.drv.qmss.ae66 : qmss_drv.oe66 (.text:Qmss_rmServiceGroups)
                  8001c580    00000140                      : qmss_drv.oe66 (.text:Qmss_startSubSysCfg)
                  8001c6c0    00000140     ipc.ae66 : Ipc.obj (.text:SharedRegion_getCacheLineSize)
                  8001c800    00000140              : Ipc.obj (.text:SharedRegion_getHeap)
                  8001c940    00000140              : Ipc.obj (.text:SharedRegion_isCacheEnabled)
                  8001ca80    00000140              : Ipc.obj (.text:ti_sdo_ipc_GateMP_createLocal__F)
                  8001cbc0    00000140              : Ipc.obj (.text:ti_sdo_ipc_GateMP_getFreeResource__I)
                  8001cd00    00000140              : Ipc.obj (.text:ti_sdo_ipc_gates_GatePeterson_enter__E)
                  8001ce40    00000140              : Ipc.obj (.text:ti_sdo_ipc_nsremote_NameServerRemoteNotify_attach__E)
                  8001cf80    00000140              : Ipc.obj (.text:ti_sdo_ipc_nsremote_NameServerRemoteNotify_cbFxn__I)
                  8001d0c0    00000140     sysbios.ae66 : BIOS.obj (.text:ti_sysbios_gates_GateSwi_enter__E)
                  8001d200    00000140                  : BIOS.obj (.text:ti_sysbios_knl_Semaphore_Instance_init__E)
                  8001d340    00000140                  : BIOS.obj (.text:ti_sysbios_knl_Task_blockI__E)
                  8001d480    00000140                  : BIOS.obj (.text:ti_sysbios_knl_Task_postInit__I)
                  8001d5c0    00000140     ti.targets.rts6000.ae66 : Core-mem.oe66 (.text:xdc_runtime_Core_deleteObject__I)
                  8001d700    00000140                             : LoggerBuf.oe66 (.text:xdc_runtime_LoggerBuf_setFilterLevel__E)
                  8001d840    00000140                             : Text.oe66 (.text:xdc_runtime_Text_putLab__E)
                  8001d980    00000120     ipc.ae66 : Ipc.obj (.text:GateMP_close)
                  8001daa0    00000120              : Ipc.obj (.text:MultiProc_getName)
                  8001dbc0    00000120     ti.drv.qmss.ae66 : qmss_drv.oe66 (.text:Qmss_rmService)
                  8001dce0    00000120     boot.ae66 : autoinit.oe66 (.text:_auto_init_elf)
                  8001de00    00000120     rts6600_elf.lib : _printfi.c.obj (.text:_pconv_f)
                  8001df20    00000120     ti.drv.cppi.ae66 : cppi_drv.oe66 (.text:cppiRmService)
                  8001e040    00000120     ipc.ae66 : Ipc.obj (.text:ti_sdo_ipc_Notify_Module_startup__E)
                  8001e160    00000120     app_pe66.oe66 (.text:ti_sdo_ipc_Notify_create)
                  8001e280    00000120     ipc.ae66 : Ipc.obj (.text:ti_sdo_ipc_gates_GateHWSem_Instance_init__E)
                  8001e3a0    00000120              : Ipc.obj (.text:ti_sdo_utils_NameServer_removeLocal__I)
                  8001e4c0    00000120     sysbios.ae66 : BIOS.obj (.text:ti_sysbios_family_c64p_Hwi_Instance_init__E)
                  8001e5e0    00000120                  : BIOS.obj (.text:ti_sysbios_knl_Swi_restoreHwi__E)
                  8001e700    00000120     ti.targets.rts6000.ae66 : LoggerBuf.oe66 (.text:xdc_runtime_LoggerBuf_getFilterLevel__E)
                  8001e820    00000100     rts6600_elf.lib : copy_decompress_rle.c.obj (.text:__TI_decompress_rle_core)
                  8001e920    00000100                     : _printfi.c.obj (.text:_mcpy)
                  8001ea20    00000100                     : atoi.c.obj (.text:atoi)
                  8001eb20    00000100     ipc.ae66 : Ipc.obj (.text:ti_sdo_ipc_Ipc_procSyncFinish__I)
                  8001ec20    00000100              : Ipc.obj (.text:ti_sdo_ipc_Notify_exec__F)
                  8001ed20    00000100              : Ipc.obj (.text:ti_sdo_ipc_SharedRegion_attach__F)
                  8001ee20    00000100              : Ipc.obj (.text:ti_sdo_ipc_family_tci663x_Interrupt_isr__I)
                  8001ef20    00000100              : Ipc.obj (.text:ti_sdo_ipc_gates_GateHWSem_enter__E)
                  8001f020    00000100              : Ipc.obj (.text:ti_sdo_ipc_heaps_HeapMemMP_getStats__E)
                  8001f120    00000100     sysbios.ae66 : BIOS.obj (.text:ti_sysbios_family_c64p_Hwi_Instance_finalize__E)
                  8001f220    00000100                  : BIOS.obj (.text:ti_sysbios_gates_GateMutexPri_leave__E)
                  8001f320    00000100                  : BIOS.obj (.text:ti_sysbios_knl_Task_unblockI__E)
                  8001f420    00000100                  : BIOS.obj (.text:ti_sysbios_timers_timer64_Timer_initDevice__I)
                  8001f520    00000100                  : BIOS.obj (.text:ti_sysbios_xdcruntime_GateThreadSupport_leave__E)
                  8001f620    00000100     ti.targets.rts6000.ae66 : Error.oe66 (.text:xdc_runtime_Error_print__E)
                  8001f720    00000100                             : Memory.oe66 (.text:xdc_runtime_Memory_alloc__E)
                  8001f820    00000100                             : Startup.oe66 (.text:xdc_runtime_Startup_exec__E)
                  8001f920    000000e0     rts6600_elf.lib : hostwrite.c.obj (.text:HOSTwrite)
                  8001fa00    000000e0     ipc.ae66 : Ipc.obj (.text:HeapMemMP_openByAddr)
                  8001fae0    000000e0              : Ipc.obj (.text:MessageQ_Params_init__S)
                  8001fbc0    000000e0     ti.drv.qmss.ae66 : qmss_drv.oe66 (.text:Qmss_rmNameService)
                  8001fca0    000000e0     rts6600_elf.lib : _ltoa.c.obj (.text:__TI_ltoa)
                  8001fd80    000000e0                     : exit.c.obj (.text:exit)
                  8001fe60    000000e0                     : memset.c.obj (.text:memset)
                  8001ff40    000000e0     ipc.ae66 : Ipc.obj (.text:ti_sdo_ipc_GateMP_start__F)
                  80020020    000000e0              : Ipc.obj (.text:ti_sdo_ipc_MessageQ_Module_startup__E)
                  80020100    000000e0              : Ipc.obj (.text:ti_sdo_ipc_Notify_Instance_finalize__E)
                  800201e0    000000e0              : Ipc.obj (.text:ti_sdo_ipc_SharedRegion_clearReservedMemory__F)
                  800202c0    000000e0              : Ipc.obj (.text:ti_sdo_ipc_family_tci663x_Interrupt_intRegister__E)
                  800203a0    000000e0              : Ipc.obj (.text:ti_sdo_ipc_gates_GateMPSupportNull_enter__E)
                  80020480    000000e0              : Ipc.obj (.text:ti_sdo_ipc_gates_GateMPSupportNull_leave__E)
                  80020560    000000e0              : Ipc.obj (.text:ti_sdo_ipc_heaps_HeapMemMP_Instance_finalize__E)
                  80020640    000000e0              : Ipc.obj (.text:ti_sdo_ipc_nsremote_NameServerRemoteNotify_Instance_finalize__E)
                  80020720    000000e0              : Ipc.obj (.text:ti_sdo_ipc_transports_TransportShmNotify_put__E)
                  80020800    000000e0              : Ipc.obj (.text:ti_sdo_utils_NameServer_findLocal__I)
                  800208e0    000000e0     sysbios.ae66 : BIOS.obj (.text:ti_sysbios_heaps_HeapMem_alloc__E)
                  800209c0    000000e0                  : BIOS.obj (.text:ti_sysbios_knl_Swi_Instance_finalize__E)
                  80020aa0    000000e0                  : BIOS.obj (.text:ti_sysbios_knl_Swi_runLoop__I)
                  80020b80    000000e0                  : BIOS.obj (.text:ti_sysbios_timers_timer64_Timer_startup__E)
                  80020c60    000000e0     ti.targets.rts6000.ae66 : Text.oe66 (.text:xdc_runtime_Text_visitRope2__I)
                  80020d40    000000c0     ti.drv.qmss.ae66 : qmss_drv.oe66 (.text:Qmss_getMemRegQueueHandleSubSys)
                  80020e00    000000c0     ipc.ae66 : Ipc.obj (.text:SharedRegion_getId)
                  80020ec0    000000c0     rts6600_elf.lib : divu.asm.obj (.text:__divu)
                  80020f80    000000c0     ti.drv.cppi.ae66 : cppi_listlib.oe66 (.text:cppi_list_cat)
                  80021040    000000c0     app_pe66.oe66 (.text:ti_sdo_ipc_GateMP_create)
                  80021100    000000c0     ipc.ae66 : Ipc.obj (.text:ti_sdo_ipc_GateMP_getRegion0ReservedSize__F)
                  800211c0    000000c0     app_pe66.oe66 (.text:ti_sdo_ipc_MessageQ_create)
                  80021280    000000c0     ipc.ae66 : Ipc.obj (.text:ti_sdo_ipc_MessageQ_grow__I)
                  80021340    000000c0     app_pe66.oe66 (.text:ti_sdo_ipc_gates_GatePeterson_Object__create__S)
                  80021400    000000c0     app_pe66.oe66 (.text:ti_sdo_ipc_gates_GatePeterson_create)
                  800214c0    000000c0     app_pe66.oe66 (.text:ti_sdo_ipc_heaps_HeapMemMP_Object__create__S)
                  80021580    000000c0     app_pe66.oe66 (.text:ti_sdo_ipc_heaps_HeapMemMP_create)
                  80021640    000000c0     ipc.ae66 : Ipc.obj (.text:ti_sdo_ipc_notifyDrivers_NotifyDriverCirc_disableEvent__E)
                  80021700    000000c0              : Ipc.obj (.text:ti_sdo_ipc_notifyDrivers_NotifyDriverCirc_enable__E)
                  800217c0    000000c0     app_pe66.oe66 (.text:ti_sdo_ipc_nsremote_NameServerRemoteNotify_Object__create__S)
                  80021880    000000c0     app_pe66.oe66 (.text:ti_sdo_ipc_nsremote_NameServerRemoteNotify_create)
                  80021940    000000c0     ipc.ae66 : Ipc.obj (.text:ti_sdo_ipc_transports_TransportShmNotify_Instance_init__E)
                  80021a00    000000c0     app_pe66.oe66 (.text:ti_sdo_ipc_transports_TransportShmNotify_Object__create__S)
                  80021ac0    000000c0     app_pe66.oe66 (.text:ti_sdo_ipc_transports_TransportShmNotify_create)
                  80021b80    000000c0     app_pe66.oe66 (.text:ti_sysbios_family_c64p_Hwi_create)
                  80021c40    000000c0     sysbios.ae66 : BIOS.obj (.text:ti_sysbios_gates_GateAll_leave__E)
                  80021d00    000000c0     app_pe66.oe66 (.text:ti_sysbios_hal_Hwi_create)
                  80021dc0    000000c0     sysbios.ae66 : BIOS.obj (.text:ti_sysbios_heaps_HeapMem_getStats__E)
                  80021e80    000000c0                  : BIOS.obj (.text:ti_sysbios_knl_Clock_logTick__E)
                  80021f40    000000c0                  : BIOS.obj (.text:ti_sysbios_knl_Swi_schedule__I)
                  80022000    000000c0                  : BIOS.obj (.text:ti_sysbios_knl_Task_allBlockedFunction__I)
                  800220c0    000000c0     app_pe66.oe66 (.text:ti_sysbios_knl_Task_create)
                  80022180    000000c0     app_pe66.oe66 (.text:ti_sysbios_syncs_SyncSem_Object__create__S)
                  80022240    000000c0     app_pe66.oe66 (.text:ti_sysbios_syncs_SyncSem_create)
                  80022300    000000c0     rts6600_elf.lib : tls.c.obj (.text:tls:init:__TI_tls_init)
                  800223c0    000000c0     ti.targets.rts6000.ae66 : Assert.oe66 (.text:xdc_runtime_Assert_raise__I)
                  80022480    000000c0                             : Error.oe66 (.text:xdc_runtime_Error_setX__E)
                  80022540    000000c0     app_pe66.oe66 (.text:xdc_runtime_LoggerBuf_Object__create__S)
                  80022600    000000c0     ti.targets.rts6000.ae66 : SysMin.oe66 (.text:xdc_runtime_SysMin_abort__E)
                  800226c0    000000c0                             : SysMin.oe66 (.text:xdc_runtime_SysMin_flush__E)
                  80022780    000000a0     ti.drv.qmss.ae66 : qmss_drv.oe66 (.text:Qmss_queueOpenSubSys)
                  80022820    000000a0     rts6600_elf.lib : remu.asm.obj (.text:__remu)
                  800228c0    000000a0     boot.ae66 : boot.oe66 (.text:_c_int00)
                  80022960    000000a0     rts6600_elf.lib : _printfi.c.obj (.text:_ecpy)
                  80022a00    000000a0     sysbios.ae66 : c64p_Hwi_asm.obj (.text:_ti_sysbios_family_c64p_Hwi_plug__E)
                  80022aa0    000000a0     rts6600_elf.lib : memcpy64.asm.obj (.text:memcpy)
                  80022b40    000000a0     ipc.ae66 : Ipc.obj (.text:ti_sdo_ipc_family_tci663x_Interrupt_intSend__E)
                  80022be0    000000a0              : Ipc.obj (.text:ti_sdo_ipc_family_tci663x_NotifyCircSetup_attach__E)
                  80022c80    000000a0              : Ipc.obj (.text:ti_sdo_ipc_gates_GatePeterson_leave__E)
                  80022d20    000000a0              : Ipc.obj (.text:ti_sdo_ipc_gates_GatePeterson_postInit__I)
                  80022dc0    000000a0              : Ipc.obj (.text:ti_sdo_ipc_nsremote_NameServerRemoteNotify_detach__E)
                  80022e60    000000a0              : Ipc.obj (.text:ti_sdo_ipc_transports_TransportShmNotifySetup_attach__E)
                  80022f00    000000a0              : Ipc.obj (.text:ti_sdo_ipc_transports_TransportShmNotify_notifyFxn__I)
                  80022fa0    000000a0              : Ipc.obj (.text:ti_sdo_utils_NameServer_Module_startup__E)
                  80023040    000000a0              : Ipc.obj (.text:ti_sdo_utils_NameServer_postInit__I)
                  800230e0    000000a0     sysbios.ae66 : BIOS.obj (.text:ti_sysbios_family_c64p_Exception_Module_startup__E)
                  80023180    000000a0                  : BIOS.obj (.text:ti_sysbios_family_c64p_Hwi_dispatchC__I)
                  80023220    000000a0                  : BIOS.obj (.text:ti_sysbios_family_c64p_Hwi_getStackInfo__E)
                  800232c0    000000a0                  : BIOS.obj (.text:ti_sysbios_gates_GateSwi_leave__E)
                  80023360    000000a0     app_pe66.oe66 (.text:ti_sysbios_knl_Swi_construct)
                  80023400    000000a0     sysbios.ae66 : BIOS.obj (.text:ti_sysbios_timers_timer64_Timer_stop__E)
                  800234a0    000000a0     ti.targets.rts6000.ae66 : Core-params.oe66 (.text:xdc_runtime_Core_assignParams__I)
                  80023540    000000a0                             : SysMin.oe66 (.text:xdc_runtime_SysMin_putch__E)
                  800235e0    000000a0                             : System.oe66 (.text:xdc_runtime_System_formatNum__I)
                  80023680    000000a0                             : System.oe66 (.text:xdc_runtime_System_putchar__I)
                  80023720    000000a0                             : Text.oe66 (.text:xdc_runtime_Text_printVisFxn__I)
                  800237c0    000000a0                             : Text.oe66 (.text:xdc_runtime_Text_xprintf__I)
                  80023860    000000a0     app_pe66.oe66 (.text:xdc_runtime_knl_GateThread_Object__create__S)
                  80023900    000000a0     app_pe66.oe66 (.text:xdc_runtime_knl_GateThread_create)
                  800239a0    00000080     ipc.ae66 : Ipc.obj (.text:HeapMemMP_restore)
                  80023a20    00000080     ti.drv.qmss.ae66 : qmss_drv.oe66 (.text:Qmss_queueOpen)
                  80023aa0    00000080     rts6600_elf.lib : trgmsg.c.obj (.text:__TI_readmsg)
                  80023b20    00000080                     : llshift.c.obj (.text:__c6xabi_llshl)
                  80023ba0    00000080                     : snprintf.c.obj (.text:_outs)
                  80023c20    00000080     sysbios.ae66 : c62_TaskSupport_asm.obj (.text:_ti_sysbios_family_c62_TaskSupport_swap__E)
                  80023ca0    00000080     ti.drv.cppi.ae66 : cppi_heap.oe66 (.text:cppi_internal_heap_cache_begin)
                  80023d20    00000080                      : cppi_heap.oe66 (.text:cppi_internal_heap_malloc)
                  80023da0    00000080                      : cppi_listlib.oe66 (.text:cppi_list_add)
                  80023e20    00000080                      : cppi_listlib.oe66 (.text:cppi_list_remove)
                  80023ea0    00000080     rts6600_elf.lib : snprintf.c.obj (.text:snprintf)
                  80023f20    00000080     ipc.ae66 : Ipc.obj (.text:ti_sdo_ipc_Ipc_getMasterAddr__I)
                  80023fa0    00000080              : Ipc.obj (.text:ti_sdo_ipc_family_tci663x_Interrupt_intClear__E)
                  80024020    00000080              : Ipc.obj (.text:ti_sdo_ipc_family_tci663x_Interrupt_intUnregister__E)
                  800240a0    00000080              : Ipc.obj (.text:ti_sdo_ipc_gates_GateHWSem_Module_startup__E)
                  80024120    00000080     app_pe66.oe66 (.text:ti_sdo_ipc_gates_GateHWSem_Object__create__S)
                  800241a0    00000080     app_pe66.oe66 (.text:ti_sdo_ipc_gates_GateHWSem_create)
                  80024220    00000080     app_pe66.oe66 (.text:ti_sdo_ipc_gates_GateMPSupportNull_Object__create__S)
                  800242a0    00000080     app_pe66.oe66 (.text:ti_sdo_ipc_gates_GateMPSupportNull_create)
                  80024320    00000080     ipc.ae66 : Ipc.obj (.text:ti_sdo_ipc_notifyDrivers_NotifyDriverCirc_Instance_finalize__E)
                  800243a0    00000080     app_pe66.oe66 (.text:ti_sdo_ipc_notifyDrivers_NotifyDriverCirc_create)
                  80024420    00000080     ipc.ae66 : Ipc.obj (.text:ti_sdo_ipc_transports_TransportShmNotify_Instance_finalize__E)
                  800244a0    00000080     app_pe66.oe66 (.text:ti_sysbios_BIOS_atExitFunc__I)
                  80024520    00000080     app_pe66.oe66 (.text:ti_sysbios_BIOS_registerRTSLock__I)
                  800245a0    00000080     sysbios.ae66 : BIOS.obj (.text:ti_sysbios_family_c66_Cache_invL1pAll__E)
                  80024620    00000080     app_pe66.oe66 (.text:ti_sysbios_gates_GateAll_Object__create__S)
                  800246a0    00000080     app_pe66.oe66 (.text:ti_sysbios_gates_GateHwi_Object__create__S)
                  80024720    00000080     app_pe66.oe66 (.text:ti_sysbios_gates_GateMutexPri_Object__create__S)
                  800247a0    00000080     app_pe66.oe66 (.text:ti_sysbios_gates_GateMutex_Object__create__S)
                  80024820    00000080     app_pe66.oe66 (.text:ti_sysbios_gates_GateSwi_Object__create__S)
                  800248a0    00000080     sysbios.ae66 : BIOS.obj (.text:ti_sysbios_hal_Hwi_checkStack)
                  80024920    00000080                  : BIOS.obj (.text:ti_sysbios_hal_Hwi_initStack)
                  800249a0    00000080     app_pe66.oe66 (.text:ti_sysbios_heaps_HeapMem_Object__create__S)
                  80024a20    00000080     sysbios.ae66 : BIOS.obj (.text:ti_sysbios_heaps_HeapMem_init__I)
                  80024aa0    00000080     app_pe66.oe66 (.text:ti_sysbios_knl_Clock_doTick__I)
                  80024b20    00000080     sysbios.ae66 : BIOS.obj (.text:ti_sysbios_knl_Idle_run__E)
                  80024ba0    00000080     app_pe66.oe66 (.text:ti_sysbios_knl_Semaphore_create)
                  80024c20    00000080     sysbios.ae66 : BIOS.obj (.text:ti_sysbios_knl_Semaphore_pendTimeout__I)
                  80024ca0    00000080                  : BIOS.obj (.text:ti_sysbios_knl_Swi_startup__E)
                  80024d20    00000080                  : BIOS.obj (.text:ti_sysbios_knl_Task_restore__E)
                  80024da0    00000080                  : BIOS.obj (.text:ti_sysbios_syncs_SyncSem_wait__E)
                  80024e20    00000080     app_pe66.oe66 (.text:ti_sysbios_xdcruntime_GateThreadSupport_create)
                  80024ea0    00000080     ti.targets.rts6000.ae66 : Core-label.oe66 (.text:xdc_runtime_Core_assignLabel__I)
                  80024f20    00000080                             : LoggerBuf.oe66 (.text:xdc_runtime_LoggerBuf_Instance_init__E)
                  80024fa0    00000080                             : LoggerBuf.oe66 (.text:xdc_runtime_LoggerBuf_Module_startup__E)
                  80025020    00000080                             : LoggerBuf.oe66 (.text:xdc_runtime_LoggerBuf_filterOutEvent__I)
                  800250a0    00000080     app_pe66.oe66 (.text:xdc_runtime_SysMin_output__I)
                  80025120    00000080     ti.targets.rts6000.ae66 : System.oe66 (.text:xdc_runtime_System_atexit__E)
                  800251a0    00000080                             : System.oe66 (.text:xdc_runtime_System_avprintf__E)
                  80025220    00000080                             : System.oe66 (.text:xdc_runtime_System_processAtExit__E)
                  800252a0    00000080                             : System.oe66 (.text:xdc_runtime_System_vprintf__E)
                  80025320    00000060     ipc.ae66 : Ipc.obj (.text:HeapMemMP_create)
                  80025380    00000060              : Ipc.obj (.text:HeapMemMP_getRTSCParams$18)
                  800253e0    00000060     rts6600_elf.lib : frcmpyd_div.c.obj (.text:__TI_frcmpyd_div)
                  80025440    00000060                     : trgmsg.c.obj (.text:__TI_writemsg)
                  800254a0    00000060                     : llshift.c.obj (.text:__c6xabi_llshru)
                  80025500    00000060                     : imath64.c.obj (.text:_subcull)
                  80025560    00000060     sysbios.ae66 : c64p_Hwi_asm_switch.obj (.text:_ti_sysbios_family_c64p_Hwi_switchAndDispatch__I)
                  800255c0    00000060                  : c64p_Hwi_asm_switch.obj (.text:_ti_sysbios_family_xxx_Hwi_switchAndRunFunc)
                  80025620    00000060     ti.drv.cppi.ae66 : cppi_listlib.oe66 (.text:cppi_list_cache_invalidate)
                  80025680    00000060     init.obj (.text)
                  800256e0    00000060     rts6600_elf.lib : memccpy.c.obj (.text:memccpy)
                  80025740    00000060     app_pe66.oe66 (.text:ti_sdo_ipc_GateMP_Object__delete__S)
                  800257a0    00000060     ipc.ae66 : Ipc.obj (.text:ti_sdo_ipc_Ipc_getSlaveAddr__I)
                  80025800    00000060              : Ipc.obj (.text:ti_sdo_ipc_Ipc_reservedSizePerProc__I)
                  80025860    00000060              : Ipc.obj (.text:ti_sdo_ipc_family_tci663x_NotifyCircSetup_numIntLines__E)
                  800258c0    00000060              : Ipc.obj (.text:ti_sdo_ipc_family_tci663x_NotifyCircSetup_sharedMemReq__E)
                  80025920    00000060     app_pe66.oe66 (.text:ti_sdo_ipc_gates_GatePeterson_Object__delete__S)
                  80025980    00000060     ipc.ae66 : Ipc.obj (.text:ti_sdo_ipc_gates_GatePeterson_sharedMemReq__E)
                  800259e0    00000060     app_pe66.oe66 (.text:ti_sdo_ipc_heaps_HeapMemMP_Object__delete__S)
                  80025a40    00000060     app_pe66.oe66 (.text:ti_sdo_ipc_notifyDrivers_NotifyDriverCirc_Object__delete__S)
                  80025aa0    00000060     app_pe66.oe66 (.text:ti_sdo_ipc_nsremote_NameServerRemoteNotify_Object__delete__S)
                  80025b00    00000060     app_pe66.oe66 (.text:ti_sdo_ipc_transports_TransportShmNotify_Object__delete__S)
                  80025b60    00000060     app_pe66.oe66 (.text:ti_sdo_utils_List_construct)
                  80025bc0    00000060     app_pe66.oe66 (.text:ti_sysbios_BIOS_errorRaiseHook__I)
                  80025c20    00000060     app_pe66.oe66 (.text:ti_sysbios_BIOS_removeRTSLock__I)
                  80025c80    00000060     app_pe66.oe66 (.text:ti_sysbios_BIOS_startFunc__I)
                  80025ce0    00000060     sysbios.ae66 : BIOS.obj (.text:ti_sysbios_family_c62_TaskSupport_start__E)
                  80025d40    00000060     app_pe66.oe66 (.text:ti_sysbios_family_c64p_Hwi_Object__delete__S)
                  80025da0    00000060     sysbios.ae66 : BIOS.obj (.text:ti_sysbios_family_c66_Cache_Module_startup__E)
                  80025e00    00000060                  : BIOS.obj (.text:ti_sysbios_gates_GateAll_enter__E)
                  80025e60    00000060     app_pe66.oe66 (.text:ti_sysbios_gates_GateMutexPri_Object__delete__S)
                  80025ec0    00000060     app_pe66.oe66 (.text:ti_sysbios_gates_GateMutexPri_construct)
                  80025f20    00000060     app_pe66.oe66 (.text:ti_sysbios_gates_GateMutex_Object__delete__S)
                  80025f80    00000060     app_pe66.oe66 (.text:ti_sysbios_hal_Hwi_Object__delete__S)
                  80025fe0    00000060     sysbios.ae66 : BIOS.obj (.text:ti_sysbios_heaps_HeapMem_free__E)
                  80026040    00000060                  : BIOS.obj (.text:ti_sysbios_knl_Clock_Module_startup__E)
                  800260a0    00000060     app_pe66.oe66 (.text:ti_sysbios_knl_Queue_construct)
                  80026100    00000060     app_pe66.oe66 (.text:ti_sysbios_knl_Semaphore_Object__delete__S)
                  80026160    00000060     app_pe66.oe66 (.text:ti_sysbios_knl_Semaphore_construct)
                  800261c0    00000060     sysbios.ae66 : BIOS.obj (.text:ti_sysbios_knl_Swi_Module_startup__E)
                  80026220    00000060                  : BIOS.obj (.text:ti_sysbios_knl_Task_enter__I)
                  80026280    00000060     app_pe66.oe66 (.text:ti_sysbios_syncs_SyncSem_Object__delete__S)
                  800262e0    00000060     app_pe66.oe66 (.text:ti_sysbios_xdcruntime_GateThreadSupport_Object__delete__S)
                  80026340    00000060     app_pe66.oe66 (.text:xdc_runtime_LoggerBuf_Object__delete__S)
                  800263a0    00000060     ti.targets.rts6000.ae66 : LoggerBuf.oe66 (.text:xdc_runtime_LoggerBuf_reset__E)
                  80026400    00000060                             : Memory.oe66 (.text:xdc_runtime_Memory_valloc__E)
                  80026460    00000060                             : Text.oe66 (.text:xdc_runtime_Text_cordText__E)
                  800264c0    00000060     app_pe66.oe66 (.text:xdc_runtime_knl_GateThread_Object__delete__S)
                  80026520    00000040     ipc.ae66 : Ipc.obj (.text:GateMP_Params_init)
                  80026560    00000040              : Ipc.obj (.text:HeapMemMP_Params_init)
                  800265a0    00000040              : Ipc.obj (.text:Notify_attach)
                  800265e0    00000040              : Ipc.obj (.text:Notify_sharedMemReq)
                  80026620    00000040     ti.drv.qmss.ae66 : qmss_drv.oe66 (.text:Qmss_getMemRegDescSizeSubSys)
                  80026660    00000040                      : qmss_drv.oe66 (.text:Qmss_start)
                  800266a0    00000040     rts6600_elf.lib : isinf.c.obj (.text:__c6xabi_isinf)
                  800266e0    00000040                     : _printfi.c.obj (.text:__c6xabi_isnan)
                  80026720    00000040                     : strasg.asm.obj (.text:__strasgi_64plus)
                  80026760    00000040                     : args_main.c.obj (.text:_args_main)
                  800267a0    00000040                     : snprintf.c.obj (.text:_outc)
                  800267e0    00000040     sysbios.ae66 : c62_TaskSupport_asm.obj (.text:_ti_sysbios_family_c62_TaskSupport_buildTaskStack)
                  80026820    00000040     ipc.ae66 : Ipc.obj (.text:ti_sdo_ipc_Ipc_getRegion0ReservedSize__I)
                  80026860    00000040     app_pe66.oe66 (.text:ti_sdo_ipc_gates_GateHWSem_Handle__label__S)
                  800268a0    00000040     app_pe66.oe66 (.text:ti_sdo_ipc_gates_GateHWSem_Object__delete__S)
                  800268e0    00000040     ipc.ae66 : Ipc.obj (.text:ti_sdo_ipc_gates_GateHWSem_leave__E)
                  80026920    00000040     app_pe66.oe66 (.text:ti_sdo_ipc_gates_GateMPSupportNull_Handle__label__S)
                  80026960    00000040     app_pe66.oe66 (.text:ti_sdo_ipc_gates_GateMPSupportNull_Object__delete__S)
                  800269a0    00000040     app_pe66.oe66 (.text:ti_sdo_ipc_gates_GatePeterson_Handle__label__S)
                  800269e0    00000040     ipc.ae66 : Ipc.obj (.text:ti_sdo_ipc_gates_GatePeterson_Instance_finalize__E)
                  80026a20    00000040     app_pe66.oe66 (.text:ti_sdo_ipc_heaps_HeapMemMP_Handle__label__S)
                  80026a60    00000040     app_pe66.oe66 (.text:ti_sdo_ipc_notifyDrivers_NotifyDriverCirc_Handle__label__S)
                  80026aa0    00000040     ipc.ae66 : Ipc.obj (.text:ti_sdo_ipc_notifyDrivers_NotifyDriverCirc_registerEvent__E)
                  80026ae0    00000040              : Ipc.obj (.text:ti_sdo_ipc_notifyDrivers_NotifyDriverCirc_unregisterEvent__E)
                  80026b20    00000040     app_pe66.oe66 (.text:ti_sdo_ipc_nsremote_NameServerRemoteNotify_Handle__label__S)
                  80026b60    00000040     ipc.ae66 : Ipc.obj (.text:ti_sdo_ipc_nsremote_NameServerRemoteNotify_swiFxnResponse__I)
                  80026ba0    00000040              : Ipc.obj (.text:ti_sdo_ipc_transports_TransportShmNotifySetup_isRegistered__E)
                  80026be0    00000040     app_pe66.oe66 (.text:ti_sdo_ipc_transports_TransportShmNotify_Handle__label__S)
                  80026c20    00000040     ipc.ae66 : Ipc.obj (.text:ti_sdo_utils_List_dequeue__E)
                  80026c60    00000040     app_pe66.oe66 (.text:ti_sdo_utils_NameServer_Object__get__S)
                  80026ca0    00000040     app_pe66.oe66 (.text:ti_sysbios_BIOS_exitFunc__I)
                  80026ce0    00000040     app_pe66.oe66 (.text:ti_sysbios_BIOS_rtsLock__I)
                  80026d20    00000040     app_pe66.oe66 (.text:ti_sysbios_BIOS_rtsUnlock__I)
                  80026d60    00000040     sysbios.ae66 : BIOS.obj (.text:ti_sysbios_family_c64p_Hwi_disableInterrupt__E)
                  80026da0    00000040                  : BIOS.obj (.text:ti_sysbios_family_c64p_Hwi_enableInterrupt__E)
                  80026de0    00000040     app_pe66.oe66 (.text:ti_sysbios_gates_GateAll_Handle__label__S)
                  80026e20    00000040     app_pe66.oe66 (.text:ti_sysbios_gates_GateAll_Object__delete__S)
                  80026e60    00000040     app_pe66.oe66 (.text:ti_sysbios_gates_GateHwi_Handle__label__S)
                  80026ea0    00000040     app_pe66.oe66 (.text:ti_sysbios_gates_GateHwi_Object__delete__S)
                  80026ee0    00000040     app_pe66.oe66 (.text:ti_sysbios_gates_GateMutexPri_Handle__label__S)
                  80026f20    00000040     sysbios.ae66 : BIOS.obj (.text:ti_sysbios_gates_GateMutexPri_Instance_init__E)
                  80026f60    00000040     app_pe66.oe66 (.text:ti_sysbios_gates_GateMutexPri_destruct)
                  80026fa0    00000040     app_pe66.oe66 (.text:ti_sysbios_gates_GateMutex_Handle__label__S)
                  80026fe0    00000040     sysbios.ae66 : BIOS.obj (.text:ti_sysbios_gates_GateMutex_Instance_init__E)
                  80027020    00000040                  : BIOS.obj (.text:ti_sysbios_gates_GateMutex_leave__E)
                  80027060    00000040     app_pe66.oe66 (.text:ti_sysbios_gates_GateSwi_Handle__label__S)
                  800270a0    00000040     app_pe66.oe66 (.text:ti_sysbios_gates_GateSwi_Object__delete__S)
                  800270e0    00000040     sysbios.ae66 : BIOS.obj (.text:ti_sysbios_hal_Hwi_Instance_init__E)
                  80027120    00000040     app_pe66.oe66 (.text:ti_sysbios_heaps_HeapMem_Handle__label__S)
                  80027160    00000040     app_pe66.oe66 (.text:ti_sysbios_heaps_HeapMem_Object__delete__S)
                  800271a0    00000040     app_pe66.oe66 (.text:ti_sysbios_heaps_HeapMem_Object__get__S)
                  800271e0    00000040     app_pe66.oe66 (.text:ti_sysbios_knl_Semaphore_destruct)
                  80027220    00000040     app_pe66.oe66 (.text:ti_sysbios_knl_Swi_Object__get__S)
                  80027260    00000040     app_pe66.oe66 (.text:ti_sysbios_knl_Swi_destruct)
                  800272a0    00000040     app_pe66.oe66 (.text:ti_sysbios_knl_Task_Object__get__S)
                  800272e0    00000040     sysbios.ae66 : BIOS.obj (.text:ti_sysbios_knl_Task_sleepTimeout__I)
                  80027320    00000040     app_pe66.oe66 (.text:ti_sysbios_syncs_SyncSem_Handle__label__S)
                  80027360    00000040     rts6600_elf.lib : wcslen.c.obj (.text:wcslen)
                  800273a0    00000040     ti.targets.rts6000.ae66 : Error.oe66 (.text:xdc_runtime_Error_check__E)
                  800273e0    00000040                             : Error.oe66 (.text:xdc_runtime_Error_init__E)
                  80027420    00000040     app_pe66.oe66 (.text:xdc_runtime_GateNull_Handle__label__S)
                  80027460    00000040     app_pe66.oe66 (.text:xdc_runtime_GateNull_Object__create__S)
                  800274a0    00000040     app_pe66.oe66 (.text:xdc_runtime_GateNull_Object__delete__S)
                  800274e0    00000040     app_pe66.oe66 (.text:xdc_runtime_LoggerBuf_Handle__label__S)
                  80027520    00000040     ti.targets.rts6000.ae66 : LoggerBuf.oe66 (.text:xdc_runtime_LoggerBuf_Instance_finalize__E)
                  80027560    00000040     app_pe66.oe66 (.text:xdc_runtime_LoggerBuf_Object__get__S)
                  800275a0    00000040     ti.targets.rts6000.ae66 : LoggerBuf.oe66 (.text:xdc_runtime_LoggerBuf_write0__E)
                  800275e0    00000040                             : LoggerBuf.oe66 (.text:xdc_runtime_LoggerBuf_write1__E)
                  80027620    00000040                             : LoggerBuf.oe66 (.text:xdc_runtime_LoggerBuf_write2__E)
                  80027660    00000040                             : Registry.oe66 (.text:xdc_runtime_Registry_findById__E)
                  800276a0    00000040                             : SysMin.oe66 (.text:xdc_runtime_SysMin_Module_startup__E)
                  800276e0    00000040                             : SysMin.oe66 (.text:xdc_runtime_SysMin_exit__E)
                  80027720    00000040                             : System.oe66 (.text:xdc_runtime_System_abort__E)
                  80027760    00000040     app_pe66.oe66 (.text:xdc_runtime_System_aprintf__E)
                  800277a0    00000040     ti.targets.rts6000.ae66 : System.oe66 (.text:xdc_runtime_System_exit__E)
                  800277e0    00000040     app_pe66.oe66 (.text:xdc_runtime_System_printf__E)
                  80027820    00000040     app_pe66.oe66 (.text:xdc_runtime_knl_GateThread_Handle__label__S)
                  80027860    00000040     ti.targets.rts6000.ae66 : GateThread.oe66 (.text:xdc_runtime_knl_GateThread_Instance_init__E)
                  800278a0    00000020     ti.drv.cppi.ae66 : cppi_drv.oe66 (.text:Cppi_getChannelNumber)
                  800278c0    00000020                      : cppi_desc.oe66 (.text:Cppi_initDescriptor)
                  800278e0    00000020                      : cppi_drv.oe66 (.text:Cppi_txChannelOpen)
                  80027900    00000020     ipc.ae66 : Ipc.obj (.text:GateMP_delete)
                  80027920    00000020              : Ipc.obj (.text:GateMP_getDefaultRemote)
                  80027940    00000020              : Ipc.obj (.text:GateMP_getSharedParams$4)
                  80027960    00000020              : Ipc.obj (.text:HeapMemMP_getSharedParams$18)
                  80027980    00000020              : Ipc.obj (.text:MultiProc_getBaseIdOfCluster)
                  800279a0    00000020              : Ipc.obj (.text:MultiProc_self)
                  800279c0    00000020              : Ipc.obj (.text:NameServer_addUInt32)
                  800279e0    00000020              : Ipc.obj (.text:NameServer_getLocalUInt32)
                  80027a00    00000020              : Ipc.obj (.text:NameServer_removeEntry)
                  80027a20    00000020              : Ipc.obj (.text:Notify_numIntLines)
                  80027a40    00000020     ti.drv.qmss.ae66 : qmss_drv.oe66 (.text:Qmss_getQueueNumber)
                  80027a60    00000020                      : qmss_drv.oe66 (.text:Qmss_init)
                  80027a80    00000020                      : qmss_drv.oe66 (.text:Qmss_insertMemoryRegion)
                  80027aa0    00000020     ipc.ae66 : Ipc.obj (.text:SharedRegion_invalidSRPtr)
                  80027ac0    00000020     app_pe66.oe66 (.text:_GateMP_virtToPhys)
                  80027ae0    00000020     rts6600_elf.lib : errno.c.obj (.text:__c6xabi_errno_addr)
                  80027b00    00000020                     : push.asm.obj (.text:__pop_rts)
                  80027b20    00000020                     : push.asm.obj (.text:__push_rts)
                  80027b40    00000020                     : _lock.c.obj (.text:_nop)
                  80027b60    00000020                     : _lock.c.obj (.text:_register_lock)
                  80027b80    00000020                     : _data_synch.c.obj (.text:_register_synch_api)
                  80027ba0    00000020                     : _lock.c.obj (.text:_register_unlock)
                  80027bc0    00000020                     : signbit.c.obj (.text:_signbit)
                  80027be0    00000020     sysbios.ae66 : c62_TaskSupport_asm.obj (.text:_ti_sysbios_family_c62_TaskSupport_glue)
                  80027c00    00000020     rts6600_elf.lib : exit.c.obj (.text:abort)
                  80027c20    00000020     ti.drv.cppi.ae66 : cppi_listlib.oe66 (.text:cppi_list_get_head)
                  80027c40    00000020                      : cppi_listlib.oe66 (.text:cppi_list_get_next)
                  80027c60    00000020     rts6600_elf.lib : copy_decompress_none.c.obj (.text:decompress:none:__TI_decompress_none)
                  80027c80    00000020                     : copy_decompress_rle.c.obj (.text:decompress:rle24:__TI_decompress_rle24)
                  80027ca0    00000020     app_pe66.oe66 (.text:ti_sdo_ipc_GateMP_Params__init__S)
                  80027cc0    00000020     app_pe66.oe66 (.text:ti_sdo_ipc_GateMP_RemoteCustom1Proxy_Proxy__abstract__S)
                  80027ce0    00000020     app_pe66.oe66 (.text:ti_sdo_ipc_GateMP_RemoteCustom1Proxy_Proxy__delegate__S)
                  80027d00    00000020     app_pe66.oe66 (.text:ti_sdo_ipc_GateMP_RemoteCustom1Proxy_create)
                  80027d20    00000020     app_pe66.oe66 (.text:ti_sdo_ipc_GateMP_RemoteCustom1Proxy_delete)
                  80027d40    00000020     app_pe66.oe66 (.text:ti_sdo_ipc_GateMP_RemoteCustom2Proxy_Proxy__abstract__S)
                  80027d60    00000020     app_pe66.oe66 (.text:ti_sdo_ipc_GateMP_RemoteCustom2Proxy_Proxy__delegate__S)
                  80027d80    00000020     app_pe66.oe66 (.text:ti_sdo_ipc_GateMP_RemoteCustom2Proxy_create)
                  80027da0    00000020     app_pe66.oe66 (.text:ti_sdo_ipc_GateMP_RemoteCustom2Proxy_delete)
                  80027dc0    00000020     app_pe66.oe66 (.text:ti_sdo_ipc_GateMP_RemoteSystemProxy_Proxy__abstract__S)
                  80027de0    00000020     app_pe66.oe66 (.text:ti_sdo_ipc_GateMP_RemoteSystemProxy_Proxy__delegate__S)
                  80027e00    00000020     app_pe66.oe66 (.text:ti_sdo_ipc_GateMP_RemoteSystemProxy_create)
                  80027e20    00000020     app_pe66.oe66 (.text:ti_sdo_ipc_GateMP_RemoteSystemProxy_delete)
                  80027e40    00000020     app_pe66.oe66 (.text:ti_sdo_ipc_GateMP_delete)
                  80027e60    00000020     ipc.ae66 : Ipc.obj (.text:ti_sdo_ipc_GateMP_getSharedAddr__F)
                  80027e80    00000020              : Ipc.obj (.text:ti_sdo_ipc_GateMP_setDefaultRemote__F)
                  80027ea0    00000020     app_pe66.oe66 (.text:ti_sdo_ipc_MessageQ_Object__get__S)
                  80027ec0    00000020     app_pe66.oe66 (.text:ti_sdo_ipc_MessageQ_Params__init__S)
                  80027ee0    00000020     app_pe66.oe66 (.text:ti_sdo_ipc_Notify_Module_GateProxy_enter__E)
                  80027f00    00000020     app_pe66.oe66 (.text:ti_sdo_ipc_Notify_Module_GateProxy_leave__E)
                  80027f20    00000020     ipc.ae66 : Ipc.obj (.text:ti_sdo_ipc_family_tci663x_Interrupt_intDisable__E)
                  80027f40    00000020              : Ipc.obj (.text:ti_sdo_ipc_family_tci663x_Interrupt_intEnable__E)
                  80027f60    00000020     app_pe66.oe66 (.text:ti_sdo_ipc_gates_GateHWSem_Params__init__S)
                  80027f80    00000020     ipc.ae66 : Ipc.obj (.text:ti_sdo_ipc_gates_GateHWSem_getReservedMask__E)
                  80027fa0    00000020              : Ipc.obj (.text:ti_sdo_ipc_gates_GateHWSem_query__E)
                  80027fc0    00000020              : Ipc.obj (.text:ti_sdo_ipc_gates_GateHWSem_sharedMemReq__E)
                  80027fe0    00000020              : Ipc.obj (.text:ti_sdo_ipc_gates_GateMPSupportNull_Instance_init__E)
                  80028000    00000020     app_pe66.oe66 (.text:ti_sdo_ipc_gates_GateMPSupportNull_Params__init__S)
                  80028020    00000020     ipc.ae66 : Ipc.obj (.text:ti_sdo_ipc_gates_GateMPSupportNull_getReservedMask__E)
                  80028040    00000020              : Ipc.obj (.text:ti_sdo_ipc_gates_GateMPSupportNull_query__E)
                  80028060    00000020              : Ipc.obj (.text:ti_sdo_ipc_gates_GateMPSupportNull_sharedMemReq__E)
                  80028080    00000020     app_pe66.oe66 (.text:ti_sdo_ipc_gates_GatePeterson_Params__init__S)
                  800280a0    00000020     ipc.ae66 : Ipc.obj (.text:ti_sdo_ipc_gates_GatePeterson_getReservedMask__E)
                  800280c0    00000020              : Ipc.obj (.text:ti_sdo_ipc_gates_GatePeterson_query__E)
                  800280e0    00000020     app_pe66.oe66 (.text:ti_sdo_ipc_heaps_HeapMemMP_Params__init__S)
                  80028100    00000020     ipc.ae66 : Ipc.obj (.text:ti_sdo_ipc_heaps_HeapMemMP_isBlocking__E)
                  80028120    00000020     app_pe66.oe66 (.text:ti_sdo_ipc_notifyDrivers_NotifyDriverCirc_Params__init__S)
                  80028140    00000020     app_pe66.oe66 (.text:ti_sdo_ipc_notifyDrivers_NotifyDriverCirc_delete)
                  80028160    00000020     ipc.ae66 : Ipc.obj (.text:ti_sdo_ipc_notifyDrivers_NotifyDriverCirc_disable__E)
                  80028180    00000020              : Ipc.obj (.text:ti_sdo_ipc_notifyDrivers_NotifyDriverCirc_enableEvent__E)
                  800281a0    00000020              : Ipc.obj (.text:ti_sdo_ipc_notifyDrivers_NotifyDriverCirc_setNotifyHandle__E)
                  800281c0    00000020     app_pe66.oe66 (.text:ti_sdo_ipc_nsremote_NameServerRemoteNotify_Object__first__S)
                  800281e0    00000020     app_pe66.oe66 (.text:ti_sdo_ipc_nsremote_NameServerRemoteNotify_Object__next__S)
                  80028200    00000020     app_pe66.oe66 (.text:ti_sdo_ipc_nsremote_NameServerRemoteNotify_Params__init__S)
                  80028220    00000020     app_pe66.oe66 (.text:ti_sdo_ipc_nsremote_NameServerRemoteNotify_delete)
                  80028240    00000020     ipc.ae66 : Ipc.obj (.text:ti_sdo_ipc_nsremote_NameServerRemoteNotify_sharedMemReq__E)
                  80028260    00000020              : Ipc.obj (.text:ti_sdo_ipc_transports_TransportShmNotifySetup_sharedMemReq__E)
                  80028280    00000020     app_pe66.oe66 (.text:ti_sdo_ipc_transports_TransportShmNotify_Params__init__S)
                  800282a0    00000020     ipc.ae66 : Ipc.obj (.text:ti_sdo_ipc_transports_TransportShmNotify_control__E)
                  800282c0    00000020              : Ipc.obj (.text:ti_sdo_ipc_transports_TransportShmNotify_getStatus__E)
                  800282e0    00000020              : Ipc.obj (.text:ti_sdo_ipc_transports_TransportShmNotify_setErrFxn__E)
                  80028300    00000020              : Ipc.obj (.text:ti_sdo_utils_List_Instance_init__E)
                  80028320    00000020     app_pe66.oe66 (.text:ti_sdo_utils_List_Object__get__S)
                  80028340    00000020     app_pe66.oe66 (.text:ti_sdo_utils_List_destruct)
                  80028360    00000020     ipc.ae66 : Ipc.obj (.text:ti_sdo_utils_List_enqueueHead__E)
                  80028380    00000020              : Ipc.obj (.text:ti_sdo_utils_List_enqueue__E)
                  800283a0    00000020              : Ipc.obj (.text:ti_sdo_utils_List_get__E)
                  800283c0    00000020              : Ipc.obj (.text:ti_sdo_utils_List_next__E)
                  800283e0    00000020              : Ipc.obj (.text:ti_sdo_utils_List_putHead__E)
                  80028400    00000020              : Ipc.obj (.text:ti_sdo_utils_List_put__E)
                  80028420    00000020              : Ipc.obj (.text:ti_sdo_utils_List_remove__E)
                  80028440    00000020     app_pe66.oe66 (.text:ti_sdo_utils_MultiProc_Module__startupDone__S)
                  80028460    00000020     ipc.ae66 : Ipc.obj (.text:ti_sdo_utils_MultiProc_getClusterId__F)
                  80028480    00000020     app_pe66.oe66 (.text:ti_sdo_utils_NameServer_Module__startupDone__F)
                  800284a0    00000020     app_pe66.oe66 (.text:ti_sdo_utils_NameServer_Object__first__S)
                  800284c0    00000020     app_pe66.oe66 (.text:ti_sdo_utils_NameServer_Object__next__S)
                  800284e0    00000020     app_pe66.oe66 (.text:ti_sysbios_BIOS_RtsGateProxy_enter__E)
                  80028500    00000020     app_pe66.oe66 (.text:ti_sysbios_BIOS_RtsGateProxy_leave__E)
                  80028520    00000020     sysbios.ae66 : BIOS.obj (.text:ti_sysbios_BIOS_exit__E)
                  80028540    00000020                  : BIOS.obj (.text:ti_sysbios_BIOS_linkedWithIncorrectBootLibrary__E)
                  80028560    00000020     app_pe66.oe66 (.text:ti_sysbios_BIOS_nullFunc__I)
                  80028580    00000020     sysbios.ae66 : BIOS.obj (.text:ti_sysbios_BIOS_setThreadType__E)
                  800285a0    00000020                  : BIOS.obj (.text:ti_sysbios_BIOS_start__E)
                  800285c0    00000020     app_pe66.oe66 (.text:ti_sysbios_family_c62_TaskSupport_Module__startupDone__S)
                  800285e0    00000020     sysbios.ae66 : BIOS.obj (.text:ti_sysbios_family_c62_TaskSupport_checkStack__E)
                  80028600    00000020                  : BIOS.obj (.text:ti_sysbios_family_c62_TaskSupport_getStackAlignment__E)
                  80028620    00000020     app_pe66.oe66 (.text:ti_sysbios_family_c64p_Hwi_Module__startupDone__F)
                  80028640    00000020     sysbios.ae66 : BIOS.obj (.text:ti_sysbios_family_c64p_Hwi_clearInterrupt__E)
                  80028660    00000020                  : BIOS.obj (.text:ti_sysbios_family_c64p_Hwi_startup__E)
                  80028680    00000020                  : BIOS.obj (.text:ti_sysbios_family_c64p_Hwi_switchFromBootStack__E)
                  800286a0    00000020                  : BIOS.obj (.text:ti_sysbios_family_c64p_Hwi_unPluggedInterrupt__I)
                  800286c0    00000020                  : BIOS.obj (.text:ti_sysbios_family_c64p_TimestampProvider_Module_startup__E)
                  800286e0    00000020                  : BIOS.obj (.text:ti_sysbios_family_c64p_TimestampProvider_get32__E)
                  80028700    00000020                  : BIOS.obj (.text:ti_sysbios_family_c64p_TimestampProvider_get64__E)
                  80028720    00000020                  : BIOS.obj (.text:ti_sysbios_family_c64p_tci6488_TimerSupport_enable__E)
                  80028740    00000020                  : BIOS.obj (.text:ti_sysbios_family_c66_Cache_RTSSynchInv__I)
                  80028760    00000020                  : BIOS.obj (.text:ti_sysbios_family_c66_Cache_RTSSynchWbInv__I)
                  80028780    00000020                  : BIOS.obj (.text:ti_sysbios_family_c66_Cache_RTSSynchWb__I)
                  800287a0    00000020                  : BIOS.obj (.text:ti_sysbios_family_c66_Cache_inv__E)
                  800287c0    00000020                  : BIOS.obj (.text:ti_sysbios_family_c66_Cache_wait__E)
                  800287e0    00000020                  : BIOS.obj (.text:ti_sysbios_family_c66_Cache_wbInv__E)
                  80028800    00000020                  : BIOS.obj (.text:ti_sysbios_family_c66_Cache_wb__E)
                  80028820    00000020                  : BIOS.obj (.text:ti_sysbios_gates_GateAll_Instance_init__E)
                  80028840    00000020                  : BIOS.obj (.text:ti_sysbios_gates_GateAll_query__E)
                  80028860    00000020                  : BIOS.obj (.text:ti_sysbios_gates_GateHwi_Instance_init__E)
                  80028880    00000020                  : BIOS.obj (.text:ti_sysbios_gates_GateHwi_enter__E)
                  800288a0    00000020                  : BIOS.obj (.text:ti_sysbios_gates_GateHwi_leave__E)
                  800288c0    00000020                  : BIOS.obj (.text:ti_sysbios_gates_GateHwi_query__E)
                  800288e0    00000020                  : BIOS.obj (.text:ti_sysbios_gates_GateMutexPri_Instance_finalize__E)
                  80028900    00000020                  : BIOS.obj (.text:ti_sysbios_gates_GateMutexPri_query__E)
                  80028920    00000020                  : BIOS.obj (.text:ti_sysbios_gates_GateMutex_Instance_finalize__E)
                  80028940    00000020                  : BIOS.obj (.text:ti_sysbios_gates_GateMutex_query__E)
                  80028960    00000020                  : BIOS.obj (.text:ti_sysbios_gates_GateSwi_Instance_init__E)
                  80028980    00000020                  : BIOS.obj (.text:ti_sysbios_gates_GateSwi_query__E)
                  800289a0    00000020     app_pe66.oe66 (.text:ti_sysbios_hal_Hwi_HwiProxy_create)
                  800289c0    00000020     app_pe66.oe66 (.text:ti_sysbios_hal_Hwi_HwiProxy_delete)
                  800289e0    00000020     sysbios.ae66 : BIOS.obj (.text:ti_sysbios_hal_Hwi_Instance_finalize__E)
                  80028a00    00000020                  : BIOS.obj (.text:ti_sysbios_hal_Hwi_Module_startup__E)
                  80028a20    00000020     app_pe66.oe66 (.text:ti_sysbios_hal_Hwi_Params__init__S)
                  80028a40    00000020     app_pe66.oe66 (.text:ti_sysbios_hal_Hwi_delete)
                  80028a60    00000020     app_pe66.oe66 (.text:ti_sysbios_heaps_HeapMem_Module_GateProxy_enter__E)
                  80028a80    00000020     app_pe66.oe66 (.text:ti_sysbios_heaps_HeapMem_Module_GateProxy_leave__E)
                  80028aa0    00000020     sysbios.ae66 : BIOS.obj (.text:ti_sysbios_heaps_HeapMem_isBlocking__E)
                  80028ac0    00000020     app_pe66.oe66 (.text:ti_sysbios_knl_Clock_TimerProxy_getMaxTicks__E)
                  80028ae0    00000020     sysbios.ae66 : BIOS.obj (.text:ti_sysbios_knl_Idle_loop__E)
                  80028b00    00000020                  : BIOS.obj (.text:ti_sysbios_knl_Queue_Instance_init__E)
                  80028b20    00000020     app_pe66.oe66 (.text:ti_sysbios_knl_Queue_Object__get__S)
                  80028b40    00000020     app_pe66.oe66 (.text:ti_sysbios_knl_Queue_destruct)
                  80028b60    00000020     sysbios.ae66 : BIOS.obj (.text:ti_sysbios_knl_Queue_empty__E)
                  80028b80    00000020                  : BIOS.obj (.text:ti_sysbios_knl_Semaphore_Instance_finalize__E)
                  80028ba0    00000020     app_pe66.oe66 (.text:ti_sysbios_knl_Semaphore_Params__init__S)
                  80028bc0    00000020     app_pe66.oe66 (.text:ti_sysbios_knl_Semaphore_delete)
                  80028be0    00000020     app_pe66.oe66 (.text:ti_sysbios_knl_Swi_Params__init__S)
                  80028c00    00000020     sysbios.ae66 : BIOS.obj (.text:ti_sysbios_knl_Swi_disable__E)
                  80028c20    00000020                  : BIOS.obj (.text:ti_sysbios_knl_Task_disable__E)
                  80028c40    00000020                  : BIOS.obj (.text:ti_sysbios_knl_Task_startup__E)
                  80028c60    00000020                  : BIOS.obj (.text:ti_sysbios_syncs_SyncSem_Instance_finalize__E)
                  80028c80    00000020     app_pe66.oe66 (.text:ti_sysbios_syncs_SyncSem_delete)
                  80028ca0    00000020     sysbios.ae66 : BIOS.obj (.text:ti_sysbios_syncs_SyncSem_query__E)
                  80028cc0    00000020                  : BIOS.obj (.text:ti_sysbios_syncs_SyncSem_signal__E)
                  80028ce0    00000020     app_pe66.oe66 (.text:ti_sysbios_timers_timer64_Timer_Module__startupDone__F)
                  80028d00    00000020     sysbios.ae66 : BIOS.obj (.text:ti_sysbios_timers_timer64_Timer_getMaxTicks__E)
                  80028d20    00000020                  : BIOS.obj (.text:ti_sysbios_xdcruntime_GateThreadSupport_Instance_finalize__E)
                  80028d40    00000020                  : BIOS.obj (.text:ti_sysbios_xdcruntime_GateThreadSupport_Instance_init__E)
                  80028d60    00000020                  : BIOS.obj (.text:ti_sysbios_xdcruntime_GateThreadSupport_enter__E)
                  80028d80    00000020     ti.targets.rts6000.ae66 : Error.oe66 (.text:xdc_runtime_Error_getSite__E)
                  80028da0    00000020                             : Error.oe66 (.text:xdc_runtime_Error_raiseX__E)
                  80028dc0    00000020                             : GateNull.oe66 (.text:xdc_runtime_GateNull_enter__E)
                  80028de0    00000020                             : GateNull.oe66 (.text:xdc_runtime_GateNull_leave__E)
                  80028e00    00000020                             : GateNull.oe66 (.text:xdc_runtime_GateNull_query__E)
                  80028e20    00000020                             : Gate.oe66 (.text:xdc_runtime_Gate_enterSystem__E)
                  80028e40    00000020                             : Gate.oe66 (.text:xdc_runtime_Gate_leaveSystem__E)
                  80028e60    00000020     app_pe66.oe66 (.text:xdc_runtime_IHeap_alloc)
                  80028e80    00000020     app_pe66.oe66 (.text:xdc_runtime_IHeap_free)
                  80028ea0    00000020     app_pe66.oe66 (.text:xdc_runtime_LoggerBuf_Module_GateProxy_enter__E)
                  80028ec0    00000020     app_pe66.oe66 (.text:xdc_runtime_LoggerBuf_Module_GateProxy_leave__E)
                  80028ee0    00000020     ti.targets.rts6000.ae66 : LoggerBuf.oe66 (.text:xdc_runtime_LoggerBuf_disable__E)
                  80028f00    00000020                             : LoggerBuf.oe66 (.text:xdc_runtime_LoggerBuf_enable__E)
                  80028f20    00000020                             : Memory.oe66 (.text:xdc_runtime_Memory_calloc__E)
                  80028f40    00000020                             : Memory.oe66 (.text:xdc_runtime_Memory_free__E)
                  80028f60    00000020                             : Memory.oe66 (.text:xdc_runtime_Memory_getMaxDefaultTypeAlign__E)
                  80028f80    00000020     app_pe66.oe66 (.text:xdc_runtime_Startup_Module__startupDone__S)
                  80028fa0    00000020     app_pe66.oe66 (.text:xdc_runtime_Startup_exec__I)
                  80028fc0    00000020     ti.targets.rts6000.ae66 : Startup.oe66 (.text:xdc_runtime_Startup_rtsDone__E)
                  80028fe0    00000020                             : SysMin.oe66 (.text:xdc_runtime_SysMin_ready__E)
                  80029000    00000020     app_pe66.oe66 (.text:xdc_runtime_System_Module_GateProxy_enter__E)
                  80029020    00000020     app_pe66.oe66 (.text:xdc_runtime_System_Module_GateProxy_leave__E)
                  80029040    00000020     ti.targets.rts6000.ae66 : System.oe66 (.text:xdc_runtime_System_Module_startup__E)
                  80029060    00000020                             : System.oe66 (.text:xdc_runtime_System_vsnprintf__E)
                  80029080    00000020                             : Text.oe66 (.text:xdc_runtime_Text_ropeText__E)
                  800290a0    00000020     app_pe66.oe66 (.text:xdc_runtime_Text_visitRope__I)
                  800290c0    00000020     ti.targets.rts6000.ae66 : GateThread.oe66 (.text:xdc_runtime_knl_GateThread_Instance_finalize__E)
                  800290e0    00000020     app_pe66.oe66 (.text:xdc_runtime_knl_GateThread_Module__startupDone__S)
                  80029100    00000020     app_pe66.oe66 (.text:xdc_runtime_knl_GateThread_Proxy_create)
                  80029120    00000020     app_pe66.oe66 (.text:xdc_runtime_knl_GateThread_Proxy_delete)
                  80029140    00000020     app_pe66.oe66 (.text:xdc_runtime_knl_GateThread_Proxy_enter__E)
                  80029160    00000020     app_pe66.oe66 (.text:xdc_runtime_knl_GateThread_Proxy_leave__E)
                  80029180    00000020     ti.targets.rts6000.ae66 : GateThread.oe66 (.text:xdc_runtime_knl_GateThread_enter__E)
                  800291a0    00000020                             : GateThread.oe66 (.text:xdc_runtime_knl_GateThread_leave__E)

.far       0    800291c0    000111b2     UNINITIALIZED
                  800291c0    0000c800     (.common:ti_sysbios_heaps_HeapMem_Instance_State_0_buf__A)
                  800359c0    00004000     app_pe66.oe66 (.far:taskStackSection)
                  800399c0    000005a8     ti.drv.qmss.ae66 : qmss_drv.oe66 (.far:local:uninit)
                  80039f68    00000200     (.common:xdc_runtime_LoggerBuf_Instance_State_0_entryArr__A)
                  8003a168    00000200     (.common:xdc_runtime_SysMin_Module_State_0_outbuf__A)
                  8003a368    00000008     (.common:parmbuf)
                  8003a370    00000002                      : qmss_drv.oe66 (.far:local:init)

.const     0    8003a378    00004f48     
                  8003a378    00002e42     app_pe66.oe66 (.const:xdc_runtime_Text_charTab__A)
                  8003d1ba    00000002     app_pe66.oe66 (.const:ti_sdo_ipc_GateMP_Module__id__C)
                  8003d1bc    00000518     sysbios.ae66 : BIOS.obj (.const:.string)
                  8003d6d4    00000004     ti.targets.rts6000.ae66 : Assert.oe66 (.const:.string)
                  8003d6d8    00000400     app_pe66.oe66 (.const:ti_sysbios_family_c66_Cache_marvalues__C)
                  8003dad8    00000264     qmss_init.obj (.const:.string)
                  8003dd3c    00000004     app_pe66.oe66 (.const:ti_sdo_ipc_GateMP_A_invalidClose__C)
                  8003dd40    00000184     app_pe66.oe66 (.const:xdc_runtime_Text_nodeTab__A)
                  8003dec4    00000004     app_pe66.oe66 (.const:ti_sdo_ipc_GateMP_A_invalidDelete__C)
                  8003dec8    00000101     rts6600_elf.lib : ctype.c.obj (.const:.string:_ctypes_)
                  8003dfc9    00000001     app_pe66.oe66 (.const:ti_sysbios_timers_timer64_Timer_localTimerBaseId__C)
                  8003dfca    00000002     app_pe66.oe66 (.const:ti_sdo_ipc_GateMP_Module__loggerDefined__C)
                  8003dfcc    000000c0     app_pe66.oe66 (.const:.string)
                  8003e08c    0000007c     main.obj (.const:.string)
                  8003e108    00000058     ti.targets.rts6000.ae66 : Error.oe66 (.const:.string)
                  8003e160    00000054     ipc.ae66 : Ipc.obj (.const:.string)
                  8003e1b4    00000044     app_pe66.oe66 (.const:ti_sysbios_knl_Task_Object__PARAMS__C)
                  8003e1f8    00000044     app_pe66.oe66 (.const:xdc_runtime_Startup_sfxnTab__A)
                  8003e23c    00000040     ti.targets.rts6000.ae66 : Text.oe66 (.const:.string)
                  8003e27c    0000003c     app_pe66.oe66 (.const:xdc_runtime_LoggerBuf_Module__FXNS__C)
                  8003e2b8    00000038     core_2_core_interface.obj (.const:.string)
                  8003e2f0    00000038     app_pe66.oe66 (.const:ti_sdo_ipc_notifyDrivers_NotifyDriverCirc_Module__FXNS__C)
                  8003e328    00000034     app_pe66.oe66 (.const:ti_sdo_ipc_GateMP_Object__PARAMS__C)
                  8003e35c    00000034     app_pe66.oe66 (.const:ti_sdo_ipc_notifyDrivers_NotifyDriverCirc_Object__PARAMS__C)
                  8003e390    00000030     app_pe66.oe66 (.const:ti_sdo_ipc_heaps_HeapMemMP_Object__PARAMS__C)
                  8003e3c0    00000030     app_pe66.oe66 (.const:ti_sysbios_family_c64p_Hwi_Object__PARAMS__C)
                  8003e3f0    0000002c     ti.targets.rts6000.ae66 : Startup.oe66 (.const:.string)
                  8003e41c    0000002c     app_pe66.oe66 (.const:ti_sdo_ipc_gates_GateHWSem_Module__FXNS__C)
                  8003e448    0000002c     app_pe66.oe66 (.const:ti_sdo_ipc_gates_GateMPSupportNull_Module__FXNS__C)
                  8003e474    0000002c     app_pe66.oe66 (.const:ti_sdo_ipc_gates_GatePeterson_Module__FXNS__C)
                  8003e4a0    0000002c     app_pe66.oe66 (.const:ti_sysbios_hal_Hwi_Object__PARAMS__C)
                  8003e4cc    00000028     app_pe66.oe66 (.const:ti_sdo_ipc_heaps_HeapMemMP_Module__FXNS__C)
                  8003e4f4    00000028     app_pe66.oe66 (.const:ti_sdo_ipc_nsremote_NameServerRemoteNotify_Module__FXNS__C)
                  8003e51c    00000028     app_pe66.oe66 (.const:ti_sdo_ipc_transports_TransportShmNotify_Module__FXNS__C)
                  8003e544    00000028     app_pe66.oe66 (.const:ti_sysbios_heaps_HeapMem_Module__FXNS__C)
                  8003e56c    00000028     app_pe66.oe66 (.const:ti_sysbios_knl_Swi_Object__PARAMS__C)
                  8003e594    00000028     app_pe66.oe66 (.const:xdc_runtime_LoggerBuf_Object__PARAMS__C)
                  8003e5bc    00000024     init.obj (.const:.string)
                  8003e5e0    00000024     rts6600_elf.lib : _printfi.c.obj (.const:.string)
                  8003e604    00000024     app_pe66.oe66 (.const:ti_sdo_ipc_gates_GateHWSem_Object__PARAMS__C)
                  8003e628    00000024     app_pe66.oe66 (.const:ti_sdo_ipc_gates_GateMPSupportNull_Object__PARAMS__C)
                  8003e64c    00000024     app_pe66.oe66 (.const:ti_sdo_ipc_gates_GatePeterson_Object__PARAMS__C)
[...]
8003f1f4  xdc_runtime_LoggerBuf_Object__count__C                                    
8003f1f8  xdc_runtime_LoggerBuf_statusLogger__C                                     
8003f1fc  xdc_runtime_Memory_defaultHeapInstance__C                                 
8003f200  xdc_runtime_Startup_execImpl__C                                           
8003f204  xdc_runtime_Startup_maxPasses__C                                          
8003f208  xdc_runtime_Startup_sfxnRts__C                                            
8003f20c  xdc_runtime_Startup_sfxnTab__C                                            
8003f210  xdc_runtime_SysMin_bufSize__C                                             
8003f214  xdc_runtime_SysMin_outputFunc__C                                          
8003f218  xdc_runtime_System_Module__gateObj__C                                     
8003f21c  xdc_runtime_System_abortFxn__C                                            
8003f220  xdc_runtime_System_exitFxn__C                                             
8003f224  xdc_runtime_System_extendFxn__C                                           
8003f228  xdc_runtime_System_maxAtexitHandlers__C                                   
8003f22c  xdc_runtime_Text_charTab__C                                               
8003f230  xdc_runtime_Text_nameEmpty__C                                             
8003f234  xdc_runtime_Text_nameStatic__C                                            
8003f238  xdc_runtime_Text_nameUnknown__C                                           
8003f23c  xdc_runtime_Text_nodeTab__C                                               
8003f240  xdc_runtime_Text_visitRopeFxn__C                                          
8003f244  xdc_runtime_knl_ISync_Interface__BASE__C                                  
8003f248  ti_sdo_ipc_Ipc_generateSlaveDataForHost__C                                
8003f24a  ti_sdo_ipc_MessageQ_Module__id__C                                         
8003f24c  ti_sdo_ipc_MessageQ_Module__loggerDefined__C                              
8003f24e  ti_sdo_ipc_Notify_Module__id__C                                           
8003f250  ti_sdo_ipc_Notify_numLines__C                                             
8003f252  ti_sdo_ipc_Notify_reservedEvents__C                                       
8003f254  ti_sdo_ipc_SharedRegion_Module__id__C                                     
8003f256  ti_sdo_ipc_SharedRegion_numEntries__C                                     
8003f258  ti_sdo_ipc_SharedRegion_translate__C                                      
8003f25a  ti_sdo_ipc_family_tci663x_Interrupt_Module__id__C                         
8003f25c  ti_sdo_ipc_family_tci663x_Interrupt_enableKick__C                         
8003f25e  ti_sdo_ipc_family_tci663x_NotifyCircSetup_includeHost__C                  
8003f260  ti_sdo_ipc_gates_GateHWSem_Module__id__C                                  
8003f262  ti_sdo_ipc_gates_GateMPSupportNull_Module__id__C                          
8003f264  ti_sdo_ipc_gates_GatePeterson_Module__id__C                               
8003f266  ti_sdo_ipc_heaps_HeapMemMP_Module__id__C                                  
8003f268  ti_sdo_ipc_notifyDrivers_NotifyDriverCirc_Module__id__C                   
8003f26a  ti_sdo_ipc_notifyDrivers_NotifyDriverCirc_enableStats__C                  
8003f26c  ti_sdo_ipc_nsremote_NameServerRemoteNotify_Module__id__C                  
8003f26e  ti_sdo_ipc_transports_TransportShmNotify_alwaysWriteBackMsg__C            
8003f270  ti_sdo_ipc_transports_TransportShmNotify_notifyEventId__C                 
8003f272  ti_sdo_utils_MultiProc_Module__id__C                                      
8003f274  ti_sdo_utils_MultiProc_numProcessors__C                                   
8003f276  ti_sdo_utils_MultiProc_numProcsInCluster__C                               
8003f278  ti_sdo_utils_NameServer_Module__id__C                                     
8003f27a  ti_sysbios_family_c64p_Exception_Module__id__C                            
8003f27c  ti_sysbios_family_c64p_Exception_useInternalBuffer__C                     
8003f27e  ti_sysbios_family_c64p_Hwi_Module__id__C                                  
8003f280  ti_sysbios_family_c64p_Hwi_Module__loggerDefined__C                       
8003f282  ti_sysbios_family_c66_Cache_Module__id__C                                 
8003f284  ti_sysbios_family_c66_Cache_registerRTSSynch__C                           
8003f286  ti_sysbios_gates_GateMutexPri_Module__id__C                               
8003f288  ti_sysbios_gates_GateMutex_Module__id__C                                  
8003f28a  ti_sysbios_gates_GateSwi_Module__id__C                                    
8003f28c  ti_sysbios_hal_Hwi_Module__id__C                                          
8003f28e  ti_sysbios_heaps_HeapMem_Module__id__C                                    
8003f290  ti_sysbios_knl_Clock_Module__id__C                                        
8003f292  ti_sysbios_knl_Clock_Module__loggerDefined__C                             
8003f294  ti_sysbios_knl_Semaphore_Module__id__C                                    
8003f296  ti_sysbios_knl_Semaphore_Module__loggerDefined__C                         
8003f298  ti_sysbios_knl_Swi_Module__id__C                                          
8003f29a  ti_sysbios_knl_Swi_Module__loggerDefined__C                               
8003f29c  ti_sysbios_knl_Task_Module__id__C                                         
8003f29e  ti_sysbios_knl_Task_Module__loggerDefined__C                              
8003f2a0  ti_sysbios_syncs_SyncSem_Module__id__C                                    
8003f2a2  ti_sysbios_timers_timer64_Timer_Module__id__C                             
8003f2a4  ti_sysbios_timers_timer64_Timer_startupNeeded__C                          
8003f2a6  ti_sysbios_timers_timer64_Timer_useTimer64pRegMap__C                      
8003f2a8  xdc_runtime_Core_Module__id__C                                            
8003f2aa  xdc_runtime_Error_Module__loggerDefined__C                                
8003f2ac  xdc_runtime_Error_maxDepth__C                                             
8003f2ae  xdc_runtime_LoggerBuf_Module__id__C                                       
8003f2b0  xdc_runtime_LoggerBuf_filterByLevel__C                                    
8003f2b2  xdc_runtime_Main_Module__id__C                                            
8003f2b4  xdc_runtime_Memory_Module__id__C                                          
8003f2b6  xdc_runtime_SysMin_flushAtExit__C                                         
8003f2b8  xdc_runtime_Text_charCnt__C                                               
8003f2ba  xdc_runtime_Text_isLoaded__C                                              
8003f2bc  xdc_runtime_Text_registryModsLastId__C                                    
8003f2be  xdc_runtime_Text_unnamedModsLastId__C                                     
8003f2c0  data                                                                      
800412c0  cppiGblCPDMACfgParams                                                     
80041c98  ti_sdo_ipc_GateMP_Module_State_0_remoteCustom1Gates__A                    
80042498  GlobalQmGroup0                                                            
800427dc  qmssGblCfgParams                                                          
80042aac  _lock                                                                     
80042ab0  GlobalQmGroup1                                                            
80042cec  _unlock                                                                   
80042cf0  ti_sysbios_timers_timer64_Timer_Module_State_0_device__A                  
80042e70  ti_sdo_utils_NameServer_Object__table__V                                  
80042f24  __errno                                                                   
80042f24  errno                                                                     
80042f28  ti_sdo_ipc_SharedRegion_Module_State_0_regions__A                         
80042fb8  ti_sdo_ipc_GateMP_Module_State_0_remoteSystemGates__A                     
80043038  ti_sysbios_knl_Swi_Module_State_0_readyQ__A                               
800430b8  ti_sysbios_knl_Task_Module_State_0_readyQ__A                              
80043138  ti_sysbios_timers_timer64_Timer_Module_State_0_gctrl__A                   
800431b8  ti_sysbios_timers_timer64_Timer_Module_State_0_handles__A                 
80043238  ti_sysbios_timers_timer64_Timer_Module_State_0_intFreqs__A                
800432b8  ti_sysbios_family_c64p_Hwi_Module__state__V                               
80043324  ti_sdo_ipc_MessageQ_Module__state__V                                      
8004338c  ti_sdo_ipc_SharedRegion_Module__state__V                                  
80043390  ti_sysbios_knl_Task_Object__table__V                                      
800433ec  ti_sdo_ipc_GateMP_Module__state__V                                        
8004343c  ti_sdo_ipc_heaps_HeapMemMP_Module__state__V                               
80043440  ti_sysbios_timers_timer64_Timer_Object__table__V                          
80043490  ti_sysbios_knl_Task_Module__state__V                                      
800434d8  ti_sysbios_gates_GateMutex_Object__table__V                               
80043518  ti_sysbios_family_c64p_Exception_Module__state__V                         
80043548  ti_sysbios_knl_Swi_Object__table__V                                       
80043578  ti_sysbios_knl_Clock_Module__state__V                                     
800435a4  ti_sdo_ipc_transports_TransportShmNotifySetup_Module__state__V            
800435a8  ti_sdo_ipc_Ipc_Module_State_0_procEntry__A                                
800435d0  ti_sysbios_BIOS_Module__state__V                                          
800435f4  xdc_runtime_Memory_Module__state__V                                       
800435f8  xdc_runtime_LoggerBuf_Object__table__V                                    
8004361c  xdc_runtime_Error_Module__state__V                                        
80043620  ti_sdo_ipc_MessageQ_Module_State_0_heaps__A                               
80043640  xdc_runtime_Error_IgnoreBlock                                             
80043660  ti_sysbios_knl_Swi_Module__state__V                                       
80043680  ti_sysbios_family_c64p_Hwi_Object__table__V                               
80043698  ti_sysbios_gates_GateMutexPri_Object__table__V                            
800436b0  ti_sysbios_heaps_HeapMem_Object__table__V                                 
800436c8  ti_sysbios_timers_timer64_Timer_Module__state__V                          
800436e0  cppiGblCfgParams                                                          
800436f4  cppiLObj                                                                  
80043708  ti_sdo_ipc_family_tci663x_Interrupt_Module__state__V                      
80043720  ti_sdo_ipc_MessageQ_Module_State_0_transports__A                          
80043730  ti_sdo_ipc_family_tci663x_Interrupt_Module_State_0_clientTab__A           
80043740  ti_sdo_ipc_family_tci663x_Interrupt_Module_State_0_hwTab__A               
80043750  ti_sysbios_gates_GateAll_Object__table__V                                 
80043760  xdc_runtime_System_Module_State_0_atexitHandlers__A                       
80043770  __TI_cleanup_ptr                                                          
80043774  __TI_dtors_ptr                                                            
80043778  __TI_enable_exit_profile_output                                           
8004377c  ti_sdo_ipc_Ipc_Module__state__V                                           
80043788  ti_sdo_utils_NameServer_Module__state__V                                  
80043798  ti_sysbios_gates_GateSwi_Object__table__V                                 
800437a4  xdc_runtime_SysMin_Module__state__V                                       
800437b0  ti_sdo_ipc_GateMP_Module__root__V                                         
800437b8  ti_sdo_ipc_MessageQ_Module__root__V                                       
800437c0  ti_sdo_ipc_Notify_Module_State_0_notifyHandles__A                         
800437c8  ti_sdo_ipc_Notify_Module__root__V                                         
800437d0  ti_sdo_ipc_Notify_Module__state__V                                        
800437d8  ti_sdo_ipc_gates_GateHWSem_Module__root__V                                
800437e0  ti_sdo_ipc_gates_GateMPSupportNull_Module__root__V                        
800437e8  ti_sdo_ipc_gates_GatePeterson_Module__root__V                             
800437f0  ti_sdo_ipc_heaps_HeapMemMP_Module__root__V                                
800437f8  ti_sdo_ipc_notifyDrivers_NotifyDriverCirc_Module__root__V                 
80043800  ti_sdo_ipc_nsremote_NameServerRemoteNotify_Module__root__V                
80043808  ti_sdo_ipc_transports_TransportShmNotifySetup_Module_State_0_handles__A   
80043810  ti_sdo_ipc_transports_TransportShmNotify_Module__root__V                  
80043818  ti_sdo_utils_List_Module__root__V                                         
80043820  ti_sdo_utils_MultiProc_Module__state__V                                   
80043828  ti_sdo_utils_NameServer_Module_State_0_nsRemoteHandle__A                  
80043830  ti_sdo_utils_NameServer_Module__root__V                                   
80043838  ti_sysbios_family_c64p_Hwi_Module__root__V                                
80043840  ti_sysbios_gates_GateAll_Module__root__V                                  
80043848  ti_sysbios_gates_GateHwi_Module__root__V                                  
80043850  ti_sysbios_gates_GateMutexPri_Module__root__V                             
80043858  ti_sysbios_gates_GateMutex_Module__root__V                                
80043860  ti_sysbios_gates_GateSwi_Module__root__V                                  
80043868  ti_sysbios_hal_Hwi_Module__root__V                                        
80043870  ti_sysbios_hal_Hwi_Object__table__V                                       
80043878  ti_sysbios_heaps_HeapMem_Module__root__V                                  
80043880  ti_sysbios_knl_Queue_Module__root__V                                      
80043888  ti_sysbios_knl_Semaphore_Module__root__V                                  
80043890  ti_sysbios_knl_Swi_Module__root__V                                        
80043898  ti_sysbios_knl_Task_Module__root__V                                       
800438a0  ti_sysbios_syncs_SyncSem_Module__root__V                                  
800438a8  ti_sysbios_xdcruntime_GateThreadSupport_Module__root__V                   
800438b0  xdc_runtime_GateNull_Module__root__V                                      
800438b8  xdc_runtime_LoggerBuf_Module__root__V                                     
800438c0  xdc_runtime_Registry_Module__state__V                                     
800438c8  xdc_runtime_Startup_Module__state__V                                      
800438d0  xdc_runtime_System_Module__state__V                                       
800438d8  xdc_runtime_knl_GateThread_Module__root__V                                
800438e0  xdc_runtime_LoggerBuf_Module__state__V                                    
800438e8  ti_sdo_ipc_Notify_Module_State_0_notifyHandles_0__A                       
800438f0  ti_sdo_ipc_Notify_Module_State_0_notifyHandles_1__A                       
800438f8  ti_sdo_utils_MultiProc_Module_State_0_clusterProcList__A                  
80043900  ti_sysbios_gates_GateHwi_Object__table__V                                 
80043908  ti_sysbios_knl_Task_Module_State_0_idleTask__A                            
80043910  xdc_runtime_GateNull_Object__table__V                                     
80043918  __CIOBUF_                                                                 
80043a80  Ipc_sr0MemorySetup                                                        
80043a80  __TI_STATIC_BASE                                                          
80043a84  cppiHnd                                                                   
80043a88  freeQueHnd                                                                
80043a8c  rxChHnd                                                                   
80043a90  rxQueHnd                                                                  
80043a94  rx_flowhnd                                                                
80043a98  txChHnd                                                                   
80043a9c  txQueHnd                                                                  
80043aa0  qmssMallocCounter                                                         
80043aa4  qmssFreeCounter                                                           
80043aa8  cppiMallocCounter                                                         
80043aac  cppiFreeCounter                                                           
80043ab0  rmMallocCounter                                                           
80043ab4  rmFreeCounter                                                             
80043ab8  dataLen                                                                   
80043abc  core_name                                                                 
80043ac0  core_id                                                                   
80043c00  ti_sysbios_family_c64p_Hwi0                                               
80043c00  ti_sysbios_family_c64p_Hwi_int0                                           
80043c20  ti_sysbios_family_c64p_Hwi_int1                                           
80043c40  ti_sysbios_family_c64p_Hwi_int2                                           
80043c60  ti_sysbios_family_c64p_Hwi_int3                                           
80043c80  ti_sysbios_family_c64p_Hwi_int4                                           
80043ca0  ti_sysbios_family_c64p_Hwi_int5                                           
80043cc0  ti_sysbios_family_c64p_Hwi_int6                                           
80043ce0  ti_sysbios_family_c64p_Hwi_int7                                           
80043d00  ti_sysbios_family_c64p_Hwi_int8                                           
80043d20  ti_sysbios_family_c64p_Hwi_int9                                           
80043d40  ti_sysbios_family_c64p_Hwi_int10                                          
80043d60  ti_sysbios_family_c64p_Hwi_int11                                          
80043d80  ti_sysbios_family_c64p_Hwi_int12                                          
80043da0  ti_sysbios_family_c64p_Hwi_int13                                          
80043dc0  ti_sysbios_family_c64p_Hwi_int14                                          
80043de0  ti_sysbios_family_c64p_Hwi_int15                                          
800451c8  __TI_Handler_Table_Base                                                   
800451d0  __TI_CINIT_Base                                                           
800451d0  __TI_Handler_Table_Limit                                                  
80045210  __TI_CINIT_Limit                                                          
ffffffff  __TI_pprof_out_hndl                                                       
ffffffff  __TI_prof_data_size                                                       
ffffffff  __TI_prof_data_start                                                      
ffffffff  __binit__                                                                 
ffffffff  __c_args__                                                                
ffffffff  binit                                                                     
UNDEFED   __TI_INITARRAY_Base                                                       
UNDEFED   __TI_INITARRAY_Limit                                                      
UNDEFED   __TI_TLS_INIT_Base                                                        
UNDEFED   __TI_TLS_INIT_Limit                                                       

[1431 symbols]
