******************************************************************************
               TMS320C6x Linker PC v8.3.2                      
******************************************************************************
>> Linked Tue Jul 16 16:55:00 2019

OUTPUT FILE NAME:   <5G_Boot_Test_Core0.out>
ENTRY POINT SYMBOL: "_c_int00"  address: 828106e0


MEMORY CONFIGURATION

         name            origin    length      used     unused   attr    fill
----------------------  --------  ---------  --------  --------  ----  --------
  L2SRAM                00800000   00080000  00004000  0007c000  RW X
  MSMCSRAM              0c000000   00400000  00200000  00200000  RW X
  SRIO                  80000000   02800800  00000000  02800800  RW X
  DDR                   82800800   017fd800  0002d7e5  017d001b  RW X
  CORE1DDR              84000000   04000000  00000000  04000000  RW X


SEGMENT ALLOCATION MAP

run origin  load origin   length   init length attrs members
----------  ----------- ---------- ----------- ----- -------
00800000    00800000    00004000   00000000    rw-
  00800000    00800000    00004000   00000000    rw- .stack
82800800    82800800    00014cc0   00014cc0    r-x
  82800800    82800800    00014cc0   00014cc0    r-x .text
828154c0    828154c0    00010cb8   00000000    rw-
  828154c0    828154c0    00010cb8   00000000    rw- .far
82826178    82826178    00004656   00004656    r--
  82826178    82826178    00004656   00004656    r-- .const
8282a7d0    8282a7d0    00002598   00000000    rw-
  8282a7d0    8282a7d0    00002472   00000000    rw- .fardata
  8282cc48    8282cc48    00000120   00000000    rw- .cio
8282cd68    8282cd68    00000038   00000038    r--
  8282cd68    8282cd68    00000038   00000038    r-- .switch
8282cda0    8282cda0    0000001c   00000000    rw-
  8282cda0    8282cda0    0000001c   00000000    rw- .neardata
8282cdbc    8282cdbc    00000001   00000000    r--
  8282cdbc    8282cdbc    00000001   00000000    r-- .rodata
8282d000    8282d000    00001230   00001230    r-x
  8282d000    8282d000    00000200   00000200    r-x .vecs
  8282d200    8282d200    00001030   00001030    r-- .cinit


SECTION ALLOCATION MAP

 output                                  attributes/
section   page    origin      length       input sections
--------  ----  ----------  ----------   ----------------
ti.sdo.ipc.SharedRegion_0 
*          0    0c000000    00200000     NOLOAD SECTION
                  0c000000    00200000     --HOLE--

.stack     0    00800000    00004000     UNINITIALIZED
                  00800000    00000008     boot.ae66 : boot.oe66 (.stack)
                  00800008    00003ff8     --HOLE--

.bss       0    8282cda0    00000000     UNINITIALIZED

.neardata 
*          0    8282cda0    0000001c     UNINITIALIZED
                  8282cda0    00000018     ti.osal.ae66 : Utils_tirtos.oe66 (.neardata)
                  8282cdb8    00000004     ti.drv.uart.ae66 : UART_drv.oe66 (.neardata)

.rodata    0    8282cdbc    00000001     UNINITIALIZED
                  8282cdbc    00000001     main.obj (.rodata)

.cinit     0    8282d200    00001030     
                  8282d200    00000fe2     (.cinit..fardata.load) [load image, compression = rle]
                  8282e1e2    0000000d     (.cinit..far.load) [load image, compression = rle]
                  8282e1ef    0000000c     (.cinit..neardata.load) [load image, compression = rle]
                  8282e1fb    00000001     --HOLE-- [fill = 0]
                  8282e1fc    00000008     (__TI_handler_table)
                  8282e204    00000007     (.cinit..rodata.load) [load image, compression = rle]
                  8282e20b    00000005     --HOLE-- [fill = 0]
                  8282e210    00000020     (__TI_cinit_table)

.init_array 
*          0    82800800    00000000     UNINITIALIZED

.vecs      0    8282d000    00000200     
                  8282d000    00000200     app_pe66.oe66 (.vecs)

xdc.meta   0    82800800    000000e8     COPY SECTION
                  82800800    000000e8     app_pe66.oe66 (xdc.meta)

.text      0    82800800    00014cc0     
                  82800800    00000880     ti.targets.rts6000.ae66 : System.oe66 (.text:xdc_runtime_System_doPrint__I)
                  82801080    00000780     sysbios.ae66 : BIOS.obj (.text:ti_sysbios_family_c64p_Exception_handler__I)
                  82801800    00000740                  : BIOS.obj (.text:ti_sysbios_knl_Semaphore_pend__E)
                  82801f40    00000700                  : BIOS.obj (.text:ti_sysbios_timers_timer64_Timer_Module_startup__E)
                  82802640    000006e0     ti.drv.uart.ae66 : UART_v0.oe66 (.text:UART_v0_hwiIntFxn$0)
                  82802d20    00000680                      : UART_stdio.oe66 (.text:UART_printf)
                  828033a0    00000620     sysbios.ae66 : BIOS.obj (.text:ti_sysbios_heaps_HeapMem_allocUnprotected__E)
                  828039c0    000005c0                  : BIOS.obj (.text:ti_sysbios_heaps_HeapMem_freeUnprotected__E)
                  82803f80    00000500                  : BIOS.obj (.text:ti_sysbios_knl_Task_Instance_finalize__E)
                  82804480    000004c0     ti.board.ae66 : board_pll.oe66 (.text:init_pll)
                  82804940    00000480     ti.drv.uart.ae66 : UART_v0.oe66 (.text:UART_open_v0$0)
                  82804dc0    00000480     sysbios.ae66 : BIOS.obj (.text:ti_sysbios_gates_GateMutexPri_enter__E)
                  82805240    00000460                  : BIOS.obj (.text:ti_sysbios_knl_Task_sleep__E)
                  828056a0    00000440     ti.drv.uart.ae66 : UART_v0.oe66 (.text:UART_write2_v0$0)
                  82805ae0    00000420     sysbios.ae66 : BIOS.obj (.text:ti_sysbios_knl_Task_setPri__E)
                  82805f00    00000400     ti.drv.uart.ae66 : UART_v0.oe66 (.text:UART_read2_v0$0)
                  82806300    000003c0     sysbios.ae66 : BIOS.obj (.text:ti_sysbios_knl_Task_Instance_init__E)
                  828066c0    000003a0                  : BIOS.obj (.text:ti_sysbios_family_c66_Cache_startup__I)
                  82806a60    00000340                  : BIOS.obj (.text:ti_sysbios_family_c66_tci66xx_CpIntc_Module_startup__E)
                  82806da0    00000320                  : BIOS.obj (.text:ti_sysbios_timers_timer64_Timer_deviceConfig__I)
                  828070c0    00000300     ipc.ae66 : Ipc.obj (.text:ti_sdo_ipc_Notify_Instance_init__E)
                  828073c0    00000300     sysbios.ae66 : BIOS.obj (.text:ti_sysbios_knl_Swi_runLoop__I)
                  828076c0    00000300                  : BIOS.obj (.text:ti_sysbios_knl_Task_Module_startup__E)
                  828079c0    000002e0                  : BIOS.obj (.text:ti_sysbios_heaps_HeapMem_Instance_init__E)
                  82807ca0    000002c0                  : BIOS.obj (.text:ti_sysbios_knl_Clock_workFunc__E)
                  82807f60    000002c0     ti.targets.rts6000.ae66 : LoggerBuf.oe66 (.text:xdc_runtime_LoggerBuf_write8__E)
                  82808220    000002a0     ti.board.ae66 : cyhc5GC6678_ddr.oe66 (.text:Board_DDR3Init)
                  828084c0    00000260     sysbios.ae66 : BIOS.obj (.text:ti_sysbios_family_c64p_Hwi_dispatchCore__I)
                  82808720    00000260                  : BIOS.obj (.text:ti_sysbios_knl_Semaphore_post__E)
                  82808980    00000260     ti.targets.rts6000.ae66 : Startup.oe66 (.text:xdc_runtime_Startup_startMods__I)
                  82808be0    00000240     rts6600_elf.lib : imath64.c.obj (.text:__c6xabi_divull)
                  82808e20    00000240     sysbios.ae66 : BIOS.obj (.text:ti_sysbios_family_c64p_EventCombiner_dispatch__E)
                  82809060    00000240                  : BIOS.obj (.text:ti_sysbios_family_c64p_Exception_internalHandler__I)
                  828092a0    00000240     ti.targets.rts6000.ae66 : Core-mem.oe66 (.text:xdc_runtime_Core_createObject__I)
                  828094e0    00000220     sysbios.ae66 : BIOS.obj (.text:ti_sysbios_family_c64p_Hwi_reconfig__E)
                  82809700    00000220                  : BIOS.obj (.text:ti_sysbios_knl_Swi_run__I)
                  82809920    00000220                  : BIOS.obj (.text:ti_sysbios_timers_timer64_Timer_setPeriodMicroSecs__E)
                  82809b40    00000220     ti.targets.rts6000.ae66 : Error.oe66 (.text:xdc_runtime_Error_policyDefault__E)
                  82809d60    00000200     ti.osal.ae66 : SemaphoreP_tirtos.oe66 (.text:SemaphoreP_create)
                  82809f60    00000200     ti.drv.uart.ae66 : UART_v0.oe66 (.text:UART_readPolling_v0$0)
                  8280a160    00000200     sysbios.ae66 : c64p_Hwi_disp_always.obj (.text:_ti_sysbios_family_c64p_Hwi_dispatchAlways)
                  8280a360    000001e0     ti.osal.ae66 : HwiP_tirtos.oe66 (.text:HwiP_create)
                  8280a540    000001e0     ti.board.ae66 : cyhc5GC6678_phy.oe66 (.text:Init_SGMII)
                  8280a720    000001e0     ti.drv.uart.ae66 : UART_stdio.oe66 (.text:UART_convertVal$0)
                  8280a900    000001e0     sysbios.ae66 : BIOS.obj (.text:ti_sysbios_family_c64p_EventCombiner_dispatchPlug__E)
                  8280aae0    000001e0                  : BIOS.obj (.text:ti_sysbios_gates_GateMutex_enter__E)
                  8280acc0    000001e0     ti.targets.rts6000.ae66 : Text.oe66 (.text:xdc_runtime_Text_putSite__E)
                  8280aea0    000001c0     sysbios.ae66 : BIOS.obj (.text:ti_sysbios_family_c66_tci66xx_CpIntc_dispatch__E)
                  8280b060    000001c0                  : BIOS.obj (.text:ti_sysbios_knl_Task_checkStacks__E)
                  8280b220    000001c0                  : BIOS.obj (.text:ti_sysbios_timers_timer64_Timer_getFreq__E)
                  8280b3e0    000001c0                  : BIOS.obj (.text:ti_sysbios_timers_timer64_Timer_start__E)
                  8280b5a0    000001c0     ti.targets.rts6000.ae66 : LoggerBuf.oe66 (.text:xdc_runtime_LoggerBuf_write4__E)
                  8280b760    000001a0     sysbios.ae66 : BIOS.obj (.text:ti_sysbios_family_c64p_EventCombiner_disableEvent__E)
                  8280b900    000001a0                  : BIOS.obj (.text:ti_sysbios_family_c64p_EventCombiner_enableEvent__E)
                  8280baa0    000001a0                  : BIOS.obj (.text:ti_sysbios_family_c66_Cache_block__I)
                  8280bc40    000001a0                  : BIOS.obj (.text:ti_sysbios_family_c66_Cache_getL2InitSize__I)
                  8280bde0    000001a0                  : BIOS.obj (.text:ti_sysbios_knl_Task_schedule__I)
                  8280bf80    000001a0     ti.targets.rts6000.ae66 : Core-smem.oe66 (.text:xdc_runtime_Core_constructObject__I)
                  8280c120    000001a0     app_pe66.oe66 (.text:xdc_runtime_System_printfExtend__I)
                  8280c2c0    00000180     ti.board.ae66 : cyhc5GC6678.oe66 (.text:Board_init)
                  8280c440    00000180                   : board_clock.oe66 (.text:Board_moduleClockInit)
                  8280c5c0    00000180     sysbios.ae66 : c64p_Exception_asm.obj (.text)
                  8280c740    00000180                  : BIOS.obj (.text:ti_sysbios_knl_Task_exit__E)
                  8280c8c0    00000180                  : BIOS.obj (.text:ti_sysbios_knl_Task_startCore__E)
                  8280ca40    00000180     uart_mutex.obj (.text)
                  8280cbc0    00000160     ti.osal.ae66 : RegisterIntr_tirtos.oe66 (.text:Osal_RegisterInterrupt)
                  8280cd20    00000160     main.obj (.text)
                  8280ce80    00000160     sysbios.ae66 : BIOS.obj (.text:ti_sysbios_family_c64p_Hwi_Module_startup__E)
                  8280cfe0    00000160                  : BIOS.obj (.text:ti_sysbios_knl_Swi_post__E)
                  8280d140    00000160     ti.targets.rts6000.ae66 : Text.oe66 (.text:xdc_runtime_Text_putMod__E)
                  8280d2a0    00000140     ti.board.ae66 : cyhc5GC6678_phy.oe66 (.text:configSerdes)
                  8280d3e0    00000140     sysbios.ae66 : BIOS.obj (.text:ti_sysbios_knl_Semaphore_Instance_init__E)
                  8280d520    00000140                  : BIOS.obj (.text:ti_sysbios_knl_Task_blockI__E)
                  8280d660    00000140                  : BIOS.obj (.text:ti_sysbios_knl_Task_postInit__I)
                  8280d7a0    00000140     ti.targets.rts6000.ae66 : Core-mem.oe66 (.text:xdc_runtime_Core_deleteObject__I)
                  8280d8e0    00000140                             : LoggerBuf.oe66 (.text:xdc_runtime_LoggerBuf_setFilterLevel__E)
                  8280da20    00000120     boot.ae66 : autoinit.oe66 (.text:_auto_init_elf)
                  8280db40    00000120     ipc.ae66 : Ipc.obj (.text:ti_sdo_ipc_Notify_Module_startup__E)
                  8280dc60    00000120     app_pe66.oe66 (.text:ti_sdo_ipc_Notify_create)
                  8280dd80    00000120     sysbios.ae66 : BIOS.obj (.text:ti_sysbios_family_c64p_Hwi_Instance_init__E)
                  8280dea0    00000120                  : BIOS.obj (.text:ti_sysbios_knl_Swi_restoreHwi__E)
                  8280dfc0    00000120     ti.targets.rts6000.ae66 : LoggerBuf.oe66 (.text:xdc_runtime_LoggerBuf_getFilterLevel__E)
                  8280e0e0    00000100     ti.board.ae66 : board_utils.oe66 (.text:BOARD_delay)
                  8280e1e0    00000100     ti.osal.ae66 : EventCombinerP_tirtos.oe66 (.text:EventCombinerP_GroupRegisterInt)
                  8280e2e0    00000100     ti.drv.uart.ae66 : UART_v0.oe66 (.text:UART_read_v0$0)
                  8280e3e0    00000100                      : UART_v0.oe66 (.text:UART_writePolling_v0$0)
                  8280e4e0    00000100                      : UART_v0.oe66 (.text:UART_write_v0$0)
                  8280e5e0    00000100     rts6600_elf.lib : copy_decompress_rle.c.obj (.text:__TI_decompress_rle_core)
                  8280e6e0    00000100     sysbios.ae66 : BIOS.obj (.text:ti_sysbios_family_c64p_Hwi_Instance_finalize__E)
                  8280e7e0    00000100                  : BIOS.obj (.text:ti_sysbios_gates_GateMutexPri_leave__E)
                  8280e8e0    00000100                  : BIOS.obj (.text:ti_sysbios_knl_Task_unblockI__E)
                  8280e9e0    00000100                  : BIOS.obj (.text:ti_sysbios_timers_timer64_Timer_initDevice__I)
                  8280eae0    00000100                  : BIOS.obj (.text:ti_sysbios_xdcruntime_GateThreadSupport_leave__E)
                  8280ebe0    00000100     ti.targets.rts6000.ae66 : Error.oe66 (.text:xdc_runtime_Error_print__E)
                  8280ece0    00000100                             : Memory.oe66 (.text:xdc_runtime_Memory_alloc__E)
                  8280ede0    00000100                             : Startup.oe66 (.text:xdc_runtime_Startup_exec__E)
                  8280eee0    000000e0     rts6600_elf.lib : hostwrite.c.obj (.text:HOSTwrite)
                  8280efc0    000000e0     ti.drv.uart.ae66 : UART_v0.oe66 (.text:UART_close_v0$0)
                  8280f0a0    000000e0                      : UART_v0.oe66 (.text:UART_readCancelNoCB$0)
                  8280f180    000000e0     rts6600_elf.lib : exit.c.obj (.text:exit)
                  8280f260    000000e0     uart_mutex.obj (.text:getSemaphore)
                  8280f340    000000e0     rts6600_elf.lib : memset.c.obj (.text:memset)
                  8280f420    000000e0     ipc.ae66 : Ipc.obj (.text:ti_sdo_ipc_MessageQ_Module_startup__E)
                  8280f500    000000e0              : Ipc.obj (.text:ti_sdo_ipc_Notify_Instance_finalize__E)
                  8280f5e0    000000e0     sysbios.ae66 : BIOS.obj (.text:ti_sysbios_heaps_HeapMem_alloc__E)
                  8280f6c0    000000e0                  : BIOS.obj (.text:ti_sysbios_timers_timer64_Timer_startup__E)
                  8280f7a0    000000e0     ti.targets.rts6000.ae66 : Text.oe66 (.text:xdc_runtime_Text_visitRope2__I)
                  8280f880    000000c0     ti.osal.ae66 : Utils_tirtos.oe66 (.text:Osal_delay)
                  8280f940    000000c0     ti.drv.uart.ae66 : UART_v0.oe66 (.text:UART_charPut$0)
                  8280fa00    000000c0                      : UART_v0.oe66 (.text:UART_writeCancelNoCB$0)
                  8280fac0    000000c0     rts6600_elf.lib : divu.asm.obj (.text:__divu)
                  8280fb80    000000c0     sysbios.ae66 : BIOS.obj (.text:ti_sysbios_heaps_HeapMem_getStats__E)
                  8280fc40    000000c0                  : BIOS.obj (.text:ti_sysbios_knl_Clock_logTick__E)
                  8280fd00    000000c0                  : BIOS.obj (.text:ti_sysbios_knl_Swi_schedule__I)
                  8280fdc0    000000c0                  : BIOS.obj (.text:ti_sysbios_knl_Task_allBlockedFunction__I)
                  8280fe80    000000c0     app_pe66.oe66 (.text:ti_sysbios_knl_Task_create)
                  8280ff40    000000c0     rts6600_elf.lib : tls.c.obj (.text:tls:init:__TI_tls_init)
                  82810000    000000c0     ti.targets.rts6000.ae66 : Assert.oe66 (.text:xdc_runtime_Assert_raise__I)
                  828100c0    000000c0                             : Error.oe66 (.text:xdc_runtime_Error_setX__E)
                  82810180    000000c0     app_pe66.oe66 (.text:xdc_runtime_LoggerBuf_Object__create__S)
                  82810240    000000c0     ti.targets.rts6000.ae66 : SysMin.oe66 (.text:xdc_runtime_SysMin_abort__E)
                  82810300    000000c0                             : SysMin.oe66 (.text:xdc_runtime_SysMin_flush__E)
                  828103c0    000000a0     ti.osal.ae66 : RegisterIntr_tirtos.oe66 (.text:Osal_DeleteInterrupt)
                  82810460    000000a0     ti.drv.uart.ae66 : UART_drv.oe66 (.text:UART_init)
                  82810500    000000a0                      : UART_stdio.oe66 (.text:UART_stdioInit)
                  828105a0    000000a0                      : UART_v0.oe66 (.text:UART_v0_callback)
                  82810640    000000a0     rts6600_elf.lib : remu.asm.obj (.text:__remu)
                  828106e0    000000a0     boot.ae66 : boot.oe66 (.text:_c_int00)
                  82810780    000000a0     sysbios.ae66 : c64p_Hwi_asm.obj (.text:_ti_sysbios_family_c64p_Hwi_plug__E)
                  82810820    000000a0     rts6600_elf.lib : memcpy64.asm.obj (.text:memcpy)
                  828108c0    000000a0     ipc.ae66 : Ipc.obj (.text:ti_sdo_utils_NameServer_Module_startup__E)
                  82810960    000000a0              : Ipc.obj (.text:ti_sdo_utils_NameServer_postInit__I)
                  82810a00    000000a0     sysbios.ae66 : BIOS.obj (.text:ti_sysbios_family_c64p_Exception_Module_startup__E)
                  82810aa0    000000a0     app_pe66.oe66 (.text:ti_sysbios_family_c64p_Hwi_construct)
                  82810b40    000000a0     sysbios.ae66 : BIOS.obj (.text:ti_sysbios_family_c64p_Hwi_dispatchC__I)
                  82810be0    000000a0                  : BIOS.obj (.text:ti_sysbios_family_c64p_Hwi_eventMap__E)
                  82810c80    000000a0                  : BIOS.obj (.text:ti_sysbios_family_c64p_Hwi_getStackInfo__E)
                  82810d20    000000a0                  : BIOS.obj (.text:ti_sysbios_family_c66_tci66xx_CpIntc_mapSysIntToHostInt__E)
                  82810dc0    000000a0                  : BIOS.obj (.text:ti_sysbios_timers_timer64_Timer_stop__E)
                  82810e60    000000a0     ti.targets.rts6000.ae66 : Core-params.oe66 (.text:xdc_runtime_Core_assignParams__I)
                  82810f00    000000a0                             : SysMin.oe66 (.text:xdc_runtime_SysMin_putch__E)
                  82810fa0    000000a0                             : System.oe66 (.text:xdc_runtime_System_formatNum__I)
                  82811040    000000a0                             : System.oe66 (.text:xdc_runtime_System_putchar__I)
                  828110e0    000000a0                             : Text.oe66 (.text:xdc_runtime_Text_printVisFxn__I)
                  82811180    000000a0                             : Text.oe66 (.text:xdc_runtime_Text_xprintf__I)
                  82811220    000000a0     app_pe66.oe66 (.text:xdc_runtime_knl_GateThread_Object__create__S)
                  828112c0    000000a0     app_pe66.oe66 (.text:xdc_runtime_knl_GateThread_create)
                  82811360    00000080     ti.board.ae66 : cyhc5GC6678_phy.oe66 (.text:CSL_SGMII_setAdvAbility$0)
                  828113e0    00000080     ti.osal.ae66 : EventCombinerP_tirtos.oe66 (.text:EventCombinerP_getHwi)
                  82811460    00000080                  : MuxIntcP_tirtos.oe66 (.text:MuxIntcP_create)
                  828114e0    00000080     ti.csl.ae66 : uart.oe66 (.text:UART_charPut_v0)
                  82811560    00000080                 : uart.oe66 (.text:UART_fIFOConfig_v0)
                  828115e0    00000080     rts6600_elf.lib : trgmsg.c.obj (.text:__TI_readmsg)
                  82811660    00000080                     : fixdu.c.obj (.text:__c6xabi_fixdu)
                  828116e0    00000080                     : llshift.c.obj (.text:__c6xabi_llshl)
                  82811760    00000080     sysbios.ae66 : c62_TaskSupport_asm.obj (.text:_ti_sysbios_family_c62_TaskSupport_swap__E)
                  828117e0    00000080     ipc.ae66 : Ipc.obj (.text:ti_sdo_ipc_gates_GateHWSem_Module_startup__E)
                  82811860    00000080     app_pe66.oe66 (.text:ti_sysbios_BIOS_atExitFunc__I)
                  828118e0    00000080     app_pe66.oe66 (.text:ti_sysbios_BIOS_registerRTSLock__I)
                  82811960    00000080     sysbios.ae66 : BIOS.obj (.text:ti_sysbios_family_c66_Cache_invL1pAll__E)
                  828119e0    00000080                  : BIOS.obj (.text:ti_sysbios_family_c66_tci66xx_CpIntc_getEventId__E)
                  82811a60    00000080     app_pe66.oe66 (.text:ti_sysbios_gates_GateHwi_Object__create__S)
                  82811ae0    00000080     app_pe66.oe66 (.text:ti_sysbios_gates_GateMutexPri_Object__create__S)
                  82811b60    00000080     app_pe66.oe66 (.text:ti_sysbios_gates_GateMutex_Object__create__S)
                  82811be0    00000080     sysbios.ae66 : BIOS.obj (.text:ti_sysbios_hal_Hwi_checkStack)
                  82811c60    00000080                  : BIOS.obj (.text:ti_sysbios_hal_Hwi_initStack)
                  82811ce0    00000080     app_pe66.oe66 (.text:ti_sysbios_heaps_HeapMem_Object__create__S)
                  82811d60    00000080     sysbios.ae66 : BIOS.obj (.text:ti_sysbios_heaps_HeapMem_init__I)
                  82811de0    00000080     app_pe66.oe66 (.text:ti_sysbios_knl_Clock_doTick__I)
                  82811e60    00000080     sysbios.ae66 : BIOS.obj (.text:ti_sysbios_knl_Idle_run__E)
                  82811ee0    00000080                  : BIOS.obj (.text:ti_sysbios_knl_Semaphore_pendTimeout__I)
                  82811f60    00000080                  : BIOS.obj (.text:ti_sysbios_knl_Swi_startup__E)
                  82811fe0    00000080                  : BIOS.obj (.text:ti_sysbios_knl_Task_restore__E)
                  82812060    00000080     app_pe66.oe66 (.text:ti_sysbios_xdcruntime_GateThreadSupport_create)
                  828120e0    00000080     ti.targets.rts6000.ae66 : Core-label.oe66 (.text:xdc_runtime_Core_assignLabel__I)
                  82812160    00000080                             : LoggerBuf.oe66 (.text:xdc_runtime_LoggerBuf_Instance_init__E)
                  828121e0    00000080                             : LoggerBuf.oe66 (.text:xdc_runtime_LoggerBuf_Module_startup__E)
                  82812260    00000080                             : LoggerBuf.oe66 (.text:xdc_runtime_LoggerBuf_filterOutEvent__I)
                  828122e0    00000080     app_pe66.oe66 (.text:xdc_runtime_SysMin_output__I)
                  82812360    00000080     ti.targets.rts6000.ae66 : System.oe66 (.text:xdc_runtime_System_atexit__E)
                  828123e0    00000080                             : System.oe66 (.text:xdc_runtime_System_avprintf__E)
                  82812460    00000080                             : System.oe66 (.text:xdc_runtime_System_processAtExit__E)
                  828124e0    00000080                             : System.oe66 (.text:xdc_runtime_System_vprintf__E)
                  82812560    00000060     ti.board.ae66 : board_pll.oe66 (.text:Board_PLLInit)
                  828125c0    00000060                   : cyhc5GC6678_ecc.oe66 (.text:Board_eccInit)
                  82812620    00000060     ti.osal.ae66 : HwiP_tirtos.oe66 (.text:HwiP_delete)
                  82812680    00000060                  : Utils_tirtos.oe66 (.text:Osal_getHwAttrs)
                  828126e0    00000060                  : Utils_tirtos.oe66 (.text:Osal_getThreadType)
                  82812740    00000060                  : SemaphoreP_tirtos.oe66 (.text:SemaphoreP_delete)
                  828127a0    00000060                  : SemaphoreP_tirtos.oe66 (.text:SemaphoreP_pend)
                  82812800    00000060     ti.csl.ae66 : uart.oe66 (.text:UART_divisorLatchWrite_v0)
                  82812860    00000060                 : uart.oe66 (.text:UART_divisorValCompute_v0)
                  828128c0    00000060                 : uart.oe66 (.text:UART_fifoWait_v0)
                  82812920    00000060                 : uart.oe66 (.text:UART_lineCharacConfig_v0)
                  82812980    00000060     ti.drv.uart.ae66 : UART_v0.oe66 (.text:UART_readCancel_v0$0)
                  828129e0    00000060                      : UART_soc.oe66 (.text:UART_socGetInitCfg)
                  82812a40    00000060                      : UART_soc.oe66 (.text:UART_socSetInitCfg)
                  82812aa0    00000060                      : UART_v0.oe66 (.text:UART_writeCancel_v0$0)
                  82812b00    00000060     rts6600_elf.lib : trgmsg.c.obj (.text:__TI_writemsg)
                  82812b60    00000060                     : llshift.c.obj (.text:__c6xabi_llshru)
                  82812bc0    00000060                     : imath64.c.obj (.text:_subcull)
                  82812c20    00000060     sysbios.ae66 : c64p_Hwi_asm_switch.obj (.text:_ti_sysbios_family_c64p_Hwi_switchAndDispatch__I)
                  82812c80    00000060                  : c64p_Hwi_asm_switch.obj (.text:_ti_sysbios_family_xxx_Hwi_switchAndRunFunc)
                  82812ce0    00000060     app_pe66.oe66 (.text:ti_sdo_utils_List_construct)
                  82812d40    00000060     app_pe66.oe66 (.text:ti_sysbios_BIOS_errorRaiseHook__I)
                  82812da0    00000060     app_pe66.oe66 (.text:ti_sysbios_BIOS_removeRTSLock__I)
                  82812e00    00000060     app_pe66.oe66 (.text:ti_sysbios_BIOS_startFunc__I)
                  82812e60    00000060     sysbios.ae66 : BIOS.obj (.text:ti_sysbios_family_c62_TaskSupport_start__E)
                  82812ec0    00000060                  : BIOS.obj (.text:ti_sysbios_family_c64p_EventCombiner_Module_startup__E)
                  82812f20    00000060                  : BIOS.obj (.text:ti_sysbios_family_c64p_EventCombiner_unused__E)
                  82812f80    00000060                  : BIOS.obj (.text:ti_sysbios_family_c64p_Hwi_getEventId__E)
                  82812fe0    00000060                  : BIOS.obj (.text:ti_sysbios_family_c66_Cache_Module_startup__E)
                  82813040    00000060                  : BIOS.obj (.text:ti_sysbios_family_c66_tci66xx_CpIntc_unused__E)
                  828130a0    00000060     app_pe66.oe66 (.text:ti_sysbios_gates_GateMutexPri_Object__delete__S)
                  82813100    00000060     app_pe66.oe66 (.text:ti_sysbios_gates_GateMutexPri_construct)
                  82813160    00000060     app_pe66.oe66 (.text:ti_sysbios_gates_GateMutex_Object__delete__S)
                  828131c0    00000060     sysbios.ae66 : BIOS.obj (.text:ti_sysbios_heaps_HeapMem_free__E)
                  82813220    00000060                  : BIOS.obj (.text:ti_sysbios_knl_Clock_Module_startup__E)
                  82813280    00000060     app_pe66.oe66 (.text:ti_sysbios_knl_Queue_construct)
                  828132e0    00000060     app_pe66.oe66 (.text:ti_sysbios_knl_Semaphore_construct)
                  82813340    00000060     sysbios.ae66 : BIOS.obj (.text:ti_sysbios_knl_Swi_Module_startup__E)
                  828133a0    00000060                  : BIOS.obj (.text:ti_sysbios_knl_Task_enter__I)
                  82813400    00000060     app_pe66.oe66 (.text:ti_sysbios_xdcruntime_GateThreadSupport_Object__delete__S)
                  82813460    00000060     ti.drv.uart.ae66 : UART_stdio.oe66 (.text:uart_console_putc$0)
                  828134c0    00000060     app_pe66.oe66 (.text:xdc_runtime_LoggerBuf_Object__delete__S)
                  82813520    00000060     ti.targets.rts6000.ae66 : LoggerBuf.oe66 (.text:xdc_runtime_LoggerBuf_reset__E)
                  82813580    00000060                             : Memory.oe66 (.text:xdc_runtime_Memory_valloc__E)
                  828135e0    00000060                             : Text.oe66 (.text:xdc_runtime_Text_cordText__E)
                  82813640    00000060     app_pe66.oe66 (.text:xdc_runtime_knl_GateThread_Object__delete__S)
                  828136a0    00000040     ti.osal.ae66 : RegisterIntr_tirtos.oe66 (.text:Osal_RegisterInterrupt_initParams)
                  828136e0    00000040                  : SemaphoreP_tirtos.oe66 (.text:SemaphoreP_Params_init)
                  82813720    00000040                  : SemaphoreP_tirtos.oe66 (.text:SemaphoreP_post)
                  82813760    00000040     ti.csl.ae66 : uart.oe66 (.text:UART_breakCtl_v0)
                  828137a0    00000040                 : uart.oe66 (.text:UART_charGetNonBlocking2_v0)
                  828137e0    00000040                 : uart.oe66 (.text:UART_intDisable_v0)
                  82813820    00000040                 : uart.oe66 (.text:UART_intEnable_v0)
                  82813860    00000040                 : uart.oe66 (.text:UART_intIdentityGet_v0)
                  828138a0    00000040                 : uart.oe66 (.text:UART_loopbackModeControl_v0)
                  828138e0    00000040     ti.drv.uart.ae66 : UART_drv.oe66 (.text:UART_open)
                  82813920    00000040     ti.csl.ae66 : uart.oe66 (.text:UART_readLineStatus_v0)
                  82813960    00000040     ti.osal.ae66 : Utils_tirtos.oe66 (.text:_DebugP_assert)
                  828139a0    00000040     rts6600_elf.lib : strasg.asm.obj (.text:__strasgi_64plus)
                  828139e0    00000040                     : args_main.c.obj (.text:_args_main)
                  82813a20    00000040     sysbios.ae66 : c62_TaskSupport_asm.obj (.text:_ti_sysbios_family_c62_TaskSupport_buildTaskStack)
                  82813a60    00000040     uart_mutex.obj (.text:releaseSemaphore)
                  82813aa0    00000040     app_pe66.oe66 (.text:ti_sdo_utils_NameServer_Object__get__S)
                  82813ae0    00000040     app_pe66.oe66 (.text:ti_sysbios_BIOS_exitFunc__I)
                  82813b20    00000040     app_pe66.oe66 (.text:ti_sysbios_BIOS_rtsLock__I)
                  82813b60    00000040     app_pe66.oe66 (.text:ti_sysbios_BIOS_rtsUnlock__I)
                  82813ba0    00000040     app_pe66.oe66 (.text:ti_sysbios_family_c64p_Hwi_destruct)
                  82813be0    00000040     sysbios.ae66 : BIOS.obj (.text:ti_sysbios_family_c64p_Hwi_disableInterrupt__E)
                  82813c20    00000040                  : BIOS.obj (.text:ti_sysbios_family_c64p_Hwi_enableInterrupt__E)
                  82813c60    00000040                  : BIOS.obj (.text:ti_sysbios_family_c66_tci66xx_CpIntc_dispatchPlug__E)
                  82813ca0    00000040     app_pe66.oe66 (.text:ti_sysbios_gates_GateHwi_Handle__label__S)
                  82813ce0    00000040     app_pe66.oe66 (.text:ti_sysbios_gates_GateHwi_Object__delete__S)
                  82813d20    00000040     app_pe66.oe66 (.text:ti_sysbios_gates_GateMutexPri_Handle__label__S)
                  82813d60    00000040     sysbios.ae66 : BIOS.obj (.text:ti_sysbios_gates_GateMutexPri_Instance_init__E)
                  82813da0    00000040     app_pe66.oe66 (.text:ti_sysbios_gates_GateMutexPri_destruct)
                  82813de0    00000040     app_pe66.oe66 (.text:ti_sysbios_gates_GateMutex_Handle__label__S)
                  82813e20    00000040     sysbios.ae66 : BIOS.obj (.text:ti_sysbios_gates_GateMutex_Instance_init__E)
                  82813e60    00000040                  : BIOS.obj (.text:ti_sysbios_gates_GateMutex_leave__E)
                  82813ea0    00000040     app_pe66.oe66 (.text:ti_sysbios_heaps_HeapMem_Handle__label__S)
                  82813ee0    00000040     app_pe66.oe66 (.text:ti_sysbios_heaps_HeapMem_Object__delete__S)
                  82813f20    00000040     app_pe66.oe66 (.text:ti_sysbios_heaps_HeapMem_Object__get__S)
                  82813f60    00000040     app_pe66.oe66 (.text:ti_sysbios_knl_Semaphore_destruct)
                  82813fa0    00000040     app_pe66.oe66 (.text:ti_sysbios_knl_Swi_Object__get__S)
                  82813fe0    00000040     app_pe66.oe66 (.text:ti_sysbios_knl_Task_Object__get__S)
                  82814020    00000040     sysbios.ae66 : BIOS.obj (.text:ti_sysbios_knl_Task_sleepTimeout__I)
                  82814060    00000040     ti.targets.rts6000.ae66 : Error.oe66 (.text:xdc_runtime_Error_check__E)
                  828140a0    00000040                             : Error.oe66 (.text:xdc_runtime_Error_init__E)
                  828140e0    00000040     app_pe66.oe66 (.text:xdc_runtime_LoggerBuf_Handle__label__S)
                  82814120    00000040     ti.targets.rts6000.ae66 : LoggerBuf.oe66 (.text:xdc_runtime_LoggerBuf_Instance_finalize__E)
                  82814160    00000040     app_pe66.oe66 (.text:xdc_runtime_LoggerBuf_Object__get__S)
                  828141a0    00000040     ti.targets.rts6000.ae66 : LoggerBuf.oe66 (.text:xdc_runtime_LoggerBuf_write0__E)
                  828141e0    00000040                             : LoggerBuf.oe66 (.text:xdc_runtime_LoggerBuf_write1__E)
                  82814220    00000040                             : LoggerBuf.oe66 (.text:xdc_runtime_LoggerBuf_write2__E)
                  82814260    00000040                             : Registry.oe66 (.text:xdc_runtime_Registry_findById__E)
                  828142a0    00000040                             : SysMin.oe66 (.text:xdc_runtime_SysMin_Module_startup__E)
                  828142e0    00000040                             : SysMin.oe66 (.text:xdc_runtime_SysMin_exit__E)
                  82814320    00000040                             : System.oe66 (.text:xdc_runtime_System_abort__E)
                  82814360    00000040     app_pe66.oe66 (.text:xdc_runtime_System_aprintf__E)
                  828143a0    00000040     ti.targets.rts6000.ae66 : System.oe66 (.text:xdc_runtime_System_exit__E)
                  828143e0    00000040     app_pe66.oe66 (.text:xdc_runtime_System_printf__E)
                  82814420    00000040     app_pe66.oe66 (.text:xdc_runtime_knl_GateThread_Handle__label__S)
                  82814460    00000040     ti.targets.rts6000.ae66 : GateThread.oe66 (.text:xdc_runtime_knl_GateThread_Instance_init__E)
                  828144a0    00000040     ti.board.ae66 : cyhc5GC6678_ddr.oe66 (.text:xmc_add_emif_cfg_region$0)
                  828144e0    00000020                   : cyhc5GC6678_phy.oe66 (.text:Board_ethPhyInit)
                  82814500    00000020                   : cyhc5GC6678_clock.oe66 (.text:Board_getNumPSCconfigs)
                  82814520    00000020                   : cyhc5GC6678_pll.oe66 (.text:Board_getNumPllcConfigs)
                  82814540    00000020                   : board_lld_init.oe66 (.text:Board_uartStdioInit)
                  82814560    00000020                   : board_utils.oe66 (.text:CSL_chipWriteTSCL$0)
                  82814580    00000020     ti.osal.ae66 : EventCombinerP_tirtos.oe66 (.text:EventCombinerP_disableEvent)
                  828145a0    00000020                  : EventCombinerP_tirtos.oe66 (.text:EventCombinerP_dispatchPlug)
                  828145c0    00000020                  : EventCombinerP_tirtos.oe66 (.text:EventCombinerP_enableEvent)
                  828145e0    00000020                  : HwiP_tirtos.oe66 (.text:HwiP_disable)
                  82814600    00000020                  : HwiP_tirtos.oe66 (.text:HwiP_restore)
                  82814620    00000020     ipc.ae66 : Ipc.obj (.text:MultiProc_self)
                  82814640    00000020     ti.drv.uart.ae66 : UART_drv.oe66 (.text:UART_Params_init)
                  82814660    00000020                      : UART_v0.oe66 (.text:UART_control_v0$0)
                  82814680    00000020     ti.csl.ae66 : uart.oe66 (.text:UART_divisorLatchDisable_v0)
                  828146a0    00000020                 : uart.oe66 (.text:UART_fIFOCharPut_v0)
                  828146c0    00000020                 : uart.oe66 (.text:UART_fifoEmpty_v0)
                  828146e0    00000020     ti.drv.uart.ae66 : UART_v0.oe66 (.text:UART_init_v0$0)
                  82814700    00000020     ti.csl.ae66 : uart.oe66 (.text:UART_operatingModeSelect_v0)
                  82814720    00000020                 : uart.oe66 (.text:UART_pwremuConfig_v0)
                  82814740    00000020     ti.drv.uart.ae66 : UART_drv.oe66 (.text:UART_write)
                  82814760    00000020                      : UART_drv.oe66 (.text:UART_writePolling)
                  82814780    00000020     rts6600_elf.lib : push.asm.obj (.text:__pop_rts)
                  828147a0    00000020                     : push.asm.obj (.text:__push_rts)
                  828147c0    00000020                     : _lock.c.obj (.text:_nop)
                  828147e0    00000020                     : _lock.c.obj (.text:_register_lock)
                  82814800    00000020                     : _data_synch.c.obj (.text:_register_synch_api)
                  82814820    00000020                     : _lock.c.obj (.text:_register_unlock)
                  82814840    00000020     sysbios.ae66 : c62_TaskSupport_asm.obj (.text:_ti_sysbios_family_c62_TaskSupport_glue)
                  82814860    00000020     rts6600_elf.lib : exit.c.obj (.text:abort)
                  82814880    00000020                     : copy_decompress_none.c.obj (.text:decompress:none:__TI_decompress_none)
                  828148a0    00000020                     : copy_decompress_rle.c.obj (.text:decompress:rle24:__TI_decompress_rle24)
                  828148c0    00000020     ti.board.ae66 : board_pll.oe66 (.text:pllc_delay$0)
                  828148e0    00000020     app_pe66.oe66 (.text:ti_sdo_ipc_MessageQ_Object__get__S)
                  82814900    00000020     ipc.ae66 : Ipc.obj (.text:ti_sdo_utils_List_Instance_init__E)
                  82814920    00000020     app_pe66.oe66 (.text:ti_sdo_utils_List_Object__get__S)
                  82814940    00000020     app_pe66.oe66 (.text:ti_sdo_utils_List_destruct)
                  82814960    00000020     ipc.ae66 : Ipc.obj (.text:ti_sdo_utils_List_enqueue__E)
                  82814980    00000020              : Ipc.obj (.text:ti_sdo_utils_List_put__E)
                  828149a0    00000020              : Ipc.obj (.text:ti_sdo_utils_MultiProc_getClusterId__F)
                  828149c0    00000020     app_pe66.oe66 (.text:ti_sdo_utils_NameServer_Module__startupDone__F)
                  828149e0    00000020     app_pe66.oe66 (.text:ti_sysbios_BIOS_RtsGateProxy_enter__E)
                  82814a00    00000020     app_pe66.oe66 (.text:ti_sysbios_BIOS_RtsGateProxy_leave__E)
                  82814a20    00000020     sysbios.ae66 : BIOS.obj (.text:ti_sysbios_BIOS_exit__E)
                  82814a40    00000020                  : BIOS.obj (.text:ti_sysbios_BIOS_getThreadType__E)
                  82814a60    00000020                  : BIOS.obj (.text:ti_sysbios_BIOS_linkedWithIncorrectBootLibrary__E)
                  82814a80    00000020     app_pe66.oe66 (.text:ti_sysbios_BIOS_nullFunc__I)
                  82814aa0    00000020     sysbios.ae66 : BIOS.obj (.text:ti_sysbios_BIOS_setThreadType__E)
                  82814ac0    00000020                  : BIOS.obj (.text:ti_sysbios_BIOS_start__E)
                  82814ae0    00000020     app_pe66.oe66 (.text:ti_sysbios_family_c62_TaskSupport_Module__startupDone__S)
                  82814b00    00000020     sysbios.ae66 : BIOS.obj (.text:ti_sysbios_family_c62_TaskSupport_checkStack__E)
                  82814b20    00000020                  : BIOS.obj (.text:ti_sysbios_family_c62_TaskSupport_getStackAlignment__E)
                  82814b40    00000020     app_pe66.oe66 (.text:ti_sysbios_family_c64p_Hwi_Module__startupDone__F)
                  82814b60    00000020     app_pe66.oe66 (.text:ti_sysbios_family_c64p_Hwi_Params__init__S)
                  82814b80    00000020     sysbios.ae66 : BIOS.obj (.text:ti_sysbios_family_c64p_Hwi_clearInterrupt__E)
                  82814ba0    00000020                  : BIOS.obj (.text:ti_sysbios_family_c64p_Hwi_getFunc__E)
                  82814bc0    00000020                  : BIOS.obj (.text:ti_sysbios_family_c64p_Hwi_getHandle__E)
                  82814be0    00000020                  : BIOS.obj (.text:ti_sysbios_family_c64p_Hwi_startup__E)
                  82814c00    00000020                  : BIOS.obj (.text:ti_sysbios_family_c64p_Hwi_switchFromBootStack__E)
                  82814c20    00000020                  : BIOS.obj (.text:ti_sysbios_family_c64p_Hwi_unPluggedInterrupt__I)
                  82814c40    00000020                  : BIOS.obj (.text:ti_sysbios_family_c64p_TimestampProvider_Module_startup__E)
                  82814c60    00000020                  : BIOS.obj (.text:ti_sysbios_family_c64p_TimestampProvider_get64__E)
                  82814c80    00000020                  : BIOS.obj (.text:ti_sysbios_family_c64p_tci6488_TimerSupport_enable__E)
                  82814ca0    00000020                  : BIOS.obj (.text:ti_sysbios_family_c66_Cache_RTSSynchInv__I)
                  82814cc0    00000020                  : BIOS.obj (.text:ti_sysbios_family_c66_Cache_RTSSynchWbInv__I)
                  82814ce0    00000020                  : BIOS.obj (.text:ti_sysbios_family_c66_Cache_RTSSynchWb__I)
                  82814d00    00000020                  : BIOS.obj (.text:ti_sysbios_family_c66_Cache_wait__E)
                  82814d20    00000020                  : BIOS.obj (.text:ti_sysbios_family_c66_Cache_wbInv__E)
                  82814d40    00000020                  : BIOS.obj (.text:ti_sysbios_family_c66_tci66xx_CpIntc_enableHostInt__E)
                  82814d60    00000020                  : BIOS.obj (.text:ti_sysbios_gates_GateHwi_Instance_init__E)
                  82814d80    00000020                  : BIOS.obj (.text:ti_sysbios_gates_GateHwi_enter__E)
                  82814da0    00000020                  : BIOS.obj (.text:ti_sysbios_gates_GateHwi_leave__E)
                  82814dc0    00000020                  : BIOS.obj (.text:ti_sysbios_gates_GateHwi_query__E)
                  82814de0    00000020                  : BIOS.obj (.text:ti_sysbios_gates_GateMutexPri_Instance_finalize__E)
                  82814e00    00000020                  : BIOS.obj (.text:ti_sysbios_gates_GateMutexPri_query__E)
                  82814e20    00000020                  : BIOS.obj (.text:ti_sysbios_gates_GateMutex_Instance_finalize__E)
                  82814e40    00000020                  : BIOS.obj (.text:ti_sysbios_gates_GateMutex_query__E)
                  82814e60    00000020                  : BIOS.obj (.text:ti_sysbios_hal_Hwi_Module_startup__E)
                  82814e80    00000020     app_pe66.oe66 (.text:ti_sysbios_heaps_HeapMem_Module_GateProxy_enter__E)
                  82814ea0    00000020     app_pe66.oe66 (.text:ti_sysbios_heaps_HeapMem_Module_GateProxy_leave__E)
                  82814ec0    00000020     sysbios.ae66 : BIOS.obj (.text:ti_sysbios_heaps_HeapMem_isBlocking__E)
                  82814ee0    00000020     app_pe66.oe66 (.text:ti_sysbios_knl_Clock_TimerProxy_getMaxTicks__E)
                  82814f00    00000020     sysbios.ae66 : BIOS.obj (.text:ti_sysbios_knl_Idle_loop__E)
                  82814f20    00000020                  : BIOS.obj (.text:ti_sysbios_knl_Queue_Instance_init__E)
                  82814f40    00000020     app_pe66.oe66 (.text:ti_sysbios_knl_Queue_Object__get__S)
                  82814f60    00000020     app_pe66.oe66 (.text:ti_sysbios_knl_Queue_destruct)
                  82814f80    00000020     sysbios.ae66 : BIOS.obj (.text:ti_sysbios_knl_Queue_empty__E)
                  82814fa0    00000020                  : BIOS.obj (.text:ti_sysbios_knl_Semaphore_Instance_finalize__E)
                  82814fc0    00000020     app_pe66.oe66 (.text:ti_sysbios_knl_Semaphore_Params__init__S)
                  82814fe0    00000020     sysbios.ae66 : BIOS.obj (.text:ti_sysbios_knl_Swi_disable__E)
                  82815000    00000020                  : BIOS.obj (.text:ti_sysbios_knl_Task_disable__E)
                  82815020    00000020                  : BIOS.obj (.text:ti_sysbios_knl_Task_startup__E)
                  82815040    00000020     app_pe66.oe66 (.text:ti_sysbios_timers_timer64_Timer_Module__startupDone__F)
                  82815060    00000020     sysbios.ae66 : BIOS.obj (.text:ti_sysbios_timers_timer64_Timer_getMaxTicks__E)
                  82815080    00000020                  : BIOS.obj (.text:ti_sysbios_xdcruntime_GateThreadSupport_Instance_finalize__E)
                  828150a0    00000020                  : BIOS.obj (.text:ti_sysbios_xdcruntime_GateThreadSupport_Instance_init__E)
                  828150c0    00000020                  : BIOS.obj (.text:ti_sysbios_xdcruntime_GateThreadSupport_enter__E)
                  828150e0    00000020     ti.targets.rts6000.ae66 : Error.oe66 (.text:xdc_runtime_Error_getSite__E)
                  82815100    00000020                             : Error.oe66 (.text:xdc_runtime_Error_raiseX__E)
                  82815120    00000020                             : Gate.oe66 (.text:xdc_runtime_Gate_enterSystem__E)
                  82815140    00000020                             : Gate.oe66 (.text:xdc_runtime_Gate_leaveSystem__E)
                  82815160    00000020     app_pe66.oe66 (.text:xdc_runtime_IHeap_alloc)
                  82815180    00000020     app_pe66.oe66 (.text:xdc_runtime_IHeap_free)
                  828151a0    00000020     app_pe66.oe66 (.text:xdc_runtime_LoggerBuf_Module_GateProxy_enter__E)
                  828151c0    00000020     app_pe66.oe66 (.text:xdc_runtime_LoggerBuf_Module_GateProxy_leave__E)
                  828151e0    00000020     ti.targets.rts6000.ae66 : LoggerBuf.oe66 (.text:xdc_runtime_LoggerBuf_disable__E)
                  82815200    00000020                             : LoggerBuf.oe66 (.text:xdc_runtime_LoggerBuf_enable__E)
                  82815220    00000020                             : Memory.oe66 (.text:xdc_runtime_Memory_calloc__E)
                  82815240    00000020                             : Memory.oe66 (.text:xdc_runtime_Memory_free__E)
                  82815260    00000020                             : Memory.oe66 (.text:xdc_runtime_Memory_getMaxDefaultTypeAlign__E)
                  82815280    00000020     app_pe66.oe66 (.text:xdc_runtime_Startup_Module__startupDone__S)
                  828152a0    00000020     app_pe66.oe66 (.text:xdc_runtime_Startup_exec__I)
                  828152c0    00000020     ti.targets.rts6000.ae66 : Startup.oe66 (.text:xdc_runtime_Startup_rtsDone__E)
                  828152e0    00000020                             : SysMin.oe66 (.text:xdc_runtime_SysMin_ready__E)
                  82815300    00000020     app_pe66.oe66 (.text:xdc_runtime_System_Module_GateProxy_enter__E)
                  82815320    00000020     app_pe66.oe66 (.text:xdc_runtime_System_Module_GateProxy_leave__E)
                  82815340    00000020     ti.targets.rts6000.ae66 : System.oe66 (.text:xdc_runtime_System_Module_startup__E)
                  82815360    00000020                             : System.oe66 (.text:xdc_runtime_System_vsnprintf__E)
                  82815380    00000020                             : Text.oe66 (.text:xdc_runtime_Text_ropeText__E)
                  828153a0    00000020     app_pe66.oe66 (.text:xdc_runtime_Text_visitRope__I)
                  828153c0    00000020     ti.targets.rts6000.ae66 : GateThread.oe66 (.text:xdc_runtime_knl_GateThread_Instance_finalize__E)
                  828153e0    00000020     app_pe66.oe66 (.text:xdc_runtime_knl_GateThread_Module__startupDone__S)
                  82815400    00000020     app_pe66.oe66 (.text:xdc_runtime_knl_GateThread_Proxy_create)
                  82815420    00000020     app_pe66.oe66 (.text:xdc_runtime_knl_GateThread_Proxy_delete)
                  82815440    00000020     app_pe66.oe66 (.text:xdc_runtime_knl_GateThread_Proxy_enter__E)
                  82815460    00000020     app_pe66.oe66 (.text:xdc_runtime_knl_GateThread_Proxy_leave__E)
                  82815480    00000020     ti.targets.rts6000.ae66 : GateThread.oe66 (.text:xdc_runtime_knl_GateThread_enter__E)
                  828154a0    00000020                             : GateThread.oe66 (.text:xdc_runtime_knl_GateThread_leave__E)

.far       0    828154c0    00010cb8     UNINITIALIZED
                  828154c0    0000c800     (.common:ti_sysbios_heaps_HeapMem_Instance_State_0_buf__A)
                  82821cc0    00004000     app_pe66.oe66 (.far:taskStackSection)
                  82825cc0    00000200     (.common:xdc_runtime_LoggerBuf_Instance_State_0_entryArr__A)
                  82825ec0    00000200     (.common:xdc_runtime_SysMin_Module_State_0_outbuf__A)
                  828260c0    000000ac     (.common:UartObjects)
                  8282616c    00000004     --HOLE--
                  82826170    00000008     (.common:parmbuf)

.const     0    82826178    00004656     
                  82826178    00002dac     app_pe66.oe66 (.const:xdc_runtime_Text_charTab__A)
                  82828f24    00000518     sysbios.ae66 : BIOS.obj (.const:.string)
                  8282943c    00000004     ti.targets.rts6000.ae66 : Assert.oe66 (.const:.string)
                  82829440    00000400     app_pe66.oe66 (.const:ti_sysbios_family_c66_Cache_marvalues__C)
                  82829840    00000188     app_pe66.oe66 (.const:xdc_runtime_Text_nodeTab__A)
                  828299c8    00000140     app_pe66.oe66 (.const:ti_sysbios_family_c66_tci66xx_CpIntc_sysIntToHostInt__A)
                  82829b08    000000d4     app_pe66.oe66 (.const:.string)
                  82829bdc    00000058     ti.targets.rts6000.ae66 : Error.oe66 (.const:.string)
                  82829c34    00000050     main.obj (.const:.string)
                  82829c84    00000004     app_pe66.oe66 (.const:ti_sdo_ipc_MessageQ_Object__count__C)
                  82829c88    00000048     app_pe66.oe66 (.const:xdc_runtime_Startup_sfxnTab__A)
                  82829cd0    00000044     app_pe66.oe66 (.const:ti_sysbios_knl_Task_Object__PARAMS__C)
                  82829d14    00000040     ti.targets.rts6000.ae66 : Text.oe66 (.const:.string)
                  82829d54    00000040     ti.drv.uart.ae66 : UART_drv.oe66 (.const:UART_defaultParams)
                  82829d94    00000004     app_pe66.oe66 (.const:ti_sdo_ipc_Notify_A_alreadyRegistered__C)
                  82829d98    00000040     ti.board.ae66 : cyhc5GC6678_clock.oe66 (.const:pscConfigs)
                  82829dd8    0000003c     app_pe66.oe66 (.const:xdc_runtime_LoggerBuf_Module__FXNS__C)
                  82829e14    00000030     ti.drv.uart.ae66 : UART_v0.oe66 (.const:UART_FxnTable_v0)
                  82829e44    00000004     app_pe66.oe66 (.const:ti_sdo_ipc_Notify_A_invArgument__C)
                  82829e48    00000030     ti.board.ae66 : cyhc5GC6678_pll.oe66 (.const:pllcConfigs)
                  82829e78    00000030     app_pe66.oe66 (.const:ti_sysbios_family_c64p_Hwi_Object__PARAMS__C)
                  82829ea8    0000002c     ti.targets.rts6000.ae66 : Startup.oe66 (.const:.string)
                  82829ed4    00000028     app_pe66.oe66 (.const:ti_sysbios_heaps_HeapMem_Module__FXNS__C)
                  82829efc    00000028     app_pe66.oe66 (.const:xdc_runtime_LoggerBuf_Object__PARAMS__C)
                  82829f24    00000024     ti.drv.uart.ae66 : UART_stdio.oe66 (.const:.string)
                  82829f48    00000024     ti.board.ae66 : cyhc5GC6678.oe66 (.const:Board_ext_clk)
                  82829f6c    00000024     app_pe66.oe66 (.const:ti_sysbios_gates_GateHwi_Module__FXNS__C)
                  82829f90    00000024     app_pe66.oe66 (.const:ti_sysbios_gates_GateMutexPri_Module__FXNS__C)
                  82829fb4    00000024     app_pe66.oe66 (.const:ti_sysbios_gates_GateMutex_Module__FXNS__C)
                  82829fd8    00000024     app_pe66.oe66 (.const:ti_sysbios_heaps_HeapMem_Object__PARAMS__C)
                  82829ffc    00000024     app_pe66.oe66 (.const:ti_sysbios_knl_Semaphore_Object__PARAMS__C)
                  8282a020    00000024     app_pe66.oe66 (.const:xdc_runtime_Startup_sfxnRts__A)
                  8282a044    00000024     app_pe66.oe66 (.const:xdc_runtime_knl_GateThread_Module__FXNS__C)
                  8282a068    00000020     ti.osal.ae66 : SemaphoreP_tirtos.oe66 (.const:.string)
                  8282a088    00000020     ti.board.ae66 : cyhc5GC6678_pll.oe66 (.const:keystonePllcRegs)
                  8282a0a8    00000020     app_pe66.oe66 (.const:ti_sdo_ipc_Notify_Object__DESC__C)
                  8282a0c8    00000020     app_pe66.oe66 (.const:ti_sdo_utils_List_Object__DESC__C)
                  8282a0e8    00000020     app_pe66.oe66 (.const:ti_sysbios_family_c64p_Hwi_Object__DESC__C)
                  8282a108    00000020     app_pe66.oe66 (.const:ti_sysbios_family_c66_tci66xx_CpIntc_hostIntToEventId__A)
                  8282a128    00000020     app_pe66.oe66 (.const:ti_sysbios_gates_GateHwi_Object__DESC__C)
                  8282a148    00000020     app_pe66.oe66 (.const:ti_sysbios_gates_GateMutexPri_Object__DESC__C)
                  8282a168    00000020     app_pe66.oe66 (.const:ti_sysbios_gates_GateMutex_Object__DESC__C)
                  8282a188    00000020     app_pe66.oe66 (.const:ti_sysbios_heaps_HeapMem_Object__DESC__C)
                  8282a1a8    00000020     app_pe66.oe66 (.const:ti_sysbios_knl_Queue_Object__DESC__C)
                  8282a1c8    00000020     app_pe66.oe66 (.const:ti_sysbios_knl_Semaphore_Object__DESC__C)
                  8282a1e8    00000020     app_pe66.oe66 (.const:ti_sysbios_knl_Task_Object__DESC__C)
                  8282a208    00000020     app_pe66.oe66 (.const:ti_sysbios_xdcruntime_GateThreadSupport_Object__DESC__C)
                  8282a228    00000020     app_pe66.oe66 (.const:xdc_runtime_LoggerBuf_Object__DESC__C)
                  8282a248    00000020     app_pe66.oe66 (.const:xdc_runtime_knl_GateThread_Object__DESC__C)
                  8282a268    0000001c     ti.drv.uart.ae66 : UART_v0.oe66 (.const:.string)
                  8282a284    0000001c     ti.osal.ae66 : HwiP_tirtos.oe66 (.const:.string)
                  8282a2a0    00000019     app_pe66.oe66 (.const:ti_sysbios_family_c66_tci66xx_CpIntc_eventId__A)
                  8282a2b9    00000001     app_pe66.oe66 (.const:ti_sysbios_timers_timer64_Timer_localTimerBaseId__C)
                  8282a2ba    00000002     app_pe66.oe66 (.const:ti_sdo_ipc_Notify_Module__id__C)
                  8282a2bc    00000004     app_pe66.oe66 (.const:ti_sdo_ipc_Notify_Module__diagsEnabled__C)
                  8282a2c0    00000019     app_pe66.oe66 (.const:ti_sysbios_family_c66_tci66xx_CpIntc_hostIntToEventId_0__A)
                  8282a2d9    00000001     --HOLE-- [fill = 0]
                  8282a2da    00000002     app_pe66.oe66 (.const:ti_sdo_ipc_Notify_numLines__C)
                  8282a2dc    00000004     app_pe66.oe66 (.const:ti_sdo_ipc_Notify_Module__diagsIncluded__C)
                  8282a2e0    00000019     app_pe66.oe66 (.const:ti_sysbios_family_c66_tci66xx_CpIntc_hostIntToEventId_1__A)
                  8282a2f9    00000001     --HOLE-- [fill = 0]
                  8282a2fa    00000002     app_pe66.oe66 (.const:ti_sdo_utils_MultiProc_numProcessors__C)
                  8282a2fc    00000004     app_pe66.oe66 (.const:ti_sdo_ipc_Notify_Module__diagsMask__C)
                  8282a300    00000019     app_pe66.oe66 (.const:ti_sysbios_family_c66_tci66xx_CpIntc_hostIntToEventId_2__A)
                  8282a319    00000001     --HOLE-- [fill = 0]
                  8282a31a    00000002     app_pe66.oe66 (.const:ti_sysbios_family_c64p_EventCombiner_Module__id__C)
                  8282a31c    00000004     app_pe66.oe66 (.const:ti_sdo_ipc_Notify_Object__heap__C)
                  8282a320    00000019     app_pe66.oe66 (.const:ti_sysbios_family_c66_tci66xx_CpIntc_hostIntToEventId_3__A)
                  8282a339    00000001     --HOLE-- [fill = 0]
                  8282a33a    00000002     app_pe66.oe66 (.const:ti_sysbios_family_c64p_Exception_Module__id__C)
                  8282a33c    00000004     app_pe66.oe66 (.const:ti_sdo_ipc_Notify_numEvents__C)
                  8282a340    00000019     app_pe66.oe66 (.const:ti_sysbios_family_c66_tci66xx_CpIntc_hostIntToEventId_4__A)
                  8282a359    00000001     --HOLE-- [fill = 0]
                  8282a35a    00000002     app_pe66.oe66 (.const:ti_sysbios_family_c64p_Exception_useInternalBuffer__C)
                  8282a35c    00000004     app_pe66.oe66 (.const:ti_sdo_ipc_gates_GateHWSem_baseAddr__C)
                  8282a360    00000019     app_pe66.oe66 (.const:ti_sysbios_family_c66_tci66xx_CpIntc_hostIntToEventId_5__A)
                  8282a379    00000001     --HOLE-- [fill = 0]
                  8282a37a    00000002     app_pe66.oe66 (.const:ti_sysbios_family_c64p_Hwi_Module__id__C)
                  8282a37c    00000004     app_pe66.oe66 (.const:ti_sdo_ipc_gates_GateHWSem_numSems__C)
                  8282a380    00000019     app_pe66.oe66 (.const:ti_sysbios_family_c66_tci66xx_CpIntc_hostIntToEventId_6__A)
                  8282a399    00000001     --HOLE-- [fill = 0]
                  8282a39a    00000002     app_pe66.oe66 (.const:ti_sysbios_family_c64p_Hwi_Module__loggerDefined__C)
                  8282a39c    00000004     app_pe66.oe66 (.const:ti_sdo_ipc_gates_GateHWSem_reservedMaskArr__C)
                  8282a3a0    00000019     app_pe66.oe66 (.const:ti_sysbios_family_c66_tci66xx_CpIntc_hostIntToEventId_7__A)
                  8282a3b9    00000001     --HOLE-- [fill = 0]
                  8282a3ba    00000002     app_pe66.oe66 (.const:ti_sysbios_family_c66_Cache_Module__id__C)
                  8282a3bc    00000018     ti.targets.rts6000.ae66 : System.oe66 (.const:.string)
                  8282a3d4    00000004     app_pe66.oe66 (.const:ti_sdo_utils_MultiProc_A_invalidMultiProcId__C)
                  8282a3d8    00000018     ti.drv.uart.ae66 : UART_soc.oe66 (.const:UART_config)
                  8282a3f0    00000018     app_pe66.oe66 (.const:ti_sdo_ipc_Notify_Object__PARAMS__C)
                  8282a408    00000018     app_pe66.oe66 (.const:ti_sdo_utils_List_Object__PARAMS__C)
                  8282a420    00000018     app_pe66.oe66 (.const:ti_sysbios_gates_GateHwi_Object__PARAMS__C)
                  8282a438    00000018     app_pe66.oe66 (.const:ti_sysbios_gates_GateMutexPri_Object__PARAMS__C)
                  8282a450    00000018     app_pe66.oe66 (.const:ti_sysbios_gates_GateMutex_Object__PARAMS__C)
                  8282a468    00000018     app_pe66.oe66 (.const:ti_sysbios_knl_Queue_Object__PARAMS__C)
                  8282a480    00000018     app_pe66.oe66 (.const:ti_sysbios_xdcruntime_GateThreadSupport_Object__PARAMS__C)
                  8282a498    00000018     app_pe66.oe66 (.const:xdc_runtime_knl_GateThread_Object__PARAMS__C)
                  8282a4b0    00000010     app_pe66.oe66 (.const:ti_sysbios_family_c64p_EventCombiner_EVTMASK__C)
                  8282a4c0    00000008     app_pe66.oe66 (.const:ti_sysbios_knl_Idle_funcList__C)
                  8282a4c8    00000008     app_pe66.oe66 (.const:xdc_runtime_Startup_firstFxns__A)
                  8282a4d0    00000008     app_pe66.oe66 (.const:xdc_runtime_Startup_firstFxns__C)
                  8282a4d8    00000008     app_pe66.oe66 (.const:xdc_runtime_Startup_lastFxns__C)
                  8282a4e0    00000004     app_pe66.oe66 (.const:ti_sdo_ipc_gates_GateHWSem_reservedMaskArr__A)
                  8282a4e4    00000004     app_pe66.oe66 (.const:ti_sdo_utils_NameServer_Instance_State_freeList__O)
                  8282a4e8    00000004     app_pe66.oe66 (.const:ti_sdo_utils_NameServer_Object__count__C)
                  8282a4ec    00000004     app_pe66.oe66 (.const:ti_sysbios_family_c62_TaskSupport_stackAlignment__C)
                  8282a4f0    00000004     app_pe66.oe66 (.const:ti_sysbios_family_c64p_EventCombiner_A_invalidEventId__C)
                  8282a4f4    00000004     app_pe66.oe66 (.const:ti_sysbios_family_c64p_EventCombiner_EVTRegs__C)
                  8282a4f8    00000004     app_pe66.oe66 (.const:ti_sysbios_family_c64p_EventCombiner_E_unpluggedEvent__C)
                  8282a4fc    00000004     app_pe66.oe66 (.const:ti_sysbios_family_c64p_EventCombiner_Module__diagsEnabled__C)
                  8282a500    00000004     app_pe66.oe66 (.const:ti_sysbios_family_c64p_EventCombiner_Module__diagsIncluded__C)
                  8282a504    00000004     app_pe66.oe66 (.const:ti_sysbios_family_c64p_EventCombiner_Module__diagsMask__C)
                  8282a508    00000004     app_pe66.oe66 (.const:ti_sysbios_family_c64p_Exception_E_exceptionMax__C)
                  8282a50c    00000004     app_pe66.oe66 (.const:ti_sysbios_family_c64p_Exception_exceptionHook__C)
                  8282a510    00000004     app_pe66.oe66 (.const:ti_sysbios_family_c64p_Exception_externalHook__C)
                  8282a514    00000004     app_pe66.oe66 (.const:ti_sysbios_family_c64p_Exception_internalHook__C)
                  8282a518    00000004     app_pe66.oe66 (.const:ti_sysbios_family_c64p_Exception_nmiHook__C)
                  8282a51c    00000004     app_pe66.oe66 (.const:ti_sysbios_family_c64p_Hwi_E_alreadyDefined__C)
                  8282a520    00000004     app_pe66.oe66 (.const:ti_sysbios_family_c64p_Hwi_E_handleNotFound__C)
                  8282a524    00000004     app_pe66.oe66 (.const:ti_sysbios_family_c64p_Hwi_E_invalidIntNum__C)
                  8282a528    00000004     app_pe66.oe66 (.const:ti_sysbios_family_c64p_Hwi_INTRMUX1Address__C)
                  8282a52c    00000004     app_pe66.oe66 (.const:ti_sysbios_family_c64p_Hwi_LD_end__C)
                  8282a530    00000004     app_pe66.oe66 (.const:ti_sysbios_family_c64p_Hwi_LM_begin__C)
                  8282a534    00000004     app_pe66.oe66 (.const:ti_sysbios_family_c64p_Hwi_Module__diagsEnabled__C)
                  8282a538    00000004     app_pe66.oe66 (.const:ti_sysbios_family_c64p_Hwi_Module__diagsIncluded__C)
                  8282a53c    00000004     app_pe66.oe66 (.const:ti_sysbios_family_c64p_Hwi_Module__diagsMask__C)
                  8282a540    00000004     app_pe66.oe66 (.const:ti_sysbios_family_c64p_Hwi_Module__loggerFxn1__C)
                  8282a544    00000004     app_pe66.oe66 (.const:ti_sysbios_family_c64p_Hwi_Module__loggerFxn8__C)
                  8282a548    00000004     app_pe66.oe66 (.const:ti_sysbios_family_c64p_Hwi_Module__loggerObj__C)
                  8282a54c    00000004     app_pe66.oe66 (.const:ti_sysbios_family_c66_Cache_E_invalidL1CacheSize__C)
                  8282a550    00000004     app_pe66.oe66 (.const:ti_sysbios_family_c66_Cache_E_invalidL2CacheSize__C)
                  8282a554    00000004     app_pe66.oe66 (.const:ti_sysbios_family_c66_Cache_atomicBlockSize__C)
                  8282a558    00000004     app_pe66.oe66 (.const:ti_sysbios_family_c66_tci66xx_CpIntc_E_unpluggedSysInt__C)
                  8282a55c    00000004     app_pe66.oe66 (.const:ti_sysbios_family_c66_tci66xx_CpIntc_eventId__C)
                  8282a560    00000004     app_pe66.oe66 (.const:ti_sysbios_family_c66_tci66xx_CpIntc_hostIntToEventId__C)
                  8282a564    00000004     app_pe66.oe66 (.const:ti_sysbios_family_c66_tci66xx_CpIntc_numEvents__C)
                  8282a568    00000004     app_pe66.oe66 (.const:ti_sysbios_family_c66_tci66xx_CpIntc_numStatusRegs__C)
                  8282a56c    00000004     app_pe66.oe66 (.const:ti_sysbios_family_c66_tci66xx_CpIntc_numSysInts__C)
                  8282a570    00000004     app_pe66.oe66 (.const:ti_sysbios_family_c66_tci66xx_CpIntc_sysIntToHostInt__C)
                  8282a574    00000004     app_pe66.oe66 (.const:ti_sysbios_gates_GateMutexPri_A_badContext__C)
                  8282a578    00000004     app_pe66.oe66 (.const:ti_sysbios_gates_GateMutexPri_A_enterTaskDisabled__C)
                  8282a57c    00000004     app_pe66.oe66 (.const:ti_sysbios_gates_GateMutexPri_Instance_State_pendQ__O)
                  8282a580    00000004     app_pe66.oe66 (.const:ti_sysbios_gates_GateMutexPri_Module__diagsEnabled__C)
                  8282a584    00000004     app_pe66.oe66 (.const:ti_sysbios_gates_GateMutexPri_Module__diagsIncluded__C)
                  8282a588    00000004     app_pe66.oe66 (.const:ti_sysbios_gates_GateMutexPri_Module__diagsMask__C)
                  8282a58c    00000004     app_pe66.oe66 (.const:ti_sysbios_gates_GateMutex_A_badContext__C)
                  8282a590    00000004     app_pe66.oe66 (.const:ti_sysbios_gates_GateMutex_Instance_State_sem__O)
                  8282a594    00000004     app_pe66.oe66 (.const:ti_sysbios_gates_GateMutex_Module__diagsEnabled__C)
                  8282a598    00000004     app_pe66.oe66 (.const:ti_sysbios_gates_GateMutex_Module__diagsIncluded__C)
                  8282a59c    00000004     app_pe66.oe66 (.const:ti_sysbios_gates_GateMutex_Module__diagsMask__C)
                  8282a5a0    00000004     app_pe66.oe66 (.const:ti_sysbios_hal_Hwi_E_stackOverflow__C)
                  8282a5a4    00000004     app_pe66.oe66 (.const:ti_sysbios_heaps_HeapMem_A_align__C)
                  8282a5a8    00000004     app_pe66.oe66 (.const:ti_sysbios_heaps_HeapMem_A_heapSize__C)
                  8282a5ac    00000004     app_pe66.oe66 (.const:ti_sysbios_heaps_HeapMem_A_invalidFree__C)
                  8282a5b0    00000004     app_pe66.oe66 (.const:ti_sysbios_heaps_HeapMem_A_zeroBlock__C)
                  8282a5b4    00000004     app_pe66.oe66 (.const:ti_sysbios_heaps_HeapMem_E_memory__C)
                  8282a5b8    00000004     app_pe66.oe66 (.const:ti_sysbios_heaps_HeapMem_Module__diagsEnabled__C)
                  8282a5bc    00000004     app_pe66.oe66 (.const:ti_sysbios_heaps_HeapMem_Module__diagsIncluded__C)
                  8282a5c0    00000004     app_pe66.oe66 (.const:ti_sysbios_heaps_HeapMem_Module__diagsMask__C)
                  8282a5c4    00000004     app_pe66.oe66 (.const:ti_sysbios_heaps_HeapMem_Module__gateObj__C)
                  8282a5c8    00000004     app_pe66.oe66 (.const:ti_sysbios_heaps_HeapMem_Object__count__C)
                  8282a5cc    00000004     app_pe66.oe66 (.const:ti_sysbios_heaps_HeapMem_reqAlign__C)
                  8282a5d0    00000004     app_pe66.oe66 (.const:ti_sysbios_knl_Clock_LM_begin__C)
                  8282a5d4    00000004     app_pe66.oe66 (.const:ti_sysbios_knl_Clock_LM_tick__C)
                  8282a5d8    00000004     app_pe66.oe66 (.const:ti_sysbios_knl_Clock_LW_delayed__C)
                  8282a5dc    00000004     app_pe66.oe66 (.const:ti_sysbios_knl_Clock_Module_State_clockQ__O)
                  8282a5e0    00000004     app_pe66.oe66 (.const:ti_sysbios_knl_Clock_Module__diagsEnabled__C)
                  8282a5e4    00000004     app_pe66.oe66 (.const:ti_sysbios_knl_Clock_Module__diagsIncluded__C)
                  8282a5e8    00000004     app_pe66.oe66 (.const:ti_sysbios_knl_Clock_Module__diagsMask__C)
                  8282a5ec    00000004     app_pe66.oe66 (.const:ti_sysbios_knl_Clock_Module__loggerFxn1__C)
                  8282a5f0    00000004     app_pe66.oe66 (.const:ti_sysbios_knl_Clock_Module__loggerFxn2__C)
                  8282a5f4    00000004     app_pe66.oe66 (.const:ti_sysbios_knl_Clock_Module__loggerObj__C)
                  8282a5f8    00000004     app_pe66.oe66 (.const:ti_sysbios_knl_Idle_funcList__A)
                  8282a5fc    00000004     app_pe66.oe66 (.const:ti_sysbios_knl_Semaphore_A_badContext__C)
                  8282a600    00000004     app_pe66.oe66 (.const:ti_sysbios_knl_Semaphore_A_noEvents__C)
                  8282a604    00000004     app_pe66.oe66 (.const:ti_sysbios_knl_Semaphore_A_overflow__C)
                  8282a608    00000004     app_pe66.oe66 (.const:ti_sysbios_knl_Semaphore_A_pendTaskDisabled__C)
                  8282a60c    00000004     app_pe66.oe66 (.const:ti_sysbios_knl_Semaphore_Instance_State_pendQ__O)
                  8282a610    00000004     app_pe66.oe66 (.const:ti_sysbios_knl_Semaphore_LM_pend__C)
                  8282a614    00000004     app_pe66.oe66 (.const:ti_sysbios_knl_Semaphore_LM_post__C)
                  8282a618    00000004     app_pe66.oe66 (.const:ti_sysbios_knl_Semaphore_Module__diagsEnabled__C)
                  8282a61c    00000004     app_pe66.oe66 (.const:ti_sysbios_knl_Semaphore_Module__diagsIncluded__C)
                  8282a620    00000004     app_pe66.oe66 (.const:ti_sysbios_knl_Semaphore_Module__diagsMask__C)
                  8282a624    00000004     app_pe66.oe66 (.const:ti_sysbios_knl_Semaphore_Module__loggerFxn2__C)
                  8282a628    00000004     app_pe66.oe66 (.const:ti_sysbios_knl_Semaphore_Module__loggerFxn4__C)
                  8282a62c    00000004     app_pe66.oe66 (.const:ti_sysbios_knl_Semaphore_Module__loggerObj__C)
                  8282a630    00000004     app_pe66.oe66 (.const:ti_sysbios_knl_Swi_LD_end__C)
                  8282a634    00000004     app_pe66.oe66 (.const:ti_sysbios_knl_Swi_LM_begin__C)
                  8282a638    00000004     app_pe66.oe66 (.const:ti_sysbios_knl_Swi_LM_post__C)
                  8282a63c    00000004     app_pe66.oe66 (.const:ti_sysbios_knl_Swi_Module__diagsEnabled__C)
                  8282a640    00000004     app_pe66.oe66 (.const:ti_sysbios_knl_Swi_Module__diagsIncluded__C)
                  8282a644    00000004     app_pe66.oe66 (.const:ti_sysbios_knl_Swi_Module__diagsMask__C)
                  8282a648    00000004     app_pe66.oe66 (.const:ti_sysbios_knl_Swi_Module__loggerFxn1__C)
                  8282a64c    00000004     app_pe66.oe66 (.const:ti_sysbios_knl_Swi_Module__loggerFxn4__C)
                  8282a650    00000004     app_pe66.oe66 (.const:ti_sysbios_knl_Swi_Module__loggerObj__C)
                  8282a654    00000004     app_pe66.oe66 (.const:ti_sysbios_knl_Swi_Object__count__C)
                  8282a658    00000004     app_pe66.oe66 (.const:ti_sysbios_knl_Task_A_badPriority__C)
                  8282a65c    00000004     app_pe66.oe66 (.const:ti_sysbios_knl_Task_A_badTaskState__C)
                  8282a660    00000004     app_pe66.oe66 (.const:ti_sysbios_knl_Task_A_badThreadType__C)
                  8282a664    00000004     app_pe66.oe66 (.const:ti_sysbios_knl_Task_A_badTimeout__C)
                  8282a668    00000004     app_pe66.oe66 (.const:ti_sysbios_knl_Task_A_noPendElem__C)
                  8282a66c    00000004     app_pe66.oe66 (.const:ti_sysbios_knl_Task_A_sleepTaskDisabled__C)
                  8282a670    00000004     app_pe66.oe66 (.const:ti_sysbios_knl_Task_E_spOutOfBounds__C)
                  8282a674    00000004     app_pe66.oe66 (.const:ti_sysbios_knl_Task_E_stackOverflow__C)
                  8282a678    00000004     app_pe66.oe66 (.const:ti_sysbios_knl_Task_LD_block__C)
                  8282a67c    00000004     app_pe66.oe66 (.const:ti_sysbios_knl_Task_LD_exit__C)
                  8282a680    00000004     app_pe66.oe66 (.const:ti_sysbios_knl_Task_LD_ready__C)
                  8282a684    00000004     app_pe66.oe66 (.const:ti_sysbios_knl_Task_LM_setPri__C)
                  8282a688    00000004     app_pe66.oe66 (.const:ti_sysbios_knl_Task_LM_sleep__C)
                  8282a68c    00000004     app_pe66.oe66 (.const:ti_sysbios_knl_Task_LM_switch__C)
                  8282a690    00000004     app_pe66.oe66 (.const:ti_sysbios_knl_Task_Module_State_inactiveQ__O)
                  8282a694    00000004     app_pe66.oe66 (.const:ti_sysbios_knl_Task_Module__diagsEnabled__C)
                  8282a698    00000004     app_pe66.oe66 (.const:ti_sysbios_knl_Task_Module__diagsIncluded__C)
                  8282a69c    00000004     app_pe66.oe66 (.const:ti_sysbios_knl_Task_Module__diagsMask__C)
                  8282a6a0    00000004     app_pe66.oe66 (.const:ti_sysbios_knl_Task_Module__loggerFxn2__C)
                  8282a6a4    00000004     app_pe66.oe66 (.const:ti_sysbios_knl_Task_Module__loggerFxn4__C)
                  8282a6a8    00000004     app_pe66.oe66 (.const:ti_sysbios_knl_Task_Module__loggerObj__C)
                  8282a6ac    00000004     app_pe66.oe66 (.const:ti_sysbios_knl_Task_Object__count__C)
                  8282a6b0    00000004     app_pe66.oe66 (.const:ti_sysbios_knl_Task_allBlockedFunc__C)
                  8282a6b4    00000004     app_pe66.oe66 (.const:ti_sysbios_knl_Task_defaultStackHeap__C)
                  8282a6b8    00000004     app_pe66.oe66 (.const:ti_sysbios_knl_Task_defaultStackSize__C)
                  8282a6bc    00000004     app_pe66.oe66 (.const:ti_sysbios_knl_Task_numConstructedTasks__C)
                  8282a6c0    00000004     app_pe66.oe66 (.const:ti_sysbios_timers_timer64_Timer_A_notAvailable__C)
                  8282a6c4    00000004     app_pe66.oe66 (.const:ti_sysbios_timers_timer64_Timer_E_cannotSupport__C)
                  8282a6c8    00000004     app_pe66.oe66 (.const:ti_sysbios_timers_timer64_Timer_Module__diagsEnabled__C)
                  8282a6cc    00000004     app_pe66.oe66 (.const:ti_sysbios_timers_timer64_Timer_Module__diagsIncluded__C)
                  8282a6d0    00000004     app_pe66.oe66 (.const:ti_sysbios_timers_timer64_Timer_Module__diagsMask__C)
                  8282a6d4    00000004     app_pe66.oe66 (.const:ti_sysbios_timers_timer64_Timer_anyMaskHigh__C)
                  8282a6d8    00000004     app_pe66.oe66 (.const:ti_sysbios_timers_timer64_Timer_anyMask__C)
                  8282a6dc    00000004     app_pe66.oe66 (.const:ti_sysbios_timers_timer64_Timer_freqDivisor__C)
                  8282a6e0    00000004     app_pe66.oe66 (.const:ti_sysbios_timers_timer64_Timer_numLocalTimers__C)
                  8282a6e4    00000004     app_pe66.oe66 (.const:ti_sysbios_timers_timer64_Timer_numTimerDevices__C)
                  8282a6e8    00000004     app_pe66.oe66 (.const:ti_sysbios_xdcruntime_GateThreadSupport_Instance_State_gate__O)
                  8282a6ec    00000004     app_pe66.oe66 (.const:xdc_runtime_Assert_E_assertFailed__C)
                  8282a6f0    00000004     app_pe66.oe66 (.const:xdc_runtime_Core_A_initializedParams__C)
                  8282a6f4    00000004     app_pe66.oe66 (.const:xdc_runtime_Core_Module__diagsEnabled__C)
                  8282a6f8    00000004     app_pe66.oe66 (.const:xdc_runtime_Core_Module__diagsIncluded__C)
                  8282a6fc    00000004     app_pe66.oe66 (.const:xdc_runtime_Core_Module__diagsMask__C)
                  8282a700    00000004     app_pe66.oe66 (.const:xdc_runtime_Error_E_memory__C)
                  8282a704    00000004     app_pe66.oe66 (.const:xdc_runtime_Error_Module__diagsEnabled__C)
                  8282a708    00000004     app_pe66.oe66 (.const:xdc_runtime_Error_Module__diagsIncluded__C)
                  8282a70c    00000004     app_pe66.oe66 (.const:xdc_runtime_Error_Module__diagsMask__C)
                  8282a710    00000004     app_pe66.oe66 (.const:xdc_runtime_Error_Module__loggerFxn8__C)
                  8282a714    00000004     app_pe66.oe66 (.const:xdc_runtime_Error_Module__loggerObj__C)
                  8282a718    00000004     app_pe66.oe66 (.const:xdc_runtime_Error_policyFxn__C)
                  8282a71c    00000004     app_pe66.oe66 (.const:xdc_runtime_Error_policy__C)
                  8282a720    00000004     app_pe66.oe66 (.const:xdc_runtime_Error_raiseHook__C)
                  8282a724    00000004     app_pe66.oe66 (.const:xdc_runtime_IFilterLogger_Interface__BASE__C)
                  8282a728    00000004     app_pe66.oe66 (.const:xdc_runtime_IGateProvider_Interface__BASE__C)
                  8282a72c    00000004     app_pe66.oe66 (.const:xdc_runtime_IHeap_Interface__BASE__C)
                  8282a730    00000004     app_pe66.oe66 (.const:xdc_runtime_ILogger_Interface__BASE__C)
                  8282a734    00000004     app_pe66.oe66 (.const:xdc_runtime_IModule_Interface__BASE__C)
                  8282a738    00000004     app_pe66.oe66 (.const:xdc_runtime_Log_L_error__C)
                  8282a73c    00000004     app_pe66.oe66 (.const:xdc_runtime_LoggerBuf_E_badLevel__C)
                  8282a740    00000004     app_pe66.oe66 (.const:xdc_runtime_LoggerBuf_Module__gateObj__C)
                  8282a744    00000004     app_pe66.oe66 (.const:xdc_runtime_LoggerBuf_Object__count__C)
                  8282a748    00000004     app_pe66.oe66 (.const:xdc_runtime_LoggerBuf_statusLogger__C)
                  8282a74c    00000004     app_pe66.oe66 (.const:xdc_runtime_Memory_defaultHeapInstance__C)
                  8282a750    00000004     app_pe66.oe66 (.const:xdc_runtime_Startup_execImpl__C)
                  8282a754    00000004     app_pe66.oe66 (.const:xdc_runtime_Startup_maxPasses__C)
                  8282a758    00000004     app_pe66.oe66 (.const:xdc_runtime_Startup_sfxnRts__C)
                  8282a75c    00000004     app_pe66.oe66 (.const:xdc_runtime_Startup_sfxnTab__C)
                  8282a760    00000004     app_pe66.oe66 (.const:xdc_runtime_SysMin_bufSize__C)
                  8282a764    00000004     app_pe66.oe66 (.const:xdc_runtime_SysMin_outputFunc__C)
                  8282a768    00000004     app_pe66.oe66 (.const:xdc_runtime_System_Module__gateObj__C)
                  8282a76c    00000004     app_pe66.oe66 (.const:xdc_runtime_System_abortFxn__C)
                  8282a770    00000004     app_pe66.oe66 (.const:xdc_runtime_System_exitFxn__C)
                  8282a774    00000004     app_pe66.oe66 (.const:xdc_runtime_System_extendFxn__C)
                  8282a778    00000004     app_pe66.oe66 (.const:xdc_runtime_System_maxAtexitHandlers__C)
                  8282a77c    00000004     app_pe66.oe66 (.const:xdc_runtime_Text_charTab__C)
                  8282a780    00000004     app_pe66.oe66 (.const:xdc_runtime_Text_nameEmpty__C)
                  8282a784    00000004     app_pe66.oe66 (.const:xdc_runtime_Text_nameStatic__C)
                  8282a788    00000004     app_pe66.oe66 (.const:xdc_runtime_Text_nameUnknown__C)
                  8282a78c    00000004     app_pe66.oe66 (.const:xdc_runtime_Text_nodeTab__C)
                  8282a790    00000004     app_pe66.oe66 (.const:xdc_runtime_Text_visitRopeFxn__C)
                  8282a794    00000002     app_pe66.oe66 (.const:ti_sysbios_family_c66_Cache_registerRTSSynch__C)
                  8282a796    00000002     app_pe66.oe66 (.const:ti_sysbios_family_c66_tci66xx_CpIntc_Module__id__C)
                  8282a798    00000002     app_pe66.oe66 (.const:ti_sysbios_gates_GateMutexPri_Module__id__C)
                  8282a79a    00000002     app_pe66.oe66 (.const:ti_sysbios_gates_GateMutex_Module__id__C)
                  8282a79c    00000002     app_pe66.oe66 (.const:ti_sysbios_hal_Hwi_Module__id__C)
[...]
8282a5e4  ti_sysbios_knl_Clock_Module__diagsIncluded__C                         
8282a5e8  ti_sysbios_knl_Clock_Module__diagsMask__C                             
8282a5ec  ti_sysbios_knl_Clock_Module__loggerFxn1__C                            
8282a5f0  ti_sysbios_knl_Clock_Module__loggerFxn2__C                            
8282a5f4  ti_sysbios_knl_Clock_Module__loggerObj__C                             
8282a5f8  ti_sysbios_knl_Idle_funcList__A                                       
8282a5fc  ti_sysbios_knl_Semaphore_A_badContext__C                              
8282a600  ti_sysbios_knl_Semaphore_A_noEvents__C                                
8282a604  ti_sysbios_knl_Semaphore_A_overflow__C                                
8282a608  ti_sysbios_knl_Semaphore_A_pendTaskDisabled__C                        
8282a60c  ti_sysbios_knl_Semaphore_Instance_State_pendQ__O                      
8282a610  ti_sysbios_knl_Semaphore_LM_pend__C                                   
8282a614  ti_sysbios_knl_Semaphore_LM_post__C                                   
8282a618  ti_sysbios_knl_Semaphore_Module__diagsEnabled__C                      
8282a61c  ti_sysbios_knl_Semaphore_Module__diagsIncluded__C                     
8282a620  ti_sysbios_knl_Semaphore_Module__diagsMask__C                         
8282a624  ti_sysbios_knl_Semaphore_Module__loggerFxn2__C                        
8282a628  ti_sysbios_knl_Semaphore_Module__loggerFxn4__C                        
8282a62c  ti_sysbios_knl_Semaphore_Module__loggerObj__C                         
8282a630  ti_sysbios_knl_Swi_LD_end__C                                          
8282a634  ti_sysbios_knl_Swi_LM_begin__C                                        
8282a638  ti_sysbios_knl_Swi_LM_post__C                                         
8282a63c  ti_sysbios_knl_Swi_Module__diagsEnabled__C                            
8282a640  ti_sysbios_knl_Swi_Module__diagsIncluded__C                           
8282a644  ti_sysbios_knl_Swi_Module__diagsMask__C                               
8282a648  ti_sysbios_knl_Swi_Module__loggerFxn1__C                              
8282a64c  ti_sysbios_knl_Swi_Module__loggerFxn4__C                              
8282a650  ti_sysbios_knl_Swi_Module__loggerObj__C                               
8282a654  ti_sysbios_knl_Swi_Object__count__C                                   
8282a658  ti_sysbios_knl_Task_A_badPriority__C                                  
8282a65c  ti_sysbios_knl_Task_A_badTaskState__C                                 
8282a660  ti_sysbios_knl_Task_A_badThreadType__C                                
8282a664  ti_sysbios_knl_Task_A_badTimeout__C                                   
8282a668  ti_sysbios_knl_Task_A_noPendElem__C                                   
8282a66c  ti_sysbios_knl_Task_A_sleepTaskDisabled__C                            
8282a670  ti_sysbios_knl_Task_E_spOutOfBounds__C                                
8282a674  ti_sysbios_knl_Task_E_stackOverflow__C                                
8282a678  ti_sysbios_knl_Task_LD_block__C                                       
8282a67c  ti_sysbios_knl_Task_LD_exit__C                                        
8282a680  ti_sysbios_knl_Task_LD_ready__C                                       
8282a684  ti_sysbios_knl_Task_LM_setPri__C                                      
8282a688  ti_sysbios_knl_Task_LM_sleep__C                                       
8282a68c  ti_sysbios_knl_Task_LM_switch__C                                      
8282a690  ti_sysbios_knl_Task_Module_State_inactiveQ__O                         
8282a694  ti_sysbios_knl_Task_Module__diagsEnabled__C                           
8282a698  ti_sysbios_knl_Task_Module__diagsIncluded__C                          
8282a69c  ti_sysbios_knl_Task_Module__diagsMask__C                              
8282a6a0  ti_sysbios_knl_Task_Module__loggerFxn2__C                             
8282a6a4  ti_sysbios_knl_Task_Module__loggerFxn4__C                             
8282a6a8  ti_sysbios_knl_Task_Module__loggerObj__C                              
8282a6ac  ti_sysbios_knl_Task_Object__count__C                                  
8282a6b0  ti_sysbios_knl_Task_allBlockedFunc__C                                 
8282a6b4  ti_sysbios_knl_Task_defaultStackHeap__C                               
8282a6b8  ti_sysbios_knl_Task_defaultStackSize__C                               
8282a6bc  ti_sysbios_knl_Task_numConstructedTasks__C                            
8282a6c0  ti_sysbios_timers_timer64_Timer_A_notAvailable__C                     
8282a6c4  ti_sysbios_timers_timer64_Timer_E_cannotSupport__C                    
8282a6c8  ti_sysbios_timers_timer64_Timer_Module__diagsEnabled__C               
8282a6cc  ti_sysbios_timers_timer64_Timer_Module__diagsIncluded__C              
8282a6d0  ti_sysbios_timers_timer64_Timer_Module__diagsMask__C                  
8282a6d4  ti_sysbios_timers_timer64_Timer_anyMaskHigh__C                        
8282a6d8  ti_sysbios_timers_timer64_Timer_anyMask__C                            
8282a6dc  ti_sysbios_timers_timer64_Timer_freqDivisor__C                        
8282a6e0  ti_sysbios_timers_timer64_Timer_numLocalTimers__C                     
8282a6e4  ti_sysbios_timers_timer64_Timer_numTimerDevices__C                    
8282a6e8  ti_sysbios_xdcruntime_GateThreadSupport_Instance_State_gate__O        
8282a6ec  xdc_runtime_Assert_E_assertFailed__C                                  
8282a6f0  xdc_runtime_Core_A_initializedParams__C                               
8282a6f4  xdc_runtime_Core_Module__diagsEnabled__C                              
8282a6f8  xdc_runtime_Core_Module__diagsIncluded__C                             
8282a6fc  xdc_runtime_Core_Module__diagsMask__C                                 
8282a700  xdc_runtime_Error_E_memory__C                                         
8282a704  xdc_runtime_Error_Module__diagsEnabled__C                             
8282a708  xdc_runtime_Error_Module__diagsIncluded__C                            
8282a70c  xdc_runtime_Error_Module__diagsMask__C                                
8282a710  xdc_runtime_Error_Module__loggerFxn8__C                               
8282a714  xdc_runtime_Error_Module__loggerObj__C                                
8282a718  xdc_runtime_Error_policyFxn__C                                        
8282a71c  xdc_runtime_Error_policy__C                                           
8282a720  xdc_runtime_Error_raiseHook__C                                        
8282a724  xdc_runtime_IFilterLogger_Interface__BASE__C                          
8282a728  xdc_runtime_IGateProvider_Interface__BASE__C                          
8282a72c  xdc_runtime_IHeap_Interface__BASE__C                                  
8282a730  xdc_runtime_ILogger_Interface__BASE__C                                
8282a734  xdc_runtime_IModule_Interface__BASE__C                                
8282a738  xdc_runtime_Log_L_error__C                                            
8282a73c  xdc_runtime_LoggerBuf_E_badLevel__C                                   
8282a740  xdc_runtime_LoggerBuf_Module__gateObj__C                              
8282a744  xdc_runtime_LoggerBuf_Object__count__C                                
8282a748  xdc_runtime_LoggerBuf_statusLogger__C                                 
8282a74c  xdc_runtime_Memory_defaultHeapInstance__C                             
8282a750  xdc_runtime_Startup_execImpl__C                                       
8282a754  xdc_runtime_Startup_maxPasses__C                                      
8282a758  xdc_runtime_Startup_sfxnRts__C                                        
8282a75c  xdc_runtime_Startup_sfxnTab__C                                        
8282a760  xdc_runtime_SysMin_bufSize__C                                         
8282a764  xdc_runtime_SysMin_outputFunc__C                                      
8282a768  xdc_runtime_System_Module__gateObj__C                                 
8282a76c  xdc_runtime_System_abortFxn__C                                        
8282a770  xdc_runtime_System_exitFxn__C                                         
8282a774  xdc_runtime_System_extendFxn__C                                       
8282a778  xdc_runtime_System_maxAtexitHandlers__C                               
8282a77c  xdc_runtime_Text_charTab__C                                           
8282a780  xdc_runtime_Text_nameEmpty__C                                         
8282a784  xdc_runtime_Text_nameStatic__C                                        
8282a788  xdc_runtime_Text_nameUnknown__C                                       
8282a78c  xdc_runtime_Text_nodeTab__C                                           
8282a790  xdc_runtime_Text_visitRopeFxn__C                                      
8282a794  ti_sysbios_family_c66_Cache_registerRTSSynch__C                       
8282a796  ti_sysbios_family_c66_tci66xx_CpIntc_Module__id__C                    
8282a798  ti_sysbios_gates_GateMutexPri_Module__id__C                           
8282a79a  ti_sysbios_gates_GateMutex_Module__id__C                              
8282a79c  ti_sysbios_hal_Hwi_Module__id__C                                      
8282a79e  ti_sysbios_heaps_HeapMem_Module__id__C                                
8282a7a0  ti_sysbios_knl_Clock_Module__id__C                                    
8282a7a2  ti_sysbios_knl_Clock_Module__loggerDefined__C                         
8282a7a4  ti_sysbios_knl_Semaphore_Module__id__C                                
8282a7a6  ti_sysbios_knl_Semaphore_Module__loggerDefined__C                     
8282a7a8  ti_sysbios_knl_Swi_Module__id__C                                      
8282a7aa  ti_sysbios_knl_Swi_Module__loggerDefined__C                           
8282a7ac  ti_sysbios_knl_Task_Module__id__C                                     
8282a7ae  ti_sysbios_knl_Task_Module__loggerDefined__C                          
8282a7b0  ti_sysbios_timers_timer64_Timer_Module__id__C                         
8282a7b2  ti_sysbios_timers_timer64_Timer_startupNeeded__C                      
8282a7b4  ti_sysbios_timers_timer64_Timer_useTimer64pRegMap__C                  
8282a7b6  xdc_runtime_Core_Module__id__C                                        
8282a7b8  xdc_runtime_Error_Module__loggerDefined__C                            
8282a7ba  xdc_runtime_Error_maxDepth__C                                         
8282a7bc  xdc_runtime_LoggerBuf_Module__id__C                                   
8282a7be  xdc_runtime_LoggerBuf_filterByLevel__C                                
8282a7c0  xdc_runtime_Main_Module__id__C                                        
8282a7c2  xdc_runtime_Memory_Module__id__C                                      
8282a7c4  xdc_runtime_SysMin_flushAtExit__C                                     
8282a7c6  xdc_runtime_Text_charCnt__C                                           
8282a7c8  xdc_runtime_Text_isLoaded__C                                          
8282a7ca  xdc_runtime_Text_registryModsLastId__C                                
8282a7cc  xdc_runtime_Text_unnamedModsLastId__C                                 
8282b810  ti_sysbios_family_c66_tci66xx_CpIntc_Module_State_0_dispatchTab__A    
8282bd10  ti_sysbios_family_c64p_EventCombiner_Module__state__V                 
8282c110  ti_sysbios_timers_timer64_Timer_Module_State_0_device__A              
8282c290  ti_sdo_utils_NameServer_Object__table__V                              
8282c380  uartInitCfg                                                           
8282c428  ti_sysbios_family_c66_tci66xx_CpIntc_Module_State_0_hostIntToSysInt__A
8282c4c0  ti_sysbios_knl_Swi_Module_State_0_readyQ__A                           
8282c540  ti_sysbios_knl_Task_Module_State_0_readyQ__A                          
8282c5c0  ti_sysbios_timers_timer64_Timer_Module_State_0_gctrl__A               
8282c640  ti_sysbios_timers_timer64_Timer_Module_State_0_handles__A             
8282c6c0  ti_sysbios_timers_timer64_Timer_Module_State_0_intFreqs__A            
8282c740  ti_sysbios_family_c64p_Hwi_Module__state__V                           
8282c7ac  ti_sdo_ipc_MessageQ_Module__state__V                                  
8282c814  _lock                                                                 
8282c818  ti_sysbios_knl_Task_Object__table__V                                  
8282c874  _unlock                                                               
8282c878  ti_sysbios_timers_timer64_Timer_Object__table__V                      
8282c8c8  ti_sysbios_knl_Task_Module__state__V                                  
8282c910  ti_sysbios_gates_GateMutex_Object__table__V                           
8282c950  gOsal_HwAttrs                                                         
8282c980  ti_sysbios_family_c64p_Exception_Module__state__V                     
8282c9b0  ti_sysbios_knl_Swi_Object__table__V                                   
8282c9e0  ti_sysbios_knl_Clock_Module__state__V                                 
8282ca0c  ti_sysbios_BIOS_Module__state__V                                      
8282ca30  xdc_runtime_LoggerBuf_Object__table__V                                
8282ca54  xdc_runtime_Memory_Module__state__V                                   
8282ca58  ti_sdo_ipc_MessageQ_Module_State_0_heaps__A                           
8282ca78  xdc_runtime_Error_IgnoreBlock                                         
8282ca98  ti_sysbios_knl_Swi_Module__state__V                                   
8282cab4  xdc_runtime_Error_Module__state__V                                    
8282cab8  ti_sysbios_family_c64p_Hwi_Object__table__V                           
8282cad0  ti_sysbios_heaps_HeapMem_Object__table__V                             
8282cae8  ti_sysbios_timers_timer64_Timer_Module__state__V                      
8282cb00  ti_sysbios_family_c66_tci66xx_CpIntc_Module_State_0_initSIER__A       
8282cb18  cpsgmiiPortBaseAddr                                                   
8282cb28  ti_sysbios_family_c66_tci66xx_CpIntc_Module_State_0_controller__A     
8282cb38  ti_sysbios_family_c66_tci66xx_CpIntc_Module__state__V                 
8282cb48  xdc_runtime_System_Module_State_0_atexitHandlers__A                   
8282cb58  __TI_cleanup_ptr                                                      
8282cb5c  __TI_dtors_ptr                                                        
8282cb60  __TI_enable_exit_profile_output                                       
8282cb64  xdc_runtime_SysMin_Module__state__V                                   
8282cb70  ti_sdo_ipc_MessageQ_Module_State_0_transports__A                      
8282cb78  ti_sdo_ipc_Notify_Module__root__V                                     
8282cb80  ti_sdo_ipc_Notify_Module__state__V                                    
8282cb88  ti_sdo_utils_List_Module__root__V                                     
8282cb90  ti_sdo_utils_MultiProc_Module__state__V                               
8282cb98  ti_sysbios_family_c64p_Hwi_Module__root__V                            
8282cba0  ti_sysbios_gates_GateHwi_Module__root__V                              
8282cba8  ti_sysbios_gates_GateMutexPri_Module__root__V                         
8282cbb0  ti_sysbios_gates_GateMutex_Module__root__V                            
8282cbb8  ti_sysbios_hal_Hwi_Object__table__V                                   
8282cbc0  ti_sysbios_heaps_HeapMem_Module__root__V                              
8282cbc8  ti_sysbios_knl_Queue_Module__root__V                                  
8282cbd0  ti_sysbios_knl_Semaphore_Module__root__V                              
8282cbd8  ti_sysbios_knl_Task_Module__root__V                                   
8282cbe0  ti_sysbios_xdcruntime_GateThreadSupport_Module__root__V               
8282cbe8  uart_stdio                                                            
8282cbf0  xdc_runtime_LoggerBuf_Module__root__V                                 
8282cbf8  xdc_runtime_Registry_Module__state__V                                 
8282cc00  xdc_runtime_Startup_Module__state__V                                  
8282cc08  xdc_runtime_System_Module__state__V                                   
8282cc10  xdc_runtime_knl_GateThread_Module__root__V                            
8282cc18  xdc_runtime_LoggerBuf_Module__state__V                                
8282cc20  ti_sdo_ipc_Notify_Module_State_0_notifyHandles_0__A                   
8282cc28  ti_sdo_ipc_Notify_Module_State_0_notifyHandles__A                     
8282cc30  ti_sysbios_gates_GateHwi_Object__table__V                             
8282cc38  ti_sysbios_knl_Task_Module_State_0_idleTask__A                        
8282cc40  ti_sdo_utils_MultiProc_Module_State_0_clusterProcList__A              
8282cc48  __CIOBUF_                                                             
8282cda0  __TI_STATIC_BASE                                                      
8282cda0  gOsalSemAllocCnt                                                      
8282cda4  gOsalSemPeak                                                          
8282cda8  gOsalTimerAllocCnt                                                    
8282cdac  gOsalTimerPeak                                                        
8282cdb0  gOsalHwiAllocCnt                                                      
8282cdb4  gOsalHwiPeak                                                          
8282cdbc  core_ID                                                               
8282d000  ti_sysbios_family_c64p_Hwi0                                           
8282d000  ti_sysbios_family_c64p_Hwi_int0                                       
8282d020  ti_sysbios_family_c64p_Hwi_int1                                       
8282d040  ti_sysbios_family_c64p_Hwi_int2                                       
8282d060  ti_sysbios_family_c64p_Hwi_int3                                       
8282d080  ti_sysbios_family_c64p_Hwi_int4                                       
8282d0a0  ti_sysbios_family_c64p_Hwi_int5                                       
8282d0c0  ti_sysbios_family_c64p_Hwi_int6                                       
8282d0e0  ti_sysbios_family_c64p_Hwi_int7                                       
8282d100  ti_sysbios_family_c64p_Hwi_int8                                       
8282d120  ti_sysbios_family_c64p_Hwi_int9                                       
8282d140  ti_sysbios_family_c64p_Hwi_int10                                      
8282d160  ti_sysbios_family_c64p_Hwi_int11                                      
8282d180  ti_sysbios_family_c64p_Hwi_int12                                      
8282d1a0  ti_sysbios_family_c64p_Hwi_int13                                      
8282d1c0  ti_sysbios_family_c64p_Hwi_int14                                      
8282d1e0  ti_sysbios_family_c64p_Hwi_int15                                      
8282e1fc  __TI_Handler_Table_Base                                               
8282e204  __TI_Handler_Table_Limit                                              
8282e210  __TI_CINIT_Base                                                       
8282e230  __TI_CINIT_Limit                                                      
ffffffff  __TI_pprof_out_hndl                                                   
ffffffff  __TI_prof_data_size                                                   
ffffffff  __TI_prof_data_start                                                  
ffffffff  __binit__                                                             
ffffffff  __c_args__                                                            
ffffffff  binit                                                                 
UNDEFED   __TI_INITARRAY_Base                                                   
UNDEFED   __TI_INITARRAY_Limit                                                  
UNDEFED   __TI_TLS_INIT_Base                                                    
UNDEFED   __TI_TLS_INIT_Limit                                                   

[875 symbols]
