******************************************************************************
               TMS320C6x Linker PC v8.3.2                      
******************************************************************************
>> Linked Thu Jul 11 09:44:00 2019

OUTPUT FILE NAME:   <5G_platform_test.out>
ENTRY POINT SYMBOL: "_c_int00"  address: 82843e40


MEMORY CONFIGURATION

         name            origin    length      used     unused   attr    fill
----------------------  --------  ---------  --------  --------  ----  --------
  L1PSRAM               00e00000   00007fff  00000000  00007fff  RW X
  L1DSRAM               00f00000   00007fff  00000000  00007fff  RW X
  MSMCSRAM              0c000000   00200000  00000000  00200000  RW X
  L2SRAM                10800000   00100000  0000a000  000f6000  RW X
  DDR3                  82802800   017fd800  000417ec  017bc014  RW X


SEGMENT ALLOCATION MAP

run origin  load origin   length   init length attrs members
----------  ----------- ---------- ----------- ----- -------
10800000    10800000    0000a000   00000000    rw-
  10800000    10800000    0000a000   00000000    rw- .stack
82802800    82802800    00041000   00000000    rw-
  82802800    82802800    00041000   00000000    rw- .sysmem
82843800    82843800    000007c0   000007c0    r-x
  82843800    82843800    000007c0   000007c0    r-x .text
82843fc0    82843fc0    0000000c   00000000    rw-
  82843fc0    82843fc0    0000000c   00000000    rw- .fardata
82843fd0    82843fd0    00000020   00000020    r--
  82843fd0    82843fd0    00000020   00000020    r-- .cinit


SECTION ALLOCATION MAP

 output                                  attributes/
section   page    origin      length       input sections
--------  ----  ----------  ----------   ----------------
.text      0    82843800    000007c0     
                  82843800    00000160     main.obj (.text)
                  82843960    00000100     rts6600_elf.lib : copy_decompress_rle.c.obj (.text:__TI_decompress_rle_core)
                  82843a60    000000e0                     : exit.c.obj (.text:exit)
                  82843b40    000000e0                     : memset.c.obj (.text:memset)
                  82843c20    000000c0                     : autoinit.c.obj (.text:__TI_auto_init_nobinit_nopinit:__TI_auto_init_nobinit_nopinit)
                  82843ce0    000000c0                     : tls.c.obj (.text:tls:init:__TI_tls_init)
                  82843da0    000000a0                     : memcpy64.asm.obj (.text:memcpy)
                  82843e40    00000080                     : boot.c.obj (.text:_c_int00)
                  82843ec0    00000040                     : args_main.c.obj (.text:_args_main)
                  82843f00    00000020     ti.csl.ae66 : csl_gpioGetBaseAddress.oe66 (.text:CSL_GPIO_open)
                  82843f20    00000020     rts6600_elf.lib : startup.c.obj (.text:_system_post_cinit)
                  82843f40    00000020                     : pre_init.c.obj (.text:_system_pre_init)
                  82843f60    00000020                     : exit.c.obj (.text:abort)
                  82843f80    00000020                     : copy_decompress_none.c.obj (.text:decompress:none:__TI_decompress_none)
                  82843fa0    00000020                     : copy_decompress_rle.c.obj (.text:decompress:rle24:__TI_decompress_rle24)

.stack     0    10800000    0000a000     UNINITIALIZED
                  10800000    00000008     rts6600_elf.lib : boot.c.obj (.stack)
                  10800008    00009ff8     --HOLE--

.cinit     0    82843fd0    00000020     
                  82843fd0    0000000d     (.cinit..fardata.load) [load image, compression = rle]
                  82843fdd    00000003     --HOLE-- [fill = 0]
                  82843fe0    00000008     (__TI_handler_table)
                  82843fe8    00000008     (__TI_cinit_table)

.sysmem    0    82802800    00041000     UNINITIALIZED
                  82802800    00000008     rts6600_elf.lib : memory.c.obj (.sysmem)
                  82802808    00040ff8     --HOLE--

.fardata   0    82843fc0    0000000c     UNINITIALIZED
                  82843fc0    0000000c     rts6600_elf.lib : exit.c.obj (.fardata)

MODULE SUMMARY

       Module                        code   ro data   rw data
       ------                        ----   -------   -------
    .\
       main.obj                      352    0         0      
    +--+-----------------------------+------+---------+---------+
       Total:                        352    0         0      
                                                             
    C:/ti/pdk/6678/pdk_c667x_2_0_13/packages/ti/csl/lib/c6678/c66/release/ti.csl.ae66
       csl_gpioGetBaseAddress.oe66   32     0         0      
    +--+-----------------------------+------+---------+---------+
       Total:                        32     0         0      
                                                             
    C:\ti\ccs901\ccs\tools\compiler\ti-cgt-c6000_8.3.2\lib\rts6600_elf.lib
       copy_decompress_rle.c.obj     288    0         0      
       exit.c.obj                    256    0         12     
       memset.c.obj                  224    0         0      
       autoinit.c.obj                192    0         0      
       tls.c.obj                     192    0         0      
       memcpy64.asm.obj              160    0         0      
       boot.c.obj                    128    0         0      
       args_main.c.obj               64     0         0      
       copy_decompress_none.c.obj    32     0         0      
       pre_init.c.obj                32     0         0      
       startup.c.obj                 32     0         0      
    +--+-----------------------------+------+---------+---------+
       Total:                        1600   0         12     
                                                             
       Heap:                         0      0         266240 
       Stack:                        0      0         40960  
       Linker Generated:             0      29        0      
    +--+-----------------------------+------+---------+---------+
       Grand Total:                  1984   29        307212 


LINKER GENERATED COPY TABLES

__TI_cinit_table @ 82843fe8 records: 1, size/record: 8, table size: 8
	.fardata: load addr=82843fd0, load size=0000000d bytes, run addr=82843fc0, run size=0000000c bytes, compression=rle


LINKER GENERATED HANDLER TABLE

__TI_handler_table @ 82843fe0 records: 2, size/record: 4, table size: 8
	index: 0, handler: __TI_decompress_rle24
	index: 1, handler: __TI_decompress_none


GLOBAL SYMBOLS: SORTED ALPHABETICALLY BY Name 

address   name                           
-------   ----                           
82843f60  C$$EXIT                        
82843f00  CSL_GPIO_open                  
82843fe8  __TI_CINIT_Base                
82843ff0  __TI_CINIT_Limit               
82843fe0  __TI_Handler_Table_Base        
82843fe8  __TI_Handler_Table_Limit       
1080a000  __TI_STACK_END                 
0000a000  __TI_STACK_SIZE                
00000000  __TI_STATIC_BASE               
00041000  __TI_SYSMEM_SIZE               
UNDEFED   __TI_TLS_INIT_Base             
UNDEFED   __TI_TLS_INIT_Limit            
82843c20  __TI_auto_init_nobinit_nopinit 
82843fc0  __TI_cleanup_ptr               
82843f80  __TI_decompress_none           
82843fa0  __TI_decompress_rle24          
82843fc4  __TI_dtors_ptr                 
82843fc8  __TI_enable_exit_profile_output
ffffffff  __TI_pprof_out_hndl            
ffffffff  __TI_prof_data_size            
ffffffff  __TI_prof_data_start           
82843ce0  __TI_tls_init                  
ffffffff  __binit__                      
ffffffff  __c_args__                     
82843ec0  _args_main                     
82843e40  _c_int00                       
10800000  _stack                         
82802800  _sys_memory                    
82843f20  _system_post_cinit             
82843f40  _system_pre_init               
82843f60  abort                          
ffffffff  binit                          
82843898  delay_ms                       
82843a60  exit                           
828438e0  main                           
82843da0  memcpy                         
82843b40  memset                         
8284384c  mygpioClearOutput              
82843800  mygpioSetOutput                


GLOBAL SYMBOLS: SORTED BY Symbol Address 

address   name                           
-------   ----                           
00000000  __TI_STATIC_BASE               
0000a000  __TI_STACK_SIZE                
00041000  __TI_SYSMEM_SIZE               
10800000  _stack                         
1080a000  __TI_STACK_END                 
82802800  _sys_memory                    
82843800  mygpioSetOutput                
8284384c  mygpioClearOutput              
82843898  delay_ms                       
828438e0  main                           
82843a60  exit                           
82843b40  memset                         
82843c20  __TI_auto_init_nobinit_nopinit 
82843ce0  __TI_tls_init                  
82843da0  memcpy                         
82843e40  _c_int00                       
82843ec0  _args_main                     
82843f00  CSL_GPIO_open                  
82843f20  _system_post_cinit             
82843f40  _system_pre_init               
82843f60  C$$EXIT                        
82843f60  abort                          
82843f80  __TI_decompress_none           
82843fa0  __TI_decompress_rle24          
82843fc0  __TI_cleanup_ptr               
82843fc4  __TI_dtors_ptr                 
82843fc8  __TI_enable_exit_profile_output
82843fe0  __TI_Handler_Table_Base        
82843fe8  __TI_CINIT_Base                
82843fe8  __TI_Handler_Table_Limit       
82843ff0  __TI_CINIT_Limit               
ffffffff  __TI_pprof_out_hndl            
ffffffff  __TI_prof_data_size            
ffffffff  __TI_prof_data_start           
ffffffff  __binit__                      
ffffffff  __c_args__                     
ffffffff  binit                          
UNDEFED   __TI_TLS_INIT_Base             
UNDEFED   __TI_TLS_INIT_Limit            

[39 symbols]
