<?xml version="1.0" encoding="ISO-8859-1" ?>
<link_info>
   <banner>TMS320C6x Linker PC v8.3.3</banner>
   <copyright>Copyright (c) 1996-2018 Texas Instruments Incorporated</copyright>
   <link_time>0x5d1491c9</link_time>
   <link_errors>0x0</link_errors>
   <output_file>SBL.out</output_file>
   <entry_point>
      <name>_c_int00</name>
      <address>0x80023920</address>
   </entry_point>
   <input_file_list>
      <input_file id="fl-2">
         <path>.\</path>
         <kind>object</kind>
         <file>main.obj</file>
         <name>main.obj</name>
      </input_file>
      <input_file id="fl-3">
         <path>.\</path>
         <kind>object</kind>
         <file>platform_osal_function.obj</file>
         <name>platform_osal_function.obj</name>
      </input_file>
      <input_file id="fl-a">
         <kind>object</kind>
         <file>&lt;internal&gt;</file>
         <name>&lt;internal&gt;</name>
      </input_file>
      <input_file id="fl-24">
         <path>C:\ti\ccs901\ccs\tools\compiler\ti-cgt-c6000_8.3.3\lib\</path>
         <kind>archive</kind>
         <file>rts6600_elf.lib</file>
         <name>printf.c.obj</name>
      </input_file>
      <input_file id="fl-25">
         <path>C:\ti\ccs901\ccs\tools\compiler\ti-cgt-c6000_8.3.3\lib\</path>
         <kind>archive</kind>
         <file>rts6600_elf.lib</file>
         <name>_printfi.c.obj</name>
      </input_file>
      <input_file id="fl-26">
         <path>C:\ti\ccs901\ccs\tools\compiler\ti-cgt-c6000_8.3.3\lib\</path>
         <kind>archive</kind>
         <file>rts6600_elf.lib</file>
         <name>fputc.c.obj</name>
      </input_file>
      <input_file id="fl-27">
         <path>C:\ti\ccs901\ccs\tools\compiler\ti-cgt-c6000_8.3.3\lib\</path>
         <kind>archive</kind>
         <file>rts6600_elf.lib</file>
         <name>fputs.c.obj</name>
      </input_file>
      <input_file id="fl-28">
         <path>C:\ti\ccs901\ccs\tools\compiler\ti-cgt-c6000_8.3.3\lib\</path>
         <kind>archive</kind>
         <file>rts6600_elf.lib</file>
         <name>_io_perm.c.obj</name>
      </input_file>
      <input_file id="fl-29">
         <path>C:\ti\ccs901\ccs\tools\compiler\ti-cgt-c6000_8.3.3\lib\</path>
         <kind>archive</kind>
         <file>rts6600_elf.lib</file>
         <name>setvbuf.c.obj</name>
      </input_file>
      <input_file id="fl-2a">
         <path>C:\ti\ccs901\ccs\tools\compiler\ti-cgt-c6000_8.3.3\lib\</path>
         <kind>archive</kind>
         <file>rts6600_elf.lib</file>
         <name>push.asm.obj</name>
      </input_file>
      <input_file id="fl-2b">
         <path>C:\ti\ccs901\ccs\tools\compiler\ti-cgt-c6000_8.3.3\lib\</path>
         <kind>archive</kind>
         <file>rts6600_elf.lib</file>
         <name>divu.asm.obj</name>
      </input_file>
      <input_file id="fl-2c">
         <path>C:\ti\ccs901\ccs\tools\compiler\ti-cgt-c6000_8.3.3\lib\</path>
         <kind>archive</kind>
         <file>rts6600_elf.lib</file>
         <name>memcpy64.asm.obj</name>
      </input_file>
      <input_file id="fl-2d">
         <path>C:\ti\ccs901\ccs\tools\compiler\ti-cgt-c6000_8.3.3\lib\</path>
         <kind>archive</kind>
         <file>rts6600_elf.lib</file>
         <name>boot.c.obj</name>
      </input_file>
      <input_file id="fl-2e">
         <path>C:\ti\ccs901\ccs\tools\compiler\ti-cgt-c6000_8.3.3\lib\</path>
         <kind>archive</kind>
         <file>rts6600_elf.lib</file>
         <name>imath40.c.obj</name>
      </input_file>
      <input_file id="fl-2f">
         <path>C:\ti\ccs901\ccs\tools\compiler\ti-cgt-c6000_8.3.3\lib\</path>
         <kind>archive</kind>
         <file>rts6600_elf.lib</file>
         <name>imath64.c.obj</name>
      </input_file>
      <input_file id="fl-30">
         <path>C:\ti\ccs901\ccs\tools\compiler\ti-cgt-c6000_8.3.3\lib\</path>
         <kind>archive</kind>
         <file>rts6600_elf.lib</file>
         <name>llshift.c.obj</name>
      </input_file>
      <input_file id="fl-31">
         <path>C:\ti\ccs901\ccs\tools\compiler\ti-cgt-c6000_8.3.3\lib\</path>
         <kind>archive</kind>
         <file>rts6600_elf.lib</file>
         <name>memset.c.obj</name>
      </input_file>
      <input_file id="fl-32">
         <path>C:\ti\ccs901\ccs\tools\compiler\ti-cgt-c6000_8.3.3\lib\</path>
         <kind>archive</kind>
         <file>rts6600_elf.lib</file>
         <name>autoinit.c.obj</name>
      </input_file>
      <input_file id="fl-33">
         <path>C:\ti\ccs901\ccs\tools\compiler\ti-cgt-c6000_8.3.3\lib\</path>
         <kind>archive</kind>
         <file>rts6600_elf.lib</file>
         <name>pre_init.c.obj</name>
      </input_file>
      <input_file id="fl-34">
         <path>C:\ti\ccs901\ccs\tools\compiler\ti-cgt-c6000_8.3.3\lib\</path>
         <kind>archive</kind>
         <file>rts6600_elf.lib</file>
         <name>startup.c.obj</name>
      </input_file>
      <input_file id="fl-35">
         <path>C:\ti\ccs901\ccs\tools\compiler\ti-cgt-c6000_8.3.3\lib\</path>
         <kind>archive</kind>
         <file>rts6600_elf.lib</file>
         <name>cpy_tbl.c.obj</name>
      </input_file>
      <input_file id="fl-36">
         <path>C:\ti\ccs901\ccs\tools\compiler\ti-cgt-c6000_8.3.3\lib\</path>
         <kind>archive</kind>
         <file>rts6600_elf.lib</file>
         <name>copy_zero_init.c.obj</name>
      </input_file>
      <input_file id="fl-37">
         <path>C:\ti\ccs901\ccs\tools\compiler\ti-cgt-c6000_8.3.3\lib\</path>
         <kind>archive</kind>
         <file>rts6600_elf.lib</file>
         <name>copy_decompress_none.c.obj</name>
      </input_file>
      <input_file id="fl-38">
         <path>C:\ti\ccs901\ccs\tools\compiler\ti-cgt-c6000_8.3.3\lib\</path>
         <kind>archive</kind>
         <file>rts6600_elf.lib</file>
         <name>copy_decompress_rle.c.obj</name>
      </input_file>
      <input_file id="fl-39">
         <path>C:\ti\ccs901\ccs\tools\compiler\ti-cgt-c6000_8.3.3\lib\</path>
         <kind>archive</kind>
         <file>rts6600_elf.lib</file>
         <name>frexp.c.obj</name>
      </input_file>
      <input_file id="fl-3a">
         <path>C:\ti\ccs901\ccs\tools\compiler\ti-cgt-c6000_8.3.3\lib\</path>
         <kind>archive</kind>
         <file>rts6600_elf.lib</file>
         <name>isinf.c.obj</name>
      </input_file>
      <input_file id="fl-3b">
         <path>C:\ti\ccs901\ccs\tools\compiler\ti-cgt-c6000_8.3.3\lib\</path>
         <kind>archive</kind>
         <file>rts6600_elf.lib</file>
         <name>ldexp.c.obj</name>
      </input_file>
      <input_file id="fl-3c">
         <path>C:\ti\ccs901\ccs\tools\compiler\ti-cgt-c6000_8.3.3\lib\</path>
         <kind>archive</kind>
         <file>rts6600_elf.lib</file>
         <name>signbit.c.obj</name>
      </input_file>
      <input_file id="fl-3d">
         <path>C:\ti\ccs901\ccs\tools\compiler\ti-cgt-c6000_8.3.3\lib\</path>
         <kind>archive</kind>
         <file>rts6600_elf.lib</file>
         <name>divd.c.obj</name>
      </input_file>
      <input_file id="fl-3e">
         <path>C:\ti\ccs901\ccs\tools\compiler\ti-cgt-c6000_8.3.3\lib\</path>
         <kind>archive</kind>
         <file>rts6600_elf.lib</file>
         <name>frcmpyd_div.c.obj</name>
      </input_file>
      <input_file id="fl-3f">
         <path>C:\ti\ccs901\ccs\tools\compiler\ti-cgt-c6000_8.3.3\lib\</path>
         <kind>archive</kind>
         <file>rts6600_elf.lib</file>
         <name>exit.c.obj</name>
      </input_file>
      <input_file id="fl-40">
         <path>C:\ti\ccs901\ccs\tools\compiler\ti-cgt-c6000_8.3.3\lib\</path>
         <kind>archive</kind>
         <file>rts6600_elf.lib</file>
         <name>memory.c.obj</name>
      </input_file>
      <input_file id="fl-41">
         <path>C:\ti\ccs901\ccs\tools\compiler\ti-cgt-c6000_8.3.3\lib\</path>
         <kind>archive</kind>
         <file>rts6600_elf.lib</file>
         <name>_lock.c.obj</name>
      </input_file>
      <input_file id="fl-42">
         <path>C:\ti\ccs901\ccs\tools\compiler\ti-cgt-c6000_8.3.3\lib\</path>
         <kind>archive</kind>
         <file>rts6600_elf.lib</file>
         <name>_ltoa.c.obj</name>
      </input_file>
      <input_file id="fl-43">
         <path>C:\ti\ccs901\ccs\tools\compiler\ti-cgt-c6000_8.3.3\lib\</path>
         <kind>archive</kind>
         <file>rts6600_elf.lib</file>
         <name>args_main.c.obj</name>
      </input_file>
      <input_file id="fl-44">
         <path>C:\ti\ccs901\ccs\tools\compiler\ti-cgt-c6000_8.3.3\lib\</path>
         <kind>archive</kind>
         <file>rts6600_elf.lib</file>
         <name>atoi.c.obj</name>
      </input_file>
      <input_file id="fl-45">
         <path>C:\ti\ccs901\ccs\tools\compiler\ti-cgt-c6000_8.3.3\lib\</path>
         <kind>archive</kind>
         <file>rts6600_elf.lib</file>
         <name>ctype.c.obj</name>
      </input_file>
      <input_file id="fl-46">
         <path>C:\ti\ccs901\ccs\tools\compiler\ti-cgt-c6000_8.3.3\lib\</path>
         <kind>archive</kind>
         <file>rts6600_elf.lib</file>
         <name>defs.c.obj</name>
      </input_file>
      <input_file id="fl-47">
         <path>C:\ti\ccs901\ccs\tools\compiler\ti-cgt-c6000_8.3.3\lib\</path>
         <kind>archive</kind>
         <file>rts6600_elf.lib</file>
         <name>memccpy.c.obj</name>
      </input_file>
      <input_file id="fl-48">
         <path>C:\ti\ccs901\ccs\tools\compiler\ti-cgt-c6000_8.3.3\lib\</path>
         <kind>archive</kind>
         <file>rts6600_elf.lib</file>
         <name>write.c.obj</name>
      </input_file>
      <input_file id="fl-49">
         <path>C:\ti\ccs901\ccs\tools\compiler\ti-cgt-c6000_8.3.3\lib\</path>
         <kind>archive</kind>
         <file>rts6600_elf.lib</file>
         <name>tls.c.obj</name>
      </input_file>
      <input_file id="fl-4a">
         <path>C:\ti\ccs901\ccs\tools\compiler\ti-cgt-c6000_8.3.3\lib\</path>
         <kind>archive</kind>
         <file>rts6600_elf.lib</file>
         <name>llabs.c.obj</name>
      </input_file>
      <input_file id="fl-4b">
         <path>C:\ti\ccs901\ccs\tools\compiler\ti-cgt-c6000_8.3.3\lib\</path>
         <kind>archive</kind>
         <file>rts6600_elf.lib</file>
         <name>errno.c.obj</name>
      </input_file>
      <input_file id="fl-4c">
         <path>C:\ti\ccs901\ccs\tools\compiler\ti-cgt-c6000_8.3.3\lib\</path>
         <kind>archive</kind>
         <file>rts6600_elf.lib</file>
         <name>wcslen.c.obj</name>
      </input_file>
      <input_file id="fl-4d">
         <path>C:\ti\ccs901\ccs\tools\compiler\ti-cgt-c6000_8.3.3\lib\</path>
         <kind>archive</kind>
         <file>rts6600_elf.lib</file>
         <name>fflush.c.obj</name>
      </input_file>
      <input_file id="fl-4e">
         <path>C:\ti\ccs901\ccs\tools\compiler\ti-cgt-c6000_8.3.3\lib\</path>
         <kind>archive</kind>
         <file>rts6600_elf.lib</file>
         <name>fopen.c.obj</name>
      </input_file>
      <input_file id="fl-4f">
         <path>C:\ti\ccs901\ccs\tools\compiler\ti-cgt-c6000_8.3.3\lib\</path>
         <kind>archive</kind>
         <file>rts6600_elf.lib</file>
         <name>fseek.c.obj</name>
      </input_file>
      <input_file id="fl-50">
         <path>C:\ti\ccs901\ccs\tools\compiler\ti-cgt-c6000_8.3.3\lib\</path>
         <kind>archive</kind>
         <file>rts6600_elf.lib</file>
         <name>tls_get_tp.asm.obj</name>
      </input_file>
      <input_file id="fl-51">
         <path>C:\ti\ccs901\ccs\tools\compiler\ti-cgt-c6000_8.3.3\lib\</path>
         <kind>archive</kind>
         <file>rts6600_elf.lib</file>
         <name>lseek.c.obj</name>
      </input_file>
      <input_file id="fl-52">
         <path>C:\ti\ccs901\ccs\tools\compiler\ti-cgt-c6000_8.3.3\lib\</path>
         <kind>archive</kind>
         <file>rts6600_elf.lib</file>
         <name>open.c.obj</name>
      </input_file>
      <input_file id="fl-53">
         <path>C:\ti\ccs901\ccs\tools\compiler\ti-cgt-c6000_8.3.3\lib\</path>
         <kind>archive</kind>
         <file>rts6600_elf.lib</file>
         <name>hostclose.c.obj</name>
      </input_file>
      <input_file id="fl-54">
         <path>C:\ti\ccs901\ccs\tools\compiler\ti-cgt-c6000_8.3.3\lib\</path>
         <kind>archive</kind>
         <file>rts6600_elf.lib</file>
         <name>hostlseek.c.obj</name>
      </input_file>
      <input_file id="fl-55">
         <path>C:\ti\ccs901\ccs\tools\compiler\ti-cgt-c6000_8.3.3\lib\</path>
         <kind>archive</kind>
         <file>rts6600_elf.lib</file>
         <name>hostopen.c.obj</name>
      </input_file>
      <input_file id="fl-56">
         <path>C:\ti\ccs901\ccs\tools\compiler\ti-cgt-c6000_8.3.3\lib\</path>
         <kind>archive</kind>
         <file>rts6600_elf.lib</file>
         <name>hostread.c.obj</name>
      </input_file>
      <input_file id="fl-57">
         <path>C:\ti\ccs901\ccs\tools\compiler\ti-cgt-c6000_8.3.3\lib\</path>
         <kind>archive</kind>
         <file>rts6600_elf.lib</file>
         <name>hostrename.c.obj</name>
      </input_file>
      <input_file id="fl-58">
         <path>C:\ti\ccs901\ccs\tools\compiler\ti-cgt-c6000_8.3.3\lib\</path>
         <kind>archive</kind>
         <file>rts6600_elf.lib</file>
         <name>hostunlink.c.obj</name>
      </input_file>
      <input_file id="fl-59">
         <path>C:\ti\ccs901\ccs\tools\compiler\ti-cgt-c6000_8.3.3\lib\</path>
         <kind>archive</kind>
         <file>rts6600_elf.lib</file>
         <name>hostwrite.c.obj</name>
      </input_file>
      <input_file id="fl-5a">
         <path>C:\ti\ccs901\ccs\tools\compiler\ti-cgt-c6000_8.3.3\lib\</path>
         <kind>archive</kind>
         <file>rts6600_elf.lib</file>
         <name>trgmsg.c.obj</name>
      </input_file>
      <input_file id="fl-5b">
         <path>C:\ti\ccs901\ccs\tools\compiler\ti-cgt-c6000_8.3.3\lib\</path>
         <kind>archive</kind>
         <file>rts6600_elf.lib</file>
         <name>fclose.c.obj</name>
      </input_file>
      <input_file id="fl-5c">
         <path>C:\ti\ccs901\ccs\tools\compiler\ti-cgt-c6000_8.3.3\lib\</path>
         <kind>archive</kind>
         <file>rts6600_elf.lib</file>
         <name>getdevice.c.obj</name>
      </input_file>
      <input_file id="fl-5d">
         <path>C:\ti\ccs901\ccs\tools\compiler\ti-cgt-c6000_8.3.3\lib\</path>
         <kind>archive</kind>
         <file>rts6600_elf.lib</file>
         <name>close.c.obj</name>
      </input_file>
      <input_file id="fl-5e">
         <path>C:\ti\ccs901\ccs\tools\compiler\ti-cgt-c6000_8.3.3\lib\</path>
         <kind>archive</kind>
         <file>rts6600_elf.lib</file>
         <name>remove.c.obj</name>
      </input_file>
      <input_file id="fl-5f">
         <path>C:\ti\ccs901\ccs\tools\compiler\ti-cgt-c6000_8.3.3\lib\</path>
         <kind>archive</kind>
         <file>rts6600_elf.lib</file>
         <name>unlink.c.obj</name>
      </input_file>
      <input_file id="fl-60">
         <path>C:\ti\pdk\6678\pdk_c667x_2_0_13\packages\ti\platform\evmc6678l\platform_lib\lib\release\</path>
         <kind>archive</kind>
         <file>ti.platform.cyhc5Gboard.ae66</file>
         <name>platform.oe66</name>
      </input_file>
      <input_file id="fl-61">
         <path>C:\ti\pdk\6678\pdk_c667x_2_0_13\packages\ti\platform\evmc6678l\platform_lib\lib\release\</path>
         <kind>archive</kind>
         <file>ti.platform.cyhc5Gboard.ae66</file>
         <name>evm66x_i2c.oe66</name>
      </input_file>
      <input_file id="fl-62">
         <path>C:\ti\pdk\6678\pdk_c667x_2_0_13\packages\ti\platform\evmc6678l\platform_lib\lib\release\</path>
         <kind>archive</kind>
         <file>ti.platform.cyhc5Gboard.ae66</file>
         <name>evm66x_nand.oe66</name>
      </input_file>
      <input_file id="fl-63">
         <path>C:\ti\pdk\6678\pdk_c667x_2_0_13\packages\ti\platform\evmc6678l\platform_lib\lib\release\</path>
         <kind>archive</kind>
         <file>ti.platform.cyhc5Gboard.ae66</file>
         <name>evmc6678.oe66</name>
      </input_file>
      <input_file id="fl-64">
         <path>C:\ti\pdk\6678\pdk_c667x_2_0_13\packages\ti\platform\evmc6678l\platform_lib\lib\release\</path>
         <kind>archive</kind>
         <file>ti.platform.cyhc5Gboard.ae66</file>
         <name>evmc6678_phy.oe66</name>
      </input_file>
      <input_file id="fl-65">
         <path>C:\ti\pdk\6678\pdk_c667x_2_0_13\packages\ti\platform\evmc6678l\platform_lib\lib\release\</path>
         <kind>archive</kind>
         <file>ti.platform.cyhc5Gboard.ae66</file>
         <name>evmc66x_fpga.oe66</name>
      </input_file>
      <input_file id="fl-66">
         <path>C:\ti\pdk\6678\pdk_c667x_2_0_13\packages\ti\platform\evmc6678l\platform_lib\lib\release\</path>
         <kind>archive</kind>
         <file>ti.platform.cyhc5Gboard.ae66</file>
         <name>evmc66x_i2c_eeprom.oe66</name>
      </input_file>
      <input_file id="fl-67">
         <path>C:\ti\pdk\6678\pdk_c667x_2_0_13\packages\ti\platform\evmc6678l\platform_lib\lib\release\</path>
         <kind>archive</kind>
         <file>ti.platform.cyhc5Gboard.ae66</file>
         <name>evmc66x_nor.oe66</name>
      </input_file>
      <input_file id="fl-68">
         <path>C:\ti\pdk\6678\pdk_c667x_2_0_13\packages\ti\platform\evmc6678l\platform_lib\lib\release\</path>
         <kind>archive</kind>
         <file>ti.platform.cyhc5Gboard.ae66</file>
         <name>evmc66x_spi.oe66</name>
      </input_file>
      <input_file id="fl-69">
         <path>C:\ti\pdk\6678\pdk_c667x_2_0_13\packages\ti\platform\evmc6678l\platform_lib\lib\release\</path>
         <kind>archive</kind>
         <file>ti.platform.cyhc5Gboard.ae66</file>
         <name>evmc66x_uart.oe66</name>
      </input_file>
      <input_file id="fl-6a">
         <path>C:\ti\pdk\6678\pdk_c667x_2_0_13\packages\ti\csl\lib\c6678\c66\release\</path>
         <kind>archive</kind>
         <file>ti.csl.ae66</file>
         <name>csl_cpsgmii.oe66</name>
      </input_file>
      <input_file id="fl-6b">
         <path>C:\ti\ccs901\ccs\tools\compiler\ti-cgt-c6000_8.3.3\lib\</path>
         <kind>archive</kind>
         <file>rts6600_elf.lib</file>
         <name>vsprintf.c.obj</name>
      </input_file>
      <input_file id="fl-6c">
         <path>C:\ti\ccs901\ccs\tools\compiler\ti-cgt-c6000_8.3.3\lib\</path>
         <kind>archive</kind>
         <file>rts6600_elf.lib</file>
         <name>remu.asm.obj</name>
      </input_file>
   </input_file_list>
   <object_component_list>
      <object_component id="oc-1a2">
         <name>.text:__TI_printfi</name>
         <load_address>0x80019000</load_address>
         <run_address>0x80019000</run_address>
         <size>0x1fe0</size>
         <input_file_ref idref="fl-25"/>
      </object_component>
      <object_component id="oc-8d">
         <name>.text</name>
         <load_address>0x8001afe0</load_address>
         <run_address>0x8001afe0</run_address>
         <size>0xc20</size>
         <input_file_ref idref="fl-2"/>
      </object_component>
      <object_component id="oc-2c9">
         <name>.text:_pconv_a</name>
         <load_address>0x8001bc00</load_address>
         <run_address>0x8001bc00</run_address>
         <size>0x640</size>
         <input_file_ref idref="fl-25"/>
      </object_component>
      <object_component id="oc-409">
         <name>.text:__c6xabi_divd</name>
         <load_address>0x8001c240</load_address>
         <run_address>0x8001c240</run_address>
         <size>0x600</size>
         <input_file_ref idref="fl-3d"/>
      </object_component>
      <object_component id="oc-114">
         <name>.text:platform_init</name>
         <load_address>0x8001c840</load_address>
         <run_address>0x8001c840</run_address>
         <size>0x460</size>
         <input_file_ref idref="fl-60"/>
      </object_component>
      <object_component id="oc-2b7">
         <name>.text:_pconv_g</name>
         <load_address>0x8001cca0</load_address>
         <run_address>0x8001cca0</run_address>
         <size>0x440</size>
         <input_file_ref idref="fl-25"/>
      </object_component>
      <object_component id="oc-11a">
         <name>.text:platform_get_info</name>
         <load_address>0x8001d0e0</load_address>
         <run_address>0x8001d0e0</run_address>
         <size>0x420</size>
         <input_file_ref idref="fl-60"/>
      </object_component>
      <object_component id="oc-312">
         <name>.text:i2cEepromWriteBlock</name>
         <load_address>0x8001d500</load_address>
         <run_address>0x8001d500</run_address>
         <size>0x3e0</size>
         <input_file_ref idref="fl-66"/>
      </object_component>
      <object_component id="oc-10e">
         <name>.text:free</name>
         <load_address>0x8001d8e0</load_address>
         <run_address>0x8001d8e0</run_address>
         <size>0x3c0</size>
         <input_file_ref idref="fl-40"/>
      </object_component>
      <object_component id="oc-34e">
         <name>.text:NandCorrect4bitECC</name>
         <load_address>0x8001dca0</load_address>
         <run_address>0x8001dca0</run_address>
         <size>0x320</size>
         <input_file_ref idref="fl-62"/>
      </object_component>
      <object_component id="oc-28d">
         <name>.text:fputs</name>
         <load_address>0x8001dfc0</load_address>
         <run_address>0x8001dfc0</run_address>
         <size>0x320</size>
         <input_file_ref idref="fl-27"/>
      </object_component>
      <object_component id="oc-1ef">
         <name>.text:CorePllcHwSetup</name>
         <load_address>0x8001e2e0</load_address>
         <run_address>0x8001e2e0</run_address>
         <size>0x300</size>
         <input_file_ref idref="fl-63"/>
      </object_component>
      <object_component id="oc-422">
         <name>.text:fcvt</name>
         <load_address>0x8001e5e0</load_address>
         <run_address>0x8001e5e0</run_address>
         <size>0x2c0</size>
         <input_file_ref idref="fl-25"/>
      </object_component>
      <object_component id="oc-108">
         <name>.text:platform_device_read</name>
         <load_address>0x8001e8a0</load_address>
         <run_address>0x8001e8a0</run_address>
         <size>0x2c0</size>
         <input_file_ref idref="fl-60"/>
      </object_component>
      <object_component id="oc-20d">
         <name>.text:DDR3Init</name>
         <load_address>0x8001eb60</load_address>
         <run_address>0x8001eb60</run_address>
         <size>0x2a0</size>
         <input_file_ref idref="fl-63"/>
      </object_component>
      <object_component id="oc-2c3">
         <name>.text:_pconv_e</name>
         <load_address>0x8001ee00</load_address>
         <run_address>0x8001ee00</run_address>
         <size>0x2a0</size>
         <input_file_ref idref="fl-25"/>
      </object_component>
      <object_component id="oc-1c0">
         <name>.text:i2cEepromRead</name>
         <load_address>0x8001f0a0</load_address>
         <run_address>0x8001f0a0</run_address>
         <size>0x2a0</size>
         <input_file_ref idref="fl-66"/>
      </object_component>
      <object_component id="oc-239">
         <name>.text:NandOpenDevice</name>
         <load_address>0x8001f340</load_address>
         <run_address>0x8001f340</run_address>
         <size>0x240</size>
         <input_file_ref idref="fl-62"/>
      </object_component>
      <object_component id="oc-3f9">
         <name>.text:__c6xabi_divull</name>
         <load_address>0x8001f580</load_address>
         <run_address>0x8001f580</run_address>
         <size>0x240</size>
         <input_file_ref idref="fl-2f"/>
      </object_component>
      <object_component id="oc-251">
         <name>.text:NandGetDetails</name>
         <load_address>0x8001f7c0</load_address>
         <run_address>0x8001f7c0</run_address>
         <size>0x220</size>
         <input_file_ref idref="fl-62"/>
      </object_component>
      <object_component id="oc-21f">
         <name>.text:Init_SGMII</name>
         <load_address>0x8001f9e0</load_address>
         <run_address>0x8001f9e0</run_address>
         <size>0x200</size>
         <input_file_ref idref="fl-64"/>
      </object_component>
      <object_component id="oc-120">
         <name>.text:platform_device_open</name>
         <load_address>0x8001fbe0</load_address>
         <run_address>0x8001fbe0</run_address>
         <size>0x200</size>
         <input_file_ref idref="fl-60"/>
      </object_component>
      <object_component id="oc-1d6">
         <name>.text:readNandPage</name>
         <load_address>0x8001fde0</load_address>
         <run_address>0x8001fde0</run_address>
         <size>0x200</size>
         <input_file_ref idref="fl-62"/>
      </object_component>
      <object_component id="oc-1fb">
         <name>.text:SetPaPllConfig</name>
         <load_address>0x8001ffe0</load_address>
         <run_address>0x8001ffe0</run_address>
         <size>0x1c0</size>
         <input_file_ref idref="fl-63"/>
      </object_component>
      <object_component id="oc-3ff">
         <name>.text:__c6xabi_divul</name>
         <load_address>0x800201a0</load_address>
         <run_address>0x800201a0</run_address>
         <size>0x1c0</size>
         <input_file_ref idref="fl-2e"/>
      </object_component>
      <object_component id="oc-29f">
         <name>.text:_ltostr</name>
         <load_address>0x80020360</load_address>
         <run_address>0x80020360</run_address>
         <size>0x1c0</size>
         <input_file_ref idref="fl-25"/>
      </object_component>
      <object_component id="oc-286">
         <name>.text:fputc</name>
         <load_address>0x80020520</load_address>
         <run_address>0x80020520</run_address>
         <size>0x1c0</size>
         <input_file_ref idref="fl-26"/>
      </object_component>
      <object_component id="oc-430">
         <name>.text:ldexp</name>
         <load_address>0x800206e0</load_address>
         <run_address>0x800206e0</run_address>
         <size>0x1c0</size>
         <input_file_ref idref="fl-3b"/>
      </object_component>
      <object_component id="oc-102">
         <name>.text:malloc</name>
         <load_address>0x800208a0</load_address>
         <run_address>0x800208a0</run_address>
         <size>0x1c0</size>
         <input_file_ref idref="fl-40"/>
      </object_component>
      <object_component id="oc-493">
         <name>.text:setvbuf</name>
         <load_address>0x80020a60</load_address>
         <run_address>0x80020a60</run_address>
         <size>0x1c0</size>
         <input_file_ref idref="fl-29"/>
      </object_component>
      <object_component id="oc-5e3">
         <name>.text:HOSTrename</name>
         <load_address>0x80020c20</load_address>
         <run_address>0x80020c20</run_address>
         <size>0x1a0</size>
         <input_file_ref idref="fl-57"/>
      </object_component>
      <object_component id="oc-201">
         <name>.text:SetDDR3PllConfig</name>
         <load_address>0x80020dc0</load_address>
         <run_address>0x80020dc0</run_address>
         <size>0x1a0</size>
         <input_file_ref idref="fl-63"/>
      </object_component>
      <object_component id="oc-42a">
         <name>.text:frexp</name>
         <load_address>0x80020f60</load_address>
         <run_address>0x80020f60</run_address>
         <size>0x1a0</size>
         <input_file_ref idref="fl-39"/>
      </object_component>
      <object_component id="oc-326">
         <name>.text:spi_claim</name>
         <load_address>0x80021100</load_address>
         <run_address>0x80021100</run_address>
         <size>0x1a0</size>
         <input_file_ref idref="fl-68"/>
      </object_component>
      <object_component id="oc-213">
         <name>.text:PowerUpDomains</name>
         <load_address>0x800212a0</load_address>
         <run_address>0x800212a0</run_address>
         <size>0x160</size>
         <input_file_ref idref="fl-63"/>
      </object_component>
      <object_component id="oc-219">
         <name>.text:configSerdes</name>
         <load_address>0x80021400</load_address>
         <run_address>0x80021400</run_address>
         <size>0x140</size>
         <input_file_ref idref="fl-64"/>
      </object_component>
      <object_component id="oc-391">
         <name>.text:prog_pll1_values</name>
         <load_address>0x80021540</load_address>
         <run_address>0x80021540</run_address>
         <size>0x140</size>
         <input_file_ref idref="fl-63"/>
      </object_component>
      <object_component id="oc-2bd">
         <name>.text:_pconv_f</name>
         <load_address>0x80021680</load_address>
         <run_address>0x80021680</run_address>
         <size>0x120</size>
         <input_file_ref idref="fl-25"/>
      </object_component>
      <object_component id="oc-632">
         <name>.text:getdevice</name>
         <load_address>0x800217a0</load_address>
         <run_address>0x800217a0</run_address>
         <size>0x120</size>
         <input_file_ref idref="fl-5c"/>
      </object_component>
      <object_component id="oc-468">
         <name>.text:spi_xfer</name>
         <load_address>0x800218c0</load_address>
         <run_address>0x800218c0</run_address>
         <size>0x120</size>
         <input_file_ref idref="fl-68"/>
      </object_component>
      <object_component id="oc-1f5">
         <name>.text:CorePllcGetHwSetup</name>
         <load_address>0x800219e0</load_address>
         <run_address>0x800219e0</run_address>
         <size>0x100</size>
         <input_file_ref idref="fl-63"/>
      </object_component>
      <object_component id="oc-5b6">
         <name>.text:__TI_closefile</name>
         <load_address>0x80021ae0</load_address>
         <run_address>0x80021ae0</run_address>
         <size>0x100</size>
         <input_file_ref idref="fl-5b"/>
      </object_component>
      <object_component id="oc-3a">
         <name>.text:__TI_decompress_rle_core</name>
         <load_address>0x80021be0</load_address>
         <run_address>0x80021be0</run_address>
         <size>0x100</size>
         <input_file_ref idref="fl-38"/>
      </object_component>
      <object_component id="oc-41b">
         <name>.text:_mcpy</name>
         <load_address>0x80021ce0</load_address>
         <run_address>0x80021ce0</run_address>
         <size>0x100</size>
         <input_file_ref idref="fl-25"/>
      </object_component>
      <object_component id="oc-299">
         <name>.text:atoi</name>
         <load_address>0x80021de0</load_address>
         <run_address>0x80021de0</run_address>
         <size>0x100</size>
         <input_file_ref idref="fl-44"/>
      </object_component>
      <object_component id="oc-48d">
         <name>.text:fseek</name>
         <load_address>0x80021ee0</load_address>
         <run_address>0x80021ee0</run_address>
         <size>0x100</size>
         <input_file_ref idref="fl-4f"/>
      </object_component>
      <object_component id="oc-5d7">
         <name>.text:HOSTlseek</name>
         <load_address>0x80021fe0</load_address>
         <run_address>0x80021fe0</run_address>
         <size>0xe0</size>
         <input_file_ref idref="fl-54"/>
      </object_component>
      <object_component id="oc-5bf">
         <name>.text:HOSTopen</name>
         <load_address>0x800220c0</load_address>
         <run_address>0x800220c0</run_address>
         <size>0xe0</size>
         <input_file_ref idref="fl-55"/>
      </object_component>
      <object_component id="oc-5d1">
         <name>.text:HOSTwrite</name>
         <load_address>0x800221a0</load_address>
         <run_address>0x800221a0</run_address>
         <size>0xe0</size>
         <input_file_ref idref="fl-59"/>
      </object_component>
      <object_component id="oc-40f">
         <name>.text:__TI_ltoa</name>
         <load_address>0x80022280</load_address>
         <run_address>0x80022280</run_address>
         <size>0xe0</size>
         <input_file_ref idref="fl-42"/>
      </object_component>
      <object_component id="oc-3dd">
         <name>.text:__TI_wrt_ok</name>
         <load_address>0x80022360</load_address>
         <run_address>0x80022360</run_address>
         <size>0xe0</size>
         <input_file_ref idref="fl-28"/>
      </object_component>
      <object_component id="oc-605">
         <name>.text:close</name>
         <load_address>0x80022440</load_address>
         <run_address>0x80022440</run_address>
         <size>0xe0</size>
         <input_file_ref idref="fl-5d"/>
      </object_component>
      <object_component id="oc-58">
         <name>.text:exit</name>
         <load_address>0x80022520</load_address>
         <run_address>0x80022520</run_address>
         <size>0xe0</size>
         <input_file_ref idref="fl-3f"/>
      </object_component>
      <object_component id="oc-79">
         <name>.text:memset</name>
         <load_address>0x80022600</load_address>
         <run_address>0x80022600</run_address>
         <size>0xe0</size>
         <input_file_ref idref="fl-31"/>
      </object_component>
      <object_component id="oc-fc">
         <name>.text:printf</name>
         <load_address>0x800226e0</load_address>
         <run_address>0x800226e0</run_address>
         <size>0xe0</size>
         <input_file_ref idref="fl-24"/>
      </object_component>
      <object_component id="oc-3ba">
         <name>.text:spi_cmd</name>
         <load_address>0x800227c0</load_address>
         <run_address>0x800227c0</run_address>
         <size>0xe0</size>
         <input_file_ref idref="fl-68"/>
      </object_component>
      <object_component id="oc-5cb">
         <name>.text:HOSTread</name>
         <load_address>0x800228a0</load_address>
         <run_address>0x800228a0</run_address>
         <size>0xc0</size>
         <input_file_ref idref="fl-56"/>
      </object_component>
      <object_component id="oc-5dd">
         <name>.text:HOSTunlink</name>
         <load_address>0x80022960</load_address>
         <run_address>0x80022960</run_address>
         <size>0xc0</size>
         <input_file_ref idref="fl-58"/>
      </object_component>
      <object_component id="oc-a1">
         <name>.text:__TI_auto_init_nobinit_nopinit:__TI_auto_init_nobinit_nopinit</name>
         <load_address>0x80022a20</load_address>
         <run_address>0x80022a20</run_address>
         <size>0xc0</size>
         <input_file_ref idref="fl-32"/>
      </object_component>
      <object_component id="oc-3e3">
         <name>.text:__TI_doflush</name>
         <load_address>0x80022ae0</load_address>
         <run_address>0x80022ae0</run_address>
         <size>0xc0</size>
         <input_file_ref idref="fl-4d"/>
      </object_component>
      <object_component id="oc-1cc">
         <name>.text:__divu</name>
         <load_address>0x80022ba0</load_address>
         <run_address>0x80022ba0</run_address>
         <size>0xc0</size>
         <input_file_ref idref="fl-2b"/>
      </object_component>
      <object_component id="oc-3b0">
         <name>.text:fpgaReadConfigurationRegister</name>
         <load_address>0x80022c60</load_address>
         <run_address>0x80022c60</run_address>
         <size>0xc0</size>
         <input_file_ref idref="fl-65"/>
      </object_component>
      <object_component id="oc-1b3">
         <name>.text:minsert</name>
         <load_address>0x80022d20</load_address>
         <run_address>0x80022d20</run_address>
         <size>0xc0</size>
         <input_file_ref idref="fl-40"/>
      </object_component>
      <object_component id="oc-1ad">
         <name>.text:mremove</name>
         <load_address>0x80022de0</load_address>
         <run_address>0x80022de0</run_address>
         <size>0xc0</size>
         <input_file_ref idref="fl-40"/>
      </object_component>
      <object_component id="oc-245">
         <name>.text:nor_init</name>
         <load_address>0x80022ea0</load_address>
         <run_address>0x80022ea0</run_address>
         <size>0xc0</size>
         <input_file_ref idref="fl-67"/>
      </object_component>
      <object_component id="oc-1c6">
         <name>.text:nor_read</name>
         <load_address>0x80022f60</load_address>
         <run_address>0x80022f60</run_address>
         <size>0xc0</size>
         <input_file_ref idref="fl-67"/>
      </object_component>
      <object_component id="oc-149">
         <name>.text:tls:init:__TI_tls_init</name>
         <load_address>0x80023020</load_address>
         <run_address>0x80023020</run_address>
         <size>0xc0</size>
         <input_file_ref idref="fl-49"/>
      </object_component>
      <object_component id="oc-5c5">
         <name>.text:HOSTclose</name>
         <load_address>0x800230e0</load_address>
         <run_address>0x800230e0</run_address>
         <size>0xa0</size>
         <input_file_ref idref="fl-53"/>
      </object_component>
      <object_component id="oc-502">
         <name>.text:__TI_cleanup</name>
         <load_address>0x80023180</load_address>
         <run_address>0x80023180</run_address>
         <size>0xa0</size>
         <input_file_ref idref="fl-4e"/>
      </object_component>
      <object_component id="oc-1d1">
         <name>.text:__remu</name>
         <load_address>0x80023220</load_address>
         <run_address>0x80023220</run_address>
         <size>0xa0</size>
         <input_file_ref idref="fl-6c"/>
      </object_component>
      <object_component id="oc-415">
         <name>.text:_ecpy</name>
         <load_address>0x800232c0</load_address>
         <run_address>0x800232c0</run_address>
         <size>0xa0</size>
         <input_file_ref idref="fl-25"/>
      </object_component>
      <object_component id="oc-23f">
         <name>.text:evmI2CInit</name>
         <load_address>0x80023360</load_address>
         <run_address>0x80023360</run_address>
         <size>0xa0</size>
         <input_file_ref idref="fl-61"/>
      </object_component>
      <object_component id="oc-652">
         <name>.text:finddevice</name>
         <load_address>0x80023400</load_address>
         <run_address>0x80023400</run_address>
         <size>0xa0</size>
         <input_file_ref idref="fl-5c"/>
      </object_component>
      <object_component id="oc-2e">
         <name>.text:memcpy</name>
         <load_address>0x800234a0</load_address>
         <run_address>0x800234a0</run_address>
         <size>0xa0</size>
         <input_file_ref idref="fl-2c"/>
      </object_component>
      <object_component id="oc-24b">
         <name>.text:nor_get_details</name>
         <load_address>0x80023540</load_address>
         <run_address>0x80023540</run_address>
         <size>0xa0</size>
         <input_file_ref idref="fl-67"/>
      </object_component>
      <object_component id="oc-126">
         <name>.text:platform_device_close</name>
         <load_address>0x800235e0</load_address>
         <run_address>0x800235e0</run_address>
         <size>0xa0</size>
         <input_file_ref idref="fl-60"/>
      </object_component>
      <object_component id="oc-232">
         <name>.text:platform_get_macaddr</name>
         <load_address>0x80023680</load_address>
         <run_address>0x80023680</run_address>
         <size>0xa0</size>
         <input_file_ref idref="fl-60"/>
      </object_component>
      <object_component id="oc-3a3">
         <name>.text:CSL_SGMII_setAdvAbility</name>
         <load_address>0x80023720</load_address>
         <run_address>0x80023720</run_address>
         <size>0x80</size>
         <input_file_ref idref="fl-64"/>
      </object_component>
      <object_component id="oc-348">
         <name>.text:NandWaitRdy</name>
         <load_address>0x800237a0</load_address>
         <run_address>0x800237a0</run_address>
         <size>0x80</size>
         <input_file_ref idref="fl-62"/>
      </object_component>
      <object_component id="oc-61d">
         <name>.text:__TI_readmsg</name>
         <load_address>0x80023820</load_address>
         <run_address>0x80023820</run_address>
         <size>0x80</size>
         <input_file_ref idref="fl-5a"/>
      </object_component>
      <object_component id="oc-4ab">
         <name>.text:__c6xabi_llshl</name>
         <load_address>0x800238a0</load_address>
         <run_address>0x800238a0</run_address>
         <size>0x80</size>
         <input_file_ref idref="fl-30"/>
      </object_component>
      <object_component id="oc-22">
         <name>.text:_c_int00</name>
         <load_address>0x80023920</load_address>
         <run_address>0x80023920</run_address>
         <size>0x80</size>
         <input_file_ref idref="fl-2d"/>
      </object_component>
      <object_component id="oc-456">
         <name>.text</name>
         <load_address>0x800239a0</load_address>
         <run_address>0x800239a0</run_address>
         <size>0x80</size>
         <input_file_ref idref="fl-3"/>
      </object_component>
      <object_component id="oc-484">
         <name>.text:spi_read_word</name>
         <load_address>0x80023a20</load_address>
         <run_address>0x80023a20</run_address>
         <size>0x80</size>
         <input_file_ref idref="fl-68"/>
      </object_component>
      <object_component id="oc-60b">
         <name>.text:unlink</name>
         <load_address>0x80023aa0</load_address>
         <run_address>0x80023aa0</run_address>
         <size>0x80</size>
         <input_file_ref idref="fl-5f"/>
      </object_component>
      <object_component id="oc-4c1">
         <name>.text:__TI_frcmpyd_div</name>
         <load_address>0x80023b20</load_address>
         <run_address>0x80023b20</run_address>
         <size>0x60</size>
         <input_file_ref idref="fl-3e"/>
      </object_component>
      <object_component id="oc-617">
         <name>.text:__TI_writemsg</name>
         <load_address>0x80023b80</load_address>
         <run_address>0x80023b80</run_address>
         <size>0x60</size>
         <input_file_ref idref="fl-5a"/>
      </object_component>
      <object_component id="oc-4b7">
         <name>.text:__c6xabi_llshru</name>
         <load_address>0x80023be0</load_address>
         <run_address>0x80023be0</run_address>
         <size>0x60</size>
         <input_file_ref idref="fl-30"/>
      </object_component>
      <object_component id="oc-4b1">
         <name>.text:_subcull</name>
         <load_address>0x80023c40</load_address>
         <run_address>0x80023c40</run_address>
         <size>0x60</size>
         <input_file_ref idref="fl-2f"/>
      </object_component>
      <object_component id="oc-22c">
         <name>.text:getBoardVersion</name>
         <load_address>0x80023ca0</load_address>
         <run_address>0x80023ca0</run_address>
         <size>0x60</size>
         <input_file_ref idref="fl-65"/>
      </object_component>
      <object_component id="oc-4fa">
         <name>.text:lseek</name>
         <load_address>0x80023d00</load_address>
         <run_address>0x80023d00</run_address>
         <size>0x60</size>
         <input_file_ref idref="fl-51"/>
      </object_component>
      <object_component id="oc-2cf">
         <name>.text:memccpy</name>
         <load_address>0x80023d60</load_address>
         <run_address>0x80023d60</run_address>
         <size>0x60</size>
         <input_file_ref idref="fl-47"/>
      </object_component>
      <object_component id="oc-332">
         <name>.text:spi_cmd_read</name>
         <load_address>0x80023dc0</load_address>
         <run_address>0x80023dc0</run_address>
         <size>0x60</size>
         <input_file_ref idref="fl-68"/>
      </object_component>
      <object_component id="oc-45c">
         <name>.text:spi_delay</name>
         <load_address>0x80023e20</load_address>
         <run_address>0x80023e20</run_address>
         <size>0x60</size>
         <input_file_ref idref="fl-68"/>
      </object_component>
      <object_component id="oc-3e9">
         <name>.text:write</name>
         <load_address>0x80023e80</load_address>
         <run_address>0x80023e80</run_address>
         <size>0x60</size>
         <input_file_ref idref="fl-48"/>
      </object_component>
      <object_component id="oc-2ab">
         <name>.text:__c6xabi_isinf</name>
         <load_address>0x80023ee0</load_address>
         <run_address>0x80023ee0</run_address>
         <size>0x40</size>
         <input_file_ref idref="fl-3a"/>
      </object_component>
      <object_component id="oc-2a5">
         <name>.text:__c6xabi_isnan</name>
         <load_address>0x80023f20</load_address>
         <run_address>0x80023f20</run_address>
         <size>0x40</size>
         <input_file_ref idref="fl-25"/>
      </object_component>
      <object_component id="oc-52">
         <name>.text:_args_main</name>
         <load_address>0x80023f60</load_address>
         <run_address>0x80023f60</run_address>
         <size>0x40</size>
         <input_file_ref idref="fl-43"/>
      </object_component>
      <object_component id="oc-342">
         <name>.text:platform_delay</name>
         <load_address>0x80023fa0</load_address>
         <run_address>0x80023fa0</run_address>
         <size>0x40</size>
         <input_file_ref idref="fl-60"/>
      </object_component>
      <object_component id="oc-318">
         <name>.text:platform_delaycycles</name>
         <load_address>0x80023fe0</load_address>
         <run_address>0x80023fe0</run_address>
         <size>0x40</size>
         <input_file_ref idref="fl-60"/>
      </object_component>
      <object_component id="oc-2d5">
         <name>.text:wcslen</name>
         <load_address>0x80024020</load_address>
         <run_address>0x80024020</run_address>
         <size>0x40</size>
         <input_file_ref idref="fl-4c"/>
      </object_component>
      <object_component id="oc-207">
         <name>.text:xmc_setup</name>
         <load_address>0x80024060</load_address>
         <run_address>0x80024060</run_address>
         <size>0x40</size>
         <input_file_ref idref="fl-63"/>
      </object_component>
      <object_component id="oc-1e9">
         <name>.text:CSL_chipWriteTSCL</name>
         <load_address>0x800240a0</load_address>
         <run_address>0x800240a0</run_address>
         <size>0x20</size>
         <input_file_ref idref="fl-60"/>
      </object_component>
      <object_component id="oc-2db">
         <name>.text:__c6xabi_errno_addr</name>
         <load_address>0x800240c0</load_address>
         <run_address>0x800240c0</run_address>
         <size>0x20</size>
         <input_file_ref idref="fl-4b"/>
      </object_component>
      <object_component id="oc-2e1">
         <name>.text:__pop_rts</name>
         <load_address>0x800240e0</load_address>
         <run_address>0x800240e0</run_address>
         <size>0x20</size>
         <input_file_ref idref="fl-2a"/>
      </object_component>
      <object_component id="oc-294">
         <name>.text:__push_rts</name>
         <load_address>0x80024100</load_address>
         <run_address>0x80024100</run_address>
         <size>0x20</size>
         <input_file_ref idref="fl-2a"/>
      </object_component>
      <object_component id="oc-277">
         <name>.text:_nop</name>
         <load_address>0x80024120</load_address>
         <run_address>0x80024120</run_address>
         <size>0x20</size>
         <input_file_ref idref="fl-41"/>
      </object_component>
      <object_component id="oc-196">
         <name>.text:_outc</name>
         <load_address>0x80024140</load_address>
         <run_address>0x80024140</run_address>
         <size>0x20</size>
         <input_file_ref idref="fl-24"/>
      </object_component>
      <object_component id="oc-19c">
         <name>.text:_outs</name>
         <load_address>0x80024160</load_address>
         <run_address>0x80024160</run_address>
         <size>0x20</size>
         <input_file_ref idref="fl-24"/>
      </object_component>
      <object_component id="oc-2b1">
         <name>.text:_signbit</name>
         <load_address>0x80024180</load_address>
         <run_address>0x80024180</run_address>
         <size>0x20</size>
         <input_file_ref idref="fl-3c"/>
      </object_component>
      <object_component id="oc-143">
         <name>.text:_system_post_cinit</name>
         <load_address>0x800241a0</load_address>
         <run_address>0x800241a0</run_address>
         <size>0x20</size>
         <input_file_ref idref="fl-34"/>
      </object_component>
      <object_component id="oc-5e">
         <name>.text:_system_pre_init</name>
         <load_address>0x800241c0</load_address>
         <run_address>0x800241c0</run_address>
         <size>0x20</size>
         <input_file_ref idref="fl-33"/>
      </object_component>
      <object_component id="oc-98">
         <name>.text:abort</name>
         <load_address>0x800241e0</load_address>
         <run_address>0x800241e0</run_address>
         <size>0x20</size>
         <input_file_ref idref="fl-3f"/>
      </object_component>
      <object_component id="oc-15">
         <name>.text:decompress:none:__TI_decompress_none</name>
         <load_address>0x80024200</load_address>
         <run_address>0x80024200</run_address>
         <size>0x20</size>
         <input_file_ref idref="fl-37"/>
      </object_component>
      <object_component id="oc-1b">
         <name>.text:decompress:rle24:__TI_decompress_rle24</name>
         <load_address>0x80024220</load_address>
         <run_address>0x80024220</run_address>
         <size>0x20</size>
         <input_file_ref idref="fl-38"/>
      </object_component>
      <object_component id="oc-38b">
         <name>.text:pll_delay</name>
         <load_address>0x80024240</load_address>
         <run_address>0x80024240</run_address>
         <size>0x20</size>
         <input_file_ref idref="fl-63"/>
      </object_component>
      <object_component id="oc-32c">
         <name>.text:spi_release</name>
         <load_address>0x80024260</load_address>
         <run_address>0x80024260</run_address>
         <size>0x20</size>
         <input_file_ref idref="fl-68"/>
      </object_component>
      <object_component id="oc-1ba">
         <name>.neardata</name>
         <load_address>0x1084ce38</load_address>
         <run_address>0x1084ce38</run_address>
         <size>0x8</size>
         <input_file_ref idref="fl-60"/>
      </object_component>
      <object_component id="oc-f1">
         <name>.neardata</name>
         <load_address>0x1084ce40</load_address>
         <run_address>0x1084ce40</run_address>
         <size>0x4</size>
         <input_file_ref idref="fl-2"/>
      </object_component>
      <object_component id="oc-462">
         <name>.bss</name>
         <uninitialized>true</uninitialized>
         <run_address>0x1084ce44</run_address>
         <size>0x4</size>
         <input_file_ref idref="fl-68"/>
      </object_component>
      <object_component id="oc-f8">
         <name>.common:my_boot_head</name>
         <uninitialized>true</uninitialized>
         <run_address>0x1084ce48</run_address>
         <size>0x4</size>
      </object_component>
      <object_component id="oc-28">
         <name>.stack</name>
         <uninitialized>true</uninitialized>
         <run_address>0x10841000</run_address>
         <size>0x8</size>
         <input_file_ref idref="fl-2d"/>
      </object_component>
      <object_component id="oc-695">
         <name>.stack</name>
         <uninitialized>true</uninitialized>
         <run_address>0x10841000</run_address>
         <size>0x0</size>
      </object_component>
      <object_component id="oc-693">
         <name>.cinit.platform_lib.load</name>
         <load_address>0x1084ce50</load_address>
         <run_address>0x1084ce50</run_address>
         <size>0x9f</size>
      </object_component>
      <object_component id="oc-692">
         <name>.cinit..fardata.load</name>
         <load_address>0x1084ceef</load_address>
         <run_address>0x1084ceef</run_address>
         <size>0x82</size>
      </object_component>
      <object_component id="oc-694">
         <name>.cinit..ddr.load</name>
         <load_address>0x1084cf71</load_address>
         <run_address>0x1084cf71</run_address>
         <size>0xd</size>
      </object_component>
      <object_component id="oc-691">
         <name>.cinit..far.load</name>
         <load_address>0x1084cf7e</load_address>
         <run_address>0x1084cf7e</run_address>
         <size>0xb</size>
      </object_component>
      <object_component id="oc-690">
         <name>.cinit..bss.load</name>
         <load_address>0x1084cf89</load_address>
         <run_address>0x1084cf89</run_address>
         <size>0x9</size>
      </object_component>
      <object_component id="oc-68f">
         <name>.cinit..neardata.load</name>
         <load_address>0x1084cf92</load_address>
         <run_address>0x1084cf92</run_address>
         <size>0x9</size>
      </object_component>
      <object_component id="oc-68d">
         <name>__TI_handler_table</name>
         <load_address>0x1084cf9c</load_address>
         <run_address>0x1084cf9c</run_address>
         <size>0x8</size>
      </object_component>
      <object_component id="oc-68e">
         <name>__TI_cinit_table</name>
         <load_address>0x1084cfa8</load_address>
         <run_address>0x1084cfa8</run_address>
         <size>0x30</size>
      </object_component>
      <object_component id="oc-63e">
         <name>.cio</name>
         <uninitialized>true</uninitialized>
         <run_address>0x1084cce0</run_address>
         <size>0x120</size>
         <input_file_ref idref="fl-5a"/>
      </object_component>
      <object_component id="oc-f7">
         <name>.const:.string</name>
         <load_address>0x1084c370</load_address>
         <run_address>0x1084c370</run_address>
         <size>0x358</size>
         <input_file_ref idref="fl-2"/>
      </object_component>
      <object_component id="oc-3f4">
         <name>.const:.string:_ctypes_</name>
         <load_address>0x1084c6c8</load_address>
         <run_address>0x1084c6c8</run_address>
         <size>0x101</size>
         <input_file_ref idref="fl-45"/>
      </object_component>
      <object_component id="oc-22b">
         <name>.const:.string</name>
         <load_address>0x1084c7cc</load_address>
         <run_address>0x1084c7cc</run_address>
         <size>0x58</size>
         <input_file_ref idref="fl-60"/>
      </object_component>
      <object_component id="oc-2e6">
         <name>.const:.string</name>
         <load_address>0x1084c824</load_address>
         <run_address>0x1084c824</run_address>
         <size>0x24</size>
         <input_file_ref idref="fl-25"/>
      </object_component>
      <object_component id="oc-33c">
         <name>.const:.string:$P$T0$1</name>
         <load_address>0x1084c848</load_address>
         <run_address>0x1084c848</run_address>
         <size>0xa</size>
         <input_file_ref idref="fl-62"/>
      </object_component>
      <object_component id="oc-2e7">
         <name>.switch:__TI_printfi</name>
         <load_address>0x1084ce00</load_address>
         <run_address>0x1084ce00</run_address>
         <size>0x38</size>
         <input_file_ref idref="fl-25"/>
      </object_component>
      <object_component id="oc-2b">
         <name>.sysmem</name>
         <uninitialized>true</uninitialized>
         <run_address>0x10800000</run_address>
         <size>0x8</size>
         <input_file_ref idref="fl-40"/>
      </object_component>
      <object_component id="oc-696">
         <name>.sysmem</name>
         <uninitialized>true</uninitialized>
         <run_address>0x10800000</run_address>
         <size>0x0</size>
      </object_component>
      <object_component id="oc-ee">
         <name>.common:boot_table</name>
         <uninitialized>true</uninitialized>
         <run_address>0x1084ccd0</run_address>
         <size>0x8</size>
      </object_component>
      <object_component id="oc-611">
         <name>.common:__TI_tmpnams</name>
         <uninitialized>true</uninitialized>
         <run_address>0x1084cb90</run_address>
         <size>0x140</size>
      </object_component>
      <object_component id="oc-614">
         <name>.common:parmbuf</name>
         <uninitialized>true</uninitialized>
         <run_address>0x1084ccd8</run_address>
         <size>0x8</size>
      </object_component>
      <object_component id="oc-f4">
         <name>.fardata:ext_buf</name>
         <load_address>0x1084cb70</load_address>
         <run_address>0x1084cb70</run_address>
         <size>0x8</size>
         <input_file_ref idref="fl-2"/>
      </object_component>
      <object_component id="oc-95">
         <name>.fardata</name>
         <load_address>0x1084cb60</load_address>
         <run_address>0x1084cb60</run_address>
         <size>0xc</size>
         <input_file_ref idref="fl-3f"/>
      </object_component>
      <object_component id="oc-1aa">
         <name>.fardata</name>
         <load_address>0x1084cb78</load_address>
         <run_address>0x1084cb78</run_address>
         <size>0x8</size>
         <input_file_ref idref="fl-40"/>
      </object_component>
      <object_component id="oc-18d">
         <name>.fardata:_lock</name>
         <load_address>0x1084cb6c</load_address>
         <run_address>0x1084cb6c</run_address>
         <size>0x4</size>
         <input_file_ref idref="fl-41"/>
      </object_component>
      <object_component id="oc-193">
         <name>.fardata:_unlock</name>
         <load_address>0x1084cb80</load_address>
         <run_address>0x1084cb80</run_address>
         <size>0x4</size>
         <input_file_ref idref="fl-41"/>
      </object_component>
      <object_component id="oc-190">
         <name>.fardata:_ftable</name>
         <load_address>0x1084c858</load_address>
         <run_address>0x1084c858</run_address>
         <size>0x1e0</size>
         <input_file_ref idref="fl-46"/>
      </object_component>
      <object_component id="oc-5b3">
         <name>.fardata</name>
         <load_address>0x1084cb84</load_address>
         <run_address>0x1084cb84</run_address>
         <size>0x4</size>
         <input_file_ref idref="fl-46"/>
      </object_component>
      <object_component id="oc-513">
         <name>.fardata:_device</name>
         <load_address>0x1084cad8</load_address>
         <run_address>0x1084cad8</run_address>
         <size>0x78</size>
         <input_file_ref idref="fl-48"/>
      </object_component>
      <object_component id="oc-49d">
         <name>.fardata:_stream</name>
         <load_address>0x1084ca38</load_address>
         <run_address>0x1084ca38</run_address>
         <size>0xa0</size>
         <input_file_ref idref="fl-48"/>
      </object_component>
      <object_component id="oc-440">
         <name>.fardata</name>
         <load_address>0x1084cb88</load_address>
         <run_address>0x1084cb88</run_address>
         <size>0x4</size>
         <input_file_ref idref="fl-4b"/>
      </object_component>
      <object_component id="oc-39f">
         <name>.fardata:cpsgmiiPortBaseAddr</name>
         <load_address>0x1084cb50</load_address>
         <run_address>0x1084cb50</run_address>
         <size>0x10</size>
         <input_file_ref idref="fl-6a"/>
      </object_component>
      <object_component id="oc-1bd">
         <name>platform_lib:init</name>
         <load_address>0x1084c268</load_address>
         <run_address>0x1084c268</run_address>
         <size>0x108</size>
         <input_file_ref idref="fl-60"/>
      </object_component>
      <object_component id="oc-257">
         <name>platform_lib:uninit</name>
         <load_address>0x1084b000</load_address>
         <run_address>0x1084b000</run_address>
         <size>0x1058</size>
         <input_file_ref idref="fl-60"/>
      </object_component>
      <object_component id="oc-33f">
         <name>platform_lib</name>
         <load_address>0x1084c058</load_address>
         <run_address>0x1084c058</run_address>
         <size>0x210</size>
         <input_file_ref idref="fl-62"/>
      </object_component>
      <object_component id="oc-f9">
         <name>.ddr</name>
         <uninitialized>true</uninitialized>
         <run_address>0x80000000</run_address>
         <size>0x19000</size>
         <input_file_ref idref="fl-2"/>
      </object_component>
      <object_component id="oc-ef">
         <name>.debug_info</name>
         <load_address>0x0</load_address>
         <run_address>0x0</run_address>
         <size>0xbb0</size>
         <input_file_ref idref="fl-2"/>
      </object_component>
      <object_component id="oc-fa">
         <name>.debug_info</name>
         <load_address>0xbb0</load_address>
         <run_address>0xbb0</run_address>
         <size>0xd5</size>
         <input_file_ref idref="fl-2"/>
      </object_component>
      <object_component id="oc-f2">
         <name>.debug_info</name>
         <load_address>0xc85</load_address>
         <run_address>0xc85</run_address>
         <size>0xc0</size>
         <input_file_ref idref="fl-2"/>
      </object_component>
      <object_component id="oc-f5">
         <name>.debug_info</name>
         <load_address>0xd45</load_address>
         <run_address>0xd45</run_address>
         <size>0xb6</size>
         <input_file_ref idref="fl-2"/>
      </object_component>
      <object_component id="oc-8e">
         <name>.debug_info</name>
         <load_address>0xdfb</load_address>
         <run_address>0xdfb</run_address>
         <size>0x94e</size>
         <input_file_ref idref="fl-2"/>
      </object_component>
      <object_component id="oc-132">
         <name>.debug_info</name>
         <load_address>0x1749</load_address>
         <run_address>0x1749</run_address>
         <size>0x604</size>
         <input_file_ref idref="fl-2"/>
      </object_component>
      <object_component id="oc-35d">
         <name>.debug_info</name>
         <load_address>0x1d4d</load_address>
         <run_address>0x1d4d</run_address>
         <size>0xfe</size>
         <input_file_ref idref="fl-2"/>
      </object_component>
      <object_component id="oc-178">
         <name>.debug_info</name>
         <load_address>0x1e4b</load_address>
         <run_address>0x1e4b</run_address>
         <size>0x26b</size>
         <input_file_ref idref="fl-2"/>
      </object_component>
      <object_component id="oc-169">
         <name>.debug_info</name>
         <load_address>0x20b6</load_address>
         <run_address>0x20b6</run_address>
         <size>0x2a4</size>
         <input_file_ref idref="fl-2"/>
      </object_component>
      <object_component id="oc-16e">
         <name>.debug_info</name>
         <load_address>0x235a</load_address>
         <run_address>0x235a</run_address>
         <size>0x206</size>
         <input_file_ref idref="fl-2"/>
      </object_component>
      <object_component id="oc-74">
         <name>.debug_info</name>
         <load_address>0x2560</load_address>
         <run_address>0x2560</run_address>
         <size>0xc0</size>
         <input_file_ref idref="fl-2"/>
      </object_component>
      <object_component id="oc-173">
         <name>.debug_info</name>
         <load_address>0x2620</load_address>
         <run_address>0x2620</run_address>
         <size>0x109</size>
         <input_file_ref idref="fl-2"/>
      </object_component>
      <object_component id="oc-25c">
         <name>.debug_info</name>
         <load_address>0x2729</load_address>
         <run_address>0x2729</run_address>
         <size>0x275</size>
         <input_file_ref idref="fl-2"/>
      </object_component>
      <object_component id="oc-12d">
         <name>.debug_info</name>
         <load_address>0x299e</load_address>
         <run_address>0x299e</run_address>
         <size>0xbb</size>
         <input_file_ref idref="fl-2"/>
      </object_component>
      <object_component id="oc-182">
         <name>.debug_info</name>
         <load_address>0x2a59</load_address>
         <run_address>0x2a59</run_address>
         <size>0xcc</size>
         <input_file_ref idref="fl-2"/>
      </object_component>
      <object_component id="oc-2ea">
         <name>.debug_info</name>
         <load_address>0x2b25</load_address>
         <run_address>0x2b25</run_address>
         <size>0x2c</size>
         <input_file_ref idref="fl-2"/>
      </object_component>
      <object_component id="oc-17d">
         <name>.debug_info</name>
         <load_address>0x2b51</load_address>
         <run_address>0x2b51</run_address>
         <size>0x110</size>
         <input_file_ref idref="fl-2"/>
      </object_component>
      <object_component id="oc-4ee">
         <name>.debug_info</name>
         <load_address>0x2c61</load_address>
         <run_address>0x2c61</run_address>
         <size>0xce7</size>
         <input_file_ref idref="fl-3"/>
      </object_component>
      <object_component id="oc-457">
         <name>.debug_info</name>
         <load_address>0x3948</load_address>
         <run_address>0x3948</run_address>
         <size>0x346</size>
         <input_file_ref idref="fl-3"/>
      </object_component>
      <object_component id="oc-569">
         <name>.debug_info</name>
         <load_address>0x3c8e</load_address>
         <run_address>0x3c8e</run_address>
         <size>0x94e</size>
         <input_file_ref idref="fl-3"/>
      </object_component>
      <object_component id="oc-591">
         <name>.debug_info</name>
         <load_address>0x45dc</load_address>
         <run_address>0x45dc</run_address>
         <size>0xdde</size>
         <input_file_ref idref="fl-3"/>
      </object_component>
      <object_component id="oc-596">
         <name>.debug_info</name>
         <load_address>0x53ba</load_address>
         <run_address>0x53ba</run_address>
         <size>0x3b3</size>
         <input_file_ref idref="fl-3"/>
      </object_component>
      <object_component id="oc-5fc">
         <name>.debug_info</name>
         <load_address>0x576d</load_address>
         <run_address>0x576d</run_address>
         <size>0x230</size>
         <input_file_ref idref="fl-3"/>
      </object_component>
      <object_component id="oc-59b">
         <name>.debug_info</name>
         <load_address>0x599d</load_address>
         <run_address>0x599d</run_address>
         <size>0x242</size>
         <input_file_ref idref="fl-3"/>
      </object_component>
      <object_component id="oc-5a5">
         <name>.debug_info</name>
         <load_address>0x5bdf</load_address>
         <run_address>0x5bdf</run_address>
         <size>0x522</size>
         <input_file_ref idref="fl-3"/>
      </object_component>
      <object_component id="oc-5aa">
         <name>.debug_info</name>
         <load_address>0x6101</load_address>
         <run_address>0x6101</run_address>
         <size>0x3034</size>
         <input_file_ref idref="fl-3"/>
      </object_component>
      <object_component id="oc-550">
         <name>.debug_info</name>
         <load_address>0x9135</load_address>
         <run_address>0x9135</run_address>
         <size>0x9a</size>
         <input_file_ref idref="fl-3"/>
      </object_component>
      <object_component id="oc-555">
         <name>.debug_info</name>
         <load_address>0x91cf</load_address>
         <run_address>0x91cf</run_address>
         <size>0x8a</size>
         <input_file_ref idref="fl-3"/>
      </object_component>
      <object_component id="oc-55a">
         <name>.debug_info</name>
         <load_address>0x9259</load_address>
         <run_address>0x9259</run_address>
         <size>0x102</size>
         <input_file_ref idref="fl-3"/>
      </object_component>
      <object_component id="oc-55f">
         <name>.debug_info</name>
         <load_address>0x935b</load_address>
         <run_address>0x935b</run_address>
         <size>0x9e</size>
         <input_file_ref idref="fl-3"/>
      </object_component>
      <object_component id="oc-564">
         <name>.debug_info</name>
         <load_address>0x93f9</load_address>
         <run_address>0x93f9</run_address>
         <size>0x4b</size>
         <input_file_ref idref="fl-3"/>
      </object_component>
      <object_component id="oc-56e">
         <name>.debug_info</name>
         <load_address>0x9444</load_address>
         <run_address>0x9444</run_address>
         <size>0x107</size>
         <input_file_ref idref="fl-3"/>
      </object_component>
      <object_component id="oc-573">
         <name>.debug_info</name>
         <load_address>0x954b</load_address>
         <run_address>0x954b</run_address>
         <size>0xb2</size>
         <input_file_ref idref="fl-3"/>
      </object_component>
      <object_component id="oc-578">
         <name>.debug_info</name>
         <load_address>0x95fd</load_address>
         <run_address>0x95fd</run_address>
         <size>0xb3</size>
         <input_file_ref idref="fl-3"/>
      </object_component>
      <object_component id="oc-57d">
         <name>.debug_info</name>
         <load_address>0x96b0</load_address>
         <run_address>0x96b0</run_address>
         <size>0xb3</size>
         <input_file_ref idref="fl-3"/>
      </object_component>
      <object_component id="oc-582">
         <name>.debug_info</name>
         <load_address>0x9763</load_address>
         <run_address>0x9763</run_address>
         <size>0x287</size>
         <input_file_ref idref="fl-3"/>
      </object_component>
      <object_component id="oc-587">
         <name>.debug_info</name>
         <load_address>0x99ea</load_address>
         <run_address>0x99ea</run_address>
         <size>0x1c1</size>
         <input_file_ref idref="fl-3"/>
      </object_component>
      <object_component id="oc-58c">
         <name>.debug_info</name>
         <load_address>0x9bab</load_address>
         <run_address>0x9bab</run_address>
         <size>0xb2</size>
         <input_file_ref idref="fl-3"/>
      </object_component>
      <object_component id="oc-5a0">
         <name>.debug_info</name>
         <load_address>0x9c5d</load_address>
         <run_address>0x9c5d</run_address>
         <size>0x143</size>
         <input_file_ref idref="fl-3"/>
      </object_component>
      <object_component id="oc-1a9">
         <name>.debug_info</name>
         <load_address>0x9da0</load_address>
         <run_address>0x9da0</run_address>
         <size>0x6af</size>
         <input_file_ref idref="fl-24"/>
      </object_component>
      <object_component id="oc-199">
         <name>.debug_info</name>
         <load_address>0xa44f</load_address>
         <run_address>0xa44f</run_address>
         <size>0x151</size>
         <input_file_ref idref="fl-24"/>
      </object_component>
      <object_component id="oc-19f">
         <name>.debug_info</name>
         <load_address>0xa5a0</load_address>
         <run_address>0xa5a0</run_address>
         <size>0x160</size>
         <input_file_ref idref="fl-24"/>
      </object_component>
      <object_component id="oc-ff">
         <name>.debug_info</name>
         <load_address>0xa700</load_address>
         <run_address>0xa700</run_address>
         <size>0x198</size>
         <input_file_ref idref="fl-24"/>
      </object_component>
      <object_component id="oc-300">
         <name>.debug_info</name>
         <load_address>0xa898</load_address>
         <run_address>0xa898</run_address>
         <size>0xb2</size>
         <input_file_ref idref="fl-24"/>
      </object_component>
      <object_component id="oc-2e9">
         <name>.debug_info</name>
         <load_address>0xa94a</load_address>
         <run_address>0xa94a</run_address>
         <size>0x80d</size>
         <input_file_ref idref="fl-25"/>
      </object_component>
      <object_component id="oc-2a2">
         <name>.debug_info</name>
         <load_address>0xb157</load_address>
         <run_address>0xb157</run_address>
         <size>0x25b</size>
         <input_file_ref idref="fl-25"/>
      </object_component>
      <object_component id="oc-2a8">
         <name>.debug_info</name>
         <load_address>0xb3b2</load_address>
         <run_address>0xb3b2</run_address>
         <size>0x221</size>
         <input_file_ref idref="fl-25"/>
      </object_component>
      <object_component id="oc-418">
         <name>.debug_info</name>
         <load_address>0xb5d3</load_address>
         <run_address>0xb5d3</run_address>
         <size>0x1a8</size>
         <input_file_ref idref="fl-25"/>
      </object_component>
      <object_component id="oc-41e">
         <name>.debug_info</name>
         <load_address>0xb77b</load_address>
         <run_address>0xb77b</run_address>
         <size>0x219</size>
         <input_file_ref idref="fl-25"/>
      </object_component>
      <object_component id="oc-2ba">
         <name>.debug_info</name>
         <load_address>0xb994</load_address>
         <run_address>0xb994</run_address>
         <size>0x2fd</size>
         <input_file_ref idref="fl-25"/>
      </object_component>
      <object_component id="oc-424">
         <name>.debug_info</name>
         <load_address>0xbc91</load_address>
         <run_address>0xbc91</run_address>
         <size>0x25a</size>
         <input_file_ref idref="fl-25"/>
      </object_component>
      <object_component id="oc-2bf">
         <name>.debug_info</name>
         <load_address>0xbeeb</load_address>
         <run_address>0xbeeb</run_address>
         <size>0x280</size>
         <input_file_ref idref="fl-25"/>
      </object_component>
      <object_component id="oc-2c5">
         <name>.debug_info</name>
         <load_address>0xc16b</load_address>
         <run_address>0xc16b</run_address>
         <size>0x2eb</size>
         <input_file_ref idref="fl-25"/>
      </object_component>
      <object_component id="oc-2cb">
         <name>.debug_info</name>
         <load_address>0xc456</load_address>
         <run_address>0xc456</run_address>
         <size>0x4c0</size>
         <input_file_ref idref="fl-25"/>
      </object_component>
      <object_component id="oc-1a4">
         <name>.debug_info</name>
         <load_address>0xc916</load_address>
         <run_address>0xc916</run_address>
         <size>0x6ad</size>
         <input_file_ref idref="fl-25"/>
      </object_component>
      <object_component id="oc-2ef">
         <name>.debug_info</name>
         <load_address>0xcfc3</load_address>
         <run_address>0xcfc3</run_address>
         <size>0x86</size>
         <input_file_ref idref="fl-25"/>
      </object_component>
      <object_component id="oc-448">
         <name>.debug_info</name>
         <load_address>0xd049</load_address>
         <run_address>0xd049</run_address>
         <size>0x39</size>
         <input_file_ref idref="fl-25"/>
      </object_component>
      <object_component id="oc-4e8">
         <name>.debug_info</name>
         <load_address>0xd082</load_address>
         <run_address>0xd082</run_address>
         <size>0x94</size>
         <input_file_ref idref="fl-25"/>
      </object_component>
      <object_component id="oc-44d">
         <name>.debug_info</name>
         <load_address>0xd116</load_address>
         <run_address>0xd116</run_address>
         <size>0x46</size>
         <input_file_ref idref="fl-25"/>
      </object_component>
      <object_component id="oc-2f9">
         <name>.debug_info</name>
         <load_address>0xd15c</load_address>
         <run_address>0xd15c</run_address>
         <size>0x46</size>
         <input_file_ref idref="fl-25"/>
      </object_component>
      <object_component id="oc-2f4">
         <name>.debug_info</name>
         <load_address>0xd1a2</load_address>
         <run_address>0xd1a2</run_address>
         <size>0x2c</size>
         <input_file_ref idref="fl-25"/>
      </object_component>
      <object_component id="oc-3f0">
         <name>.debug_info</name>
         <load_address>0xd1ce</load_address>
         <run_address>0xd1ce</run_address>
         <size>0x64d</size>
         <input_file_ref idref="fl-26"/>
      </object_component>
      <object_component id="oc-287">
         <name>.debug_info</name>
         <load_address>0xd81b</load_address>
         <run_address>0xd81b</run_address>
         <size>0x212</size>
         <input_file_ref idref="fl-26"/>
      </object_component>
      <object_component id="oc-3f2">
         <name>.debug_info</name>
         <load_address>0xda2d</load_address>
         <run_address>0xda2d</run_address>
         <size>0x65e</size>
         <input_file_ref idref="fl-27"/>
      </object_component>
      <object_component id="oc-28e">
         <name>.debug_info</name>
         <load_address>0xe08b</load_address>
         <run_address>0xe08b</run_address>
         <size>0x30f</size>
         <input_file_ref idref="fl-27"/>
      </object_component>
      <object_component id="oc-e1">
         <name>.debug_info</name>
         <load_address>0xe39a</load_address>
         <run_address>0xe39a</run_address>
         <size>0x2c</size>
         <input_file_ref idref="fl-27"/>
      </object_component>
      <object_component id="oc-49a">
         <name>.debug_info</name>
         <load_address>0xe3c6</load_address>
         <run_address>0xe3c6</run_address>
         <size>0x5c9</size>
         <input_file_ref idref="fl-28"/>
      </object_component>
      <object_component id="oc-3de">
         <name>.debug_info</name>
         <load_address>0xe98f</load_address>
         <run_address>0xe98f</run_address>
         <size>0x18b</size>
         <input_file_ref idref="fl-28"/>
      </object_component>
      <object_component id="oc-50a">
         <name>.debug_info</name>
         <load_address>0xeb1a</load_address>
         <run_address>0xeb1a</run_address>
         <size>0xbf</size>
         <input_file_ref idref="fl-28"/>
      </object_component>
      <object_component id="oc-509">
         <name>.debug_info</name>
         <load_address>0xebd9</load_address>
         <run_address>0xebd9</run_address>
         <size>0x633</size>
         <input_file_ref idref="fl-29"/>
      </object_component>
      <object_component id="oc-495">
         <name>.debug_info</name>
         <load_address>0xf20c</load_address>
         <run_address>0xf20c</run_address>
         <size>0x22b</size>
         <input_file_ref idref="fl-29"/>
      </object_component>
      <object_component id="oc-296">
         <name>.debug_info</name>
         <load_address>0xf437</load_address>
         <run_address>0xf437</run_address>
         <size>0x10e</size>
         <input_file_ref idref="fl-2a"/>
      </object_component>
      <object_component id="oc-2e2">
         <name>.debug_info</name>
         <load_address>0xf545</load_address>
         <run_address>0xf545</run_address>
         <size>0x10c</size>
         <input_file_ref idref="fl-2a"/>
      </object_component>
      <object_component id="oc-1cd">
         <name>.debug_info</name>
         <load_address>0xf651</load_address>
         <run_address>0xf651</run_address>
         <size>0x114</size>
         <input_file_ref idref="fl-2b"/>
      </object_component>
      <object_component id="oc-2f">
         <name>.debug_info</name>
         <load_address>0xf765</load_address>
         <run_address>0xf765</run_address>
         <size>0x121</size>
         <input_file_ref idref="fl-2c"/>
      </object_component>
      <object_component id="oc-68">
         <name>.debug_info</name>
         <load_address>0xf886</load_address>
         <run_address>0xf886</run_address>
         <size>0x5de</size>
         <input_file_ref idref="fl-2d"/>
      </object_component>
      <object_component id="oc-29">
         <name>.debug_info</name>
         <load_address>0xfe64</load_address>
         <run_address>0xfe64</run_address>
         <size>0xf5</size>
         <input_file_ref idref="fl-2d"/>
      </object_component>
      <object_component id="oc-24">
         <name>.debug_info</name>
         <load_address>0xff59</load_address>
         <run_address>0xff59</run_address>
         <size>0x182</size>
         <input_file_ref idref="fl-2d"/>
      </object_component>
      <object_component id="oc-4c0">
         <name>.debug_info</name>
         <load_address>0x100db</load_address>
         <run_address>0x100db</run_address>
         <size>0x553</size>
         <input_file_ref idref="fl-2e"/>
      </object_component>
      <object_component id="oc-400">
[...]
      </symbol>
      <symbol id="sm-461">
         <name>__push_rts</name>
         <value>0x80024100</value>
         <object_component_ref idref="oc-294"/>
      </symbol>
      <symbol id="sm-46a">
         <name>__c6xabi_divu</name>
         <value>0x80022ba0</value>
         <object_component_ref idref="oc-1cc"/>
      </symbol>
      <symbol id="sm-46b">
         <name>__divu</name>
         <value>0x80022ba0</value>
         <object_component_ref idref="oc-1cc"/>
      </symbol>
      <symbol id="sm-474">
         <name>memcpy</name>
         <value>0x800234a0</value>
         <object_component_ref idref="oc-2e"/>
      </symbol>
      <symbol id="sm-48a">
         <name>_c_int00</name>
         <value>0x80023920</value>
         <object_component_ref idref="oc-22"/>
      </symbol>
      <symbol id="sm-48b">
         <name>_stack</name>
         <value>0x10841000</value>
         <object_component_ref idref="oc-28"/>
      </symbol>
      <symbol id="sm-49c">
         <name>__c6xabi_divul</name>
         <value>0x800201a0</value>
         <object_component_ref idref="oc-3ff"/>
      </symbol>
      <symbol id="sm-4b9">
         <name>_subcull</name>
         <value>0x80023c40</value>
         <object_component_ref idref="oc-4b1"/>
      </symbol>
      <symbol id="sm-4ba">
         <name>__c6xabi_divull</name>
         <value>0x8001f580</value>
         <object_component_ref idref="oc-3f9"/>
      </symbol>
      <symbol id="sm-4d9">
         <name>__c6xabi_llshru</name>
         <value>0x80023be0</value>
         <object_component_ref idref="oc-4b7"/>
      </symbol>
      <symbol id="sm-4da">
         <name>__c6xabi_llshl</name>
         <value>0x800238a0</value>
         <object_component_ref idref="oc-4ab"/>
      </symbol>
      <symbol id="sm-4ea">
         <name>memset</name>
         <value>0x80022600</value>
         <object_component_ref idref="oc-79"/>
      </symbol>
      <symbol id="sm-50f">
         <name>__TI_auto_init_nobinit_nopinit</name>
         <value>0x80022a20</value>
         <object_component_ref idref="oc-a1"/>
      </symbol>
      <symbol id="sm-518">
         <name>_system_pre_init</name>
         <value>0x800241c0</value>
         <object_component_ref idref="oc-5e"/>
      </symbol>
      <symbol id="sm-521">
         <name>_system_post_cinit</name>
         <value>0x800241a0</value>
         <object_component_ref idref="oc-143"/>
      </symbol>
      <symbol id="sm-53a">
         <name>__TI_decompress_none</name>
         <value>0x80024200</value>
         <object_component_ref idref="oc-15"/>
      </symbol>
      <symbol id="sm-565">
         <name>__TI_decompress_rle24</name>
         <value>0x80024220</value>
         <object_component_ref idref="oc-1b"/>
      </symbol>
      <symbol id="sm-579">
         <name>frexpl</name>
         <value>0x80020f60</value>
         <object_component_ref idref="oc-42a"/>
      </symbol>
      <symbol id="sm-57a">
         <name>frexp</name>
         <value>0x80020f60</value>
         <object_component_ref idref="oc-42a"/>
      </symbol>
      <symbol id="sm-597">
         <name>__c6xabi_isinf</name>
         <value>0x80023ee0</value>
         <object_component_ref idref="oc-2ab"/>
      </symbol>
      <symbol id="sm-5ab">
         <name>scalbn</name>
         <value>0x800206e0</value>
         <object_component_ref idref="oc-430"/>
      </symbol>
      <symbol id="sm-5ac">
         <name>scalbnl</name>
         <value>0x800206e0</value>
         <object_component_ref idref="oc-430"/>
      </symbol>
      <symbol id="sm-5ad">
         <name>ldexpl</name>
         <value>0x800206e0</value>
         <object_component_ref idref="oc-430"/>
      </symbol>
      <symbol id="sm-5ae">
         <name>ldexp</name>
         <value>0x800206e0</value>
         <object_component_ref idref="oc-430"/>
      </symbol>
      <symbol id="sm-5b7">
         <name>_signbit</name>
         <value>0x80024180</value>
         <object_component_ref idref="oc-2b1"/>
      </symbol>
      <symbol id="sm-5d6">
         <name>__c6xabi_divd</name>
         <value>0x8001c240</value>
         <object_component_ref idref="oc-409"/>
      </symbol>
      <symbol id="sm-5e9">
         <name>__TI_frcmpyd_div</name>
         <value>0x80023b20</value>
         <object_component_ref idref="oc-4c1"/>
      </symbol>
      <symbol id="sm-60a">
         <name>C$$EXIT</name>
         <value>0x800241e0</value>
         <object_component_ref idref="oc-98"/>
      </symbol>
      <symbol id="sm-60b">
         <name>abort</name>
         <value>0x800241e0</value>
         <object_component_ref idref="oc-98"/>
      </symbol>
      <symbol id="sm-60c">
         <name>exit</name>
         <value>0x80022520</value>
         <object_component_ref idref="oc-58"/>
      </symbol>
      <symbol id="sm-60d">
         <name>__TI_dtors_ptr</name>
         <value>0x1084cb64</value>
         <object_component_ref idref="oc-95"/>
      </symbol>
      <symbol id="sm-60e">
         <name>__TI_cleanup_ptr</name>
         <value>0x1084cb60</value>
         <object_component_ref idref="oc-95"/>
      </symbol>
      <symbol id="sm-60f">
         <name>__TI_enable_exit_profile_output</name>
         <value>0x1084cb68</value>
         <object_component_ref idref="oc-95"/>
      </symbol>
      <symbol id="sm-67a">
         <name>_sys_memory</name>
         <value>0x10800000</value>
         <object_component_ref idref="oc-2b"/>
      </symbol>
      <symbol id="sm-67b">
         <name>free</name>
         <value>0x8001d8e0</value>
         <object_component_ref idref="oc-10e"/>
      </symbol>
      <symbol id="sm-67c">
         <name>malloc</name>
         <value>0x800208a0</value>
         <object_component_ref idref="oc-102"/>
      </symbol>
      <symbol id="sm-692">
         <name>_nop</name>
         <value>0x80024120</value>
         <object_component_ref idref="oc-277"/>
      </symbol>
      <symbol id="sm-693">
         <name>_lock</name>
         <value>0x1084cb6c</value>
         <object_component_ref idref="oc-18d"/>
      </symbol>
      <symbol id="sm-694">
         <name>_unlock</name>
         <value>0x1084cb80</value>
         <object_component_ref idref="oc-193"/>
      </symbol>
      <symbol id="sm-6a4">
         <name>__TI_ltoa</name>
         <value>0x80022280</value>
         <object_component_ref idref="oc-40f"/>
      </symbol>
      <symbol id="sm-6b6">
         <name>_args_main</name>
         <value>0x80023f60</value>
         <object_component_ref idref="oc-52"/>
      </symbol>
      <symbol id="sm-6ca">
         <name>atoi</name>
         <value>0x80021de0</value>
         <object_component_ref idref="oc-299"/>
      </symbol>
      <symbol id="sm-6d4">
         <name>_ctypes_</name>
         <value>0x1084c6c8</value>
         <object_component_ref idref="oc-3f4"/>
      </symbol>
      <symbol id="sm-6e4">
         <name>__TI_tmpnams</name>
         <value>0x1084cb90</value>
      </symbol>
      <symbol id="sm-6e5">
         <name>_ftable</name>
         <value>0x1084c858</value>
         <object_component_ref idref="oc-190"/>
      </symbol>
      <symbol id="sm-6e6">
         <name>__TI_ft_end</name>
         <value>0x1084cb84</value>
         <object_component_ref idref="oc-5b3"/>
      </symbol>
      <symbol id="sm-6f7">
         <name>memccpy</name>
         <value>0x80023d60</value>
         <object_component_ref idref="oc-2cf"/>
      </symbol>
      <symbol id="sm-71a">
         <name>_stream</name>
         <value>0x1084ca38</value>
         <object_component_ref idref="oc-49d"/>
      </symbol>
      <symbol id="sm-71b">
         <name>_device</name>
         <value>0x1084cad8</value>
         <object_component_ref idref="oc-513"/>
      </symbol>
      <symbol id="sm-71c">
         <name>write</name>
         <value>0x80023e80</value>
         <object_component_ref idref="oc-3e9"/>
      </symbol>
      <symbol id="sm-735">
         <name>__TI_tls_init</name>
         <value>0x80023020</value>
         <object_component_ref idref="oc-149"/>
      </symbol>
      <symbol id="sm-747">
         <name>__errno</name>
         <value>0x1084cb88</value>
         <object_component_ref idref="oc-440"/>
      </symbol>
      <symbol id="sm-748">
         <name>errno</name>
         <value>0x1084cb88</value>
         <object_component_ref idref="oc-440"/>
      </symbol>
      <symbol id="sm-749">
         <name>__c6xabi_errno_addr</name>
         <value>0x800240c0</value>
         <object_component_ref idref="oc-2db"/>
      </symbol>
      <symbol id="sm-763">
         <name>wcslen</name>
         <value>0x80024020</value>
         <object_component_ref idref="oc-2d5"/>
      </symbol>
      <symbol id="sm-772">
         <name>__TI_doflush</name>
         <value>0x80022ae0</value>
         <object_component_ref idref="oc-3e3"/>
      </symbol>
      <symbol id="sm-780">
         <name>__TI_cleanup</name>
         <value>0x80023180</value>
         <object_component_ref idref="oc-502"/>
      </symbol>
      <symbol id="sm-798">
         <name>fseek</name>
         <value>0x80021ee0</value>
         <object_component_ref idref="oc-48d"/>
      </symbol>
      <symbol id="sm-7a8">
         <name>lseek</name>
         <value>0x80023d00</value>
         <object_component_ref idref="oc-4fa"/>
      </symbol>
      <symbol id="sm-7b9">
         <name>HOSTclose</name>
         <value>0x800230e0</value>
         <object_component_ref idref="oc-5c5"/>
      </symbol>
      <symbol id="sm-7c9">
         <name>HOSTlseek</name>
         <value>0x80021fe0</value>
         <object_component_ref idref="oc-5d7"/>
      </symbol>
      <symbol id="sm-7dd">
         <name>parmbuf</name>
         <value>0x1084ccd8</value>
      </symbol>
      <symbol id="sm-7de">
         <name>HOSTopen</name>
         <value>0x800220c0</value>
         <object_component_ref idref="oc-5bf"/>
      </symbol>
      <symbol id="sm-7ee">
         <name>HOSTread</name>
         <value>0x800228a0</value>
         <object_component_ref idref="oc-5cb"/>
      </symbol>
      <symbol id="sm-80c">
         <name>HOSTrename</name>
         <value>0x80020c20</value>
         <object_component_ref idref="oc-5e3"/>
      </symbol>
      <symbol id="sm-81f">
         <name>HOSTunlink</name>
         <value>0x80022960</value>
         <object_component_ref idref="oc-5dd"/>
      </symbol>
      <symbol id="sm-82f">
         <name>HOSTwrite</name>
         <value>0x800221a0</value>
         <object_component_ref idref="oc-5d1"/>
      </symbol>
      <symbol id="sm-855">
         <name>__TI_readmsg</name>
         <value>0x80023820</value>
         <object_component_ref idref="oc-61d"/>
      </symbol>
      <symbol id="sm-856">
         <name>C$$IO$$</name>
         <value>0x80023bd8</value>
         <object_component_ref idref="oc-617"/>
      </symbol>
      <symbol id="sm-857">
         <name>__CIOBUF_</name>
         <value>0x1084cce0</value>
         <object_component_ref idref="oc-63e"/>
      </symbol>
      <symbol id="sm-858">
         <name>__TI_writemsg</name>
         <value>0x80023b80</value>
         <object_component_ref idref="oc-617"/>
      </symbol>
      <symbol id="sm-871">
         <name>__TI_closefile</name>
         <value>0x80021ae0</value>
         <object_component_ref idref="oc-5b6"/>
      </symbol>
      <symbol id="sm-89b">
         <name>finddevice</name>
         <value>0x80023400</value>
         <object_component_ref idref="oc-652"/>
      </symbol>
      <symbol id="sm-89c">
         <name>getdevice</name>
         <value>0x800217a0</value>
         <object_component_ref idref="oc-632"/>
      </symbol>
      <symbol id="sm-8ae">
         <name>close</name>
         <value>0x80022440</value>
         <object_component_ref idref="oc-605"/>
      </symbol>
      <symbol id="sm-8bf">
         <name>unlink</name>
         <value>0x80023aa0</value>
         <object_component_ref idref="oc-60b"/>
      </symbol>
      <symbol id="sm-9d7">
         <name>platform_init</name>
         <value>0x8001c840</value>
         <object_component_ref idref="oc-114"/>
      </symbol>
      <symbol id="sm-9d8">
         <name>platform_delay</name>
         <value>0x80023fa0</value>
         <object_component_ref idref="oc-342"/>
      </symbol>
      <symbol id="sm-9d9">
         <name>platform_get_info</name>
         <value>0x8001d0e0</value>
         <object_component_ref idref="oc-11a"/>
      </symbol>
      <symbol id="sm-9da">
         <name>platform_get_macaddr</name>
         <value>0x80023680</value>
         <object_component_ref idref="oc-232"/>
      </symbol>
      <symbol id="sm-9db">
         <name>platform_device_close</name>
         <value>0x800235e0</value>
         <object_component_ref idref="oc-126"/>
      </symbol>
      <symbol id="sm-9dc">
         <name>gDeviceNandBBlist</name>
         <value>0x1084b058</value>
         <object_component_ref idref="oc-257"/>
      </symbol>
      <symbol id="sm-9dd">
         <name>gDeviceEeprom1</name>
         <value>0x1084c32c</value>
         <object_component_ref idref="oc-1bd"/>
      </symbol>
      <symbol id="sm-9de">
         <name>gDeviceEeprom0</name>
         <value>0x1084c2f4</value>
         <object_component_ref idref="oc-1bd"/>
      </symbol>
      <symbol id="sm-9df">
         <name>platform_errno</name>
         <value>0x1084ce38</value>
         <object_component_ref idref="oc-1ba"/>
      </symbol>
      <symbol id="sm-9e0">
         <name>platform_init_return_code</name>
         <value>0x1084ce3c</value>
         <object_component_ref idref="oc-1ba"/>
      </symbol>
      <symbol id="sm-9e1">
         <name>platform_delaycycles</name>
         <value>0x80023fe0</value>
         <object_component_ref idref="oc-318"/>
      </symbol>
      <symbol id="sm-9e2">
         <name>platform_device_open</name>
         <value>0x8001fbe0</value>
         <object_component_ref idref="oc-120"/>
      </symbol>
      <symbol id="sm-9e3">
         <name>platform_device_read</name>
         <value>0x8001e8a0</value>
         <object_component_ref idref="oc-108"/>
      </symbol>
      <symbol id="sm-9e4">
         <name>gDeviceNand</name>
         <value>0x1084c284</value>
         <object_component_ref idref="oc-1bd"/>
      </symbol>
      <symbol id="sm-9e5">
         <name>emac_port_mode</name>
         <value>0x1084c368</value>
         <object_component_ref idref="oc-1bd"/>
      </symbol>
      <symbol id="sm-9e6">
         <name>gDeviceNor</name>
         <value>0x1084c2bc</value>
         <object_component_ref idref="oc-1bd"/>
      </symbol>
      <symbol id="sm-9f1">
         <name>evmI2CInit</name>
         <value>0x80023360</value>
         <object_component_ref idref="oc-23f"/>
      </symbol>
      <symbol id="sm-a65">
         <name>NandGetDetails</name>
         <value>0x8001f7c0</value>
         <object_component_ref idref="oc-251"/>
      </symbol>
      <symbol id="sm-a66">
         <name>nandInit</name>
         <value>0x8001f340</value>
         <object_component_ref idref="oc-239"/>
      </symbol>
      <symbol id="sm-a67">
         <name>readNandPage</name>
         <value>0x8001fde0</value>
         <object_component_ref idref="oc-1d6"/>
      </symbol>
      <symbol id="sm-ad4">
         <name>PowerUpDomains</name>
         <value>0x800212a0</value>
         <object_component_ref idref="oc-213"/>
      </symbol>
      <symbol id="sm-ad5">
         <name>CorePllcGetHwSetup</name>
         <value>0x800219e0</value>
         <object_component_ref idref="oc-1f5"/>
      </symbol>
      <symbol id="sm-ad6">
         <name>SetPaPllConfig</name>
         <value>0x8001ffe0</value>
         <object_component_ref idref="oc-1fb"/>
      </symbol>
      <symbol id="sm-ad7">
         <name>SetDDR3PllConfig</name>
         <value>0x80020dc0</value>
         <object_component_ref idref="oc-201"/>
      </symbol>
      <symbol id="sm-ad8">
         <name>DDR3Init</name>
         <value>0x8001eb60</value>
         <object_component_ref idref="oc-20d"/>
      </symbol>
      <symbol id="sm-ad9">
         <name>xmc_setup</name>
         <value>0x80024060</value>
         <object_component_ref idref="oc-207"/>
      </symbol>
      <symbol id="sm-ada">
         <name>CorePllcHwSetup</name>
         <value>0x8001e2e0</value>
         <object_component_ref idref="oc-1ef"/>
      </symbol>
      <symbol id="sm-adb">
         <name>prog_pll1_values</name>
         <value>0x80021540</value>
         <object_component_ref idref="oc-391"/>
      </symbol>
      <symbol id="sm-b0c">
         <name>Init_SGMII</name>
         <value>0x8001f9e0</value>
         <object_component_ref idref="oc-21f"/>
      </symbol>
      <symbol id="sm-b0d">
         <name>configSerdes</name>
         <value>0x80021400</value>
         <object_component_ref idref="oc-219"/>
      </symbol>
      <symbol id="sm-b28">
         <name>fpgaReadConfigurationRegister</name>
         <value>0x80022c60</value>
         <object_component_ref idref="oc-3b0"/>
      </symbol>
      <symbol id="sm-b29">
         <name>getBoardVersion</name>
         <value>0x80023ca0</value>
         <object_component_ref idref="oc-22c"/>
      </symbol>
      <symbol id="sm-b6a">
         <name>i2cEepromWriteBlock</name>
         <value>0x8001d500</value>
         <object_component_ref idref="oc-312"/>
      </symbol>
      <symbol id="sm-b6b">
         <name>i2cEepromRead</name>
         <value>0x8001f0a0</value>
         <object_component_ref idref="oc-1c0"/>
      </symbol>
      <symbol id="sm-b96">
         <name>nor_read</name>
         <value>0x80022f60</value>
         <object_component_ref idref="oc-1c6"/>
      </symbol>
      <symbol id="sm-b97">
         <name>nor_get_details</name>
         <value>0x80023540</value>
         <object_component_ref idref="oc-24b"/>
      </symbol>
      <symbol id="sm-b98">
         <name>nor_init</name>
         <value>0x80022ea0</value>
         <object_component_ref idref="oc-245"/>
      </symbol>
      <symbol id="sm-bf8">
         <name>spi_read_word</name>
         <value>0x80023a20</value>
         <object_component_ref idref="oc-484"/>
      </symbol>
      <symbol id="sm-bf9">
         <name>spi_cmd_read</name>
         <value>0x80023dc0</value>
         <object_component_ref idref="oc-332"/>
      </symbol>
      <symbol id="sm-bfa">
         <name>spi_xfer</name>
         <value>0x800218c0</value>
         <object_component_ref idref="oc-468"/>
      </symbol>
      <symbol id="sm-bfb">
         <name>spi_release</name>
         <value>0x80024260</value>
         <object_component_ref idref="oc-32c"/>
      </symbol>
      <symbol id="sm-bfc">
         <name>spi_cmd</name>
         <value>0x800227c0</value>
         <object_component_ref idref="oc-3ba"/>
      </symbol>
      <symbol id="sm-bfd">
         <name>spi_claim</name>
         <value>0x80021100</value>
         <object_component_ref idref="oc-326"/>
      </symbol>
      <symbol id="sm-c08">
         <name>cpsgmiiPortBaseAddr</name>
         <value>0x1084cb50</value>
         <object_component_ref idref="oc-39f"/>
      </symbol>
      <symbol id="sm-c12">
         <name>__remu</name>
         <value>0x80023220</value>
         <object_component_ref idref="oc-1d1"/>
      </symbol>
      <symbol id="sm-c13">
         <name>__c6xabi_remu</name>
         <value>0x80023220</value>
         <object_component_ref idref="oc-1d1"/>
      </symbol>
      <symbol id="sm-c14">
         <name>__TI_STATIC_BASE</name>
         <value>0x1084ce38</value>
      </symbol>
      <symbol id="sm-c16">
         <name>__TI_TLS_INIT_Base</name>
         <value>0x0</value>
      </symbol>
      <symbol id="sm-c17">
         <name>__TI_TLS_INIT_Limit</name>
         <value>0x0</value>
      </symbol>
      <symbol id="sm-c18">
         <name>remove</name>
         <value>0x80023aa0</value>
      </symbol>
   </symbol_table>
   <title>Link successful</title>
</link_info>
