<?xml version="1.0" encoding="ISO-8859-1" ?>
<link_info>
   <banner>TMS320C6x Linker PC v8.3.2</banner>
   <copyright>Copyright (c) 1996-2018 Texas Instruments Incorporated</copyright>
   <link_time>0x5d2695bf</link_time>
   <link_errors>0x0</link_errors>
   <output_file>5G_platform_test7.out</output_file>
   <entry_point>
      <name>_c_int00</name>
      <address>0x9804bfc0</address>
   </entry_point>
   <input_file_list>
      <input_file id="fl-2">
         <path>.\</path>
         <kind>object</kind>
         <file>main.obj</file>
         <name>main.obj</name>
      </input_file>
      <input_file id="fl-3">
         <path>.\</path>
         <kind>object</kind>
         <file>platform_osal_function.obj</file>
         <name>platform_osal_function.obj</name>
      </input_file>
      <input_file id="fl-a">
         <kind>object</kind>
         <file>&lt;internal&gt;</file>
         <name>&lt;internal&gt;</name>
      </input_file>
      <input_file id="fl-24">
         <path>C:\ti\ccs901\ccs\tools\compiler\ti-cgt-c6000_8.3.2\lib\</path>
         <kind>archive</kind>
         <file>rts6600_elf.lib</file>
         <name>boot.c.obj</name>
      </input_file>
      <input_file id="fl-25">
         <path>C:\ti\ccs901\ccs\tools\compiler\ti-cgt-c6000_8.3.2\lib\</path>
         <kind>archive</kind>
         <file>rts6600_elf.lib</file>
         <name>memset.c.obj</name>
      </input_file>
      <input_file id="fl-26">
         <path>C:\ti\ccs901\ccs\tools\compiler\ti-cgt-c6000_8.3.2\lib\</path>
         <kind>archive</kind>
         <file>rts6600_elf.lib</file>
         <name>autoinit.c.obj</name>
      </input_file>
      <input_file id="fl-27">
         <path>C:\ti\ccs901\ccs\tools\compiler\ti-cgt-c6000_8.3.2\lib\</path>
         <kind>archive</kind>
         <file>rts6600_elf.lib</file>
         <name>pre_init.c.obj</name>
      </input_file>
      <input_file id="fl-28">
         <path>C:\ti\ccs901\ccs\tools\compiler\ti-cgt-c6000_8.3.2\lib\</path>
         <kind>archive</kind>
         <file>rts6600_elf.lib</file>
         <name>startup.c.obj</name>
      </input_file>
      <input_file id="fl-29">
         <path>C:\ti\ccs901\ccs\tools\compiler\ti-cgt-c6000_8.3.2\lib\</path>
         <kind>archive</kind>
         <file>rts6600_elf.lib</file>
         <name>cpy_tbl.c.obj</name>
      </input_file>
      <input_file id="fl-2a">
         <path>C:\ti\ccs901\ccs\tools\compiler\ti-cgt-c6000_8.3.2\lib\</path>
         <kind>archive</kind>
         <file>rts6600_elf.lib</file>
         <name>copy_zero_init.c.obj</name>
      </input_file>
      <input_file id="fl-2b">
         <path>C:\ti\ccs901\ccs\tools\compiler\ti-cgt-c6000_8.3.2\lib\</path>
         <kind>archive</kind>
         <file>rts6600_elf.lib</file>
         <name>copy_decompress_none.c.obj</name>
      </input_file>
      <input_file id="fl-2c">
         <path>C:\ti\ccs901\ccs\tools\compiler\ti-cgt-c6000_8.3.2\lib\</path>
         <kind>archive</kind>
         <file>rts6600_elf.lib</file>
         <name>copy_decompress_rle.c.obj</name>
      </input_file>
      <input_file id="fl-2d">
         <path>C:\ti\ccs901\ccs\tools\compiler\ti-cgt-c6000_8.3.2\lib\</path>
         <kind>archive</kind>
         <file>rts6600_elf.lib</file>
         <name>tls.c.obj</name>
      </input_file>
      <input_file id="fl-2e">
         <path>C:\ti\ccs901\ccs\tools\compiler\ti-cgt-c6000_8.3.2\lib\</path>
         <kind>archive</kind>
         <file>rts6600_elf.lib</file>
         <name>exit.c.obj</name>
      </input_file>
      <input_file id="fl-2f">
         <path>C:\ti\ccs901\ccs\tools\compiler\ti-cgt-c6000_8.3.2\lib\</path>
         <kind>archive</kind>
         <file>rts6600_elf.lib</file>
         <name>memory.c.obj</name>
      </input_file>
      <input_file id="fl-30">
         <path>C:\ti\ccs901\ccs\tools\compiler\ti-cgt-c6000_8.3.2\lib\</path>
         <kind>archive</kind>
         <file>rts6600_elf.lib</file>
         <name>_lock.c.obj</name>
      </input_file>
      <input_file id="fl-31">
         <path>C:\ti\ccs901\ccs\tools\compiler\ti-cgt-c6000_8.3.2\lib\</path>
         <kind>archive</kind>
         <file>rts6600_elf.lib</file>
         <name>args_main.c.obj</name>
      </input_file>
      <input_file id="fl-32">
         <path>C:\ti\ccs901\ccs\tools\compiler\ti-cgt-c6000_8.3.2\lib\</path>
         <kind>archive</kind>
         <file>rts6600_elf.lib</file>
         <name>tls_get_tp.asm.obj</name>
      </input_file>
      <input_file id="fl-33">
         <path>C:\ti\ccs901\ccs\tools\compiler\ti-cgt-c6000_8.3.2\lib\</path>
         <kind>archive</kind>
         <file>rts6600_elf.lib</file>
         <name>memcpy64.asm.obj</name>
      </input_file>
      <input_file id="fl-34">
         <path>D:\pxqwork\project\5G-DSP\platform_lib_evmc6678l\lib\debug\</path>
         <kind>archive</kind>
         <file>ti.platform.evm6678l.ae66</file>
         <name>platform.obj</name>
      </input_file>
      <input_file id="fl-35">
         <path>D:\pxqwork\project\5G-DSP\platform_lib_evmc6678l\lib\debug\</path>
         <kind>archive</kind>
         <file>ti.platform.evm6678l.ae66</file>
         <name>cyhc5g.obj</name>
      </input_file>
      <input_file id="fl-36">
         <path>D:\pxqwork\project\5G-DSP\platform_lib_evmc6678l\lib\debug\</path>
         <kind>archive</kind>
         <file>ti.platform.evm6678l.ae66</file>
         <name>cyhc5g_gpio.obj</name>
      </input_file>
      <input_file id="fl-37">
         <path>D:\pxqwork\project\5G-DSP\platform_lib_evmc6678l\lib\debug\</path>
         <kind>archive</kind>
         <file>ti.platform.evm6678l.ae66</file>
         <name>cyhc5g_i2c.obj</name>
      </input_file>
      <input_file id="fl-38">
         <path>D:\pxqwork\project\5G-DSP\platform_lib_evmc6678l\lib\debug\</path>
         <kind>archive</kind>
         <file>ti.platform.evm6678l.ae66</file>
         <name>cyhc5g_i2c_eeprom.obj</name>
      </input_file>
      <input_file id="fl-39">
         <path>D:\pxqwork\project\5G-DSP\platform_lib_evmc6678l\lib\debug\</path>
         <kind>archive</kind>
         <file>ti.platform.evm6678l.ae66</file>
         <name>cyhc5g_led.obj</name>
      </input_file>
      <input_file id="fl-3a">
         <path>D:\pxqwork\project\5G-DSP\platform_lib_evmc6678l\lib\debug\</path>
         <kind>archive</kind>
         <file>ti.platform.evm6678l.ae66</file>
         <name>cyhc5g_nand.obj</name>
      </input_file>
      <input_file id="fl-3b">
         <path>D:\pxqwork\project\5G-DSP\platform_lib_evmc6678l\lib\debug\</path>
         <kind>archive</kind>
         <file>ti.platform.evm6678l.ae66</file>
         <name>cyhc5g_nor.obj</name>
      </input_file>
      <input_file id="fl-3c">
         <path>D:\pxqwork\project\5G-DSP\platform_lib_evmc6678l\lib\debug\</path>
         <kind>archive</kind>
         <file>ti.platform.evm6678l.ae66</file>
         <name>cyhc5g_phy.obj</name>
      </input_file>
      <input_file id="fl-3d">
         <path>D:\pxqwork\project\5G-DSP\platform_lib_evmc6678l\lib\debug\</path>
         <kind>archive</kind>
         <file>ti.platform.evm6678l.ae66</file>
         <name>cyhc5g_spi.obj</name>
      </input_file>
      <input_file id="fl-3e">
         <path>D:\pxqwork\project\5G-DSP\platform_lib_evmc6678l\lib\debug\</path>
         <kind>archive</kind>
         <file>ti.platform.evm6678l.ae66</file>
         <name>cyhc5g_uart.obj</name>
      </input_file>
      <input_file id="fl-3f">
         <path>C:\ti\pdk\6678\pdk_c667x_2_0_13\packages\ti\csl\lib\c6678\c66\release\</path>
         <kind>archive</kind>
         <file>ti.csl.ae66</file>
         <name>csl_gpioGetBaseAddress.oe66</name>
      </input_file>
      <input_file id="fl-40">
         <path>C:\ti\pdk\6678\pdk_c667x_2_0_13\packages\ti\csl\lib\c6678\c66\release\</path>
         <kind>archive</kind>
         <file>ti.csl.ae66</file>
         <name>csl_cpsgmii.oe66</name>
      </input_file>
      <input_file id="fl-41">
         <path>C:\ti\ccs901\ccs\tools\compiler\ti-cgt-c6000_8.3.2\lib\</path>
         <kind>archive</kind>
         <file>rts6600_elf.lib</file>
         <name>printf.c.obj</name>
      </input_file>
      <input_file id="fl-42">
         <path>C:\ti\ccs901\ccs\tools\compiler\ti-cgt-c6000_8.3.2\lib\</path>
         <kind>archive</kind>
         <file>rts6600_elf.lib</file>
         <name>_printfi.c.obj</name>
      </input_file>
      <input_file id="fl-43">
         <path>C:\ti\ccs901\ccs\tools\compiler\ti-cgt-c6000_8.3.2\lib\</path>
         <kind>archive</kind>
         <file>rts6600_elf.lib</file>
         <name>vsprintf.c.obj</name>
      </input_file>
      <input_file id="fl-44">
         <path>C:\ti\ccs901\ccs\tools\compiler\ti-cgt-c6000_8.3.2\lib\</path>
         <kind>archive</kind>
         <file>rts6600_elf.lib</file>
         <name>fputc.c.obj</name>
      </input_file>
      <input_file id="fl-45">
         <path>C:\ti\ccs901\ccs\tools\compiler\ti-cgt-c6000_8.3.2\lib\</path>
         <kind>archive</kind>
         <file>rts6600_elf.lib</file>
         <name>fputs.c.obj</name>
      </input_file>
      <input_file id="fl-46">
         <path>C:\ti\ccs901\ccs\tools\compiler\ti-cgt-c6000_8.3.2\lib\</path>
         <kind>archive</kind>
         <file>rts6600_elf.lib</file>
         <name>_io_perm.c.obj</name>
      </input_file>
      <input_file id="fl-47">
         <path>C:\ti\ccs901\ccs\tools\compiler\ti-cgt-c6000_8.3.2\lib\</path>
         <kind>archive</kind>
         <file>rts6600_elf.lib</file>
         <name>setvbuf.c.obj</name>
      </input_file>
      <input_file id="fl-48">
         <path>C:\ti\ccs901\ccs\tools\compiler\ti-cgt-c6000_8.3.2\lib\</path>
         <kind>archive</kind>
         <file>rts6600_elf.lib</file>
         <name>wcslen.c.obj</name>
      </input_file>
      <input_file id="fl-49">
         <path>C:\ti\ccs901\ccs\tools\compiler\ti-cgt-c6000_8.3.2\lib\</path>
         <kind>archive</kind>
         <file>rts6600_elf.lib</file>
         <name>s_scalbn.c.obj</name>
      </input_file>
      <input_file id="fl-4a">
         <path>C:\ti\ccs901\ccs\tools\compiler\ti-cgt-c6000_8.3.2\lib\</path>
         <kind>archive</kind>
         <file>rts6600_elf.lib</file>
         <name>push.asm.obj</name>
      </input_file>
      <input_file id="fl-4b">
         <path>C:\ti\ccs901\ccs\tools\compiler\ti-cgt-c6000_8.3.2\lib\</path>
         <kind>archive</kind>
         <file>rts6600_elf.lib</file>
         <name>call_stub.asm.obj</name>
      </input_file>
      <input_file id="fl-4c">
         <path>C:\ti\ccs901\ccs\tools\compiler\ti-cgt-c6000_8.3.2\lib\</path>
         <kind>archive</kind>
         <file>rts6600_elf.lib</file>
         <name>divu.asm.obj</name>
      </input_file>
      <input_file id="fl-4d">
         <path>C:\ti\ccs901\ccs\tools\compiler\ti-cgt-c6000_8.3.2\lib\</path>
         <kind>archive</kind>
         <file>rts6600_elf.lib</file>
         <name>remu.asm.obj</name>
      </input_file>
      <input_file id="fl-4e">
         <path>C:\ti\ccs901\ccs\tools\compiler\ti-cgt-c6000_8.3.2\lib\</path>
         <kind>archive</kind>
         <file>rts6600_elf.lib</file>
         <name>imath40.c.obj</name>
      </input_file>
      <input_file id="fl-4f">
         <path>C:\ti\ccs901\ccs\tools\compiler\ti-cgt-c6000_8.3.2\lib\</path>
         <kind>archive</kind>
         <file>rts6600_elf.lib</file>
         <name>imath64.c.obj</name>
      </input_file>
      <input_file id="fl-50">
         <path>C:\ti\ccs901\ccs\tools\compiler\ti-cgt-c6000_8.3.2\lib\</path>
         <kind>archive</kind>
         <file>rts6600_elf.lib</file>
         <name>llshift.c.obj</name>
      </input_file>
      <input_file id="fl-51">
         <path>C:\ti\ccs901\ccs\tools\compiler\ti-cgt-c6000_8.3.2\lib\</path>
         <kind>archive</kind>
         <file>rts6600_elf.lib</file>
         <name>frexp.c.obj</name>
      </input_file>
      <input_file id="fl-52">
         <path>C:\ti\ccs901\ccs\tools\compiler\ti-cgt-c6000_8.3.2\lib\</path>
         <kind>archive</kind>
         <file>rts6600_elf.lib</file>
         <name>isinf.c.obj</name>
      </input_file>
      <input_file id="fl-53">
         <path>C:\ti\ccs901\ccs\tools\compiler\ti-cgt-c6000_8.3.2\lib\</path>
         <kind>archive</kind>
         <file>rts6600_elf.lib</file>
         <name>signbit.c.obj</name>
      </input_file>
      <input_file id="fl-54">
         <path>C:\ti\ccs901\ccs\tools\compiler\ti-cgt-c6000_8.3.2\lib\</path>
         <kind>archive</kind>
         <file>rts6600_elf.lib</file>
         <name>divd.c.obj</name>
      </input_file>
      <input_file id="fl-55">
         <path>C:\ti\ccs901\ccs\tools\compiler\ti-cgt-c6000_8.3.2\lib\</path>
         <kind>archive</kind>
         <file>rts6600_elf.lib</file>
         <name>frcmpyd_div.c.obj</name>
      </input_file>
      <input_file id="fl-56">
         <path>C:\ti\ccs901\ccs\tools\compiler\ti-cgt-c6000_8.3.2\lib\</path>
         <kind>archive</kind>
         <file>rts6600_elf.lib</file>
         <name>atoi.c.obj</name>
      </input_file>
      <input_file id="fl-57">
         <path>C:\ti\ccs901\ccs\tools\compiler\ti-cgt-c6000_8.3.2\lib\</path>
         <kind>archive</kind>
         <file>rts6600_elf.lib</file>
         <name>ctype.c.obj</name>
      </input_file>
      <input_file id="fl-58">
         <path>C:\ti\ccs901\ccs\tools\compiler\ti-cgt-c6000_8.3.2\lib\</path>
         <kind>archive</kind>
         <file>rts6600_elf.lib</file>
         <name>defs.c.obj</name>
      </input_file>
      <input_file id="fl-59">
         <path>C:\ti\ccs901\ccs\tools\compiler\ti-cgt-c6000_8.3.2\lib\</path>
         <kind>archive</kind>
         <file>rts6600_elf.lib</file>
         <name>ltoa.c.obj</name>
      </input_file>
      <input_file id="fl-5a">
         <path>C:\ti\ccs901\ccs\tools\compiler\ti-cgt-c6000_8.3.2\lib\</path>
         <kind>archive</kind>
         <file>rts6600_elf.lib</file>
         <name>memccpy.c.obj</name>
      </input_file>
      <input_file id="fl-5b">
         <path>C:\ti\ccs901\ccs\tools\compiler\ti-cgt-c6000_8.3.2\lib\</path>
         <kind>archive</kind>
         <file>rts6600_elf.lib</file>
         <name>write.c.obj</name>
      </input_file>
      <input_file id="fl-5c">
         <path>C:\ti\ccs901\ccs\tools\compiler\ti-cgt-c6000_8.3.2\lib\</path>
         <kind>archive</kind>
         <file>rts6600_elf.lib</file>
         <name>llabs.c.obj</name>
      </input_file>
      <input_file id="fl-5d">
         <path>C:\ti\ccs901\ccs\tools\compiler\ti-cgt-c6000_8.3.2\lib\</path>
         <kind>archive</kind>
         <file>rts6600_elf.lib</file>
         <name>errno.c.obj</name>
      </input_file>
      <input_file id="fl-5e">
         <path>C:\ti\ccs901\ccs\tools\compiler\ti-cgt-c6000_8.3.2\lib\</path>
         <kind>archive</kind>
         <file>rts6600_elf.lib</file>
         <name>s_copysign.c.obj</name>
      </input_file>
      <input_file id="fl-5f">
         <path>C:\ti\ccs901\ccs\tools\compiler\ti-cgt-c6000_8.3.2\lib\</path>
         <kind>archive</kind>
         <file>rts6600_elf.lib</file>
         <name>fflush.c.obj</name>
      </input_file>
      <input_file id="fl-60">
         <path>C:\ti\ccs901\ccs\tools\compiler\ti-cgt-c6000_8.3.2\lib\</path>
         <kind>archive</kind>
         <file>rts6600_elf.lib</file>
         <name>fopen.c.obj</name>
      </input_file>
      <input_file id="fl-61">
         <path>C:\ti\ccs901\ccs\tools\compiler\ti-cgt-c6000_8.3.2\lib\</path>
         <kind>archive</kind>
         <file>rts6600_elf.lib</file>
         <name>fseek.c.obj</name>
      </input_file>
      <input_file id="fl-62">
         <path>C:\ti\ccs901\ccs\tools\compiler\ti-cgt-c6000_8.3.2\lib\</path>
         <kind>archive</kind>
         <file>rts6600_elf.lib</file>
         <name>lseek.c.obj</name>
      </input_file>
      <input_file id="fl-63">
         <path>C:\ti\ccs901\ccs\tools\compiler\ti-cgt-c6000_8.3.2\lib\</path>
         <kind>archive</kind>
         <file>rts6600_elf.lib</file>
         <name>open.c.obj</name>
      </input_file>
      <input_file id="fl-64">
         <path>C:\ti\ccs901\ccs\tools\compiler\ti-cgt-c6000_8.3.2\lib\</path>
         <kind>archive</kind>
         <file>rts6600_elf.lib</file>
         <name>hostclose.c.obj</name>
      </input_file>
      <input_file id="fl-65">
         <path>C:\ti\ccs901\ccs\tools\compiler\ti-cgt-c6000_8.3.2\lib\</path>
         <kind>archive</kind>
         <file>rts6600_elf.lib</file>
         <name>hostlseek.c.obj</name>
      </input_file>
      <input_file id="fl-66">
         <path>C:\ti\ccs901\ccs\tools\compiler\ti-cgt-c6000_8.3.2\lib\</path>
         <kind>archive</kind>
         <file>rts6600_elf.lib</file>
         <name>hostopen.c.obj</name>
      </input_file>
      <input_file id="fl-67">
         <path>C:\ti\ccs901\ccs\tools\compiler\ti-cgt-c6000_8.3.2\lib\</path>
         <kind>archive</kind>
         <file>rts6600_elf.lib</file>
         <name>hostread.c.obj</name>
      </input_file>
      <input_file id="fl-68">
         <path>C:\ti\ccs901\ccs\tools\compiler\ti-cgt-c6000_8.3.2\lib\</path>
         <kind>archive</kind>
         <file>rts6600_elf.lib</file>
         <name>hostrename.c.obj</name>
      </input_file>
      <input_file id="fl-69">
         <path>C:\ti\ccs901\ccs\tools\compiler\ti-cgt-c6000_8.3.2\lib\</path>
         <kind>archive</kind>
         <file>rts6600_elf.lib</file>
         <name>hostunlink.c.obj</name>
      </input_file>
      <input_file id="fl-6a">
         <path>C:\ti\ccs901\ccs\tools\compiler\ti-cgt-c6000_8.3.2\lib\</path>
         <kind>archive</kind>
         <file>rts6600_elf.lib</file>
         <name>hostwrite.c.obj</name>
      </input_file>
      <input_file id="fl-6b">
         <path>C:\ti\ccs901\ccs\tools\compiler\ti-cgt-c6000_8.3.2\lib\</path>
         <kind>archive</kind>
         <file>rts6600_elf.lib</file>
         <name>trgmsg.c.obj</name>
      </input_file>
      <input_file id="fl-6c">
         <path>C:\ti\ccs901\ccs\tools\compiler\ti-cgt-c6000_8.3.2\lib\</path>
         <kind>archive</kind>
         <file>rts6600_elf.lib</file>
         <name>fclose.c.obj</name>
      </input_file>
      <input_file id="fl-6d">
         <path>C:\ti\ccs901\ccs\tools\compiler\ti-cgt-c6000_8.3.2\lib\</path>
         <kind>archive</kind>
         <file>rts6600_elf.lib</file>
         <name>getdevice.c.obj</name>
      </input_file>
      <input_file id="fl-6e">
         <path>C:\ti\ccs901\ccs\tools\compiler\ti-cgt-c6000_8.3.2\lib\</path>
         <kind>archive</kind>
         <file>rts6600_elf.lib</file>
         <name>close.c.obj</name>
      </input_file>
      <input_file id="fl-6f">
         <path>C:\ti\ccs901\ccs\tools\compiler\ti-cgt-c6000_8.3.2\lib\</path>
         <kind>archive</kind>
         <file>rts6600_elf.lib</file>
         <name>remove.c.obj</name>
      </input_file>
      <input_file id="fl-70">
         <path>C:\ti\ccs901\ccs\tools\compiler\ti-cgt-c6000_8.3.2\lib\</path>
         <kind>archive</kind>
         <file>rts6600_elf.lib</file>
         <name>unlink.c.obj</name>
      </input_file>
   </input_file_list>
   <object_component_list>
      <object_component id="oc-22b">
         <name>.text:__TI_printfi</name>
         <load_address>0x98041000</load_address>
         <run_address>0x98041000</run_address>
         <size>0x1fe0</size>
         <input_file_ref idref="fl-42"/>
      </object_component>
      <object_component id="oc-f4">
         <name>.text</name>
         <load_address>0x98042fe0</load_address>
         <run_address>0x98042fe0</run_address>
         <size>0x1a60</size>
         <input_file_ref idref="fl-34"/>
      </object_component>
      <object_component id="oc-17f">
         <name>.text</name>
         <load_address>0x98044a40</load_address>
         <run_address>0x98044a40</run_address>
         <size>0xb40</size>
         <input_file_ref idref="fl-3a"/>
      </object_component>
      <object_component id="oc-207">
         <name>.text</name>
         <load_address>0x98045580</load_address>
         <run_address>0x98045580</run_address>
         <size>0x9a0</size>
         <input_file_ref idref="fl-35"/>
      </object_component>
      <object_component id="oc-185">
         <name>.text</name>
         <load_address>0x98045f20</load_address>
         <run_address>0x98045f20</run_address>
         <size>0x7e0</size>
         <input_file_ref idref="fl-38"/>
      </object_component>
      <object_component id="oc-317">
         <name>.text:_pconv_a</name>
         <load_address>0x98046700</load_address>
         <run_address>0x98046700</run_address>
         <size>0x640</size>
         <input_file_ref idref="fl-42"/>
      </object_component>
      <object_component id="oc-408">
         <name>.text:__c6xabi_divd</name>
         <load_address>0x98046d40</load_address>
         <run_address>0x98046d40</run_address>
         <size>0x600</size>
         <input_file_ref idref="fl-54"/>
      </object_component>
      <object_component id="oc-246">
         <name>.text</name>
         <load_address>0x98047340</load_address>
         <run_address>0x98047340</run_address>
         <size>0x460</size>
         <input_file_ref idref="fl-3d"/>
      </object_component>
      <object_component id="oc-305">
         <name>.text:_pconv_g</name>
         <load_address>0x980477a0</load_address>
         <run_address>0x980477a0</run_address>
         <size>0x440</size>
         <input_file_ref idref="fl-42"/>
      </object_component>
      <object_component id="oc-179">
         <name>.text</name>
         <load_address>0x98047be0</load_address>
         <run_address>0x98047be0</run_address>
         <size>0x3e0</size>
         <input_file_ref idref="fl-3b"/>
      </object_component>
      <object_component id="oc-268">
         <name>.text:free</name>
         <load_address>0x98047fc0</load_address>
         <run_address>0x98047fc0</run_address>
         <size>0x3c0</size>
         <input_file_ref idref="fl-2f"/>
      </object_component>
      <object_component id="oc-201">
         <name>.text</name>
         <load_address>0x98048380</load_address>
         <run_address>0x98048380</run_address>
         <size>0x340</size>
         <input_file_ref idref="fl-36"/>
      </object_component>
      <object_component id="oc-2e0">
         <name>.text:fputs</name>
         <load_address>0x980486c0</load_address>
         <run_address>0x980486c0</run_address>
         <size>0x320</size>
         <input_file_ref idref="fl-45"/>
      </object_component>
      <object_component id="oc-16e">
         <name>.text</name>
         <load_address>0x980489e0</load_address>
         <run_address>0x980489e0</run_address>
         <size>0x300</size>
         <input_file_ref idref="fl-3c"/>
      </object_component>
      <object_component id="oc-421">
         <name>.text:fcvt</name>
         <load_address>0x98048ce0</load_address>
         <run_address>0x98048ce0</run_address>
         <size>0x2c0</size>
         <input_file_ref idref="fl-42"/>
      </object_component>
      <object_component id="oc-311">
         <name>.text:_pconv_e</name>
         <load_address>0x98048fa0</load_address>
         <run_address>0x98048fa0</run_address>
         <size>0x2a0</size>
         <input_file_ref idref="fl-42"/>
      </object_component>
      <object_component id="oc-3f8">
         <name>.text:__c6xabi_divull</name>
         <load_address>0x98049240</load_address>
         <run_address>0x98049240</run_address>
         <size>0x240</size>
         <input_file_ref idref="fl-4f"/>
      </object_component>
      <object_component id="oc-8d">
         <name>.text</name>
         <load_address>0x98049480</load_address>
         <run_address>0x98049480</run_address>
         <size>0x1e0</size>
         <input_file_ref idref="fl-2"/>
      </object_component>
      <object_component id="oc-152">
         <name>.text</name>
         <load_address>0x98049660</load_address>
         <run_address>0x98049660</run_address>
         <size>0x1e0</size>
         <input_file_ref idref="fl-3e"/>
      </object_component>
      <object_component id="oc-3fe">
         <name>.text:__c6xabi_divul</name>
         <load_address>0x98049840</load_address>
         <run_address>0x98049840</run_address>
         <size>0x1c0</size>
         <input_file_ref idref="fl-4e"/>
      </object_component>
      <object_component id="oc-2ed">
         <name>.text:_ltostr</name>
         <load_address>0x98049a00</load_address>
         <run_address>0x98049a00</run_address>
         <size>0x1c0</size>
         <input_file_ref idref="fl-42"/>
      </object_component>
      <object_component id="oc-2d9">
         <name>.text:fputc</name>
         <load_address>0x98049bc0</load_address>
         <run_address>0x98049bc0</run_address>
         <size>0x1c0</size>
         <input_file_ref idref="fl-44"/>
      </object_component>
      <object_component id="oc-262">
         <name>.text:malloc</name>
         <load_address>0x98049d80</load_address>
         <run_address>0x98049d80</run_address>
         <size>0x1c0</size>
         <input_file_ref idref="fl-2f"/>
      </object_component>
      <object_component id="oc-465">
         <name>.text:setvbuf</name>
         <load_address>0x98049f40</load_address>
         <run_address>0x98049f40</run_address>
         <size>0x1c0</size>
         <input_file_ref idref="fl-47"/>
      </object_component>
      <object_component id="oc-558">
         <name>.text:HOSTrename</name>
         <load_address>0x9804a100</load_address>
         <run_address>0x9804a100</run_address>
         <size>0x1a0</size>
         <input_file_ref idref="fl-68"/>
      </object_component>
      <object_component id="oc-429">
         <name>.text:frexp</name>
         <load_address>0x9804a2a0</load_address>
         <run_address>0x9804a2a0</run_address>
         <size>0x1a0</size>
         <input_file_ref idref="fl-51"/>
      </object_component>
      <object_component id="oc-42f">
         <name>.text:scalbn</name>
         <load_address>0x9804a440</load_address>
         <run_address>0x9804a440</run_address>
         <size>0x1a0</size>
         <input_file_ref idref="fl-49"/>
      </object_component>
      <object_component id="oc-30b">
         <name>.text:_pconv_f</name>
         <load_address>0x9804a5e0</load_address>
         <run_address>0x9804a5e0</run_address>
         <size>0x120</size>
         <input_file_ref idref="fl-42"/>
      </object_component>
      <object_component id="oc-5a2">
         <name>.text:getdevice</name>
         <load_address>0x9804a700</load_address>
         <run_address>0x9804a700</run_address>
         <size>0x120</size>
         <input_file_ref idref="fl-6d"/>
      </object_component>
      <object_component id="oc-52b">
         <name>.text:__TI_closefile</name>
         <load_address>0x9804a820</load_address>
         <run_address>0x9804a820</run_address>
         <size>0x100</size>
         <input_file_ref idref="fl-6c"/>
      </object_component>
      <object_component id="oc-3a">
         <name>.text:__TI_decompress_rle_core</name>
         <load_address>0x9804a920</load_address>
         <run_address>0x9804a920</run_address>
         <size>0x100</size>
         <input_file_ref idref="fl-2c"/>
      </object_component>
      <object_component id="oc-41a">
         <name>.text:_mcpy</name>
         <load_address>0x9804aa20</load_address>
         <run_address>0x9804aa20</run_address>
         <size>0x100</size>
         <input_file_ref idref="fl-42"/>
      </object_component>
      <object_component id="oc-2e7">
         <name>.text:atoi</name>
         <load_address>0x9804ab20</load_address>
         <run_address>0x9804ab20</run_address>
         <size>0x100</size>
         <input_file_ref idref="fl-56"/>
      </object_component>
      <object_component id="oc-45f">
         <name>.text:fseek</name>
         <load_address>0x9804ac20</load_address>
         <run_address>0x9804ac20</run_address>
         <size>0x100</size>
         <input_file_ref idref="fl-61"/>
      </object_component>
      <object_component id="oc-54c">
         <name>.text:HOSTlseek</name>
         <load_address>0x9804ad20</load_address>
         <run_address>0x9804ad20</run_address>
         <size>0xe0</size>
         <input_file_ref idref="fl-65"/>
      </object_component>
      <object_component id="oc-534">
         <name>.text:HOSTopen</name>
         <load_address>0x9804ae00</load_address>
         <run_address>0x9804ae00</run_address>
         <size>0xe0</size>
         <input_file_ref idref="fl-66"/>
      </object_component>
      <object_component id="oc-546">
         <name>.text:HOSTwrite</name>
         <load_address>0x9804aee0</load_address>
         <run_address>0x9804aee0</run_address>
         <size>0xe0</size>
         <input_file_ref idref="fl-6a"/>
      </object_component>
      <object_component id="oc-3dd">
         <name>.text:__TI_wrt_ok</name>
         <load_address>0x9804afc0</load_address>
         <run_address>0x9804afc0</run_address>
         <size>0xe0</size>
         <input_file_ref idref="fl-46"/>
      </object_component>
      <object_component id="oc-575">
         <name>.text:close</name>
         <load_address>0x9804b0a0</load_address>
         <run_address>0x9804b0a0</run_address>
         <size>0xe0</size>
         <input_file_ref idref="fl-6e"/>
      </object_component>
      <object_component id="oc-58">
         <name>.text:exit</name>
         <load_address>0x9804b180</load_address>
         <run_address>0x9804b180</run_address>
         <size>0xe0</size>
         <input_file_ref idref="fl-2e"/>
      </object_component>
      <object_component id="oc-40e">
         <name>.text:ltoa</name>
         <load_address>0x9804b260</load_address>
         <run_address>0x9804b260</run_address>
         <size>0xe0</size>
         <input_file_ref idref="fl-59"/>
      </object_component>
      <object_component id="oc-79">
         <name>.text:memset</name>
         <load_address>0x9804b340</load_address>
         <run_address>0x9804b340</run_address>
         <size>0xe0</size>
         <input_file_ref idref="fl-25"/>
      </object_component>
      <object_component id="oc-158">
         <name>.text:printf</name>
         <load_address>0x9804b420</load_address>
         <run_address>0x9804b420</run_address>
         <size>0xe0</size>
         <input_file_ref idref="fl-41"/>
      </object_component>
      <object_component id="oc-540">
         <name>.text:HOSTread</name>
         <load_address>0x9804b500</load_address>
         <run_address>0x9804b500</run_address>
         <size>0xc0</size>
         <input_file_ref idref="fl-67"/>
      </object_component>
      <object_component id="oc-552">
         <name>.text:HOSTunlink</name>
         <load_address>0x9804b5c0</load_address>
         <run_address>0x9804b5c0</run_address>
         <size>0xc0</size>
         <input_file_ref idref="fl-69"/>
      </object_component>
      <object_component id="oc-a1">
         <name>.text:__TI_auto_init_nobinit_nopinit:__TI_auto_init_nobinit_nopinit</name>
         <load_address>0x9804b680</load_address>
         <run_address>0x9804b680</run_address>
         <size>0xc0</size>
         <input_file_ref idref="fl-26"/>
      </object_component>
      <object_component id="oc-3e3">
         <name>.text:__TI_doflush</name>
         <load_address>0x9804b740</load_address>
         <run_address>0x9804b740</run_address>
         <size>0xc0</size>
         <input_file_ref idref="fl-5f"/>
      </object_component>
      <object_component id="oc-15e">
         <name>.text:__divu</name>
         <load_address>0x9804b800</load_address>
         <run_address>0x9804b800</run_address>
         <size>0xc0</size>
         <input_file_ref idref="fl-4c"/>
      </object_component>
      <object_component id="oc-367">
         <name>.text:minsert</name>
         <load_address>0x9804b8c0</load_address>
         <run_address>0x9804b8c0</run_address>
         <size>0xc0</size>
         <input_file_ref idref="fl-2f"/>
      </object_component>
      <object_component id="oc-361">
         <name>.text:mremove</name>
         <load_address>0x9804b980</load_address>
         <run_address>0x9804b980</run_address>
         <size>0xc0</size>
         <input_file_ref idref="fl-2f"/>
      </object_component>
      <object_component id="oc-121">
         <name>.text:tls:init:__TI_tls_init</name>
         <load_address>0x9804ba40</load_address>
         <run_address>0x9804ba40</run_address>
         <size>0xc0</size>
         <input_file_ref idref="fl-2d"/>
      </object_component>
      <object_component id="oc-53a">
         <name>.text:HOSTclose</name>
         <load_address>0x9804bb00</load_address>
         <run_address>0x9804bb00</run_address>
         <size>0xa0</size>
         <input_file_ref idref="fl-64"/>
      </object_component>
      <object_component id="oc-4d2">
         <name>.text:__TI_cleanup</name>
         <load_address>0x9804bba0</load_address>
         <run_address>0x9804bba0</run_address>
         <size>0xa0</size>
         <input_file_ref idref="fl-60"/>
      </object_component>
      <object_component id="oc-1fc">
         <name>.text:__remu</name>
         <load_address>0x9804bc40</load_address>
         <run_address>0x9804bc40</run_address>
         <size>0xa0</size>
         <input_file_ref idref="fl-4d"/>
      </object_component>
      <object_component id="oc-414">
         <name>.text:_ecpy</name>
         <load_address>0x9804bce0</load_address>
         <run_address>0x9804bce0</run_address>
         <size>0xa0</size>
         <input_file_ref idref="fl-42"/>
      </object_component>
      <object_component id="oc-5c2">
         <name>.text:finddevice</name>
         <load_address>0x9804bd80</load_address>
         <run_address>0x9804bd80</run_address>
         <size>0xa0</size>
         <input_file_ref idref="fl-6d"/>
      </object_component>
      <object_component id="oc-2e">
         <name>.text:memcpy</name>
         <load_address>0x9804be20</load_address>
         <run_address>0x9804be20</run_address>
         <size>0xa0</size>
         <input_file_ref idref="fl-33"/>
      </object_component>
      <object_component id="oc-58d">
         <name>.text:__TI_readmsg</name>
         <load_address>0x9804bec0</load_address>
         <run_address>0x9804bec0</run_address>
         <size>0x80</size>
         <input_file_ref idref="fl-6b"/>
      </object_component>
      <object_component id="oc-47d">
         <name>.text:__c6xabi_llshl</name>
         <load_address>0x9804bf40</load_address>
         <run_address>0x9804bf40</run_address>
         <size>0x80</size>
         <input_file_ref idref="fl-50"/>
      </object_component>
      <object_component id="oc-22">
         <name>.text:_c_int00</name>
         <load_address>0x9804bfc0</load_address>
         <run_address>0x9804bfc0</run_address>
         <size>0x80</size>
         <input_file_ref idref="fl-24"/>
      </object_component>
      <object_component id="oc-18b">
         <name>.text</name>
         <load_address>0x9804c040</load_address>
         <run_address>0x9804c040</run_address>
         <size>0x80</size>
         <input_file_ref idref="fl-3"/>
      </object_component>
      <object_component id="oc-20d">
         <name>.text</name>
         <load_address>0x9804c0c0</load_address>
         <run_address>0x9804c0c0</run_address>
         <size>0x80</size>
         <input_file_ref idref="fl-37"/>
      </object_component>
      <object_component id="oc-57b">
         <name>.text:unlink</name>
         <load_address>0x9804c140</load_address>
         <run_address>0x9804c140</run_address>
         <size>0x80</size>
         <input_file_ref idref="fl-70"/>
      </object_component>
      <object_component id="oc-493">
         <name>.text:__TI_frcmpyd_div</name>
         <load_address>0x9804c1c0</load_address>
         <run_address>0x9804c1c0</run_address>
         <size>0x60</size>
         <input_file_ref idref="fl-55"/>
      </object_component>
      <object_component id="oc-587">
         <name>.text:__TI_writemsg</name>
         <load_address>0x9804c220</load_address>
         <run_address>0x9804c220</run_address>
         <size>0x60</size>
         <input_file_ref idref="fl-6b"/>
      </object_component>
      <object_component id="oc-489">
         <name>.text:__c6xabi_llshru</name>
         <load_address>0x9804c280</load_address>
         <run_address>0x9804c280</run_address>
         <size>0x60</size>
         <input_file_ref idref="fl-50"/>
      </object_component>
      <object_component id="oc-483">
         <name>.text:_subcull</name>
         <load_address>0x9804c2e0</load_address>
         <run_address>0x9804c2e0</run_address>
         <size>0x60</size>
         <input_file_ref idref="fl-4f"/>
      </object_component>
      <object_component id="oc-4ca">
         <name>.text:lseek</name>
         <load_address>0x9804c340</load_address>
         <run_address>0x9804c340</run_address>
         <size>0x60</size>
         <input_file_ref idref="fl-62"/>
      </object_component>
      <object_component id="oc-31d">
         <name>.text:memccpy</name>
         <load_address>0x9804c3a0</load_address>
         <run_address>0x9804c3a0</run_address>
         <size>0x60</size>
         <input_file_ref idref="fl-5a"/>
      </object_component>
      <object_component id="oc-3e9">
         <name>.text:write</name>
         <load_address>0x9804c400</load_address>
         <run_address>0x9804c400</run_address>
         <size>0x60</size>
         <input_file_ref idref="fl-5b"/>
      </object_component>
      <object_component id="oc-2f9">
         <name>.text:__c6xabi_isinf</name>
         <load_address>0x9804c460</load_address>
         <run_address>0x9804c460</run_address>
         <size>0x40</size>
         <input_file_ref idref="fl-52"/>
      </object_component>
      <object_component id="oc-2f3">
         <name>.text:__c6xabi_isnan</name>
         <load_address>0x9804c4a0</load_address>
         <run_address>0x9804c4a0</run_address>
         <size>0x40</size>
         <input_file_ref idref="fl-42"/>
      </object_component>
      <object_component id="oc-191">
         <name>.text:__call_stub</name>
         <load_address>0x9804c4e0</load_address>
         <run_address>0x9804c4e0</run_address>
         <size>0x40</size>
         <input_file_ref idref="fl-4b"/>
      </object_component>
      <object_component id="oc-52">
         <name>.text:_args_main</name>
         <load_address>0x9804c520</load_address>
         <run_address>0x9804c520</run_address>
         <size>0x40</size>
         <input_file_ref idref="fl-31"/>
      </object_component>
      <object_component id="oc-2b4">
         <name>.text:_outs</name>
         <load_address>0x9804c560</load_address>
         <run_address>0x9804c560</run_address>
         <size>0x40</size>
         <input_file_ref idref="fl-43"/>
      </object_component>
      <object_component id="oc-163">
         <name>.text</name>
         <load_address>0x9804c5a0</load_address>
         <run_address>0x9804c5a0</run_address>
         <size>0x40</size>
         <input_file_ref idref="fl-39"/>
      </object_component>
      <object_component id="oc-1f6">
         <name>.text:vsprintf</name>
         <load_address>0x9804c5e0</load_address>
         <run_address>0x9804c5e0</run_address>
         <size>0x40</size>
         <input_file_ref idref="fl-43"/>
      </object_component>
      <object_component id="oc-323">
         <name>.text:wcslen</name>
         <load_address>0x9804c620</load_address>
         <run_address>0x9804c620</run_address>
         <size>0x40</size>
         <input_file_ref idref="fl-48"/>
      </object_component>
      <object_component id="oc-ee">
         <name>.text:CSL_GPIO_open</name>
         <load_address>0x9804c660</load_address>
         <run_address>0x9804c660</run_address>
         <size>0x20</size>
         <input_file_ref idref="fl-3f"/>
      </object_component>
      <object_component id="oc-329">
         <name>.text:__c6xabi_errno_addr</name>
         <load_address>0x9804c680</load_address>
         <run_address>0x9804c680</run_address>
         <size>0x20</size>
         <input_file_ref idref="fl-5d"/>
      </object_component>
      <object_component id="oc-174">
         <name>.text:__pop_rts</name>
         <load_address>0x9804c6a0</load_address>
         <run_address>0x9804c6a0</run_address>
         <size>0x20</size>
         <input_file_ref idref="fl-4a"/>
      </object_component>
      <object_component id="oc-169">
         <name>.text:__push_rts</name>
         <load_address>0x9804c6c0</load_address>
         <run_address>0x9804c6c0</run_address>
         <size>0x20</size>
         <input_file_ref idref="fl-4a"/>
      </object_component>
      <object_component id="oc-2ca">
         <name>.text:_nop</name>
         <load_address>0x9804c6e0</load_address>
         <run_address>0x9804c6e0</run_address>
         <size>0x20</size>
         <input_file_ref idref="fl-30"/>
      </object_component>
      <object_component id="oc-21f">
         <name>.text:_outc</name>
         <load_address>0x9804c700</load_address>
         <run_address>0x9804c700</run_address>
         <size>0x20</size>
         <input_file_ref idref="fl-41"/>
      </object_component>
      <object_component id="oc-2ae">
         <name>.text:_outc</name>
         <load_address>0x9804c720</load_address>
         <run_address>0x9804c720</run_address>
         <size>0x20</size>
         <input_file_ref idref="fl-43"/>
      </object_component>
      <object_component id="oc-225">
         <name>.text:_outs</name>
         <load_address>0x9804c740</load_address>
         <run_address>0x9804c740</run_address>
         <size>0x20</size>
         <input_file_ref idref="fl-41"/>
      </object_component>
      <object_component id="oc-2ff">
         <name>.text:_signbit</name>
         <load_address>0x9804c760</load_address>
         <run_address>0x9804c760</run_address>
         <size>0x20</size>
         <input_file_ref idref="fl-53"/>
      </object_component>
      <object_component id="oc-11b">
         <name>.text:_system_post_cinit</name>
         <load_address>0x9804c780</load_address>
         <run_address>0x9804c780</run_address>
         <size>0x20</size>
         <input_file_ref idref="fl-28"/>
      </object_component>
      <object_component id="oc-5e">
         <name>.text:_system_pre_init</name>
         <load_address>0x9804c7a0</load_address>
         <run_address>0x9804c7a0</run_address>
         <size>0x20</size>
         <input_file_ref idref="fl-27"/>
      </object_component>
      <object_component id="oc-98">
         <name>.text:abort</name>
         <load_address>0x9804c7c0</load_address>
         <run_address>0x9804c7c0</run_address>
         <size>0x20</size>
         <input_file_ref idref="fl-2e"/>
      </object_component>
      <object_component id="oc-4ab">
         <name>.text:copysign</name>
         <load_address>0x9804c7e0</load_address>
         <run_address>0x9804c7e0</run_address>
         <size>0x20</size>
         <input_file_ref idref="fl-5e"/>
      </object_component>
      <object_component id="oc-15">
         <name>.text:decompress:none:__TI_decompress_none</name>
         <load_address>0x9804c800</load_address>
         <run_address>0x9804c800</run_address>
         <size>0x20</size>
         <input_file_ref idref="fl-2b"/>
      </object_component>
      <object_component id="oc-1b">
         <name>.text:decompress:rle24:__TI_decompress_rle24</name>
         <load_address>0x9804c820</load_address>
         <run_address>0x9804c820</run_address>
         <size>0x20</size>
         <input_file_ref idref="fl-2c"/>
      </object_component>
      <object_component id="oc-14a">
         <name>.neardata</name>
         <load_address>0x9804e144</load_address>
         <run_address>0x9804e144</run_address>
         <size>0x8</size>
         <input_file_ref idref="fl-34"/>
      </object_component>
      <object_component id="oc-fa">
         <name>.neardata</name>
         <load_address>0x9804e14c</load_address>
         <run_address>0x9804e14c</run_address>
         <size>0x5</size>
         <input_file_ref idref="fl-2"/>
      </object_component>
      <object_component id="oc-34e">
         <name>.bss</name>
         <uninitialized>true</uninitialized>
         <run_address>0x9804e154</run_address>
         <size>0x4</size>
         <input_file_ref idref="fl-3d"/>
      </object_component>
      <object_component id="oc-28">
         <name>.stack</name>
         <uninitialized>true</uninitialized>
         <run_address>0x10800000</run_address>
         <size>0x8</size>
         <input_file_ref idref="fl-24"/>
      </object_component>
      <object_component id="oc-604">
         <name>.stack</name>
         <uninitialized>true</uninitialized>
         <run_address>0x10800000</run_address>
         <size>0x0</size>
      </object_component>
      <object_component id="oc-603">
         <name>.cinit.platform_lib.load</name>
         <load_address>0x9804e158</load_address>
         <run_address>0x9804e158</run_address>
         <size>0x9f</size>
      </object_component>
      <object_component id="oc-602">
         <name>.cinit..fardata.load</name>
         <load_address>0x9804e1f7</load_address>
         <run_address>0x9804e1f7</run_address>
         <size>0x7e</size>
      </object_component>
      <object_component id="oc-601">
         <name>.cinit..far.load</name>
         <load_address>0x9804e275</load_address>
         <run_address>0x9804e275</run_address>
         <size>0xb</size>
      </object_component>
      <object_component id="oc-600">
         <name>.cinit..bss.load</name>
         <load_address>0x9804e280</load_address>
         <run_address>0x9804e280</run_address>
         <size>0x9</size>
      </object_component>
      <object_component id="oc-5ff">
         <name>.cinit..neardata.load</name>
         <load_address>0x9804e289</load_address>
         <run_address>0x9804e289</run_address>
         <size>0x9</size>
      </object_component>
      <object_component id="oc-5fd">
         <name>__TI_handler_table</name>
         <load_address>0x9804e294</load_address>
         <run_address>0x9804e294</run_address>
         <size>0x8</size>
      </object_component>
      <object_component id="oc-5fe">
         <name>__TI_cinit_table</name>
         <load_address>0x9804e2a0</load_address>
         <run_address>0x9804e2a0</run_address>
         <size>0x28</size>
      </object_component>
      <object_component id="oc-5ae">
         <name>.cio</name>
         <uninitialized>true</uninitialized>
         <run_address>0x1080a000</run_address>
         <size>0x120</size>
         <input_file_ref idref="fl-6b"/>
      </object_component>
      <object_component id="oc-3f3">
         <name>.const:.string:_ctypes_</name>
         <load_address>0x9804dd10</load_address>
         <run_address>0x9804dd10</run_address>
         <size>0x101</size>
         <input_file_ref idref="fl-57"/>
      </object_component>
      <object_component id="oc-151">
         <name>.const</name>
         <load_address>0x9804de14</load_address>
         <run_address>0x9804de14</run_address>
         <size>0x70</size>
         <input_file_ref idref="fl-34"/>
      </object_component>
      <object_component id="oc-149">
         <name>.const:.string</name>
         <load_address>0x9804de84</load_address>
         <run_address>0x9804de84</run_address>
         <size>0x5c</size>
         <input_file_ref idref="fl-34"/>
      </object_component>
      <object_component id="oc-24f">
         <name>.const:.string:rbl_eccLoc</name>
         <load_address>0x9804dee0</load_address>
         <run_address>0x9804dee0</run_address>
         <size>0x28</size>
         <input_file_ref idref="fl-3a"/>
      </object_component>
      <object_component id="oc-32f">
         <name>.const:.string</name>
         <load_address>0x9804df08</load_address>
         <run_address>0x9804df08</run_address>
         <size>0x24</size>
         <input_file_ref idref="fl-42"/>
      </object_component>
      <object_component id="oc-24c">
         <name>.const</name>
         <load_address>0x9804df2c</load_address>
         <run_address>0x9804df2c</run_address>
         <size>0x14</size>
         <input_file_ref idref="fl-3b"/>
      </object_component>
      <object_component id="oc-255">
         <name>.const</name>
         <load_address>0x9804df40</load_address>
         <run_address>0x9804df40</run_address>
         <size>0x8</size>
         <input_file_ref idref="fl-3a"/>
      </object_component>
      <object_component id="oc-351">
         <name>.const</name>
         <load_address>0x9804df48</load_address>
         <run_address>0x9804df48</run_address>
         <size>0x8</size>
         <input_file_ref idref="fl-3d"/>
      </object_component>
      <object_component id="oc-2bd">
         <name>.const</name>
         <load_address>0x9804df50</load_address>
         <run_address>0x9804df50</run_address>
         <size>0x4</size>
         <input_file_ref idref="fl-36"/>
      </object_component>
      <object_component id="oc-25b">
         <name>.const</name>
         <load_address>0x9804df54</load_address>
         <run_address>0x9804df54</run_address>
         <size>0x4</size>
         <input_file_ref idref="fl-38"/>
      </object_component>
      <object_component id="oc-213">
         <name>.const</name>
         <load_address>0x9804df58</load_address>
         <run_address>0x9804df58</run_address>
         <size>0x4</size>
         <input_file_ref idref="fl-3e"/>
      </object_component>
      <object_component id="oc-330">
         <name>.switch:__TI_printfi</name>
         <load_address>0x9804e0f0</load_address>
         <run_address>0x9804e0f0</run_address>
         <size>0x38</size>
         <input_file_ref idref="fl-42"/>
      </object_component>
      <object_component id="oc-150">
         <name>.switch:platform_internal_memory_test</name>
         <load_address>0x9804e128</load_address>
         <run_address>0x9804e128</run_address>
         <size>0x1c</size>
         <input_file_ref idref="fl-34"/>
      </object_component>
      <object_component id="oc-2b">
         <name>.sysmem</name>
         <uninitialized>true</uninitialized>
         <run_address>0x98000000</run_address>
         <size>0x8</size>
         <input_file_ref idref="fl-2f"/>
      </object_component>
      <object_component id="oc-605">
         <name>.sysmem</name>
         <uninitialized>true</uninitialized>
         <run_address>0x98000000</run_address>
         <size>0x0</size>
      </object_component>
      <object_component id="oc-258">
         <name>.common:gI2cBlock</name>
         <uninitialized>true</uninitialized>
         <run_address>0x9804e0a0</run_address>
         <size>0x44</size>
      </object_component>
      <object_component id="oc-581">
         <name>.common:__TI_tmpnams</name>
         <uninitialized>true</uninitialized>
         <run_address>0x9804df60</run_address>
         <size>0x140</size>
      </object_component>
      <object_component id="oc-584">
         <name>.common:parmbuf</name>
         <uninitialized>true</uninitialized>
         <run_address>0x9804e0e8</run_address>
         <size>0x8</size>
      </object_component>
      <object_component id="oc-95">
         <name>.fardata</name>
         <load_address>0x9804dce8</load_address>
         <run_address>0x9804dce8</run_address>
         <size>0xc</size>
         <input_file_ref idref="fl-2e"/>
      </object_component>
      <object_component id="oc-35e">
         <name>.fardata</name>
         <load_address>0x9804dcf4</load_address>
         <run_address>0x9804dcf4</run_address>
         <size>0x8</size>
         <input_file_ref idref="fl-2f"/>
      </object_component>
      <object_component id="oc-216">
         <name>.fardata:_lock</name>
         <load_address>0x9804dcfc</load_address>
         <run_address>0x9804dcfc</run_address>
         <size>0x4</size>
         <input_file_ref idref="fl-30"/>
      </object_component>
      <object_component id="oc-21c">
         <name>.fardata:_unlock</name>
         <load_address>0x9804dd00</load_address>
         <run_address>0x9804dd00</run_address>
         <size>0x4</size>
         <input_file_ref idref="fl-30"/>
      </object_component>
      <object_component id="oc-23b">
         <name>.fardata:cpsgmiiPortBaseAddr</name>
         <load_address>0x9804dcd8</load_address>
         <run_address>0x9804dcd8</run_address>
         <size>0x10</size>
         <input_file_ref idref="fl-40"/>
      </object_component>
      <object_component id="oc-219">
         <name>.fardata:_ftable</name>
         <load_address>0x9804d9e0</load_address>
         <run_address>0x9804d9e0</run_address>
         <size>0x1e0</size>
         <input_file_ref idref="fl-58"/>
      </object_component>
      <object_component id="oc-528">
         <name>.fardata</name>
         <load_address>0x9804dd04</load_address>
         <run_address>0x9804dd04</run_address>
         <size>0x4</size>
         <input_file_ref idref="fl-58"/>
      </object_component>
      <object_component id="oc-4e3">
         <name>.fardata:_device</name>
         <load_address>0x9804dc60</load_address>
         <run_address>0x9804dc60</run_address>
         <size>0x78</size>
         <input_file_ref idref="fl-5b"/>
      </object_component>
      <object_component id="oc-46f">
         <name>.fardata:_stream</name>
         <load_address>0x9804dbc0</load_address>
         <run_address>0x9804dbc0</run_address>
         <size>0xa0</size>
         <input_file_ref idref="fl-5b"/>
      </object_component>
      <object_component id="oc-43f">
         <name>.fardata</name>
         <load_address>0x9804dd08</load_address>
         <run_address>0x9804dd08</run_address>
         <size>0x4</size>
         <input_file_ref idref="fl-5d"/>
      </object_component>
      <object_component id="oc-14d">
         <name>platform_lib:init</name>
         <load_address>0x9804d8d8</load_address>
         <run_address>0x9804d8d8</run_address>
         <size>0x108</size>
         <input_file_ref idref="fl-34"/>
      </object_component>
      <object_component id="oc-146">
         <name>platform_lib:uninit</name>
         <load_address>0x9804c840</load_address>
         <run_address>0x9804c840</run_address>
         <size>0x858</size>
         <input_file_ref idref="fl-34"/>
      </object_component>
      <object_component id="oc-252">
         <name>platform_lib</name>
         <load_address>0x9804d098</load_address>
         <run_address>0x9804d098</run_address>
         <size>0x840</size>
         <input_file_ref idref="fl-3a"/>
      </object_component>
      <object_component id="oc-103">
         <name>.debug_info</name>
         <load_address>0x0</load_address>
         <run_address>0x0</run_address>
         <size>0xa24</size>
         <input_file_ref idref="fl-2"/>
      </object_component>
      <object_component id="oc-fb">
         <name>.debug_info</name>
         <load_address>0xa24</load_address>
         <run_address>0xa24</run_address>
         <size>0xed</size>
         <input_file_ref idref="fl-2"/>
      </object_component>
      <object_component id="oc-8e">
         <name>.debug_info</name>
         <load_address>0xb11</load_address>
         <run_address>0xb11</run_address>
         <size>0x3ca</size>
         <input_file_ref idref="fl-2"/>
      </object_component>
      <object_component id="oc-10a">
         <name>.debug_info</name>
         <load_address>0xedb</load_address>
         <run_address>0xedb</run_address>
         <size>0x604</size>
         <input_file_ref idref="fl-2"/>
      </object_component>
      <object_component id="oc-1ac">
         <name>.debug_info</name>
         <load_address>0x14df</load_address>
         <run_address>0x14df</run_address>
         <size>0xfe</size>
         <input_file_ref idref="fl-2"/>
      </object_component>
      <object_component id="oc-1ba">
         <name>.debug_info</name>
         <load_address>0x15dd</load_address>
         <run_address>0x15dd</run_address>
         <size>0x17a</size>
         <input_file_ref idref="fl-2"/>
      </object_component>
      <object_component id="oc-105">
         <name>.debug_info</name>
         <load_address>0x1757</load_address>
         <run_address>0x1757</run_address>
         <size>0x2c</size>
         <input_file_ref idref="fl-2"/>
      </object_component>
      <object_component id="oc-1c9">
         <name>.debug_info</name>
         <load_address>0x1783</load_address>
         <run_address>0x1783</run_address>
         <size>0x26b</size>
         <input_file_ref idref="fl-2"/>
      </object_component>
      <object_component id="oc-1bf">
         <name>.debug_info</name>
         <load_address>0x19ee</load_address>
         <run_address>0x19ee</run_address>
         <size>0x2a4</size>
         <input_file_ref idref="fl-2"/>
      </object_component>
      <object_component id="oc-1c4">
         <name>.debug_info</name>
         <load_address>0x1c92</load_address>
         <run_address>0x1c92</run_address>
         <size>0x206</size>
         <input_file_ref idref="fl-2"/>
      </object_component>
      <object_component id="oc-74">
         <name>.debug_info</name>
         <load_address>0x1e98</load_address>
         <run_address>0x1e98</run_address>
         <size>0xc0</size>
         <input_file_ref idref="fl-2"/>
      </object_component>
      <object_component id="oc-140">
         <name>.debug_info</name>
         <load_address>0x1f58</load_address>
         <run_address>0x1f58</run_address>
         <size>0x109</size>
         <input_file_ref idref="fl-2"/>
      </object_component>
      <object_component id="oc-1b3">
         <name>.debug_info</name>
         <load_address>0x2061</load_address>
         <run_address>0x2061</run_address>
         <size>0x275</size>
         <input_file_ref idref="fl-2"/>
      </object_component>
      <object_component id="oc-fe">
         <name>.debug_info</name>
         <load_address>0x22d6</load_address>
         <run_address>0x22d6</run_address>
         <size>0xbb</size>
         <input_file_ref idref="fl-2"/>
      </object_component>
      <object_component id="oc-19d">
         <name>.debug_info</name>
         <load_address>0x2391</load_address>
         <run_address>0x2391</run_address>
         <size>0xcc</size>
         <input_file_ref idref="fl-2"/>
      </object_component>
      <object_component id="oc-296">
         <name>.debug_info</name>
         <load_address>0x245d</load_address>
         <run_address>0x245d</run_address>
         <size>0x2c</size>
         <input_file_ref idref="fl-2"/>
      </object_component>
      <object_component id="oc-1ce">
         <name>.debug_info</name>
         <load_address>0x2489</load_address>
         <run_address>0x2489</run_address>
         <size>0x110</size>
         <input_file_ref idref="fl-2"/>
      </object_component>
      <object_component id="oc-26f">
         <name>.debug_info</name>
         <load_address>0x2599</load_address>
         <run_address>0x2599</run_address>
         <size>0xcf5</size>
         <input_file_ref idref="fl-3"/>
      </object_component>
      <object_component id="oc-18c">
         <name>.debug_info</name>
         <load_address>0x328e</load_address>
         <run_address>0x328e</run_address>
         <size>0x354</size>
         <input_file_ref idref="fl-3"/>
      </object_component>
      <object_component id="oc-38a">
         <name>.debug_info</name>
         <load_address>0x35e2</load_address>
         <run_address>0x35e2</run_address>
         <size>0x94e</size>
         <input_file_ref idref="fl-3"/>
      </object_component>
      <object_component id="oc-3b2">
         <name>.debug_info</name>
         <load_address>0x3f30</load_address>
         <run_address>0x3f30</run_address>
         <size>0xdde</size>
         <input_file_ref idref="fl-3"/>
      </object_component>
      <object_component id="oc-3b7">
         <name>.debug_info</name>
         <load_address>0x4d0e</load_address>
         <run_address>0x4d0e</run_address>
         <size>0x3b3</size>
         <input_file_ref idref="fl-3"/>
      </object_component>
      <object_component id="oc-45a">
         <name>.debug_info</name>
         <load_address>0x50c1</load_address>
         <run_address>0x50c1</run_address>
         <size>0x230</size>
         <input_file_ref idref="fl-3"/>
      </object_component>
      <object_component id="oc-3bc">
         <name>.debug_info</name>
         <load_address>0x52f1</load_address>
         <run_address>0x52f1</run_address>
         <size>0x242</size>
         <input_file_ref idref="fl-3"/>
      </object_component>
      <object_component id="oc-3c6">
         <name>.debug_info</name>
         <load_address>0x5533</load_address>
         <run_address>0x5533</run_address>
         <size>0x522</size>
         <input_file_ref idref="fl-3"/>
      </object_component>
      <object_component id="oc-3cb">
         <name>.debug_info</name>
         <load_address>0x5a55</load_address>
         <run_address>0x5a55</run_address>
         <size>0x3034</size>
         <input_file_ref idref="fl-3"/>
      </object_component>
      <object_component id="oc-371">
         <name>.debug_info</name>
         <load_address>0x8a89</load_address>
         <run_address>0x8a89</run_address>
         <size>0x9a</size>
         <input_file_ref idref="fl-3"/>
      </object_component>
      <object_component id="oc-376">
         <name>.debug_info</name>
         <load_address>0x8b23</load_address>
         <run_address>0x8b23</run_address>
         <size>0x8a</size>
         <input_file_ref idref="fl-3"/>
      </object_component>
      <object_component id="oc-37b">
         <name>.debug_info</name>
         <load_address>0x8bad</load_address>
         <run_address>0x8bad</run_address>
         <size>0x102</size>
         <input_file_ref idref="fl-3"/>
      </object_component>
      <object_component id="oc-380">
         <name>.debug_info</name>
         <load_address>0x8caf</load_address>
         <run_address>0x8caf</run_address>
         <size>0x9e</size>
         <input_file_ref idref="fl-3"/>
      </object_component>
      <object_component id="oc-385">
         <name>.debug_info</name>
         <load_address>0x8d4d</load_address>
         <run_address>0x8d4d</run_address>
         <size>0x4b</size>
         <input_file_ref idref="fl-3"/>
      </object_component>
      <object_component id="oc-38f">
         <name>.debug_info</name>
         <load_address>0x8d98</load_address>
         <run_address>0x8d98</run_address>
         <size>0x107</size>
         <input_file_ref idref="fl-3"/>
      </object_component>
      <object_component id="oc-394">
         <name>.debug_info</name>
         <load_address>0x8e9f</load_address>
         <run_address>0x8e9f</run_address>
         <size>0xb2</size>
         <input_file_ref idref="fl-3"/>
      </object_component>
      <object_component id="oc-399">
         <name>.debug_info</name>
         <load_address>0x8f51</load_address>
         <run_address>0x8f51</run_address>
         <size>0xb3</size>
         <input_file_ref idref="fl-3"/>
      </object_component>
      <object_component id="oc-39e">
         <name>.debug_info</name>
         <load_address>0x9004</load_address>
         <run_address>0x9004</run_address>
         <size>0xb3</size>
         <input_file_ref idref="fl-3"/>
      </object_component>
      <object_component id="oc-3a3">
         <name>.debug_info</name>
         <load_address>0x90b7</load_address>
         <run_address>0x90b7</run_address>
         <size>0x287</size>
         <input_file_ref idref="fl-3"/>
      </object_component>
      <object_component id="oc-3a8">
         <name>.debug_info</name>
         <load_address>0x933e</load_address>
         <run_address>0x933e</run_address>
         <size>0x1c1</size>
         <input_file_ref idref="fl-3"/>
      </object_component>
      <object_component id="oc-3ad">
         <name>.debug_info</name>
         <load_address>0x94ff</load_address>
         <run_address>0x94ff</run_address>
         <size>0xb2</size>
         <input_file_ref idref="fl-3"/>
      </object_component>
      <object_component id="oc-3c1">
         <name>.debug_info</name>
         <load_address>0x95b1</load_address>
         <run_address>0x95b1</run_address>
         <size>0x143</size>
         <input_file_ref idref="fl-3"/>
      </object_component>
      <object_component id="oc-68">
         <name>.debug_info</name>
         <load_address>0x96f4</load_address>
         <run_address>0x96f4</run_address>
         <size>0x5e1</size>
         <input_file_ref idref="fl-24"/>
      </object_component>
      <object_component id="oc-29">
         <name>.debug_info</name>
         <load_address>0x9cd5</load_address>
         <run_address>0x9cd5</run_address>
         <size>0xf8</size>
         <input_file_ref idref="fl-24"/>
      </object_component>
      <object_component id="oc-25">
         <name>.debug_info</name>
         <load_address>0x9dcd</load_address>
         <run_address>0x9dcd</run_address>
         <size>0x185</size>
         <input_file_ref idref="fl-24"/>
      </object_component>
      <object_component id="oc-e0">
         <name>.debug_info</name>
         <load_address>0x9f52</load_address>
         <run_address>0x9f52</run_address>
         <size>0x566</size>
         <input_file_ref idref="fl-25"/>
      </object_component>
      <object_component id="oc-7d">
         <name>.debug_info</name>
         <load_address>0xa4b8</load_address>
         <run_address>0xa4b8</run_address>
         <size>0x229</size>
         <input_file_ref idref="fl-25"/>
      </object_component>
      <object_component id="oc-e1">
         <name>.debug_info</name>
         <load_address>0xa6e1</load_address>
         <run_address>0xa6e1</run_address>
         <size>0x2c</size>
         <input_file_ref idref="fl-25"/>
      </object_component>
      <object_component id="oc-128">
         <name>.debug_info</name>
         <load_address>0xa70d</load_address>
         <run_address>0xa70d</run_address>
         <size>0x7c6</size>
         <input_file_ref idref="fl-26"/>
      </object_component>
      <object_component id="oc-a4">
         <name>.debug_info</name>
         <load_address>0xaed3</load_address>
         <run_address>0xaed3</run_address>
         <size>0x1b2</size>
         <input_file_ref idref="fl-26"/>
      </object_component>
      <object_component id="oc-1d8">
         <name>.debug_info</name>
         <load_address>0xb085</load_address>
         <run_address>0xb085</run_address>
         <size>0x39</size>
         <input_file_ref idref="fl-26"/>
      </object_component>
      <object_component id="oc-1e4">
         <name>.debug_info</name>
         <load_address>0xb0be</load_address>
         <run_address>0xb0be</run_address>
         <size>0x39</size>
         <input_file_ref idref="fl-26"/>
      </object_component>
      <object_component id="oc-133">
         <name>.debug_info</name>
         <load_address>0xb0f7</load_address>
         <run_address>0xb0f7</run_address>
         <size>0x39</size>
         <input_file_ref idref="fl-26"/>
      </object_component>
      <object_component id="oc-1dd">
         <name>.debug_info</name>
         <load_address>0xb130</load_address>
         <run_address>0xb130</run_address>
         <size>0xcd</size>
         <input_file_ref idref="fl-26"/>
      </object_component>
      <object_component id="oc-60">
         <name>.debug_info</name>
         <load_address>0xb1fd</load_address>
         <run_address>0xb1fd</run_address>
         <size>0x14b</size>
         <input_file_ref idref="fl-27"/>
      </object_component>
      <object_component id="oc-11e">
         <name>.debug_info</name>
         <load_address>0xb348</load_address>
         <run_address>0xb348</run_address>
         <size>0x148</size>
         <input_file_ref idref="fl-28"/>
      </object_component>
      <object_component id="oc-39">
         <name>.debug_info</name>
         <load_address>0xb490</load_address>
         <run_address>0xb490</run_address>
         <size>0x56f</size>
         <input_file_ref idref="fl-2b"/>
      </object_component>
      <object_component id="oc-17">
         <name>.debug_info</name>
         <load_address>0xb9ff</load_address>
         <run_address>0xb9ff</run_address>
         <size>0x1cf</size>
         <input_file_ref idref="fl-2b"/>
      </object_component>
      <object_component id="oc-34">
         <name>.debug_info</name>
         <load_address>0xbbce</load_address>
         <run_address>0xbbce</run_address>
         <size>0x46</size>
         <input_file_ref idref="fl-2b"/>
      </object_component>
      <object_component id="oc-6d">
         <name>.debug_info</name>
         <load_address>0xbc14</load_address>
         <run_address>0xbc14</run_address>
         <size>0x2c</size>
         <input_file_ref idref="fl-2b"/>
      </object_component>
      <object_component id="oc-80">
         <name>.debug_info</name>
         <load_address>0xbc40</load_address>
         <run_address>0xbc40</run_address>
         <size>0x5a0</size>
         <input_file_ref idref="fl-2c"/>
      </object_component>
      <object_component id="oc-3b">
         <name>.debug_info</name>
         <load_address>0xc1e0</load_address>
         <run_address>0xc1e0</run_address>
         <size>0x257</size>
         <input_file_ref idref="fl-2c"/>
      </object_component>
      <object_component id="oc-1c">
         <name>.debug_info</name>
         <load_address>0xc437</load_address>
         <run_address>0xc437</run_address>
         <size>0x1b4</size>
         <input_file_ref idref="fl-2c"/>
      </object_component>
      <object_component id="oc-41">
         <name>.debug_info</name>
         <load_address>0xc5eb</load_address>
         <run_address>0xc5eb</run_address>
         <size>0x46</size>
         <input_file_ref idref="fl-2c"/>
      </object_component>
      <object_component id="oc-e8">
         <name>.debug_info</name>
         <load_address>0xc631</load_address>
         <run_address>0xc631</run_address>
         <size>0x39</size>
         <input_file_ref idref="fl-2c"/>
      </object_component>
      <object_component id="oc-81">
         <name>.debug_info</name>
         <load_address>0xc66a</load_address>
         <run_address>0xc66a</run_address>
         <size>0x2c</size>
         <input_file_ref idref="fl-2c"/>
      </object_component>
      <object_component id="oc-1d5">
         <name>.debug_info</name>
         <load_address>0xc696</load_address>
         <run_address>0xc696</run_address>
         <size>0x6fc</size>
         <input_file_ref idref="fl-2d"/>
      </object_component>
      <object_component id="oc-122">
         <name>.debug_info</name>
         <load_address>0xcd92</load_address>
         <run_address>0xcd92</run_address>
         <size>0x212</size>
         <input_file_ref idref="fl-2d"/>
      </object_component>
      <object_component id="oc-29d">
         <name>.debug_info</name>
         <load_address>0xcfa4</load_address>
         <run_address>0xcfa4</run_address>
         <size>0x2c</size>
         <input_file_ref idref="fl-2d"/>
      </object_component>
      <object_component id="oc-2a2">
         <name>.debug_info</name>
         <load_address>0xcfd0</load_address>
         <run_address>0xcfd0</run_address>
         <size>0x39</size>
         <input_file_ref idref="fl-2d"/>
      </object_component>
      <object_component id="oc-9f">
         <name>.debug_info</name>
         <load_address>0xd009</load_address>
         <run_address>0xd009</run_address>
         <size>0x59e</size>
         <input_file_ref idref="fl-2e"/>
      </object_component>
      <object_component id="oc-96">
         <name>.debug_info</name>
         <load_address>0xd5a7</load_address>
         <run_address>0xd5a7</run_address>
         <size>0x188</size>
         <input_file_ref idref="fl-2e"/>
      </object_component>
      <object_component id="oc-99">
         <name>.debug_info</name>
         <load_address>0xd72f</load_address>
         <run_address>0xd72f</run_address>
         <size>0x11a</size>
         <input_file_ref idref="fl-2e"/>
      </object_component>
      <object_component id="oc-59">
         <name>.debug_info</name>
         <load_address>0xd849</load_address>
         <run_address>0xd849</run_address>
         <size>0x17a</size>
         <input_file_ref idref="fl-2e"/>
      </object_component>
      <object_component id="oc-6b">
         <name>.debug_info</name>
         <load_address>0xd9c3</load_address>
         <run_address>0xd9c3</run_address>
         <size>0x610</size>
         <input_file_ref idref="fl-2f"/>
      </object_component>
      <object_component id="oc-2c">
         <name>.debug_info</name>
         <load_address>0xdfd3</load_address>
         <run_address>0xdfd3</run_address>
         <size>0x104</size>
         <input_file_ref idref="fl-2f"/>
      </object_component>
      <object_component id="oc-35f">
         <name>.debug_info</name>
         <load_address>0xe0d7</load_address>
         <run_address>0xe0d7</run_address>
         <size>0x127</size>
         <input_file_ref idref="fl-2f"/>
      </object_component>
      <object_component id="oc-362">
         <name>.debug_info</name>
         <load_address>0xe1fe</load_address>
         <run_address>0xe1fe</run_address>
         <size>0x175</size>
         <input_file_ref idref="fl-2f"/>
      </object_component>
      <object_component id="oc-368">
         <name>.debug_info</name>
         <load_address>0xe373</load_address>
         <run_address>0xe373</run_address>
         <size>0x174</size>
         <input_file_ref idref="fl-2f"/>
      </object_component>
      <object_component id="oc-263">
         <name>.debug_info</name>
         <load_address>0xe4e7</load_address>
         <run_address>0xe4e7</run_address>
         <size>0x1df</size>
         <input_file_ref idref="fl-2f"/>
      </object_component>
      <object_component id="oc-269">
         <name>.debug_info</name>
         <load_address>0xe6c6</load_address>
         <run_address>0xe6c6</run_address>
         <size>0x28d</size>
         <input_file_ref idref="fl-2f"/>
      </object_component>
      <object_component id="oc-d5">
         <name>.debug_info</name>
         <load_address>0xe953</load_address>
         <run_address>0xe953</run_address>
         <size>0x2c</size>
         <input_file_ref idref="fl-2f"/>
      </object_component>
      <object_component id="oc-da">
         <name>.debug_info</name>
         <load_address>0xe97f</load_address>
         <run_address>0xe97f</run_address>
         <size>0x62</size>
         <input_file_ref idref="fl-2f"/>
      </object_component>
      <object_component id="oc-2d2">
         <name>.debug_info</name>
         <load_address>0xe9e1</load_address>
         <run_address>0xe9e1</run_address>
         <size>0x557</size>
         <input_file_ref idref="fl-30"/>
      </object_component>
      <object_component id="oc-217">
         <name>.debug_info</name>
         <load_address>0xef38</load_address>
         <run_address>0xef38</run_address>
         <size>0xf7</size>
         <input_file_ref idref="fl-30"/>
      </object_component>
      <object_component id="oc-21d">
         <name>.debug_info</name>
         <load_address>0xf02f</load_address>
         <run_address>0xf02f</run_address>
         <size>0xfb</size>
         <input_file_ref idref="fl-30"/>
      </object_component>
      <object_component id="oc-2cc">
         <name>.debug_info</name>
         <load_address>0xf12a</load_address>
         <run_address>0xf12a</run_address>
         <size>0x126</size>
         <input_file_ref idref="fl-30"/>
      </object_component>
      <object_component id="oc-94">
         <name>.debug_info</name>
         <load_address>0xf250</load_address>
         <run_address>0xf250</run_address>
         <size>0x5ab</size>
         <input_file_ref idref="fl-31"/>
      </object_component>
      <object_component id="oc-53">
         <name>.debug_info</name>
         <load_address>0xf7fb</load_address>
         <run_address>0xf7fb</run_address>
         <size>0x16a</size>
         <input_file_ref idref="fl-31"/>
      </object_component>
      <object_component id="oc-111">
         <name>.debug_info</name>
         <load_address>0xf965</load_address>
         <run_address>0xf965</run_address>
         <size>0x5e</size>
         <input_file_ref idref="fl-31"/>
      </object_component>
      <object_component id="oc-31">
         <name>.debug_info</name>
         <load_address>0xf9c3</load_address>
         <run_address>0xf9c3</run_address>
         <size>0x124</size>
         <input_file_ref idref="fl-33"/>
      </object_component>
      <object_component id="oc-197">
         <name>.debug_info</name>
         <load_address>0xfae7</load_address>
         <run_address>0xfae7</run_address>
         <size>0x1023</size>
         <input_file_ref idref="fl-34"/>
      </object_component>
      <object_component id="oc-14b">
         <name>.debug_info</name>
         <load_address>0x10b0a</load_address>
         <run_address>0x10b0a</run_address>
         <size>0x122</size>
         <input_file_ref idref="fl-34"/>
      </object_component>
      <object_component id="oc-14e">
         <name>.debug_info</name>
         <load_address>0x10c2c</load_address>
         <run_address>0x10c2c</run_address>
         <size>0x1ed</size>
         <input_file_ref idref="fl-34"/>
      </object_component>
      <object_component id="oc-147">
         <name>.debug_info</name>
         <load_address>0x10e19</load_address>
         <run_address>0x10e19</run_address>
         <size>0x131</size>
         <input_file_ref idref="fl-34"/>
      </object_component>
      <object_component id="oc-f5">
         <name>.debug_info</name>
         <load_address>0x10f4a</load_address>
         <run_address>0x10f4a</run_address>
         <size>0x2ce8</size>
         <input_file_ref idref="fl-34"/>
      </object_component>
      <object_component id="oc-23f">
         <name>.debug_info</name>
         <load_address>0x13c32</load_address>
         <run_address>0x13c32</run_address>
         <size>0x19b</size>
         <input_file_ref idref="fl-34"/>
      </object_component>
      <object_component id="oc-1a2">
         <name>.debug_info</name>
         <load_address>0x13dcd</load_address>
         <run_address>0x13dcd</run_address>
         <size>0xe7</size>
         <input_file_ref idref="fl-34"/>
      </object_component>
      <object_component id="oc-25d">
         <name>.debug_info</name>
         <load_address>0x13eb4</load_address>
         <run_address>0x13eb4</run_address>
         <size>0x76</size>
         <input_file_ref idref="fl-34"/>
      </object_component>
      <object_component id="oc-273">
         <name>.debug_info</name>
         <load_address>0x13f2a</load_address>
         <run_address>0x13f2a</run_address>
         <size>0x17a</size>
         <input_file_ref idref="fl-34"/>
      </object_component>
      <object_component id="oc-278">
         <name>.debug_info</name>
         <load_address>0x140a4</load_address>
         <run_address>0x140a4</run_address>
         <size>0x17b</size>
         <input_file_ref idref="fl-34"/>
      </object_component>
      <object_component id="oc-27d">
         <name>.debug_info</name>
         <load_address>0x1421f</load_address>
         <run_address>0x1421f</run_address>
         <size>0x598</size>
         <input_file_ref idref="fl-34"/>
      </object_component>
      <object_component id="oc-282">
         <name>.debug_info</name>
         <load_address>0x147b7</load_address>
         <run_address>0x147b7</run_address>
[...]
      </symbol>
      <symbol id="sm-517">
         <name>gpioClearFallingEdgeInterrupt</name>
         <value>0x98048674</value>
         <object_component_ref idref="oc-201"/>
      </symbol>
      <symbol id="sm-518">
         <name>gpioSetFallingEdgeInterrupt</name>
         <value>0x980483f8</value>
         <object_component_ref idref="oc-201"/>
      </symbol>
      <symbol id="sm-519">
         <name>gpioSetDataBusDirection</name>
         <value>0x980484c0</value>
         <object_component_ref idref="oc-201"/>
      </symbol>
      <symbol id="sm-51a">
         <name>gpioSetRisingEdgeInterrupt</name>
         <value>0x98048380</value>
         <object_component_ref idref="oc-201"/>
      </symbol>
      <symbol id="sm-51b">
         <name>gpioClearRisingEdgeInterrupt</name>
         <value>0x9804860c</value>
         <object_component_ref idref="oc-201"/>
      </symbol>
      <symbol id="sm-51c">
         <name>gpioClearOutput</name>
         <value>0x98048640</value>
         <object_component_ref idref="oc-201"/>
      </symbol>
      <symbol id="sm-51d">
         <name>gpioDisableGlobalInterrupt</name>
         <value>0x980485f0</value>
         <object_component_ref idref="oc-201"/>
      </symbol>
      <symbol id="sm-51e">
         <name>gpioSetDirection</name>
         <value>0x98048440</value>
         <object_component_ref idref="oc-201"/>
      </symbol>
      <symbol id="sm-51f">
         <name>gpioInit</name>
         <value>0x98048578</value>
         <object_component_ref idref="oc-201"/>
      </symbol>
      <symbol id="sm-520">
         <name>gpioEnableGlobalInterrupt</name>
         <value>0x980485d8</value>
         <object_component_ref idref="oc-201"/>
      </symbol>
      <symbol id="sm-521">
         <name>gpioReadInput</name>
         <value>0x98048538</value>
         <object_component_ref idref="oc-201"/>
      </symbol>
      <symbol id="sm-522">
         <name>gpioSetOutput</name>
         <value>0x980483c4</value>
         <object_component_ref idref="oc-201"/>
      </symbol>
      <symbol id="sm-52f">
         <name>evmI2CInit</name>
         <value>0x9804c0c0</value>
         <object_component_ref idref="oc-20d"/>
      </symbol>
      <symbol id="sm-5c4">
         <name>gI2cBlock</name>
         <value>0x9804e0a0</value>
      </symbol>
      <symbol id="sm-5c5">
         <name>i2cEepromWriteBlock</name>
         <value>0x98045f40</value>
         <object_component_ref idref="oc-185"/>
      </symbol>
      <symbol id="sm-5c6">
         <name>i2cEepromWriteByteAddr</name>
         <value>0x980460ec</value>
         <object_component_ref idref="oc-185"/>
      </symbol>
      <symbol id="sm-5c7">
         <name>i2cEepromRead</name>
         <value>0x980462b8</value>
         <object_component_ref idref="oc-185"/>
      </symbol>
      <symbol id="sm-5c8">
         <name>i2cEepromWrite</name>
         <value>0x980461f4</value>
         <object_component_ref idref="oc-185"/>
      </symbol>
      <symbol id="sm-5c9">
         <name>i2cEepromMacWrite</name>
         <value>0x980463c4</value>
         <object_component_ref idref="oc-185"/>
      </symbol>
      <symbol id="sm-5ca">
         <name>i2cEepromMacRead</name>
         <value>0x98046514</value>
         <object_component_ref idref="oc-185"/>
      </symbol>
      <symbol id="sm-5d7">
         <name>dspControlUserLEDs</name>
         <value>0x9804c5a0</value>
         <object_component_ref idref="oc-163"/>
      </symbol>
      <symbol id="sm-6b2">
         <name>NandWriteDataBytes</name>
         <value>0x98044bb0</value>
         <object_component_ref idref="oc-17f"/>
      </symbol>
      <symbol id="sm-6b3">
         <name>NandGetDetails</name>
         <value>0x980454b0</value>
         <object_component_ref idref="oc-17f"/>
      </symbol>
      <symbol id="sm-6b4">
         <name>writeNandPage</name>
         <value>0x98044da8</value>
         <object_component_ref idref="oc-17f"/>
      </symbol>
      <symbol id="sm-6b5">
         <name>nandInit</name>
         <value>0x98045398</value>
         <object_component_ref idref="oc-17f"/>
      </symbol>
      <symbol id="sm-6b6">
         <name>NandReadSpareArea</name>
         <value>0x98044b10</value>
         <object_component_ref idref="oc-17f"/>
      </symbol>
      <symbol id="sm-6b7">
         <name>readNandPage</name>
         <value>0x98045110</value>
         <object_component_ref idref="oc-17f"/>
      </symbol>
      <symbol id="sm-6b8">
         <name>nandFlashBlockErase</name>
         <value>0x9804540c</value>
         <object_component_ref idref="oc-17f"/>
      </symbol>
      <symbol id="sm-6b9">
         <name>NandWriteSpareArea</name>
         <value>0x98044d08</value>
         <object_component_ref idref="oc-17f"/>
      </symbol>
      <symbol id="sm-704">
         <name>nor_erase</name>
         <value>0x98047ed4</value>
         <object_component_ref idref="oc-179"/>
      </symbol>
      <symbol id="sm-705">
         <name>nor_read</name>
         <value>0x98047d84</value>
         <object_component_ref idref="oc-179"/>
      </symbol>
      <symbol id="sm-706">
         <name>nor_write</name>
         <value>0x98047c60</value>
         <object_component_ref idref="oc-179"/>
      </symbol>
      <symbol id="sm-707">
         <name>nor_get_details</name>
         <value>0x98047e68</value>
         <object_component_ref idref="oc-179"/>
      </symbol>
      <symbol id="sm-708">
         <name>nor_init</name>
         <value>0x98047e00</value>
         <object_component_ref idref="oc-179"/>
      </symbol>
      <symbol id="sm-72d">
         <name>Init_SGMII</name>
         <value>0x98048b44</value>
         <object_component_ref idref="oc-16e"/>
      </symbol>
      <symbol id="sm-72e">
         <name>configSerdes</name>
         <value>0x980489e0</value>
         <object_component_ref idref="oc-16e"/>
      </symbol>
      <symbol id="sm-773">
         <name>spi_read_word</name>
         <value>0x98047510</value>
         <object_component_ref idref="oc-246"/>
      </symbol>
      <symbol id="sm-774">
         <name>spi_cmd_read</name>
         <value>0x980475b8</value>
         <object_component_ref idref="oc-246"/>
      </symbol>
      <symbol id="sm-775">
         <name>spi_xfer</name>
         <value>0x98047340</value>
         <object_component_ref idref="oc-246"/>
      </symbol>
      <symbol id="sm-776">
         <name>spi_cmd_write</name>
         <value>0x98047580</value>
         <object_component_ref idref="oc-246"/>
      </symbol>
      <symbol id="sm-777">
         <name>spi_release</name>
         <value>0x980474f4</value>
         <object_component_ref idref="oc-246"/>
      </symbol>
      <symbol id="sm-778">
         <name>spi_write_word</name>
         <value>0x98047494</value>
         <object_component_ref idref="oc-246"/>
      </symbol>
      <symbol id="sm-779">
         <name>spi_cmd</name>
         <value>0x980475f4</value>
         <object_component_ref idref="oc-246"/>
      </symbol>
      <symbol id="sm-77a">
         <name>spi_claim</name>
         <value>0x98047640</value>
         <object_component_ref idref="oc-246"/>
      </symbol>
      <symbol id="sm-78d">
         <name>UartReadBaudRate</name>
         <value>0x980496d8</value>
         <object_component_ref idref="oc-152"/>
      </symbol>
      <symbol id="sm-78e">
         <name>UartWriteData</name>
         <value>0x98049660</value>
         <object_component_ref idref="oc-152"/>
      </symbol>
      <symbol id="sm-78f">
         <name>UartSetBaudRate</name>
         <value>0x980496a0</value>
         <object_component_ref idref="oc-152"/>
      </symbol>
      <symbol id="sm-790">
         <name>UartReadData</name>
         <value>0x980496c8</value>
         <object_component_ref idref="oc-152"/>
      </symbol>
      <symbol id="sm-791">
         <name>UartIsDataReady</name>
         <value>0x9804970c</value>
         <object_component_ref idref="oc-152"/>
      </symbol>
      <symbol id="sm-792">
         <name>UartInit</name>
         <value>0x9804972c</value>
         <object_component_ref idref="oc-152"/>
      </symbol>
      <symbol id="sm-79e">
         <name>CSL_GPIO_open</name>
         <value>0x9804c660</value>
         <object_component_ref idref="oc-ee"/>
      </symbol>
      <symbol id="sm-7a8">
         <name>cpsgmiiPortBaseAddr</name>
         <value>0x9804dcd8</value>
         <object_component_ref idref="oc-23b"/>
      </symbol>
      <symbol id="sm-7d0">
         <name>printf</name>
         <value>0x9804b420</value>
         <object_component_ref idref="oc-158"/>
      </symbol>
      <symbol id="sm-9e3">
         <name>__TI_printfi</name>
         <value>0x98041000</value>
         <object_component_ref idref="oc-22b"/>
      </symbol>
      <symbol id="sm-a01">
         <name>vsprintf</name>
         <value>0x9804c5e0</value>
         <object_component_ref idref="oc-1f6"/>
      </symbol>
      <symbol id="sm-a20">
         <name>putc</name>
         <value>0x98049bc0</value>
         <object_component_ref idref="oc-2d9"/>
      </symbol>
      <symbol id="sm-a21">
         <name>fputc</name>
         <value>0x98049bc0</value>
         <object_component_ref idref="oc-2d9"/>
      </symbol>
      <symbol id="sm-a53">
         <name>fputs</name>
         <value>0x980486c0</value>
         <object_component_ref idref="oc-2e0"/>
      </symbol>
      <symbol id="sm-a69">
         <name>__TI_wrt_ok</name>
         <value>0x9804afc0</value>
         <object_component_ref idref="oc-3dd"/>
      </symbol>
      <symbol id="sm-a85">
         <name>setvbuf</name>
         <value>0x98049f40</value>
         <object_component_ref idref="oc-465"/>
      </symbol>
      <symbol id="sm-a9f">
         <name>wcslen</name>
         <value>0x9804c620</value>
         <object_component_ref idref="oc-323"/>
      </symbol>
      <symbol id="sm-abf">
         <name>scalbn</name>
         <value>0x9804a440</value>
         <object_component_ref idref="oc-42f"/>
      </symbol>
      <symbol id="sm-ac0">
         <name>scalbnl</name>
         <value>0x9804a440</value>
         <object_component_ref idref="oc-42f"/>
      </symbol>
      <symbol id="sm-ac1">
         <name>ldexpl</name>
         <value>0x9804a440</value>
         <object_component_ref idref="oc-42f"/>
      </symbol>
      <symbol id="sm-ac2">
         <name>ldexp</name>
         <value>0x9804a440</value>
         <object_component_ref idref="oc-42f"/>
      </symbol>
      <symbol id="sm-ad0">
         <name>__c6xabi_push_rts</name>
         <value>0x9804c6c0</value>
         <object_component_ref idref="oc-169"/>
      </symbol>
      <symbol id="sm-ad1">
         <name>__pop_rts</name>
         <value>0x9804c6a0</value>
         <object_component_ref idref="oc-174"/>
      </symbol>
      <symbol id="sm-ad2">
         <name>__c6xabi_pop_rts</name>
         <value>0x9804c6a0</value>
         <object_component_ref idref="oc-174"/>
      </symbol>
      <symbol id="sm-ad3">
         <name>__push_rts</name>
         <value>0x9804c6c0</value>
         <object_component_ref idref="oc-169"/>
      </symbol>
      <symbol id="sm-adc">
         <name>__c6xabi_call_stub</name>
         <value>0x9804c4e0</value>
         <object_component_ref idref="oc-191"/>
      </symbol>
      <symbol id="sm-add">
         <name>__call_stub</name>
         <value>0x9804c4e0</value>
         <object_component_ref idref="oc-191"/>
      </symbol>
      <symbol id="sm-ae6">
         <name>__c6xabi_divu</name>
         <value>0x9804b800</value>
         <object_component_ref idref="oc-15e"/>
      </symbol>
      <symbol id="sm-ae7">
         <name>__divu</name>
         <value>0x9804b800</value>
         <object_component_ref idref="oc-15e"/>
      </symbol>
      <symbol id="sm-af0">
         <name>__remu</name>
         <value>0x9804bc40</value>
         <object_component_ref idref="oc-1fc"/>
      </symbol>
      <symbol id="sm-af1">
         <name>__c6xabi_remu</name>
         <value>0x9804bc40</value>
         <object_component_ref idref="oc-1fc"/>
      </symbol>
      <symbol id="sm-b02">
         <name>__c6xabi_divul</name>
         <value>0x98049840</value>
         <object_component_ref idref="oc-3fe"/>
      </symbol>
      <symbol id="sm-b1f">
         <name>_subcull</name>
         <value>0x9804c2e0</value>
         <object_component_ref idref="oc-483"/>
      </symbol>
      <symbol id="sm-b20">
         <name>__c6xabi_divull</name>
         <value>0x98049240</value>
         <object_component_ref idref="oc-3f8"/>
      </symbol>
      <symbol id="sm-b3f">
         <name>__c6xabi_llshru</name>
         <value>0x9804c280</value>
         <object_component_ref idref="oc-489"/>
      </symbol>
      <symbol id="sm-b40">
         <name>__c6xabi_llshl</name>
         <value>0x9804bf40</value>
         <object_component_ref idref="oc-47d"/>
      </symbol>
      <symbol id="sm-b54">
         <name>frexpl</name>
         <value>0x9804a2a0</value>
         <object_component_ref idref="oc-429"/>
      </symbol>
      <symbol id="sm-b55">
         <name>frexp</name>
         <value>0x9804a2a0</value>
         <object_component_ref idref="oc-429"/>
      </symbol>
      <symbol id="sm-b72">
         <name>__c6xabi_isinf</name>
         <value>0x9804c460</value>
         <object_component_ref idref="oc-2f9"/>
      </symbol>
      <symbol id="sm-b7b">
         <name>_signbit</name>
         <value>0x9804c760</value>
         <object_component_ref idref="oc-2ff"/>
      </symbol>
      <symbol id="sm-b9a">
         <name>__c6xabi_divd</name>
         <value>0x98046d40</value>
         <object_component_ref idref="oc-408"/>
      </symbol>
      <symbol id="sm-bad">
         <name>__TI_frcmpyd_div</name>
         <value>0x9804c1c0</value>
         <object_component_ref idref="oc-493"/>
      </symbol>
      <symbol id="sm-bc1">
         <name>atoi</name>
         <value>0x9804ab20</value>
         <object_component_ref idref="oc-2e7"/>
      </symbol>
      <symbol id="sm-bcb">
         <name>_ctypes_</name>
         <value>0x9804dd10</value>
         <object_component_ref idref="oc-3f3"/>
      </symbol>
      <symbol id="sm-bdb">
         <name>__TI_tmpnams</name>
         <value>0x9804df60</value>
      </symbol>
      <symbol id="sm-bdc">
         <name>_ftable</name>
         <value>0x9804d9e0</value>
         <object_component_ref idref="oc-219"/>
      </symbol>
      <symbol id="sm-bdd">
         <name>__TI_ft_end</name>
         <value>0x9804dd04</value>
         <object_component_ref idref="oc-528"/>
      </symbol>
      <symbol id="sm-bed">
         <name>ltoa</name>
         <value>0x9804b260</value>
         <object_component_ref idref="oc-40e"/>
      </symbol>
      <symbol id="sm-bfe">
         <name>memccpy</name>
         <value>0x9804c3a0</value>
         <object_component_ref idref="oc-31d"/>
      </symbol>
      <symbol id="sm-c21">
         <name>_stream</name>
         <value>0x9804dbc0</value>
         <object_component_ref idref="oc-46f"/>
      </symbol>
      <symbol id="sm-c22">
         <name>_device</name>
         <value>0x9804dc60</value>
         <object_component_ref idref="oc-4e3"/>
      </symbol>
      <symbol id="sm-c23">
         <name>write</name>
         <value>0x9804c400</value>
         <object_component_ref idref="oc-3e9"/>
      </symbol>
      <symbol id="sm-c35">
         <name>__errno</name>
         <value>0x9804dd08</value>
         <object_component_ref idref="oc-43f"/>
      </symbol>
      <symbol id="sm-c36">
         <name>errno</name>
         <value>0x9804dd08</value>
         <object_component_ref idref="oc-43f"/>
      </symbol>
      <symbol id="sm-c37">
         <name>__c6xabi_errno_addr</name>
         <value>0x9804c680</value>
         <object_component_ref idref="oc-329"/>
      </symbol>
      <symbol id="sm-c40">
         <name>copysign</name>
         <value>0x9804c7e0</value>
         <object_component_ref idref="oc-4ab"/>
      </symbol>
      <symbol id="sm-c41">
         <name>copysignl</name>
         <value>0x9804c7e0</value>
         <object_component_ref idref="oc-4ab"/>
      </symbol>
      <symbol id="sm-c50">
         <name>__TI_doflush</name>
         <value>0x9804b740</value>
         <object_component_ref idref="oc-3e3"/>
      </symbol>
      <symbol id="sm-c5e">
         <name>__TI_cleanup</name>
         <value>0x9804bba0</value>
         <object_component_ref idref="oc-4d2"/>
      </symbol>
      <symbol id="sm-c76">
         <name>fseek</name>
         <value>0x9804ac20</value>
         <object_component_ref idref="oc-45f"/>
      </symbol>
      <symbol id="sm-c85">
         <name>lseek</name>
         <value>0x9804c340</value>
         <object_component_ref idref="oc-4ca"/>
      </symbol>
      <symbol id="sm-c96">
         <name>HOSTclose</name>
         <value>0x9804bb00</value>
         <object_component_ref idref="oc-53a"/>
      </symbol>
      <symbol id="sm-ca6">
         <name>HOSTlseek</name>
         <value>0x9804ad20</value>
         <object_component_ref idref="oc-54c"/>
      </symbol>
      <symbol id="sm-cba">
         <name>parmbuf</name>
         <value>0x9804e0e8</value>
      </symbol>
      <symbol id="sm-cbb">
         <name>HOSTopen</name>
         <value>0x9804ae00</value>
         <object_component_ref idref="oc-534"/>
      </symbol>
      <symbol id="sm-ccb">
         <name>HOSTread</name>
         <value>0x9804b500</value>
         <object_component_ref idref="oc-540"/>
      </symbol>
      <symbol id="sm-ce9">
         <name>HOSTrename</name>
         <value>0x9804a100</value>
         <object_component_ref idref="oc-558"/>
      </symbol>
      <symbol id="sm-cfc">
         <name>HOSTunlink</name>
         <value>0x9804b5c0</value>
         <object_component_ref idref="oc-552"/>
      </symbol>
      <symbol id="sm-d0c">
         <name>HOSTwrite</name>
         <value>0x9804aee0</value>
         <object_component_ref idref="oc-546"/>
      </symbol>
      <symbol id="sm-d32">
         <name>__TI_readmsg</name>
         <value>0x9804bec0</value>
         <object_component_ref idref="oc-58d"/>
      </symbol>
      <symbol id="sm-d33">
         <name>C$$IO$$</name>
         <value>0x9804c278</value>
         <object_component_ref idref="oc-587"/>
      </symbol>
      <symbol id="sm-d34">
         <name>__CIOBUF_</name>
         <value>0x1080a000</value>
         <object_component_ref idref="oc-5ae"/>
      </symbol>
      <symbol id="sm-d35">
         <name>__TI_writemsg</name>
         <value>0x9804c220</value>
         <object_component_ref idref="oc-587"/>
      </symbol>
      <symbol id="sm-d4e">
         <name>__TI_closefile</name>
         <value>0x9804a820</value>
         <object_component_ref idref="oc-52b"/>
      </symbol>
      <symbol id="sm-d78">
         <name>finddevice</name>
         <value>0x9804bd80</value>
         <object_component_ref idref="oc-5c2"/>
      </symbol>
      <symbol id="sm-d79">
         <name>getdevice</name>
         <value>0x9804a700</value>
         <object_component_ref idref="oc-5a2"/>
      </symbol>
      <symbol id="sm-d8b">
         <name>close</name>
         <value>0x9804b0a0</value>
         <object_component_ref idref="oc-575"/>
      </symbol>
      <symbol id="sm-d9c">
         <name>unlink</name>
         <value>0x9804c140</value>
         <object_component_ref idref="oc-57b"/>
      </symbol>
      <symbol id="sm-d9d">
         <name>__TI_STATIC_BASE</name>
         <value>0x9804e144</value>
      </symbol>
      <symbol id="sm-d9f">
         <name>__TI_TLS_INIT_Base</name>
         <value>0x0</value>
      </symbol>
      <symbol id="sm-da0">
         <name>__TI_TLS_INIT_Limit</name>
         <value>0x0</value>
      </symbol>
      <symbol id="sm-da1">
         <name>remove</name>
         <value>0x9804c140</value>
      </symbol>
   </symbol_table>
   <title>Link successful</title>
</link_info>
