******************************************************************************
               TMS320C6x Linker PC v8.3.3                      
******************************************************************************
>> Linked Mon May 13 17:35:13 2019

OUTPUT FILE NAME:   <basic-platform-slave.out>
ENTRY POINT SYMBOL: "_c_int00"  address: 880ee0c0


MEMORY CONFIGURATION

         name            origin    length      used     unused   attr    fill
----------------------  --------  ---------  --------  --------  ----  --------
  L2SRAM                00800000   00100000  0000c800  000f3800  RW X
  MSMCSRAM              0c000000   00600000  00207802  003f87fe  RW X
  CORE0DDR              80000000   08000000  00000000  08000000  R  X
  DDR                   88000000   08000000  000fb954  07f046ac  RW X


SEGMENT ALLOCATION MAP

run origin  load origin   length   init length attrs members
----------  ----------- ---------- ----------- ----- -------
00800000    00800000    0000c800   00000000    rw-
  00800000    00800000    00008800   00000000    rw- .L2RAM
  00808800    00808800    00004000   00000000    rw- .stack
0c200000    0c200000    00006882   00000000    rw-
  0c200000    0c200000    00006882   00000000    rw- .qmss
0c206900    0c206900    00000f80   00000000    rw-
  0c206900    0c206900    00000f80   00000000    rw- .cppi
88000000    88000000    000cc9b2   00000000    rw-
  88000000    88000000    000cc9b2   00000000    rw- .far
880cc9b8    880cc9b8    00000008   00000008    r--
  880cc9b8    880cc9b8    00000008   00000008    r-- .const.1
880cc9c0    880cc9c0    0002cfa8   0002cfa8    r-x
  880cc9c0    880cc9c0    000280c0   000280c0    r-x .text
  880f4a80    880f4a80    00004ee8   00004ee8    r-- .const.2
880f9968    880f9968    00001530   00000000    rw-
  880f9968    880f9968    0000140c   00000000    rw- .fardata
  880fad78    880fad78    00000120   00000000    rw- .cio
880fae98    880fae98    00000048   00000048    r--
  880fae98    880fae98    00000048   00000048    r-- .switch
880faee0    880faee0    0000003e   00000000    rw-
  880faee0    880faee0    00000020   00000000    rw- .bss
  880faf00    880faf00    0000001e   00000000    rw- .neardata
880fb000    880fb000    00000a40   00000a40    r-x
  880fb000    880fb000    00000200   00000200    r-x .vecs
  880fb200    880fb200    00000840   00000840    r-- .cinit


SECTION ALLOCATION MAP

 output                                  attributes/
section   page    origin      length       input sections
--------  ----  ----------  ----------   ----------------
ti.sdo.ipc.SharedRegion_0 
*          0    0c000000    00200000     NOLOAD SECTION
                  0c000000    00200000     --HOLE--

.L2RAM     0    00800000    00008800     UNINITIALIZED
                  00800000    00008800     qmss_init.obj (.L2RAM)

.stack     0    00808800    00004000     UNINITIALIZED
                  00808800    00000008     boot.ae66 : boot.oe66 (.stack)
                  00808808    00003ff8     --HOLE--

.bss       0    880faee0    00000020     UNINITIALIZED
                  880faee0    00000004     (.common:Ipc_sr0MemorySetup)
                  880faee4    00000004     (.common:cppiHnd)
                  880faee8    00000004     (.common:freeQueHnd)
                  880faeec    00000004     (.common:rxChHnd)
                  880faef0    00000004     (.common:rxQueHnd)
                  880faef4    00000004     (.common:rx_flowhnd)
                  880faef8    00000004     (.common:txChHnd)
                  880faefc    00000004     (.common:txQueHnd)

.neardata 
*          0    880faf00    0000001e     UNINITIALIZED
                  880faf00    00000018     sample_osal.obj (.neardata)
                  880faf18    00000006     main.obj (.neardata)

.rodata    0    880faf1e    00000000     UNINITIALIZED

.cinit     0    880fb200    00000840     
                  880fb200    000007b9     (.cinit..fardata.load) [load image, compression = rle]
                  880fb9b9    0000000f     (.cinit..neardata.load) [load image, compression = rle]
                  880fb9c8    0000000d     (.cinit..far.load) [load image, compression = rle]
                  880fb9d5    0000000b     (.cinit..L2RAM.load) [load image, compression = rle]
                  880fb9e0    0000000b     (.cinit..cppi.load) [load image, compression = rle]
                  880fb9eb    0000000b     (.cinit..qmss.load) [load image, compression = rle]
                  880fb9f6    00000009     (.cinit..bss.load) [load image, compression = rle]
                  880fb9ff    00000001     --HOLE-- [fill = 0]
                  880fba00    00000008     (__TI_handler_table)
                  880fba08    00000038     (__TI_cinit_table)

.init_array 
*          0    88000000    00000000     UNINITIALIZED

.qmss      0    0c200000    00006882     UNINITIALIZED
                  0c200000    00006880     ti.drv.qmss.ae66 : qmss_drv.oe66 (.qmss:uninit)
                  0c206880    00000002                      : qmss_drv.oe66 (.qmss:init)

.cppi      0    0c206900    00000f80     UNINITIALIZED
                  0c206900    00000f80     ti.drv.cppi.ae66 : cppi_drv.oe66 (.cppi)

.vecs      0    880fb000    00000200     
                  880fb000    00000200     app_pe66.oe66 (.vecs)

xdc.meta   0    88000000    000000f0     COPY SECTION
                  88000000    000000f0     app_pe66.oe66 (xdc.meta)

.far       0    88000000    000cc9b2     UNINITIALIZED
                  88000000    000c8000     (.common:ti_sysbios_heaps_HeapMem_Instance_State_0_buf__A)
                  880c8000    00004000     app_pe66.oe66 (.far:taskStackSection)
                  880cc000    000005a8     ti.drv.qmss.ae66 : qmss_drv.oe66 (.far:local:uninit)
                  880cc5a8    00000200     (.common:xdc_runtime_LoggerBuf_Instance_State_0_entryArr__A)
                  880cc7a8    00000200     (.common:xdc_runtime_SysMin_Module_State_0_outbuf__A)
                  880cc9a8    00000008     (.common:parmbuf)
                  880cc9b0    00000002                      : qmss_drv.oe66 (.far:local:init)

.const.1   0    880cc9b8    00000008     
                  880cc9b8    00000008     ti.drv.qmss.ae66 : qmss_drv.oe66 (.const:qmssQueueFree)

.text      0    880cc9c0    000280c0     
                  880cc9c0    00001fe0     rts6600_elf.lib : _printfi.c.obj (.text:__TI_printfi)
                  880ce9a0    00000ea0     ti.drv.qmss.ae66 : qmss_drv.oe66 (.text:Qmss_insertMemoryRegionSubSys)
                  880cf840    00000c60     ipc.ae66 : Ipc.obj (.text:ti_sdo_ipc_GateMP_Instance_init__E)
                  880d04a0    00000b00     qmss_init.obj (.text)
                  880d0fa0    000008c0     ti.drv.qmss.ae66 : qmss_drv.oe66 (.text:Qmss_internalQueueOpen)
                  880d1860    000008a0     ti.targets.rts6000.ae66 : System.oe66 (.text:xdc_runtime_System_doPrint__I)
                  880d2100    00000780     sysbios.ae66 : BIOS.obj (.text:ti_sysbios_family_c64p_Exception_handler__I)
                  880d2880    00000740     ipc.ae66 : Ipc.obj (.text:MessageQ_put)
                  880d2fc0    00000740     sysbios.ae66 : BIOS.obj (.text:ti_sysbios_knl_Semaphore_pend__E)
                  880d3700    00000720     ti.drv.cppi.ae66 : cppi_drv.oe66 (.text:Cppi_configureRxFlow)
                  880d3e20    00000700     sysbios.ae66 : BIOS.obj (.text:ti_sysbios_timers_timer64_Timer_Module_startup__E)
                  880d4520    000006c0     sample_osal.obj (.text)
                  880d4be0    00000640     ipc.ae66 : Ipc.obj (.text:Ipc_attach)
                  880d5220    00000640     rts6600_elf.lib : _printfi.c.obj (.text:_pconv_a)
                  880d5860    00000620     ipc.ae66 : Ipc.obj (.text:ti_sdo_ipc_heaps_HeapMemMP_alloc__E)
                  880d5e80    00000620     sysbios.ae66 : BIOS.obj (.text:ti_sysbios_heaps_HeapMem_allocUnprotected__E)
                  880d64a0    00000600     rts6600_elf.lib : divd.c.obj (.text:__c6xabi_divd)
                  880d6aa0    00000600     ipc.ae66 : Ipc.obj (.text:ti_sdo_ipc_GateMP_setRegion0Reserved__F)
                  880d70a0    000005c0     ti.drv.cppi.ae66 : cppi_drv.oe66 (.text:Cppi_txChannelOpenWithHwCfg)
                  880d7660    000005c0     sysbios.ae66 : BIOS.obj (.text:ti_sysbios_heaps_HeapMem_freeUnprotected__E)
                  880d7c20    000005a0     ipc.ae66 : Ipc.obj (.text:ti_sdo_ipc_nsremote_NameServerRemoteNotify_Instance_init__E)
                  880d81c0    00000560              : Ipc.obj (.text:ti_sdo_ipc_GateMP_Instance_finalize__E)
                  880d8720    00000540     ti.drv.cppi.ae66 : cppi_drv.oe66 (.text:Cppi_rxChannelOpen)
                  880d8c60    00000540     ipc.ae66 : Ipc.obj (.text:ti_sdo_ipc_heaps_HeapMemMP_free__E)
                  880d91a0    00000500     sysbios.ae66 : BIOS.obj (.text:ti_sysbios_knl_Task_Instance_finalize__E)
                  880d96a0    000004c0     ipc.ae66 : Ipc.obj (.text:ti_sdo_ipc_heaps_HeapMemMP_Instance_init__E)
                  880d9b60    00000480     ti.drv.cppi.ae66 : cppi_desc.oe66 (.text:Cppi_initDescriptorSubSys)
                  880d9fe0    00000480     ipc.ae66 : Ipc.obj (.text:NameServer_add)
                  880da460    00000480     sysbios.ae66 : BIOS.obj (.text:ti_sysbios_gates_GateMutexPri_enter__E)
                  880da8e0    00000460                  : BIOS.obj (.text:ti_sysbios_knl_Task_sleep__E)
                  880dad40    00000440     rts6600_elf.lib : _printfi.c.obj (.text:_pconv_g)
                  880db180    00000420     ipc.ae66 : Ipc.obj (.text:Notify_sendEvent)
                  880db5a0    00000420     sysbios.ae66 : BIOS.obj (.text:ti_sysbios_knl_Task_setPri__E)
                  880db9c0    00000400     ipc.ae66 : Ipc.obj (.text:Notify_registerEventSingle)
                  880dbdc0    00000400              : Ipc.obj (.text:ti_sdo_ipc_nsremote_NameServerRemoteNotify_get__F)
                  880dc1c0    000003e0              : Ipc.obj (.text:Notify_unregisterEventSingle)
                  880dc5a0    000003e0              : Ipc.obj (.text:ti_sdo_ipc_MessageQ_Instance_init__E)
                  880dc980    000003c0     sysbios.ae66 : BIOS.obj (.text:ti_sysbios_knl_Task_Instance_init__E)
                  880dcd40    000003a0                  : BIOS.obj (.text:ti_sysbios_family_c66_Cache_startup__I)
                  880dd0e0    00000340     ipc.ae66 : Ipc.obj (.text:ti_sdo_ipc_gates_GatePeterson_Instance_init__E)
                  880dd420    00000340              : Ipc.obj (.text:ti_sdo_ipc_notifyDrivers_NotifyDriverCirc_Instance_init__E)
                  880dd760    00000320              : Ipc.obj (.text:NameServer_get)
                  880dda80    00000320     sysbios.ae66 : BIOS.obj (.text:ti_sysbios_timers_timer64_Timer_deviceConfig__I)
                  880ddda0    00000300     ti.drv.cppi.ae66 : cppi_drv.oe66 (.text:Cppi_open)
                  880de0a0    00000300     ipc.ae66 : Ipc.obj (.text:ti_sdo_ipc_Notify_Instance_init__E)
                  880de3a0    00000300     sysbios.ae66 : BIOS.obj (.text:ti_sysbios_knl_Swi_runLoop__I)
                  880de6a0    00000300                  : BIOS.obj (.text:ti_sysbios_knl_Task_Module_startup__E)
                  880de9a0    000002e0     ti.drv.qmss.ae66 : qmss_drv.oe66 (.text:Qmss_internalRmStartIndex)
                  880dec80    000002e0     ipc.ae66 : Ipc.obj (.text:ti_sdo_ipc_SharedRegion_reserveMemory__F)
                  880def60    000002e0     sysbios.ae66 : BIOS.obj (.text:ti_sysbios_heaps_HeapMem_Instance_init__E)
                  880df240    000002c0     rts6600_elf.lib : _printfi.c.obj (.text:fcvt)
                  880df500    000002c0     ipc.ae66 : Ipc.obj (.text:ti_sdo_ipc_heaps_HeapMemMP_postInit__I)
                  880df7c0    000002c0     sysbios.ae66 : BIOS.obj (.text:ti_sysbios_knl_Clock_workFunc__E)
                  880dfa80    000002c0     ti.targets.rts6000.ae66 : LoggerBuf.oe66 (.text:xdc_runtime_LoggerBuf_write8__E)
                  880dfd40    000002a0     rts6600_elf.lib : _printfi.c.obj (.text:_pconv_e)
                  880dffe0    000002a0     ipc.ae66 : Ipc.obj (.text:ti_sdo_ipc_MessageQ_registerTransport__F)
                  880e0280    000002a0              : Ipc.obj (.text:ti_sdo_ipc_MessageQ_unregisterTransport__F)
                  880e0520    000002a0              : Ipc.obj (.text:ti_sdo_ipc_family_tci663x_Interrupt_Module_startup__E)
                  880e07c0    000002a0              : Ipc.obj (.text:ti_sdo_utils_NameServer_registerRemoteDriver__E)
                  880e0a60    000002a0              : Ipc.obj (.text:ti_sdo_utils_NameServer_unregisterRemoteDriver__E)
                  880e0d00    00000280              : Ipc.obj (.text:ti_sdo_ipc_notifyDrivers_NotifyDriverCirc_isr__I)
                  880e0f80    00000280              : Ipc.obj (.text:ti_sdo_utils_NameServer_isRegistered__E)
                  880e1200    00000280     sysbios.ae66 : BIOS.obj (.text:ti_sysbios_family_c64p_Hwi_reconfig__E)
                  880e1480    00000260                  : BIOS.obj (.text:ti_sysbios_family_c64p_Hwi_dispatchCore__I)
                  880e16e0    00000260                  : BIOS.obj (.text:ti_sysbios_knl_Semaphore_post__E)
                  880e1940    00000260     ti.targets.rts6000.ae66 : Startup.oe66 (.text:xdc_runtime_Startup_startMods__I)
                  880e1ba0    00000240     rts6600_elf.lib : imath64.c.obj (.text:__c6xabi_divull)
                  880e1de0    00000240     sysbios.ae66 : BIOS.obj (.text:ti_sysbios_family_c64p_Exception_internalHandler__I)
                  880e2020    00000240     ti.targets.rts6000.ae66 : Core-mem.oe66 (.text:xdc_runtime_Core_createObject__I)
                  880e2260    00000240     app_pe66.oe66 (.text:xdc_runtime_System_printfExtend__I)
                  880e24a0    00000220     ipc.ae66 : Ipc.obj (.text:SharedRegion_getPtr)
                  880e26c0    00000220              : Ipc.obj (.text:SharedRegion_getSRPtr)
                  880e28e0    00000220     sysbios.ae66 : BIOS.obj (.text:ti_sysbios_knl_Swi_run__I)
                  880e2b00    00000220                  : BIOS.obj (.text:ti_sysbios_timers_timer64_Timer_setPeriodMicroSecs__E)
                  880e2d20    00000200     ipc.ae66 : Ipc.obj (.text:GateMP_openByAddr)
                  880e2f20    00000200              : Ipc.obj (.text:HeapMemMP_sharedMemReq)
                  880e3120    00000200              : Ipc.obj (.text:Ipc_start)
                  880e3320    00000200              : Ipc.obj (.text:SharedRegion_getEntry)
                  880e3520    00000200     sysbios.ae66 : c64p_Hwi_disp_always.obj (.text:_ti_sysbios_family_c64p_Hwi_dispatchAlways)
                  880e3720    00000200     ti.drv.cppi.ae66 : cppi_heap.oe66 (.text:cppi_internal_heap_add)
                  880e3920    00000200     ipc.ae66 : Ipc.obj (.text:ti_sdo_ipc_SharedRegion_start__F)
                  880e3b20    00000200              : Ipc.obj (.text:ti_sdo_ipc_nsremote_NameServerRemoteNotify_swiFxnRequest__I)
                  880e3d20    00000200     ti.targets.rts6000.ae66 : Error.oe66 (.text:xdc_runtime_Error_policyDefault__E)
                  880e3f20    000001e0     ipc.ae66 : Ipc.obj (.text:GateMP_sharedMemReq)
                  880e4100    000001e0              : Ipc.obj (.text:MessageQ_open)
                  880e42e0    000001e0     sysbios.ae66 : BIOS.obj (.text:ti_sysbios_gates_GateMutex_enter__E)
                  880e44c0    000001e0     ti.targets.rts6000.ae66 : LoggerBuf.oe66 (.text:xdc_runtime_LoggerBuf_write4__E)
                  880e46a0    000001e0                             : Text.oe66 (.text:xdc_runtime_Text_putSite__E)
                  880e4880    000001c0     rts6600_elf.lib : imath40.c.obj (.text:__c6xabi_divul)
                  880e4a40    000001c0                     : _printfi.c.obj (.text:_ltostr)
                  880e4c00    000001c0                     : ldexp.c.obj (.text:ldexp)
                  880e4dc0    000001c0     ipc.ae66 : Ipc.obj (.text:ti_sdo_ipc_Ipc_procSyncStart__I)
                  880e4f80    000001c0     sysbios.ae66 : BIOS.obj (.text:ti_sysbios_knl_Task_checkStacks__E)
                  880e5140    000001c0                  : BIOS.obj (.text:ti_sysbios_timers_timer64_Timer_getFreq__E)
                  880e5300    000001c0                  : BIOS.obj (.text:ti_sysbios_timers_timer64_Timer_start__E)
                  880e54c0    000001a0     ipc.ae66 : Ipc.obj (.text:GateMP_enter)
                  880e5660    000001a0              : Ipc.obj (.text:GateMP_leave)
                  880e5800    000001a0              : Ipc.obj (.text:MultiProc_getId)
                  880e59a0    000001a0              : Ipc.obj (.text:NameServer_getLocal)
                  880e5b40    000001a0     rts6600_elf.lib : frexp.c.obj (.text:frexp)
                  880e5ce0    000001a0     ipc.ae66 : Ipc.obj (.text:ti_sdo_ipc_notifyDrivers_NotifyDriverCirc_sendEvent__E)
                  880e5e80    000001a0     sysbios.ae66 : BIOS.obj (.text:ti_sysbios_family_c66_Cache_block__I)
                  880e6020    000001a0                  : BIOS.obj (.text:ti_sysbios_family_c66_Cache_getL2InitSize__I)
                  880e61c0    000001a0                  : BIOS.obj (.text:ti_sysbios_heaps_HeapBuf_Module_startup__E)
                  880e6360    000001a0                  : BIOS.obj (.text:ti_sysbios_knl_Task_schedule__I)
                  880e6500    000001a0     ti.targets.rts6000.ae66 : Core-smem.oe66 (.text:xdc_runtime_Core_constructObject__I)
                  880e66a0    00000180     ipc.ae66 : Ipc.obj (.text:MessageQ_get)
                  880e6820    00000180              : Ipc.obj (.text:NameServer_getHandle)
                  880e69a0    00000180     sysbios.ae66 : c64p_Exception_asm.obj (.text)
                  880e6b20    00000180     ipc.ae66 : Ipc.obj (.text:ti_sdo_ipc_GateMP_attach__F)
                  880e6ca0    00000180     sysbios.ae66 : BIOS.obj (.text:ti_sysbios_knl_Swi_Instance_init__E)
                  880e6e20    00000180                  : BIOS.obj (.text:ti_sysbios_knl_Task_exit__E)
                  880e6fa0    00000180                  : BIOS.obj (.text:ti_sysbios_knl_Task_startCore__E)
                  880e7120    00000180                  : BIOS.obj (.text:ti_sysbios_syncs_SyncSem_Instance_init__E)
                  880e72a0    00000160     ipc.ae66 : Ipc.obj (.text:ti_sdo_ipc_GateMP_openRegion0Reserved__F)
                  880e7400    00000160              : Ipc.obj (.text:ti_sdo_ipc_MessageQ_Instance_finalize__E)
                  880e7560    00000160              : Ipc.obj (.text:ti_sdo_ipc_notifyDrivers_NotifyDriverCirc_sharedMemReq__F)
                  880e76c0    00000160     sysbios.ae66 : BIOS.obj (.text:ti_sysbios_family_c64p_Hwi_Module_startup__E)
                  880e7820    00000160                  : BIOS.obj (.text:ti_sysbios_knl_Swi_post__E)
                  880e7980    00000160     ti.targets.rts6000.ae66 : Text.oe66 (.text:xdc_runtime_Text_putMod__E)
                  880e7ae0    00000140     ipc.ae66 : Ipc.obj (.text:MessageQ_create)
                  880e7c20    00000140              : Ipc.obj (.text:Notify_intLineRegistered)
                  880e7d60    00000140     ti.drv.qmss.ae66 : qmss_drv.oe66 (.text:Qmss_startSubSysCfg)
                  880e7ea0    00000140     ipc.ae66 : Ipc.obj (.text:SharedRegion_getCacheLineSize)
                  880e7fe0    00000140              : Ipc.obj (.text:SharedRegion_getHeap)
                  880e8120    00000140              : Ipc.obj (.text:SharedRegion_isCacheEnabled)
                  880e8260    00000140              : Ipc.obj (.text:ti_sdo_ipc_GateMP_createLocal__F)
                  880e83a0    00000140              : Ipc.obj (.text:ti_sdo_ipc_GateMP_getFreeResource__I)
                  880e84e0    00000140              : Ipc.obj (.text:ti_sdo_ipc_gates_GatePeterson_enter__E)
                  880e8620    00000140              : Ipc.obj (.text:ti_sdo_ipc_nsremote_NameServerRemoteNotify_attach__E)
                  880e8760    00000140              : Ipc.obj (.text:ti_sdo_ipc_nsremote_NameServerRemoteNotify_cbFxn__I)
                  880e88a0    00000140     sysbios.ae66 : BIOS.obj (.text:ti_sysbios_gates_GateSwi_enter__E)
                  880e89e0    00000140                  : BIOS.obj (.text:ti_sysbios_knl_Semaphore_Instance_init__E)
                  880e8b20    00000140                  : BIOS.obj (.text:ti_sysbios_knl_Task_blockI__E)
                  880e8c60    00000140                  : BIOS.obj (.text:ti_sysbios_knl_Task_postInit__I)
                  880e8da0    00000140     ti.targets.rts6000.ae66 : Core-mem.oe66 (.text:xdc_runtime_Core_deleteObject__I)
                  880e8ee0    00000140                             : LoggerBuf.oe66 (.text:xdc_runtime_LoggerBuf_setFilterLevel__E)
                  880e9020    00000140                             : Text.oe66 (.text:xdc_runtime_Text_putLab__E)
                  880e9160    00000120     ipc.ae66 : Ipc.obj (.text:GateMP_close)
                  880e9280    00000120              : Ipc.obj (.text:MultiProc_getName)
                  880e93a0    00000120     ti.drv.qmss.ae66 : qmss_drv.oe66 (.text:Qmss_rmService)
                  880e94c0    00000120     boot.ae66 : autoinit.oe66 (.text:_auto_init_elf)
                  880e95e0    00000120     rts6600_elf.lib : _printfi.c.obj (.text:_pconv_f)
                  880e9700    00000120     ti.drv.cppi.ae66 : cppi_drv.oe66 (.text:cppiRmService)
                  880e9820    00000120     ipc.ae66 : Ipc.obj (.text:ti_sdo_ipc_Notify_Module_startup__E)
                  880e9940    00000120     app_pe66.oe66 (.text:ti_sdo_ipc_Notify_create)
                  880e9a60    00000120     ipc.ae66 : Ipc.obj (.text:ti_sdo_ipc_gates_GateHWSem_Instance_init__E)
                  880e9b80    00000120              : Ipc.obj (.text:ti_sdo_utils_NameServer_removeLocal__I)
                  880e9ca0    00000120     sysbios.ae66 : BIOS.obj (.text:ti_sysbios_family_c64p_Hwi_Instance_init__E)
                  880e9dc0    00000120                  : BIOS.obj (.text:ti_sysbios_knl_Swi_restoreHwi__E)
                  880e9ee0    00000120     ti.targets.rts6000.ae66 : LoggerBuf.oe66 (.text:xdc_runtime_LoggerBuf_getFilterLevel__E)
                  880ea000    00000100     ipc.ae66 : Ipc.obj (.text:MessageQ_staticMsgInit)
                  880ea100    00000100     rts6600_elf.lib : copy_decompress_rle.c.obj (.text:__TI_decompress_rle_core)
                  880ea200    00000100                     : _printfi.c.obj (.text:_mcpy)
                  880ea300    00000100                     : atoi.c.obj (.text:atoi)
                  880ea400    00000100     ipc.ae66 : Ipc.obj (.text:ti_sdo_ipc_Ipc_procSyncFinish__I)
                  880ea500    00000100              : Ipc.obj (.text:ti_sdo_ipc_Notify_exec__F)
                  880ea600    00000100              : Ipc.obj (.text:ti_sdo_ipc_SharedRegion_attach__F)
                  880ea700    00000100              : Ipc.obj (.text:ti_sdo_ipc_family_tci663x_Interrupt_isr__I)
                  880ea800    00000100              : Ipc.obj (.text:ti_sdo_ipc_gates_GateHWSem_enter__E)
                  880ea900    00000100              : Ipc.obj (.text:ti_sdo_ipc_heaps_HeapMemMP_getStats__E)
                  880eaa00    00000100     sysbios.ae66 : BIOS.obj (.text:ti_sysbios_family_c64p_Hwi_Instance_finalize__E)
                  880eab00    00000100                  : BIOS.obj (.text:ti_sysbios_gates_GateMutexPri_leave__E)
                  880eac00    00000100                  : BIOS.obj (.text:ti_sysbios_knl_Task_unblockI__E)
                  880ead00    00000100                  : BIOS.obj (.text:ti_sysbios_timers_timer64_Timer_initDevice__I)
                  880eae00    00000100                  : BIOS.obj (.text:ti_sysbios_xdcruntime_GateThreadSupport_leave__E)
                  880eaf00    00000100     ti.targets.rts6000.ae66 : Error.oe66 (.text:xdc_runtime_Error_print__E)
                  880eb000    00000100                             : Memory.oe66 (.text:xdc_runtime_Memory_alloc__E)
                  880eb100    00000100                             : Startup.oe66 (.text:xdc_runtime_Startup_exec__E)
                  880eb200    000000e0     rts6600_elf.lib : hostwrite.c.obj (.text:HOSTwrite)
                  880eb2e0    000000e0     ipc.ae66 : Ipc.obj (.text:HeapMemMP_openByAddr)
                  880eb3c0    000000e0     ti.drv.qmss.ae66 : qmss_drv.oe66 (.text:Qmss_rmNameService)
                  880eb4a0    000000e0     rts6600_elf.lib : _ltoa.c.obj (.text:__TI_ltoa)
                  880eb580    000000e0                     : exit.c.obj (.text:exit)
                  880eb660    000000e0     main.obj (.text)
                  880eb740    000000e0     rts6600_elf.lib : memset.c.obj (.text:memset)
                  880eb820    000000e0     ipc.ae66 : Ipc.obj (.text:ti_sdo_ipc_GateMP_start__F)
                  880eb900    000000e0              : Ipc.obj (.text:ti_sdo_ipc_MessageQ_Module_startup__E)
                  880eb9e0    000000e0              : Ipc.obj (.text:ti_sdo_ipc_Notify_Instance_finalize__E)
                  880ebac0    000000e0              : Ipc.obj (.text:ti_sdo_ipc_SharedRegion_clearReservedMemory__F)
                  880ebba0    000000e0              : Ipc.obj (.text:ti_sdo_ipc_family_tci663x_Interrupt_intRegister__E)
                  880ebc80    000000e0              : Ipc.obj (.text:ti_sdo_ipc_gates_GateMPSupportNull_enter__E)
                  880ebd60    000000e0              : Ipc.obj (.text:ti_sdo_ipc_gates_GateMPSupportNull_leave__E)
                  880ebe40    000000e0              : Ipc.obj (.text:ti_sdo_ipc_heaps_HeapMemMP_Instance_finalize__E)
                  880ebf20    000000e0              : Ipc.obj (.text:ti_sdo_ipc_nsremote_NameServerRemoteNotify_Instance_finalize__E)
                  880ec000    000000e0              : Ipc.obj (.text:ti_sdo_ipc_transports_TransportShmNotify_put__E)
                  880ec0e0    000000e0              : Ipc.obj (.text:ti_sdo_utils_NameServer_findLocal__I)
                  880ec1c0    000000e0     sysbios.ae66 : BIOS.obj (.text:ti_sysbios_heaps_HeapMem_alloc__E)
                  880ec2a0    000000e0                  : BIOS.obj (.text:ti_sysbios_knl_Swi_Instance_finalize__E)
                  880ec380    000000e0                  : BIOS.obj (.text:ti_sysbios_timers_timer64_Timer_startup__E)
                  880ec460    000000e0     ti.targets.rts6000.ae66 : Text.oe66 (.text:xdc_runtime_Text_visitRope2__I)
                  880ec540    000000c0     ti.drv.qmss.ae66 : qmss_drv.oe66 (.text:Qmss_getMemRegQueueHandleSubSys)
                  880ec600    000000c0     ipc.ae66 : Ipc.obj (.text:SharedRegion_getId)
                  880ec6c0    000000c0     rts6600_elf.lib : divu.asm.obj (.text:__divu)
                  880ec780    000000c0     ti.drv.cppi.ae66 : cppi_listlib.oe66 (.text:cppi_list_cat)
                  880ec840    000000c0     app_pe66.oe66 (.text:ti_sdo_ipc_GateMP_create)
                  880ec900    000000c0     ipc.ae66 : Ipc.obj (.text:ti_sdo_ipc_GateMP_getRegion0ReservedSize__F)
                  880ec9c0    000000c0     app_pe66.oe66 (.text:ti_sdo_ipc_MessageQ_create)
                  880eca80    000000c0     ipc.ae66 : Ipc.obj (.text:ti_sdo_ipc_MessageQ_grow__I)
                  880ecb40    000000c0     app_pe66.oe66 (.text:ti_sdo_ipc_gates_GatePeterson_Object__create__S)
                  880ecc00    000000c0     app_pe66.oe66 (.text:ti_sdo_ipc_gates_GatePeterson_create)
                  880eccc0    000000c0     app_pe66.oe66 (.text:ti_sdo_ipc_heaps_HeapMemMP_Object__create__S)
                  880ecd80    000000c0     app_pe66.oe66 (.text:ti_sdo_ipc_heaps_HeapMemMP_create)
                  880ece40    000000c0     ipc.ae66 : Ipc.obj (.text:ti_sdo_ipc_notifyDrivers_NotifyDriverCirc_disableEvent__E)
                  880ecf00    000000c0              : Ipc.obj (.text:ti_sdo_ipc_notifyDrivers_NotifyDriverCirc_enable__E)
                  880ecfc0    000000c0     app_pe66.oe66 (.text:ti_sdo_ipc_nsremote_NameServerRemoteNotify_Object__create__S)
                  880ed080    000000c0     app_pe66.oe66 (.text:ti_sdo_ipc_nsremote_NameServerRemoteNotify_create)
                  880ed140    000000c0     ipc.ae66 : Ipc.obj (.text:ti_sdo_ipc_transports_TransportShmNotify_Instance_init__E)
                  880ed200    000000c0     app_pe66.oe66 (.text:ti_sdo_ipc_transports_TransportShmNotify_Object__create__S)
                  880ed2c0    000000c0     app_pe66.oe66 (.text:ti_sdo_ipc_transports_TransportShmNotify_create)
                  880ed380    000000c0     app_pe66.oe66 (.text:ti_sysbios_family_c64p_Hwi_create)
                  880ed440    000000c0     sysbios.ae66 : BIOS.obj (.text:ti_sysbios_gates_GateAll_leave__E)
                  880ed500    000000c0     app_pe66.oe66 (.text:ti_sysbios_hal_Hwi_create)
                  880ed5c0    000000c0     sysbios.ae66 : BIOS.obj (.text:ti_sysbios_heaps_HeapMem_getStats__E)
                  880ed680    000000c0                  : BIOS.obj (.text:ti_sysbios_knl_Clock_logTick__E)
                  880ed740    000000c0                  : BIOS.obj (.text:ti_sysbios_knl_Swi_schedule__I)
                  880ed800    000000c0                  : BIOS.obj (.text:ti_sysbios_knl_Task_allBlockedFunction__I)
                  880ed8c0    000000c0     app_pe66.oe66 (.text:ti_sysbios_knl_Task_create)
                  880ed980    000000c0     app_pe66.oe66 (.text:ti_sysbios_syncs_SyncSem_Object__create__S)
                  880eda40    000000c0     app_pe66.oe66 (.text:ti_sysbios_syncs_SyncSem_create)
                  880edb00    000000c0     rts6600_elf.lib : tls.c.obj (.text:tls:init:__TI_tls_init)
                  880edbc0    000000c0     ti.targets.rts6000.ae66 : Assert.oe66 (.text:xdc_runtime_Assert_raise__I)
                  880edc80    000000c0                             : Error.oe66 (.text:xdc_runtime_Error_setX__E)
                  880edd40    000000c0     app_pe66.oe66 (.text:xdc_runtime_LoggerBuf_Object__create__S)
                  880ede00    000000c0     ti.targets.rts6000.ae66 : SysMin.oe66 (.text:xdc_runtime_SysMin_abort__E)
                  880edec0    000000c0                             : SysMin.oe66 (.text:xdc_runtime_SysMin_flush__E)
                  880edf80    000000a0     ti.drv.qmss.ae66 : qmss_drv.oe66 (.text:Qmss_queueOpenSubSys)
                  880ee020    000000a0     rts6600_elf.lib : remu.asm.obj (.text:__remu)
                  880ee0c0    000000a0     boot.ae66 : boot.oe66 (.text:_c_int00)
                  880ee160    000000a0     rts6600_elf.lib : _printfi.c.obj (.text:_ecpy)
                  880ee200    000000a0     sysbios.ae66 : c64p_Hwi_asm.obj (.text:_ti_sysbios_family_c64p_Hwi_plug__E)
                  880ee2a0    000000a0     rts6600_elf.lib : memcpy64.asm.obj (.text:memcpy)
                  880ee340    000000a0     ipc.ae66 : Ipc.obj (.text:ti_sdo_ipc_family_tci663x_Interrupt_intSend__E)
                  880ee3e0    000000a0              : Ipc.obj (.text:ti_sdo_ipc_family_tci663x_NotifyCircSetup_attach__E)
                  880ee480    000000a0              : Ipc.obj (.text:ti_sdo_ipc_gates_GatePeterson_leave__E)
                  880ee520    000000a0              : Ipc.obj (.text:ti_sdo_ipc_gates_GatePeterson_postInit__I)
                  880ee5c0    000000a0              : Ipc.obj (.text:ti_sdo_ipc_nsremote_NameServerRemoteNotify_detach__E)
                  880ee660    000000a0              : Ipc.obj (.text:ti_sdo_ipc_transports_TransportShmNotifySetup_attach__E)
                  880ee700    000000a0              : Ipc.obj (.text:ti_sdo_ipc_transports_TransportShmNotify_notifyFxn__I)
                  880ee7a0    000000a0              : Ipc.obj (.text:ti_sdo_utils_NameServer_Module_startup__E)
                  880ee840    000000a0              : Ipc.obj (.text:ti_sdo_utils_NameServer_postInit__I)
                  880ee8e0    000000a0     sysbios.ae66 : BIOS.obj (.text:ti_sysbios_family_c64p_Exception_Module_startup__E)
                  880ee980    000000a0                  : BIOS.obj (.text:ti_sysbios_family_c64p_Hwi_dispatchC__I)
                  880eea20    000000a0                  : BIOS.obj (.text:ti_sysbios_family_c64p_Hwi_getStackInfo__E)
                  880eeac0    000000a0                  : BIOS.obj (.text:ti_sysbios_gates_GateSwi_leave__E)
                  880eeb60    000000a0     app_pe66.oe66 (.text:ti_sysbios_knl_Swi_construct)
                  880eec00    000000a0     sysbios.ae66 : BIOS.obj (.text:ti_sysbios_timers_timer64_Timer_stop__E)
                  880eeca0    000000a0     ti.targets.rts6000.ae66 : Core-params.oe66 (.text:xdc_runtime_Core_assignParams__I)
                  880eed40    000000a0                             : SysMin.oe66 (.text:xdc_runtime_SysMin_putch__E)
                  880eede0    000000a0                             : System.oe66 (.text:xdc_runtime_System_formatNum__I)
                  880eee80    000000a0                             : System.oe66 (.text:xdc_runtime_System_putchar__I)
                  880eef20    000000a0                             : Text.oe66 (.text:xdc_runtime_Text_printVisFxn__I)
                  880eefc0    000000a0                             : Text.oe66 (.text:xdc_runtime_Text_xprintf__I)
                  880ef060    000000a0     app_pe66.oe66 (.text:xdc_runtime_knl_GateThread_Object__create__S)
                  880ef100    000000a0     app_pe66.oe66 (.text:xdc_runtime_knl_GateThread_create)
                  880ef1a0    00000080     ipc.ae66 : Ipc.obj (.text:HeapMemMP_restore)
                  880ef220    00000080     ti.drv.qmss.ae66 : qmss_drv.oe66 (.text:Qmss_queueOpen)
                  880ef2a0    00000080     rts6600_elf.lib : trgmsg.c.obj (.text:__TI_readmsg)
                  880ef320    00000080                     : llshift.c.obj (.text:__c6xabi_llshl)
                  880ef3a0    00000080                     : snprintf.c.obj (.text:_outs)
                  880ef420    00000080     sysbios.ae66 : c62_TaskSupport_asm.obj (.text:_ti_sysbios_family_c62_TaskSupport_swap__E)
                  880ef4a0    00000080     ti.drv.cppi.ae66 : cppi_heap.oe66 (.text:cppi_internal_heap_cache_begin)
                  880ef520    00000080                      : cppi_heap.oe66 (.text:cppi_internal_heap_malloc)
                  880ef5a0    00000080                      : cppi_listlib.oe66 (.text:cppi_list_add)
                  880ef620    00000080                      : cppi_listlib.oe66 (.text:cppi_list_remove)
                  880ef6a0    00000080     rts6600_elf.lib : snprintf.c.obj (.text:snprintf)
                  880ef720    00000080     ipc.ae66 : Ipc.obj (.text:ti_sdo_ipc_Ipc_getMasterAddr__I)
                  880ef7a0    00000080              : Ipc.obj (.text:ti_sdo_ipc_family_tci663x_Interrupt_intClear__E)
                  880ef820    00000080              : Ipc.obj (.text:ti_sdo_ipc_family_tci663x_Interrupt_intUnregister__E)
                  880ef8a0    00000080              : Ipc.obj (.text:ti_sdo_ipc_gates_GateHWSem_Module_startup__E)
                  880ef920    00000080     app_pe66.oe66 (.text:ti_sdo_ipc_gates_GateHWSem_Object__create__S)
                  880ef9a0    00000080     app_pe66.oe66 (.text:ti_sdo_ipc_gates_GateHWSem_create)
                  880efa20    00000080     app_pe66.oe66 (.text:ti_sdo_ipc_gates_GateMPSupportNull_Object__create__S)
                  880efaa0    00000080     app_pe66.oe66 (.text:ti_sdo_ipc_gates_GateMPSupportNull_create)
                  880efb20    00000080     ipc.ae66 : Ipc.obj (.text:ti_sdo_ipc_notifyDrivers_NotifyDriverCirc_Instance_finalize__E)
                  880efba0    00000080     app_pe66.oe66 (.text:ti_sdo_ipc_notifyDrivers_NotifyDriverCirc_create)
                  880efc20    00000080     ipc.ae66 : Ipc.obj (.text:ti_sdo_ipc_transports_TransportShmNotify_Instance_finalize__E)
                  880efca0    00000080     app_pe66.oe66 (.text:ti_sysbios_BIOS_atExitFunc__I)
                  880efd20    00000080     app_pe66.oe66 (.text:ti_sysbios_BIOS_registerRTSLock__I)
                  880efda0    00000080     sysbios.ae66 : BIOS.obj (.text:ti_sysbios_family_c66_Cache_invL1pAll__E)
                  880efe20    00000080     app_pe66.oe66 (.text:ti_sysbios_gates_GateAll_Object__create__S)
                  880efea0    00000080     app_pe66.oe66 (.text:ti_sysbios_gates_GateHwi_Object__create__S)
                  880eff20    00000080     app_pe66.oe66 (.text:ti_sysbios_gates_GateMutexPri_Object__create__S)
                  880effa0    00000080     app_pe66.oe66 (.text:ti_sysbios_gates_GateMutex_Object__create__S)
                  880f0020    00000080     app_pe66.oe66 (.text:ti_sysbios_gates_GateSwi_Object__create__S)
                  880f00a0    00000080     sysbios.ae66 : BIOS.obj (.text:ti_sysbios_hal_Hwi_checkStack)
                  880f0120    00000080                  : BIOS.obj (.text:ti_sysbios_hal_Hwi_initStack)
                  880f01a0    00000080     app_pe66.oe66 (.text:ti_sysbios_heaps_HeapMem_Object__create__S)
                  880f0220    00000080     sysbios.ae66 : BIOS.obj (.text:ti_sysbios_heaps_HeapMem_init__I)
                  880f02a0    00000080     app_pe66.oe66 (.text:ti_sysbios_knl_Clock_doTick__I)
                  880f0320    00000080     sysbios.ae66 : BIOS.obj (.text:ti_sysbios_knl_Idle_run__E)
                  880f03a0    00000080     app_pe66.oe66 (.text:ti_sysbios_knl_Semaphore_create)
                  880f0420    00000080     sysbios.ae66 : BIOS.obj (.text:ti_sysbios_knl_Semaphore_pendTimeout__I)
                  880f04a0    00000080                  : BIOS.obj (.text:ti_sysbios_knl_Swi_startup__E)
                  880f0520    00000080                  : BIOS.obj (.text:ti_sysbios_knl_Task_restore__E)
                  880f05a0    00000080                  : BIOS.obj (.text:ti_sysbios_syncs_SyncSem_wait__E)
                  880f0620    00000080     app_pe66.oe66 (.text:ti_sysbios_xdcruntime_GateThreadSupport_create)
                  880f06a0    00000080     ti.targets.rts6000.ae66 : Core-label.oe66 (.text:xdc_runtime_Core_assignLabel__I)
                  880f0720    00000080                             : LoggerBuf.oe66 (.text:xdc_runtime_LoggerBuf_Instance_init__E)
                  880f07a0    00000080                             : LoggerBuf.oe66 (.text:xdc_runtime_LoggerBuf_Module_startup__E)
                  880f0820    00000080                             : LoggerBuf.oe66 (.text:xdc_runtime_LoggerBuf_filterOutEvent__I)
                  880f08a0    00000080     app_pe66.oe66 (.text:xdc_runtime_SysMin_output__I)
                  880f0920    00000080     ti.targets.rts6000.ae66 : System.oe66 (.text:xdc_runtime_System_atexit__E)
                  880f09a0    00000080                             : System.oe66 (.text:xdc_runtime_System_avprintf__E)
                  880f0a20    00000080                             : System.oe66 (.text:xdc_runtime_System_processAtExit__E)
                  880f0aa0    00000080                             : System.oe66 (.text:xdc_runtime_System_vprintf__E)
                  880f0b20    00000060     ipc.ae66 : Ipc.obj (.text:HeapMemMP_create)
                  880f0b80    00000060              : Ipc.obj (.text:HeapMemMP_getRTSCParams$18)
                  880f0be0    00000060              : Ipc.obj (.text:MessageQ_msgInit$5)
                  880f0c40    00000060     rts6600_elf.lib : frcmpyd_div.c.obj (.text:__TI_frcmpyd_div)
                  880f0ca0    00000060                     : trgmsg.c.obj (.text:__TI_writemsg)
                  880f0d00    00000060                     : llshift.c.obj (.text:__c6xabi_llshru)
                  880f0d60    00000060                     : imath64.c.obj (.text:_subcull)
                  880f0dc0    00000060     sysbios.ae66 : c64p_Hwi_asm_switch.obj (.text:_ti_sysbios_family_c64p_Hwi_switchAndDispatch__I)
                  880f0e20    00000060                  : c64p_Hwi_asm_switch.obj (.text:_ti_sysbios_family_xxx_Hwi_switchAndRunFunc)
                  880f0e80    00000060     ti.drv.cppi.ae66 : cppi_listlib.oe66 (.text:cppi_list_cache_invalidate)
                  880f0ee0    00000060     init.obj (.text)
                  880f0f40    00000060     rts6600_elf.lib : memccpy.c.obj (.text:memccpy)
                  880f0fa0    00000060     app_pe66.oe66 (.text:ti_sdo_ipc_GateMP_Object__delete__S)
                  880f1000    00000060     ipc.ae66 : Ipc.obj (.text:ti_sdo_ipc_Ipc_getSlaveAddr__I)
                  880f1060    00000060              : Ipc.obj (.text:ti_sdo_ipc_Ipc_reservedSizePerProc__I)
                  880f10c0    00000060              : Ipc.obj (.text:ti_sdo_ipc_family_tci663x_NotifyCircSetup_numIntLines__E)
                  880f1120    00000060              : Ipc.obj (.text:ti_sdo_ipc_family_tci663x_NotifyCircSetup_sharedMemReq__E)
                  880f1180    00000060     app_pe66.oe66 (.text:ti_sdo_ipc_gates_GatePeterson_Object__delete__S)
                  880f11e0    00000060     ipc.ae66 : Ipc.obj (.text:ti_sdo_ipc_gates_GatePeterson_sharedMemReq__E)
                  880f1240    00000060     app_pe66.oe66 (.text:ti_sdo_ipc_heaps_HeapMemMP_Object__delete__S)
                  880f12a0    00000060     app_pe66.oe66 (.text:ti_sdo_ipc_notifyDrivers_NotifyDriverCirc_Object__delete__S)
                  880f1300    00000060     app_pe66.oe66 (.text:ti_sdo_ipc_nsremote_NameServerRemoteNotify_Object__delete__S)
                  880f1360    00000060     app_pe66.oe66 (.text:ti_sdo_ipc_transports_TransportShmNotify_Object__delete__S)
                  880f13c0    00000060     app_pe66.oe66 (.text:ti_sdo_utils_List_construct)
                  880f1420    00000060     app_pe66.oe66 (.text:ti_sysbios_BIOS_errorRaiseHook__I)
                  880f1480    00000060     app_pe66.oe66 (.text:ti_sysbios_BIOS_removeRTSLock__I)
                  880f14e0    00000060     app_pe66.oe66 (.text:ti_sysbios_BIOS_startFunc__I)
                  880f1540    00000060     sysbios.ae66 : BIOS.obj (.text:ti_sysbios_family_c62_TaskSupport_start__E)
                  880f15a0    00000060     app_pe66.oe66 (.text:ti_sysbios_family_c64p_Hwi_Object__delete__S)
                  880f1600    00000060     sysbios.ae66 : BIOS.obj (.text:ti_sysbios_family_c66_Cache_Module_startup__E)
                  880f1660    00000060                  : BIOS.obj (.text:ti_sysbios_gates_GateAll_enter__E)
                  880f16c0    00000060     app_pe66.oe66 (.text:ti_sysbios_gates_GateMutexPri_Object__delete__S)
                  880f1720    00000060     app_pe66.oe66 (.text:ti_sysbios_gates_GateMutexPri_construct)
                  880f1780    00000060     app_pe66.oe66 (.text:ti_sysbios_gates_GateMutex_Object__delete__S)
                  880f17e0    00000060     app_pe66.oe66 (.text:ti_sysbios_hal_Hwi_Object__delete__S)
                  880f1840    00000060     sysbios.ae66 : BIOS.obj (.text:ti_sysbios_heaps_HeapMem_free__E)
                  880f18a0    00000060                  : BIOS.obj (.text:ti_sysbios_knl_Clock_Module_startup__E)
                  880f1900    00000060     app_pe66.oe66 (.text:ti_sysbios_knl_Queue_construct)
                  880f1960    00000060     app_pe66.oe66 (.text:ti_sysbios_knl_Semaphore_Object__delete__S)
                  880f19c0    00000060     app_pe66.oe66 (.text:ti_sysbios_knl_Semaphore_construct)
                  880f1a20    00000060     sysbios.ae66 : BIOS.obj (.text:ti_sysbios_knl_Swi_Module_startup__E)
                  880f1a80    00000060                  : BIOS.obj (.text:ti_sysbios_knl_Task_enter__I)
                  880f1ae0    00000060     app_pe66.oe66 (.text:ti_sysbios_syncs_SyncSem_Object__delete__S)
                  880f1b40    00000060     app_pe66.oe66 (.text:ti_sysbios_xdcruntime_GateThreadSupport_Object__delete__S)
                  880f1ba0    00000060     app_pe66.oe66 (.text:xdc_runtime_LoggerBuf_Object__delete__S)
                  880f1c00    00000060     ti.targets.rts6000.ae66 : LoggerBuf.oe66 (.text:xdc_runtime_LoggerBuf_reset__E)
                  880f1c60    00000060                             : Memory.oe66 (.text:xdc_runtime_Memory_valloc__E)
                  880f1cc0    00000060                             : Text.oe66 (.text:xdc_runtime_Text_cordText__E)
                  880f1d20    00000060     app_pe66.oe66 (.text:xdc_runtime_knl_GateThread_Object__delete__S)
                  880f1d80    00000040     ipc.ae66 : Ipc.obj (.text:GateMP_Params_init)
                  880f1dc0    00000040              : Ipc.obj (.text:HeapMemMP_Params_init)
                  880f1e00    00000040              : Ipc.obj (.text:Notify_attach)
                  880f1e40    00000040              : Ipc.obj (.text:Notify_sharedMemReq)
                  880f1e80    00000040     ti.drv.qmss.ae66 : qmss_drv.oe66 (.text:Qmss_getMemRegDescSizeSubSys)
                  880f1ec0    00000040                      : qmss_drv.oe66 (.text:Qmss_start)
                  880f1f00    00000040     rts6600_elf.lib : isinf.c.obj (.text:__c6xabi_isinf)
                  880f1f40    00000040                     : _printfi.c.obj (.text:__c6xabi_isnan)
                  880f1f80    00000040                     : strasg.asm.obj (.text:__strasgi_64plus)
                  880f1fc0    00000040                     : args_main.c.obj (.text:_args_main)
                  880f2000    00000040                     : snprintf.c.obj (.text:_outc)
                  880f2040    00000040     sysbios.ae66 : c62_TaskSupport_asm.obj (.text:_ti_sysbios_family_c62_TaskSupport_buildTaskStack)
                  880f2080    00000040     ipc.ae66 : Ipc.obj (.text:ti_sdo_ipc_Ipc_getRegion0ReservedSize__I)
                  880f20c0    00000040     app_pe66.oe66 (.text:ti_sdo_ipc_gates_GateHWSem_Handle__label__S)
                  880f2100    00000040     app_pe66.oe66 (.text:ti_sdo_ipc_gates_GateHWSem_Object__delete__S)
                  880f2140    00000040     ipc.ae66 : Ipc.obj (.text:ti_sdo_ipc_gates_GateHWSem_leave__E)
                  880f2180    00000040     app_pe66.oe66 (.text:ti_sdo_ipc_gates_GateMPSupportNull_Handle__label__S)
                  880f21c0    00000040     app_pe66.oe66 (.text:ti_sdo_ipc_gates_GateMPSupportNull_Object__delete__S)
                  880f2200    00000040     app_pe66.oe66 (.text:ti_sdo_ipc_gates_GatePeterson_Handle__label__S)
                  880f2240    00000040     ipc.ae66 : Ipc.obj (.text:ti_sdo_ipc_gates_GatePeterson_Instance_finalize__E)
                  880f2280    00000040     app_pe66.oe66 (.text:ti_sdo_ipc_heaps_HeapMemMP_Handle__label__S)
                  880f22c0    00000040     app_pe66.oe66 (.text:ti_sdo_ipc_notifyDrivers_NotifyDriverCirc_Handle__label__S)
                  880f2300    00000040     ipc.ae66 : Ipc.obj (.text:ti_sdo_ipc_notifyDrivers_NotifyDriverCirc_registerEvent__E)
                  880f2340    00000040              : Ipc.obj (.text:ti_sdo_ipc_notifyDrivers_NotifyDriverCirc_unregisterEvent__E)
                  880f2380    00000040     app_pe66.oe66 (.text:ti_sdo_ipc_nsremote_NameServerRemoteNotify_Handle__label__S)
                  880f23c0    00000040     ipc.ae66 : Ipc.obj (.text:ti_sdo_ipc_nsremote_NameServerRemoteNotify_swiFxnResponse__I)
                  880f2400    00000040              : Ipc.obj (.text:ti_sdo_ipc_transports_TransportShmNotifySetup_isRegistered__E)
                  880f2440    00000040     app_pe66.oe66 (.text:ti_sdo_ipc_transports_TransportShmNotify_Handle__label__S)
                  880f2480    00000040     ipc.ae66 : Ipc.obj (.text:ti_sdo_utils_List_dequeue__E)
                  880f24c0    00000040     app_pe66.oe66 (.text:ti_sdo_utils_NameServer_Object__get__S)
                  880f2500    00000040     app_pe66.oe66 (.text:ti_sysbios_BIOS_exitFunc__I)
                  880f2540    00000040     app_pe66.oe66 (.text:ti_sysbios_BIOS_rtsLock__I)
                  880f2580    00000040     app_pe66.oe66 (.text:ti_sysbios_BIOS_rtsUnlock__I)
                  880f25c0    00000040     sysbios.ae66 : BIOS.obj (.text:ti_sysbios_family_c64p_Hwi_disableInterrupt__E)
                  880f2600    00000040                  : BIOS.obj (.text:ti_sysbios_family_c64p_Hwi_enableInterrupt__E)
                  880f2640    00000040     app_pe66.oe66 (.text:ti_sysbios_gates_GateAll_Handle__label__S)
                  880f2680    00000040     app_pe66.oe66 (.text:ti_sysbios_gates_GateAll_Object__delete__S)
                  880f26c0    00000040     app_pe66.oe66 (.text:ti_sysbios_gates_GateHwi_Handle__label__S)
                  880f2700    00000040     app_pe66.oe66 (.text:ti_sysbios_gates_GateHwi_Object__delete__S)
                  880f2740    00000040     app_pe66.oe66 (.text:ti_sysbios_gates_GateMutexPri_Handle__label__S)
                  880f2780    00000040     sysbios.ae66 : BIOS.obj (.text:ti_sysbios_gates_GateMutexPri_Instance_init__E)
                  880f27c0    00000040     app_pe66.oe66 (.text:ti_sysbios_gates_GateMutexPri_destruct)
                  880f2800    00000040     app_pe66.oe66 (.text:ti_sysbios_gates_GateMutex_Handle__label__S)
                  880f2840    00000040     sysbios.ae66 : BIOS.obj (.text:ti_sysbios_gates_GateMutex_Instance_init__E)
                  880f2880    00000040                  : BIOS.obj (.text:ti_sysbios_gates_GateMutex_leave__E)
                  880f28c0    00000040     app_pe66.oe66 (.text:ti_sysbios_gates_GateSwi_Handle__label__S)
                  880f2900    00000040     app_pe66.oe66 (.text:ti_sysbios_gates_GateSwi_Object__delete__S)
                  880f2940    00000040     sysbios.ae66 : BIOS.obj (.text:ti_sysbios_hal_Hwi_Instance_init__E)
                  880f2980    00000040     app_pe66.oe66 (.text:ti_sysbios_heaps_HeapMem_Handle__label__S)
                  880f29c0    00000040     app_pe66.oe66 (.text:ti_sysbios_heaps_HeapMem_Object__delete__S)
                  880f2a00    00000040     app_pe66.oe66 (.text:ti_sysbios_heaps_HeapMem_Object__get__S)
                  880f2a40    00000040     app_pe66.oe66 (.text:ti_sysbios_knl_Semaphore_destruct)
                  880f2a80    00000040     app_pe66.oe66 (.text:ti_sysbios_knl_Swi_Object__get__S)
                  880f2ac0    00000040     app_pe66.oe66 (.text:ti_sysbios_knl_Swi_destruct)
                  880f2b00    00000040     app_pe66.oe66 (.text:ti_sysbios_knl_Task_Object__get__S)
                  880f2b40    00000040     sysbios.ae66 : BIOS.obj (.text:ti_sysbios_knl_Task_sleepTimeout__I)
                  880f2b80    00000040     app_pe66.oe66 (.text:ti_sysbios_syncs_SyncSem_Handle__label__S)
                  880f2bc0    00000040     rts6600_elf.lib : wcslen.c.obj (.text:wcslen)
                  880f2c00    00000040     ti.targets.rts6000.ae66 : Error.oe66 (.text:xdc_runtime_Error_check__E)
                  880f2c40    00000040                             : Error.oe66 (.text:xdc_runtime_Error_init__E)
                  880f2c80    00000040     app_pe66.oe66 (.text:xdc_runtime_GateNull_Handle__label__S)
                  880f2cc0    00000040     app_pe66.oe66 (.text:xdc_runtime_GateNull_Object__create__S)
                  880f2d00    00000040     app_pe66.oe66 (.text:xdc_runtime_GateNull_Object__delete__S)
                  880f2d40    00000040     app_pe66.oe66 (.text:xdc_runtime_LoggerBuf_Handle__label__S)
                  880f2d80    00000040     ti.targets.rts6000.ae66 : LoggerBuf.oe66 (.text:xdc_runtime_LoggerBuf_Instance_finalize__E)
                  880f2dc0    00000040     app_pe66.oe66 (.text:xdc_runtime_LoggerBuf_Object__get__S)
                  880f2e00    00000040     ti.targets.rts6000.ae66 : LoggerBuf.oe66 (.text:xdc_runtime_LoggerBuf_write0__E)
                  880f2e40    00000040                             : LoggerBuf.oe66 (.text:xdc_runtime_LoggerBuf_write1__E)
                  880f2e80    00000040                             : LoggerBuf.oe66 (.text:xdc_runtime_LoggerBuf_write2__E)
                  880f2ec0    00000040                             : Registry.oe66 (.text:xdc_runtime_Registry_findById__E)
                  880f2f00    00000040                             : SysMin.oe66 (.text:xdc_runtime_SysMin_Module_startup__E)
                  880f2f40    00000040                             : SysMin.oe66 (.text:xdc_runtime_SysMin_exit__E)
                  880f2f80    00000040                             : System.oe66 (.text:xdc_runtime_System_abort__E)
                  880f2fc0    00000040     app_pe66.oe66 (.text:xdc_runtime_System_aprintf__E)
                  880f3000    00000040     ti.targets.rts6000.ae66 : System.oe66 (.text:xdc_runtime_System_exit__E)
                  880f3040    00000040     app_pe66.oe66 (.text:xdc_runtime_System_printf__E)
                  880f3080    00000040     app_pe66.oe66 (.text:xdc_runtime_knl_GateThread_Handle__label__S)
                  880f30c0    00000040     ti.targets.rts6000.ae66 : GateThread.oe66 (.text:xdc_runtime_knl_GateThread_Instance_init__E)
                  880f3100    00000020     ti.drv.cppi.ae66 : cppi_drv.oe66 (.text:Cppi_getChannelNumber)
                  880f3120    00000020                      : cppi_desc.oe66 (.text:Cppi_initDescriptor)
                  880f3140    00000020                      : cppi_drv.oe66 (.text:Cppi_txChannelOpen)
                  880f3160    00000020     ipc.ae66 : Ipc.obj (.text:GateMP_delete)
                  880f3180    00000020              : Ipc.obj (.text:GateMP_getDefaultRemote)
                  880f31a0    00000020              : Ipc.obj (.text:GateMP_getSharedParams$4)
                  880f31c0    00000020              : Ipc.obj (.text:HeapMemMP_getSharedParams$18)
                  880f31e0    00000020              : Ipc.obj (.text:MessageQ_setReplyQueue)
                  880f3200    00000020              : Ipc.obj (.text:MultiProc_getBaseIdOfCluster)
                  880f3220    00000020              : Ipc.obj (.text:MultiProc_getNumProcsInCluster)
                  880f3240    00000020              : Ipc.obj (.text:MultiProc_self)
                  880f3260    00000020              : Ipc.obj (.text:NameServer_addUInt32)
                  880f3280    00000020              : Ipc.obj (.text:NameServer_getLocalUInt32)
                  880f32a0    00000020              : Ipc.obj (.text:NameServer_getUInt32)
                  880f32c0    00000020              : Ipc.obj (.text:NameServer_removeEntry)
                  880f32e0    00000020              : Ipc.obj (.text:Notify_numIntLines)
                  880f3300    00000020     ti.drv.qmss.ae66 : qmss_drv.oe66 (.text:Qmss_getQueueNumber)
                  880f3320    00000020                      : qmss_drv.oe66 (.text:Qmss_insertMemoryRegion)
                  880f3340    00000020     ipc.ae66 : Ipc.obj (.text:SharedRegion_invalidSRPtr)
                  880f3360    00000020     app_pe66.oe66 (.text:_GateMP_virtToPhys)
                  880f3380    00000020     rts6600_elf.lib : errno.c.obj (.text:__c6xabi_errno_addr)
                  880f33a0    00000020                     : push.asm.obj (.text:__pop_rts)
                  880f33c0    00000020                     : push.asm.obj (.text:__push_rts)
                  880f33e0    00000020                     : _lock.c.obj (.text:_nop)
                  880f3400    00000020                     : _lock.c.obj (.text:_register_lock)
                  880f3420    00000020                     : _data_synch.c.obj (.text:_register_synch_api)
                  880f3440    00000020                     : _lock.c.obj (.text:_register_unlock)
                  880f3460    00000020                     : signbit.c.obj (.text:_signbit)
                  880f3480    00000020     sysbios.ae66 : c62_TaskSupport_asm.obj (.text:_ti_sysbios_family_c62_TaskSupport_glue)
                  880f34a0    00000020     rts6600_elf.lib : exit.c.obj (.text:abort)
                  880f34c0    00000020     ti.drv.cppi.ae66 : cppi_listlib.oe66 (.text:cppi_list_get_head)
                  880f34e0    00000020                      : cppi_listlib.oe66 (.text:cppi_list_get_next)
                  880f3500    00000020     rts6600_elf.lib : copy_decompress_none.c.obj (.text:decompress:none:__TI_decompress_none)
                  880f3520    00000020                     : copy_decompress_rle.c.obj (.text:decompress:rle24:__TI_decompress_rle24)
                  880f3540    00000020     app_pe66.oe66 (.text:ti_sdo_ipc_GateMP_Params__init__S)
                  880f3560    00000020     app_pe66.oe66 (.text:ti_sdo_ipc_GateMP_RemoteCustom1Proxy_Proxy__abstract__S)
                  880f3580    00000020     app_pe66.oe66 (.text:ti_sdo_ipc_GateMP_RemoteCustom1Proxy_Proxy__delegate__S)
                  880f35a0    00000020     app_pe66.oe66 (.text:ti_sdo_ipc_GateMP_RemoteCustom1Proxy_create)
                  880f35c0    00000020     app_pe66.oe66 (.text:ti_sdo_ipc_GateMP_RemoteCustom1Proxy_delete)
                  880f35e0    00000020     app_pe66.oe66 (.text:ti_sdo_ipc_GateMP_RemoteCustom2Proxy_Proxy__abstract__S)
                  880f3600    00000020     app_pe66.oe66 (.text:ti_sdo_ipc_GateMP_RemoteCustom2Proxy_Proxy__delegate__S)
                  880f3620    00000020     app_pe66.oe66 (.text:ti_sdo_ipc_GateMP_RemoteCustom2Proxy_create)
                  880f3640    00000020     app_pe66.oe66 (.text:ti_sdo_ipc_GateMP_RemoteCustom2Proxy_delete)
                  880f3660    00000020     app_pe66.oe66 (.text:ti_sdo_ipc_GateMP_RemoteSystemProxy_Proxy__abstract__S)
                  880f3680    00000020     app_pe66.oe66 (.text:ti_sdo_ipc_GateMP_RemoteSystemProxy_Proxy__delegate__S)
                  880f36a0    00000020     app_pe66.oe66 (.text:ti_sdo_ipc_GateMP_RemoteSystemProxy_create)
                  880f36c0    00000020     app_pe66.oe66 (.text:ti_sdo_ipc_GateMP_RemoteSystemProxy_delete)
                  880f36e0    00000020     app_pe66.oe66 (.text:ti_sdo_ipc_GateMP_delete)
                  880f3700    00000020     ipc.ae66 : Ipc.obj (.text:ti_sdo_ipc_GateMP_getSharedAddr__F)
                  880f3720    00000020              : Ipc.obj (.text:ti_sdo_ipc_GateMP_setDefaultRemote__F)
                  880f3740    00000020     app_pe66.oe66 (.text:ti_sdo_ipc_MessageQ_Object__get__S)
                  880f3760    00000020     app_pe66.oe66 (.text:ti_sdo_ipc_MessageQ_Params__init__S)
                  880f3780    00000020     app_pe66.oe66 (.text:ti_sdo_ipc_Notify_Module_GateProxy_enter__E)
                  880f37a0    00000020     app_pe66.oe66 (.text:ti_sdo_ipc_Notify_Module_GateProxy_leave__E)
                  880f37c0    00000020     ipc.ae66 : Ipc.obj (.text:ti_sdo_ipc_family_tci663x_Interrupt_intDisable__E)
                  880f37e0    00000020              : Ipc.obj (.text:ti_sdo_ipc_family_tci663x_Interrupt_intEnable__E)
                  880f3800    00000020     app_pe66.oe66 (.text:ti_sdo_ipc_gates_GateHWSem_Params__init__S)
                  880f3820    00000020     ipc.ae66 : Ipc.obj (.text:ti_sdo_ipc_gates_GateHWSem_getReservedMask__E)
                  880f3840    00000020              : Ipc.obj (.text:ti_sdo_ipc_gates_GateHWSem_query__E)
                  880f3860    00000020              : Ipc.obj (.text:ti_sdo_ipc_gates_GateHWSem_sharedMemReq__E)
                  880f3880    00000020              : Ipc.obj (.text:ti_sdo_ipc_gates_GateMPSupportNull_Instance_init__E)
                  880f38a0    00000020     app_pe66.oe66 (.text:ti_sdo_ipc_gates_GateMPSupportNull_Params__init__S)
                  880f38c0    00000020     ipc.ae66 : Ipc.obj (.text:ti_sdo_ipc_gates_GateMPSupportNull_getReservedMask__E)
                  880f38e0    00000020              : Ipc.obj (.text:ti_sdo_ipc_gates_GateMPSupportNull_query__E)
                  880f3900    00000020              : Ipc.obj (.text:ti_sdo_ipc_gates_GateMPSupportNull_sharedMemReq__E)
                  880f3920    00000020     app_pe66.oe66 (.text:ti_sdo_ipc_gates_GatePeterson_Params__init__S)
                  880f3940    00000020     ipc.ae66 : Ipc.obj (.text:ti_sdo_ipc_gates_GatePeterson_getReservedMask__E)
                  880f3960    00000020              : Ipc.obj (.text:ti_sdo_ipc_gates_GatePeterson_query__E)
                  880f3980    00000020     app_pe66.oe66 (.text:ti_sdo_ipc_heaps_HeapMemMP_Params__init__S)
                  880f39a0    00000020     ipc.ae66 : Ipc.obj (.text:ti_sdo_ipc_heaps_HeapMemMP_isBlocking__E)
                  880f39c0    00000020     app_pe66.oe66 (.text:ti_sdo_ipc_notifyDrivers_NotifyDriverCirc_Params__init__S)
                  880f39e0    00000020     app_pe66.oe66 (.text:ti_sdo_ipc_notifyDrivers_NotifyDriverCirc_delete)
                  880f3a00    00000020     ipc.ae66 : Ipc.obj (.text:ti_sdo_ipc_notifyDrivers_NotifyDriverCirc_disable__E)
                  880f3a20    00000020              : Ipc.obj (.text:ti_sdo_ipc_notifyDrivers_NotifyDriverCirc_enableEvent__E)
                  880f3a40    00000020              : Ipc.obj (.text:ti_sdo_ipc_notifyDrivers_NotifyDriverCirc_setNotifyHandle__E)
                  880f3a60    00000020     app_pe66.oe66 (.text:ti_sdo_ipc_nsremote_NameServerRemoteNotify_Object__first__S)
                  880f3a80    00000020     app_pe66.oe66 (.text:ti_sdo_ipc_nsremote_NameServerRemoteNotify_Object__next__S)
                  880f3aa0    00000020     app_pe66.oe66 (.text:ti_sdo_ipc_nsremote_NameServerRemoteNotify_Params__init__S)
                  880f3ac0    00000020     app_pe66.oe66 (.text:ti_sdo_ipc_nsremote_NameServerRemoteNotify_delete)
                  880f3ae0    00000020     ipc.ae66 : Ipc.obj (.text:ti_sdo_ipc_nsremote_NameServerRemoteNotify_sharedMemReq__E)
                  880f3b00    00000020              : Ipc.obj (.text:ti_sdo_ipc_transports_TransportShmNotifySetup_sharedMemReq__E)
                  880f3b20    00000020     app_pe66.oe66 (.text:ti_sdo_ipc_transports_TransportShmNotify_Params__init__S)
                  880f3b40    00000020     ipc.ae66 : Ipc.obj (.text:ti_sdo_ipc_transports_TransportShmNotify_control__E)
                  880f3b60    00000020              : Ipc.obj (.text:ti_sdo_ipc_transports_TransportShmNotify_getStatus__E)
                  880f3b80    00000020              : Ipc.obj (.text:ti_sdo_ipc_transports_TransportShmNotify_setErrFxn__E)
                  880f3ba0    00000020              : Ipc.obj (.text:ti_sdo_utils_List_Instance_init__E)
                  880f3bc0    00000020     app_pe66.oe66 (.text:ti_sdo_utils_List_Object__get__S)
                  880f3be0    00000020     app_pe66.oe66 (.text:ti_sdo_utils_List_destruct)
                  880f3c00    00000020     ipc.ae66 : Ipc.obj (.text:ti_sdo_utils_List_enqueueHead__E)
                  880f3c20    00000020              : Ipc.obj (.text:ti_sdo_utils_List_enqueue__E)
                  880f3c40    00000020              : Ipc.obj (.text:ti_sdo_utils_List_get__E)
                  880f3c60    00000020              : Ipc.obj (.text:ti_sdo_utils_List_next__E)
                  880f3c80    00000020              : Ipc.obj (.text:ti_sdo_utils_List_putHead__E)
                  880f3ca0    00000020              : Ipc.obj (.text:ti_sdo_utils_List_put__E)
                  880f3cc0    00000020              : Ipc.obj (.text:ti_sdo_utils_List_remove__E)
                  880f3ce0    00000020     app_pe66.oe66 (.text:ti_sdo_utils_MultiProc_Module__startupDone__S)
                  880f3d00    00000020     ipc.ae66 : Ipc.obj (.text:ti_sdo_utils_MultiProc_getClusterId__F)
                  880f3d20    00000020     app_pe66.oe66 (.text:ti_sdo_utils_NameServer_Module__startupDone__F)
                  880f3d40    00000020     app_pe66.oe66 (.text:ti_sdo_utils_NameServer_Object__first__S)
                  880f3d60    00000020     app_pe66.oe66 (.text:ti_sdo_utils_NameServer_Object__next__S)
                  880f3d80    00000020     app_pe66.oe66 (.text:ti_sysbios_BIOS_RtsGateProxy_enter__E)
                  880f3da0    00000020     app_pe66.oe66 (.text:ti_sysbios_BIOS_RtsGateProxy_leave__E)
                  880f3dc0    00000020     sysbios.ae66 : BIOS.obj (.text:ti_sysbios_BIOS_exit__E)
                  880f3de0    00000020                  : BIOS.obj (.text:ti_sysbios_BIOS_linkedWithIncorrectBootLibrary__E)
                  880f3e00    00000020     app_pe66.oe66 (.text:ti_sysbios_BIOS_nullFunc__I)
                  880f3e20    00000020     sysbios.ae66 : BIOS.obj (.text:ti_sysbios_BIOS_setThreadType__E)
                  880f3e40    00000020                  : BIOS.obj (.text:ti_sysbios_BIOS_start__E)
                  880f3e60    00000020     app_pe66.oe66 (.text:ti_sysbios_family_c62_TaskSupport_Module__startupDone__S)
                  880f3e80    00000020     sysbios.ae66 : BIOS.obj (.text:ti_sysbios_family_c62_TaskSupport_checkStack__E)
                  880f3ea0    00000020                  : BIOS.obj (.text:ti_sysbios_family_c62_TaskSupport_getStackAlignment__E)
                  880f3ec0    00000020     app_pe66.oe66 (.text:ti_sysbios_family_c64p_Hwi_Module__startupDone__F)
                  880f3ee0    00000020     sysbios.ae66 : BIOS.obj (.text:ti_sysbios_family_c64p_Hwi_clearInterrupt__E)
                  880f3f00    00000020                  : BIOS.obj (.text:ti_sysbios_family_c64p_Hwi_startup__E)
                  880f3f20    00000020                  : BIOS.obj (.text:ti_sysbios_family_c64p_Hwi_switchFromBootStack__E)
                  880f3f40    00000020                  : BIOS.obj (.text:ti_sysbios_family_c64p_Hwi_unPluggedInterrupt__I)
                  880f3f60    00000020                  : BIOS.obj (.text:ti_sysbios_family_c64p_TimestampProvider_Module_startup__E)
                  880f3f80    00000020                  : BIOS.obj (.text:ti_sysbios_family_c64p_TimestampProvider_get32__E)
                  880f3fa0    00000020                  : BIOS.obj (.text:ti_sysbios_family_c64p_TimestampProvider_get64__E)
                  880f3fc0    00000020                  : BIOS.obj (.text:ti_sysbios_family_c64p_tci6488_TimerSupport_enable__E)
                  880f3fe0    00000020                  : BIOS.obj (.text:ti_sysbios_family_c66_Cache_RTSSynchInv__I)
                  880f4000    00000020                  : BIOS.obj (.text:ti_sysbios_family_c66_Cache_RTSSynchWbInv__I)
                  880f4020    00000020                  : BIOS.obj (.text:ti_sysbios_family_c66_Cache_RTSSynchWb__I)
                  880f4040    00000020                  : BIOS.obj (.text:ti_sysbios_family_c66_Cache_inv__E)
                  880f4060    00000020                  : BIOS.obj (.text:ti_sysbios_family_c66_Cache_wait__E)
                  880f4080    00000020                  : BIOS.obj (.text:ti_sysbios_family_c66_Cache_wbInv__E)
                  880f40a0    00000020                  : BIOS.obj (.text:ti_sysbios_family_c66_Cache_wb__E)
                  880f40c0    00000020                  : BIOS.obj (.text:ti_sysbios_gates_GateAll_Instance_init__E)
                  880f40e0    00000020                  : BIOS.obj (.text:ti_sysbios_gates_GateAll_query__E)
                  880f4100    00000020                  : BIOS.obj (.text:ti_sysbios_gates_GateHwi_Instance_init__E)
                  880f4120    00000020                  : BIOS.obj (.text:ti_sysbios_gates_GateHwi_enter__E)
                  880f4140    00000020                  : BIOS.obj (.text:ti_sysbios_gates_GateHwi_leave__E)
                  880f4160    00000020                  : BIOS.obj (.text:ti_sysbios_gates_GateHwi_query__E)
                  880f4180    00000020                  : BIOS.obj (.text:ti_sysbios_gates_GateMutexPri_Instance_finalize__E)
                  880f41a0    00000020                  : BIOS.obj (.text:ti_sysbios_gates_GateMutexPri_query__E)
                  880f41c0    00000020                  : BIOS.obj (.text:ti_sysbios_gates_GateMutex_Instance_finalize__E)
                  880f41e0    00000020                  : BIOS.obj (.text:ti_sysbios_gates_GateMutex_query__E)
                  880f4200    00000020                  : BIOS.obj (.text:ti_sysbios_gates_GateSwi_Instance_init__E)
                  880f4220    00000020                  : BIOS.obj (.text:ti_sysbios_gates_GateSwi_query__E)
                  880f4240    00000020     app_pe66.oe66 (.text:ti_sysbios_hal_Hwi_HwiProxy_create)
                  880f4260    00000020     app_pe66.oe66 (.text:ti_sysbios_hal_Hwi_HwiProxy_delete)
                  880f4280    00000020     sysbios.ae66 : BIOS.obj (.text:ti_sysbios_hal_Hwi_Instance_finalize__E)
                  880f42a0    00000020                  : BIOS.obj (.text:ti_sysbios_hal_Hwi_Module_startup__E)
                  880f42c0    00000020     app_pe66.oe66 (.text:ti_sysbios_hal_Hwi_Params__init__S)
                  880f42e0    00000020     app_pe66.oe66 (.text:ti_sysbios_hal_Hwi_delete)
                  880f4300    00000020     app_pe66.oe66 (.text:ti_sysbios_heaps_HeapBuf_Object__get__S)
                  880f4320    00000020     app_pe66.oe66 (.text:ti_sysbios_heaps_HeapMem_Module_GateProxy_enter__E)
                  880f4340    00000020     app_pe66.oe66 (.text:ti_sysbios_heaps_HeapMem_Module_GateProxy_leave__E)
                  880f4360    00000020     sysbios.ae66 : BIOS.obj (.text:ti_sysbios_heaps_HeapMem_isBlocking__E)
                  880f4380    00000020     app_pe66.oe66 (.text:ti_sysbios_knl_Clock_TimerProxy_getMaxTicks__E)
                  880f43a0    00000020     sysbios.ae66 : BIOS.obj (.text:ti_sysbios_knl_Idle_loop__E)
                  880f43c0    00000020                  : BIOS.obj (.text:ti_sysbios_knl_Queue_Instance_init__E)
                  880f43e0    00000020     app_pe66.oe66 (.text:ti_sysbios_knl_Queue_Object__get__S)
                  880f4400    00000020     app_pe66.oe66 (.text:ti_sysbios_knl_Queue_destruct)
                  880f4420    00000020     sysbios.ae66 : BIOS.obj (.text:ti_sysbios_knl_Queue_empty__E)
                  880f4440    00000020                  : BIOS.obj (.text:ti_sysbios_knl_Semaphore_Instance_finalize__E)
                  880f4460    00000020     app_pe66.oe66 (.text:ti_sysbios_knl_Semaphore_Params__init__S)
                  880f4480    00000020     app_pe66.oe66 (.text:ti_sysbios_knl_Semaphore_delete)
                  880f44a0    00000020     app_pe66.oe66 (.text:ti_sysbios_knl_Swi_Params__init__S)
                  880f44c0    00000020     sysbios.ae66 : BIOS.obj (.text:ti_sysbios_knl_Swi_disable__E)
                  880f44e0    00000020                  : BIOS.obj (.text:ti_sysbios_knl_Task_disable__E)
                  880f4500    00000020                  : BIOS.obj (.text:ti_sysbios_knl_Task_startup__E)
                  880f4520    00000020                  : BIOS.obj (.text:ti_sysbios_syncs_SyncSem_Instance_finalize__E)
                  880f4540    00000020     app_pe66.oe66 (.text:ti_sysbios_syncs_SyncSem_delete)
                  880f4560    00000020     sysbios.ae66 : BIOS.obj (.text:ti_sysbios_syncs_SyncSem_query__E)
                  880f4580    00000020                  : BIOS.obj (.text:ti_sysbios_syncs_SyncSem_signal__E)
                  880f45a0    00000020     app_pe66.oe66 (.text:ti_sysbios_timers_timer64_Timer_Module__startupDone__F)
                  880f45c0    00000020     sysbios.ae66 : BIOS.obj (.text:ti_sysbios_timers_timer64_Timer_getMaxTicks__E)
                  880f45e0    00000020                  : BIOS.obj (.text:ti_sysbios_xdcruntime_GateThreadSupport_Instance_finalize__E)
                  880f4600    00000020                  : BIOS.obj (.text:ti_sysbios_xdcruntime_GateThreadSupport_Instance_init__E)
                  880f4620    00000020                  : BIOS.obj (.text:ti_sysbios_xdcruntime_GateThreadSupport_enter__E)
                  880f4640    00000020     ti.targets.rts6000.ae66 : Error.oe66 (.text:xdc_runtime_Error_getSite__E)
                  880f4660    00000020                             : Error.oe66 (.text:xdc_runtime_Error_raiseX__E)
                  880f4680    00000020                             : GateNull.oe66 (.text:xdc_runtime_GateNull_enter__E)
                  880f46a0    00000020                             : GateNull.oe66 (.text:xdc_runtime_GateNull_leave__E)
                  880f46c0    00000020                             : GateNull.oe66 (.text:xdc_runtime_GateNull_query__E)
                  880f46e0    00000020                             : Gate.oe66 (.text:xdc_runtime_Gate_enterSystem__E)
                  880f4700    00000020                             : Gate.oe66 (.text:xdc_runtime_Gate_leaveSystem__E)
                  880f4720    00000020     app_pe66.oe66 (.text:xdc_runtime_IHeap_alloc)
                  880f4740    00000020     app_pe66.oe66 (.text:xdc_runtime_IHeap_free)
                  880f4760    00000020     app_pe66.oe66 (.text:xdc_runtime_LoggerBuf_Module_GateProxy_enter__E)
                  880f4780    00000020     app_pe66.oe66 (.text:xdc_runtime_LoggerBuf_Module_GateProxy_leave__E)
                  880f47a0    00000020     ti.targets.rts6000.ae66 : LoggerBuf.oe66 (.text:xdc_runtime_LoggerBuf_disable__E)
                  880f47c0    00000020                             : LoggerBuf.oe66 (.text:xdc_runtime_LoggerBuf_enable__E)
                  880f47e0    00000020                             : Memory.oe66 (.text:xdc_runtime_Memory_calloc__E)
                  880f4800    00000020                             : Memory.oe66 (.text:xdc_runtime_Memory_free__E)
                  880f4820    00000020                             : Memory.oe66 (.text:xdc_runtime_Memory_getMaxDefaultTypeAlign__E)
                  880f4840    00000020     app_pe66.oe66 (.text:xdc_runtime_Startup_Module__startupDone__S)
                  880f4860    00000020     app_pe66.oe66 (.text:xdc_runtime_Startup_exec__I)
                  880f4880    00000020     ti.targets.rts6000.ae66 : Startup.oe66 (.text:xdc_runtime_Startup_rtsDone__E)
                  880f48a0    00000020                             : SysMin.oe66 (.text:xdc_runtime_SysMin_ready__E)
                  880f48c0    00000020     app_pe66.oe66 (.text:xdc_runtime_System_Module_GateProxy_enter__E)
                  880f48e0    00000020     app_pe66.oe66 (.text:xdc_runtime_System_Module_GateProxy_leave__E)
                  880f4900    00000020     ti.targets.rts6000.ae66 : System.oe66 (.text:xdc_runtime_System_Module_startup__E)
                  880f4920    00000020                             : System.oe66 (.text:xdc_runtime_System_vsnprintf__E)
                  880f4940    00000020                             : Text.oe66 (.text:xdc_runtime_Text_ropeText__E)
                  880f4960    00000020     app_pe66.oe66 (.text:xdc_runtime_Text_visitRope__I)
                  880f4980    00000020     ti.targets.rts6000.ae66 : GateThread.oe66 (.text:xdc_runtime_knl_GateThread_Instance_finalize__E)
                  880f49a0    00000020     app_pe66.oe66 (.text:xdc_runtime_knl_GateThread_Module__startupDone__S)
                  880f49c0    00000020     app_pe66.oe66 (.text:xdc_runtime_knl_GateThread_Proxy_create)
                  880f49e0    00000020     app_pe66.oe66 (.text:xdc_runtime_knl_GateThread_Proxy_delete)
                  880f4a00    00000020     app_pe66.oe66 (.text:xdc_runtime_knl_GateThread_Proxy_enter__E)
                  880f4a20    00000020     app_pe66.oe66 (.text:xdc_runtime_knl_GateThread_Proxy_leave__E)
                  880f4a40    00000020     ti.targets.rts6000.ae66 : GateThread.oe66 (.text:xdc_runtime_knl_GateThread_enter__E)
                  880f4a60    00000020                             : GateThread.oe66 (.text:xdc_runtime_knl_GateThread_leave__E)

.const.2   0    880f4a80    00004ee8     
                  880f4a80    00002e4a     app_pe66.oe66 (.const:xdc_runtime_Text_charTab__A)
                  880f78ca    00000002     app_pe66.oe66 (.const:ti_sdo_ipc_GateMP_Module__id__C)
                  880f78cc    00000518     sysbios.ae66 : BIOS.obj (.const:.string)
                  880f7de4    00000004     ti.targets.rts6000.ae66 : Assert.oe66 (.const:.string)
                  880f7de8    00000400     app_pe66.oe66 (.const:ti_sysbios_family_c66_Cache_marvalues__C)
                  880f81e8    00000240     qmss_init.obj (.const:.string)
                  880f8428    00000188     app_pe66.oe66 (.const:xdc_runtime_Text_nodeTab__A)
                  880f85b0    00000101     rts6600_elf.lib : ctype.c.obj (.const:.string:_ctypes_)
                  880f86b1    00000001     app_pe66.oe66 (.const:ti_sysbios_timers_timer64_Timer_localTimerBaseId__C)
                  880f86b2    00000002     app_pe66.oe66 (.const:ti_sdo_ipc_GateMP_Module__loggerDefined__C)
                  880f86b4    000000c0     app_pe66.oe66 (.const:.string)
                  880f8774    00000064     main.obj (.const:.string)
                  880f87d8    00000058     ti.targets.rts6000.ae66 : Error.oe66 (.const:.string)
                  880f8830    00000054     ipc.ae66 : Ipc.obj (.const:.string)
                  880f8884    00000004     app_pe66.oe66 (.const:ti_sdo_ipc_GateMP_A_invalidClose__C)
                  880f8888    00000048     app_pe66.oe66 (.const:xdc_runtime_Startup_sfxnTab__A)
                  880f88d0    00000044     app_pe66.oe66 (.const:ti_sysbios_knl_Task_Object__PARAMS__C)
                  880f8914    00000040     ti.targets.rts6000.ae66 : Text.oe66 (.const:.string)
                  880f8954    0000003c     app_pe66.oe66 (.const:xdc_runtime_LoggerBuf_Module__FXNS__C)
                  880f8990    00000038     app_pe66.oe66 (.const:ti_sdo_ipc_notifyDrivers_NotifyDriverCirc_Module__FXNS__C)
                  880f89c8    00000034     app_pe66.oe66 (.const:ti_sdo_ipc_GateMP_Object__PARAMS__C)
                  880f89fc    00000034     app_pe66.oe66 (.const:ti_sdo_ipc_notifyDrivers_NotifyDriverCirc_Object__PARAMS__C)
                  880f8a30    00000030     app_pe66.oe66 (.const:ti_sdo_ipc_heaps_HeapMemMP_Object__PARAMS__C)
                  880f8a60    00000030     app_pe66.oe66 (.const:ti_sysbios_family_c64p_Hwi_Object__PARAMS__C)
                  880f8a90    0000002c     ti.targets.rts6000.ae66 : Startup.oe66 (.const:.string)
                  880f8abc    0000002c     app_pe66.oe66 (.const:ti_sdo_ipc_gates_GateHWSem_Module__FXNS__C)
                  880f8ae8    0000002c     app_pe66.oe66 (.const:ti_sdo_ipc_gates_GateMPSupportNull_Module__FXNS__C)
                  880f8b14    0000002c     app_pe66.oe66 (.const:ti_sdo_ipc_gates_GatePeterson_Module__FXNS__C)
                  880f8b40    0000002c     app_pe66.oe66 (.const:ti_sysbios_hal_Hwi_Object__PARAMS__C)
                  880f8b6c    00000028     app_pe66.oe66 (.const:ti_sdo_ipc_heaps_HeapMemMP_Module__FXNS__C)
                  880f8b94    00000028     app_pe66.oe66 (.const:ti_sdo_ipc_nsremote_NameServerRemoteNotify_Module__FXNS__C)
                  880f8bbc    00000028     app_pe66.oe66 (.const:ti_sdo_ipc_transports_TransportShmNotify_Module__FXNS__C)
                  880f8be4    00000028     app_pe66.oe66 (.const:ti_sysbios_heaps_HeapMem_Module__FXNS__C)
                  880f8c0c    00000028     app_pe66.oe66 (.const:ti_sysbios_knl_Swi_Object__PARAMS__C)
                  880f8c34    00000028     app_pe66.oe66 (.const:xdc_runtime_LoggerBuf_Object__PARAMS__C)
                  880f8c5c    00000024     init.obj (.const:.string)
                  880f8c80    00000024     rts6600_elf.lib : _printfi.c.obj (.const:.string)
                  880f8ca4    00000024     app_pe66.oe66 (.const:ti_sdo_ipc_gates_GateHWSem_Object__PARAMS__C)
                  880f8cc8    00000024     app_pe66.oe66 (.const:ti_sdo_ipc_gates_GateMPSupportNull_Object__PARAMS__C)
                  880f8cec    00000024     app_pe66.oe66 (.const:ti_sdo_ipc_gates_GatePeterson_Object__PARAMS__C)
                  880f8d10    00000024     app_pe66.oe66 (.const:ti_sysbios_gates_GateAll_Module__FXNS__C)
[...]
880f9888  xdc_runtime_IModule_Interface__BASE__C                                    
880f988c  xdc_runtime_Log_L_error__C                                                
880f9890  xdc_runtime_LoggerBuf_E_badLevel__C                                       
880f9894  xdc_runtime_LoggerBuf_Module__gateObj__C                                  
880f9898  xdc_runtime_LoggerBuf_Object__count__C                                    
880f989c  xdc_runtime_LoggerBuf_statusLogger__C                                     
880f98a0  xdc_runtime_Memory_defaultHeapInstance__C                                 
880f98a4  xdc_runtime_Startup_execImpl__C                                           
880f98a8  xdc_runtime_Startup_maxPasses__C                                          
880f98ac  xdc_runtime_Startup_sfxnRts__C                                            
880f98b0  xdc_runtime_Startup_sfxnTab__C                                            
880f98b4  xdc_runtime_SysMin_bufSize__C                                             
880f98b8  xdc_runtime_SysMin_outputFunc__C                                          
880f98bc  xdc_runtime_System_Module__gateObj__C                                     
880f98c0  xdc_runtime_System_abortFxn__C                                            
880f98c4  xdc_runtime_System_exitFxn__C                                             
880f98c8  xdc_runtime_System_extendFxn__C                                           
880f98cc  xdc_runtime_System_maxAtexitHandlers__C                                   
880f98d0  xdc_runtime_Text_charTab__C                                               
880f98d4  xdc_runtime_Text_nameEmpty__C                                             
880f98d8  xdc_runtime_Text_nameStatic__C                                            
880f98dc  xdc_runtime_Text_nameUnknown__C                                           
880f98e0  xdc_runtime_Text_nodeTab__C                                               
880f98e4  xdc_runtime_Text_visitRopeFxn__C                                          
880f98e8  xdc_runtime_knl_ISync_Interface__BASE__C                                  
880f98ec  ti_sdo_ipc_Ipc_Module__id__C                                              
880f98ee  ti_sdo_ipc_Ipc_generateSlaveDataForHost__C                                
880f98f0  ti_sdo_ipc_MessageQ_Module__id__C                                         
880f98f2  ti_sdo_ipc_MessageQ_Module__loggerDefined__C                              
880f98f4  ti_sdo_ipc_Notify_Module__id__C                                           
880f98f6  ti_sdo_ipc_Notify_numLines__C                                             
880f98f8  ti_sdo_ipc_Notify_reservedEvents__C                                       
880f98fa  ti_sdo_ipc_SharedRegion_Module__id__C                                     
880f98fc  ti_sdo_ipc_SharedRegion_numEntries__C                                     
880f98fe  ti_sdo_ipc_SharedRegion_translate__C                                      
880f9900  ti_sdo_ipc_family_tci663x_Interrupt_Module__id__C                         
880f9902  ti_sdo_ipc_family_tci663x_Interrupt_enableKick__C                         
880f9904  ti_sdo_ipc_family_tci663x_NotifyCircSetup_includeHost__C                  
880f9906  ti_sdo_ipc_gates_GateHWSem_Module__id__C                                  
880f9908  ti_sdo_ipc_gates_GateMPSupportNull_Module__id__C                          
880f990a  ti_sdo_ipc_gates_GatePeterson_Module__id__C                               
880f990c  ti_sdo_ipc_heaps_HeapMemMP_Module__id__C                                  
880f990e  ti_sdo_ipc_notifyDrivers_NotifyDriverCirc_Module__id__C                   
880f9910  ti_sdo_ipc_notifyDrivers_NotifyDriverCirc_enableStats__C                  
880f9912  ti_sdo_ipc_nsremote_NameServerRemoteNotify_Module__id__C                  
880f9914  ti_sdo_ipc_transports_TransportShmNotify_alwaysWriteBackMsg__C            
880f9916  ti_sdo_ipc_transports_TransportShmNotify_notifyEventId__C                 
880f9918  ti_sdo_utils_MultiProc_Module__id__C                                      
880f991a  ti_sdo_utils_MultiProc_numProcessors__C                                   
880f991c  ti_sdo_utils_MultiProc_numProcsInCluster__C                               
880f991e  ti_sdo_utils_NameServer_Module__id__C                                     
880f9920  ti_sdo_utils_NameServer_singleProcessor__C                                
880f9922  ti_sysbios_family_c64p_Exception_Module__id__C                            
880f9924  ti_sysbios_family_c64p_Exception_useInternalBuffer__C                     
880f9926  ti_sysbios_family_c64p_Hwi_Module__id__C                                  
880f9928  ti_sysbios_family_c64p_Hwi_Module__loggerDefined__C                       
880f992a  ti_sysbios_family_c66_Cache_Module__id__C                                 
880f992c  ti_sysbios_family_c66_Cache_registerRTSSynch__C                           
880f992e  ti_sysbios_gates_GateMutexPri_Module__id__C                               
880f9930  ti_sysbios_gates_GateMutex_Module__id__C                                  
880f9932  ti_sysbios_gates_GateSwi_Module__id__C                                    
880f9934  ti_sysbios_hal_Hwi_Module__id__C                                          
880f9936  ti_sysbios_heaps_HeapMem_Module__id__C                                    
880f9938  ti_sysbios_knl_Clock_Module__id__C                                        
880f993a  ti_sysbios_knl_Clock_Module__loggerDefined__C                             
880f993c  ti_sysbios_knl_Semaphore_Module__id__C                                    
880f993e  ti_sysbios_knl_Semaphore_Module__loggerDefined__C                         
880f9940  ti_sysbios_knl_Swi_Module__id__C                                          
880f9942  ti_sysbios_knl_Swi_Module__loggerDefined__C                               
880f9944  ti_sysbios_knl_Task_Module__id__C                                         
880f9946  ti_sysbios_knl_Task_Module__loggerDefined__C                              
880f9948  ti_sysbios_syncs_SyncSem_Module__id__C                                    
880f994a  ti_sysbios_timers_timer64_Timer_Module__id__C                             
880f994c  ti_sysbios_timers_timer64_Timer_startupNeeded__C                          
880f994e  ti_sysbios_timers_timer64_Timer_useTimer64pRegMap__C                      
880f9950  xdc_runtime_Core_Module__id__C                                            
880f9952  xdc_runtime_Error_Module__loggerDefined__C                                
880f9954  xdc_runtime_Error_maxDepth__C                                             
880f9956  xdc_runtime_LoggerBuf_Module__id__C                                       
880f9958  xdc_runtime_LoggerBuf_filterByLevel__C                                    
880f995a  xdc_runtime_Main_Module__id__C                                            
880f995c  xdc_runtime_Memory_Module__id__C                                          
880f995e  xdc_runtime_SysMin_flushAtExit__C                                         
880f9960  xdc_runtime_Text_charCnt__C                                               
880f9962  xdc_runtime_Text_isLoaded__C                                              
880f9964  xdc_runtime_Text_registryModsLastId__C                                    
880f9966  xdc_runtime_Text_unnamedModsLastId__C                                     
880f9968  ti_sdo_ipc_GateMP_Module_State_0_remoteCustom1Gates__A                    
880fa168  ti_sysbios_timers_timer64_Timer_Module_State_0_device__A                  
880fa2e8  ti_sdo_utils_NameServer_Object__table__V                                  
880fa39c  _lock                                                                     
880fa3a0  ti_sdo_ipc_SharedRegion_Module_State_0_regions__A                         
880fa430  ti_sdo_ipc_GateMP_Module_State_0_remoteSystemGates__A                     
880fa4b0  ti_sysbios_knl_Swi_Module_State_0_readyQ__A                               
880fa530  ti_sysbios_knl_Task_Module_State_0_readyQ__A                              
880fa5b0  ti_sysbios_timers_timer64_Timer_Module_State_0_gctrl__A                   
880fa630  ti_sysbios_timers_timer64_Timer_Module_State_0_handles__A                 
880fa6b0  ti_sysbios_timers_timer64_Timer_Module_State_0_intFreqs__A                
880fa730  ti_sysbios_family_c64p_Hwi_Module__state__V                               
880fa79c  ti_sdo_ipc_MessageQ_Module__state__V                                      
880fa804  _unlock                                                                   
880fa808  ti_sysbios_knl_Task_Object__table__V                                      
880fa864  ti_sdo_ipc_GateMP_Module__state__V                                        
880fa8b4  __errno                                                                   
880fa8b4  errno                                                                     
880fa8b8  ti_sysbios_timers_timer64_Timer_Object__table__V                          
880fa908  ti_sysbios_knl_Task_Module__state__V                                      
880fa950  ti_sysbios_gates_GateMutex_Object__table__V                               
880fa990  ti_sysbios_family_c64p_Exception_Module__state__V                         
880fa9c0  ti_sysbios_knl_Swi_Object__table__V                                       
880fa9f0  ti_sysbios_knl_Clock_Module__state__V                                     
880faa1c  ti_sdo_ipc_SharedRegion_Module__state__V                                  
880faa20  ti_sdo_ipc_Ipc_Module_State_0_procEntry__A                                
880faa48  ti_sysbios_BIOS_Module__state__V                                          
880faa6c  ti_sdo_ipc_heaps_HeapMemMP_Module__state__V                               
880faa70  xdc_runtime_LoggerBuf_Object__table__V                                    
880faa94  ti_sdo_ipc_transports_TransportShmNotifySetup_Module__state__V            
880faa98  ti_sdo_ipc_MessageQ_Module_State_0_heaps__A                               
880faab8  xdc_runtime_Error_IgnoreBlock                                             
880faad8  ti_sysbios_knl_Swi_Module__state__V                                       
880faaf4  ti_sysbios_heaps_HeapBuf_Module__state__V                                 
880faaf8  ti_sysbios_family_c64p_Hwi_Object__table__V                               
880fab10  ti_sysbios_gates_GateMutexPri_Object__table__V                            
880fab28  ti_sysbios_heaps_HeapMem_Object__table__V                                 
880fab40  ti_sysbios_timers_timer64_Timer_Module__state__V                          
880fab58  cppiLObj                                                                  
880fab6c  ti_sdo_ipc_family_tci663x_Interrupt_Module__state__V                      
880fab80  ti_sdo_ipc_MessageQ_Module_State_0_transports__A                          
880fab90  ti_sdo_ipc_family_tci663x_Interrupt_Module_State_0_clientTab__A           
880faba0  ti_sdo_ipc_family_tci663x_Interrupt_Module_State_0_hwTab__A               
880fabb0  ti_sysbios_gates_GateAll_Object__table__V                                 
880fabc0  xdc_runtime_System_Module_State_0_atexitHandlers__A                       
880fabd0  __TI_cleanup_ptr                                                          
880fabd4  __TI_dtors_ptr                                                            
880fabd8  __TI_enable_exit_profile_output                                           
880fabdc  ti_sdo_ipc_Ipc_Module__state__V                                           
880fabe8  ti_sdo_utils_NameServer_Module__state__V                                  
880fabf4  xdc_runtime_Memory_Module__state__V                                       
880fabf8  ti_sysbios_gates_GateSwi_Object__table__V                                 
880fac04  xdc_runtime_SysMin_Module__state__V                                       
880fac10  ti_sdo_ipc_GateMP_Module__root__V                                         
880fac18  ti_sdo_ipc_MessageQ_Module__root__V                                       
880fac20  ti_sdo_ipc_Notify_Module_State_0_notifyHandles__A                         
880fac28  ti_sdo_ipc_Notify_Module__root__V                                         
880fac30  ti_sdo_ipc_Notify_Module__state__V                                        
880fac38  ti_sdo_ipc_gates_GateHWSem_Module__root__V                                
880fac40  ti_sdo_ipc_gates_GateMPSupportNull_Module__root__V                        
880fac48  ti_sdo_ipc_gates_GatePeterson_Module__root__V                             
880fac50  ti_sdo_ipc_heaps_HeapMemMP_Module__root__V                                
880fac58  ti_sdo_ipc_notifyDrivers_NotifyDriverCirc_Module__root__V                 
880fac60  ti_sdo_ipc_nsremote_NameServerRemoteNotify_Module__root__V                
880fac68  ti_sdo_ipc_transports_TransportShmNotifySetup_Module_State_0_handles__A   
880fac70  ti_sdo_ipc_transports_TransportShmNotify_Module__root__V                  
880fac78  ti_sdo_utils_List_Module__root__V                                         
880fac80  ti_sdo_utils_MultiProc_Module__state__V                                   
880fac88  ti_sdo_utils_NameServer_Module_State_0_nsRemoteHandle__A                  
880fac90  ti_sdo_utils_NameServer_Module__root__V                                   
880fac98  ti_sysbios_family_c64p_Hwi_Module__root__V                                
880faca0  ti_sysbios_gates_GateAll_Module__root__V                                  
880faca8  ti_sysbios_gates_GateHwi_Module__root__V                                  
880facb0  ti_sysbios_gates_GateMutexPri_Module__root__V                             
880facb8  ti_sysbios_gates_GateMutex_Module__root__V                                
880facc0  ti_sysbios_gates_GateSwi_Module__root__V                                  
880facc8  ti_sysbios_hal_Hwi_Module__root__V                                        
880facd0  ti_sysbios_hal_Hwi_Object__table__V                                       
880facd8  ti_sysbios_heaps_HeapMem_Module__root__V                                  
880face0  ti_sysbios_knl_Queue_Module__root__V                                      
880face8  ti_sysbios_knl_Semaphore_Module__root__V                                  
880facf0  ti_sysbios_knl_Swi_Module__root__V                                        
880facf8  ti_sysbios_knl_Task_Module__root__V                                       
880fad00  ti_sysbios_syncs_SyncSem_Module__root__V                                  
880fad08  ti_sysbios_xdcruntime_GateThreadSupport_Module__root__V                   
880fad10  xdc_runtime_GateNull_Module__root__V                                      
880fad18  xdc_runtime_LoggerBuf_Module__root__V                                     
880fad20  xdc_runtime_Registry_Module__state__V                                     
880fad28  xdc_runtime_Startup_Module__state__V                                      
880fad30  xdc_runtime_System_Module__state__V                                       
880fad38  xdc_runtime_knl_GateThread_Module__root__V                                
880fad40  xdc_runtime_LoggerBuf_Module__state__V                                    
880fad46  xdc_runtime_Error_Module__state__V                                        
880fad48  ti_sdo_ipc_Notify_Module_State_0_notifyHandles_0__A                       
880fad50  ti_sdo_ipc_Notify_Module_State_0_notifyHandles_1__A                       
880fad58  ti_sdo_utils_MultiProc_Module_State_0_clusterProcList__A                  
880fad60  ti_sysbios_gates_GateHwi_Object__table__V                                 
880fad68  ti_sysbios_knl_Task_Module_State_0_idleTask__A                            
880fad70  xdc_runtime_GateNull_Object__table__V                                     
880fad78  __CIOBUF_                                                                 
880faee0  Ipc_sr0MemorySetup                                                        
880faee0  __TI_STATIC_BASE                                                          
880faee4  cppiHnd                                                                   
880faee8  freeQueHnd                                                                
880faeec  rxChHnd                                                                   
880faef0  rxQueHnd                                                                  
880faef4  rx_flowhnd                                                                
880faef8  txChHnd                                                                   
880faefc  txQueHnd                                                                  
880faf00  qmssMallocCounter                                                         
880faf04  qmssFreeCounter                                                           
880faf08  cppiMallocCounter                                                         
880faf0c  cppiFreeCounter                                                           
880faf10  rmMallocCounter                                                           
880faf14  rmFreeCounter                                                             
880faf18  core_name                                                                 
880faf1c  core_id                                                                   
880fb000  ti_sysbios_family_c64p_Hwi0                                               
880fb000  ti_sysbios_family_c64p_Hwi_int0                                           
880fb020  ti_sysbios_family_c64p_Hwi_int1                                           
880fb040  ti_sysbios_family_c64p_Hwi_int2                                           
880fb060  ti_sysbios_family_c64p_Hwi_int3                                           
880fb080  ti_sysbios_family_c64p_Hwi_int4                                           
880fb0a0  ti_sysbios_family_c64p_Hwi_int5                                           
880fb0c0  ti_sysbios_family_c64p_Hwi_int6                                           
880fb0e0  ti_sysbios_family_c64p_Hwi_int7                                           
880fb100  ti_sysbios_family_c64p_Hwi_int8                                           
880fb120  ti_sysbios_family_c64p_Hwi_int9                                           
880fb140  ti_sysbios_family_c64p_Hwi_int10                                          
880fb160  ti_sysbios_family_c64p_Hwi_int11                                          
880fb180  ti_sysbios_family_c64p_Hwi_int12                                          
880fb1a0  ti_sysbios_family_c64p_Hwi_int13                                          
880fb1c0  ti_sysbios_family_c64p_Hwi_int14                                          
880fb1e0  ti_sysbios_family_c64p_Hwi_int15                                          
880fba00  __TI_Handler_Table_Base                                                   
880fba08  __TI_CINIT_Base                                                           
880fba08  __TI_Handler_Table_Limit                                                  
880fba40  __TI_CINIT_Limit                                                          
ffffffff  __TI_pprof_out_hndl                                                       
ffffffff  __TI_prof_data_size                                                       
ffffffff  __TI_prof_data_start                                                      
ffffffff  __binit__                                                                 
ffffffff  __c_args__                                                                
ffffffff  binit                                                                     
UNDEFED   __TI_INITARRAY_Base                                                       
UNDEFED   __TI_INITARRAY_Limit                                                      
UNDEFED   __TI_TLS_INIT_Base                                                        
UNDEFED   __TI_TLS_INIT_Limit                                                       

[1430 symbols]
